6.0238 	WARNING 	Requested an unavailable screen number - using first available.
6.0298 	WARNING 	User requested fullscreen with size [1920 1080], but screen is actually [1707, 1067]. Using actual size
6.5285 	EXP 	Created window1 = Window(allowGUI=False, allowStencil=False, autoLog=True, backendConf=UNKNOWN, backgroundFit=<method-wrapper '__getattribute__' of attributeSetter object at 0x0000020122A60B80>, backgroundImage=<method-wrapper '__getattribute__' of attributeSetter object at 0x0000020122A60B20>, bitsMode=UNKNOWN, blendMode='avg', bpc=(8, 8, 8), color=array([0, 0, 0]), colorSpace='rgb', depthBits=8, fullscr=True, gamma=None, gammaErrorPolicy='raise', infoMsg=UNKNOWN, lms=UNKNOWN, monitor=<psychopy.monitors.calibTools.Monitor object at 0x0000020122CA9870>, multiSample=False, name='window1', numSamples=2, pos=[np.float64(0.0), np.float64(0.0)], screen=1, size=array([1707, 1067]), stencilBits=0, stereo=False, title='PsychoPy', units='height', useFBO=True, useRetina=False, viewOri=0.0, viewPos=None, viewScale=None, waitBlanking=True, winType='pyglet')
6.5286 	EXP 	window1: backgroundImage = ''
6.5287 	EXP 	window1: backgroundFit = 'none'
7.3555 	EXP 	window1: Attempting to measure frame rate of screen (1) ...
7.3556 	EXP 	window1: recordFrameIntervals = False
7.4722 	EXP 	window1: recordFrameIntervals = True
8.3056 	EXP 	window1: recordFrameIntervals = False
8.3057 	EXP 	Screen (1) actual frame rate measured at 119.38Hz
13.5575 	EXP 	bci_racingteam: status = STARTED
13.7275 	EXP 	Created text_pre_block = TextStim(__class__=<class 'psychopy.visual.text.TextStim'>, alignHoriz=method-wrapper(...), alignText='center', alignVert=method-wrapper(...), anchorHoriz='center', anchorVert='center', antialias=True, autoDraw=False, autoLog=True, bold=False, color=array([1., 1., 1.]), colorSpace='rgb', contrast=1.0, depth=0.0, draggable=False, flipHoriz=False, flipVert=False, font='Open Sans', fontFiles=[], height=np.float64(0.05), italic=False, languageStyle='LTR', name='text_pre_block', opacity=1, ori=0.0, pos=array([0., 0.]), rgb=UNKNOWN, text='Press any key to start ...', units='height', win=Window(...), wrapWidth=1)
13.7300 	EXP 	Created text_2 = TextStim(__class__=<class 'psychopy.visual.text.TextStim'>, alignHoriz=method-wrapper(...), alignText='center', alignVert=method-wrapper(...), anchorHoriz='center', anchorVert='center', antialias=True, autoDraw=False, autoLog=True, bold=False, color=array([1., 1., 1.]), colorSpace='rgb', contrast=1.0, depth=0.0, draggable=False, flipHoriz=False, flipVert=False, font='Arial', fontFiles=[], height=np.float64(0.05), italic=False, languageStyle='LTR', name='text_2', opacity=1, ori=0.0, pos=array([0., 0.]), rgb=UNKNOWN, text='', units='height', win=Window(...), wrapWidth=1)
13.7350 	EXP 	Created hor_line_precue = Line(__class__=<class 'psychopy.visual.line.Line'>, anchor=('center', 'center'), autoDraw=False, autoLog=True, closeShape=False, color=array([1., 1., 1.]), colorSpace='rgb', contrast=None, depth=0.0, draggable=False, fillColor=array([1, 1, 1]), fillColorSpace='rgb', fillRGB=array([1, 1, 1]), interpolate=True, lineColor=array([1., 1., 1.]), lineColorSpace='rgb', lineRGB=array([1, 1, 1]), lineWidth=5.0, name='hor_line_precue', opacity=1, ori=-45.0, pos=array([0., 0.]), size=array([0.35, 0.35]), units='height', vertices=array([[-0.5, -0.5],
       [ 0.5,  0.5]]), win=Window(...), windingRule=None)
13.7376 	EXP 	Created ver_line_precue = Line(__class__=<class 'psychopy.visual.line.Line'>, anchor=('center', 'center'), autoDraw=False, autoLog=True, closeShape=False, color=array([1., 1., 1.]), colorSpace='rgb', contrast=None, depth=-1.0, draggable=False, fillColor=array([1, 1, 1]), fillColorSpace='rgb', fillRGB=array([1, 1, 1]), interpolate=True, lineColor=array([1., 1., 1.]), lineColorSpace='rgb', lineRGB=array([1, 1, 1]), lineWidth=5.0, name='ver_line_precue', opacity=1, ori=45.0, pos=array([0., 0.]), size=array([0.35, 0.35]), units='height', vertices=array([[-0.5, -0.5],
       [ 0.5,  0.5]]), win=Window(...), windingRule=None)
13.7411 	EXP 	Created rot_line_precue = Line(__class__=<class 'psychopy.visual.line.Line'>, anchor=('center', 'center'), autoDraw=False, autoLog=True, closeShape=False, color=array([1., 1., 1.]), colorSpace='rgb', contrast=None, depth=-2.0, draggable=False, fillColor=array([1, 1, 1]), fillColorSpace='rgb', fillRGB=array([1, 1, 1]), interpolate=True, lineColor=array([1., 1., 1.]), lineColorSpace='rgb', lineRGB=array([1, 1, 1]), lineWidth=5.0, name='rot_line_precue', opacity=1, ori=1.0, pos=array([0., 0.]), size=array([0.35, 0.35]), units='height', vertices=array([[-0.5, -0.5],
       [ 0.5,  0.5]]), win=Window(...), windingRule=None)
13.7467 	EXP 	Created point_left = ShapeStim(__class__=<class 'psychopy.visual.shape.ShapeStim'>, anchor=('center', 'center'), autoDraw=False, autoLog=True, closeShape=True, color=method-wrapper(...), colorSpace='rgb', contrast=None, depth=-4.0, draggable=False, fillColor=array([-1.    , -1.    ,  0.0902]), fillColorSpace='rgb', fillRGB=array([-1.    , -1.    ,  0.0902]), interpolate=True, lineColor=array([-1.    , -1.    ,  0.0902]), lineColorSpace='rgb', lineRGB=array([-1.    , -1.    ,  0.0902]), lineWidth=1.0, name='point_left', opacity=1, ori=0.0, pos=array([-0.25,  0.  ]), size=array([0.02, 0.02]), units='height', vertices=ndarray(...), win=Window(...), windingRule=None)
13.7520 	EXP 	Created point_right = ShapeStim(__class__=<class 'psychopy.visual.shape.ShapeStim'>, anchor=('center', 'center'), autoDraw=False, autoLog=True, closeShape=True, color=method-wrapper(...), colorSpace='rgb', contrast=None, depth=-5.0, draggable=False, fillColor=array([-1.    , -1.    ,  0.0902]), fillColorSpace='rgb', fillRGB=array([-1.    , -1.    ,  0.0902]), interpolate=True, lineColor=array([-1.    , -1.    ,  0.0902]), lineColorSpace='rgb', lineRGB=array([-1.    , -1.    ,  0.0902]), lineWidth=1.0, name='point_right', opacity=1, ori=0.0, pos=array([0.25, 0.  ]), size=array([0.02, 0.02]), units='height', vertices=ndarray(...), win=Window(...), windingRule=None)
13.7579 	EXP 	Created dot_precue = ShapeStim(__class__=<class 'psychopy.visual.shape.ShapeStim'>, anchor=('center', 'center'), autoDraw=False, autoLog=True, closeShape=True, color=method-wrapper(...), colorSpace='rgb', contrast=None, depth=-6.0, draggable=False, fillColor=array([1, 1, 1]), fillColorSpace='rgb', fillRGB=array([1, 1, 1]), interpolate=True, lineColor=array([1., 1., 1.]), lineColorSpace='rgb', lineRGB=array([1, 1, 1]), lineWidth=1.0, name='dot_precue', opacity=1, ori=1.0, pos=array([0., 0.]), size=array([0.02, 0.02]), units='height', vertices=ndarray(...), win=Window(...), windingRule=None)
13.7749 	EXP 	Created text = TextStim(__class__=<class 'psychopy.visual.text.TextStim'>, alignHoriz=method-wrapper(...), alignText='center', alignVert=method-wrapper(...), anchorHoriz='center', anchorVert='center', antialias=True, autoDraw=False, autoLog=True, bold=False, color=array([1., 1., 1.]), colorSpace='rgb', contrast=1.0, depth=0.0, draggable=False, flipHoriz=False, flipVert=False, font='Arial', fontFiles=[], height=np.float64(0.05), italic=False, languageStyle='LTR', name='text', opacity=1, ori=0.0, pos=array([0., 0.]), rgb=UNKNOWN, text='Run Finished', units='height', win=Window(...), wrapWidth=1)
13.7897 	EXP 	Created text_post_run = TextStim(__class__=<class 'psychopy.visual.text.TextStim'>, alignHoriz=method-wrapper(...), alignText='center', alignVert=method-wrapper(...), anchorHoriz='center', anchorVert='center', antialias=True, autoDraw=False, autoLog=True, bold=False, color=array([1., 1., 1.]), colorSpace='rgb', contrast=1.0, depth=0.0, draggable=False, flipHoriz=False, flipVert=False, font='Open Sans', fontFiles=[], height=np.float64(0.05), italic=False, languageStyle='LTR', name='text_post_run', opacity=1, ori=0.0, pos=array([0., 0.]), rgb=UNKNOWN, text='Block Finished. Yuhu!', units='height', win=Window(...), wrapWidth=1)
0.0034 	EXP 	rot_line_precue: ori = 0
0.0085 	EXP 	text_pre_block: autoDraw = True
0.2732 	EXP 	Device response: <KeyPress from None: t=0.2609476999932667, value=space, duration=None>
0.2744 	EXP 	New trial (rep=0, index=0): <Trial 0 (0 in rep 0) data={'thisN': 0, 'thisTrialN': 0, 'thisRepN': 0}>
0.2777 	DATA 	Keypress: space
0.2808 	EXP 	text_pre_block: autoDraw = False
0.2808 	EXP 	text_2: autoDraw = True
0.3335 	EXP 	Device response: <KeyPress from None: t=0.2609476999932667, value=space, duration=0.06685339999967255>
3.2794 	EXP 	Imported classes.csv as conditions, 3 conditions, 2 params
3.2800 	EXP 	New trial (rep=0, index=0): <Trial 0 (0 in rep 0) data={'pic_name': 'pics/left_hand.JPG', 'class_mi': 'left_hand', 'thisN': 0, 'thisTrialN': 0, 'thisRepN': 0}>
3.2914 	EXP 	text_2: autoDraw = False
3.2914 	EXP 	text_2: autoDraw = False
3.2914 	EXP 	hor_line_precue: autoDraw = True
3.2914 	EXP 	ver_line_precue: autoDraw = True
3.2914 	EXP 	rot_line_precue: autoDraw = True
3.2914 	EXP 	rot_line_precue: ori = 0.6333588404142554
3.2914 	EXP 	dot_precue: ori = 1.6333588404142554
3.2914 	EXP 	point_left: autoDraw = True
3.2914 	EXP 	point_right: autoDraw = True
3.2914 	EXP 	dot_precue: autoDraw = True
3.2972 	EXP 	rot_line_precue: ori = 0.9654588211240168
3.2972 	EXP 	dot_precue: ori = 1.9654588211240167
3.3034 	EXP 	rot_line_precue: ori = 1.266698164770542
3.3034 	EXP 	dot_precue: ori = 2.266698164770542
3.3087 	EXP 	rot_line_precue: ori = 2.0039042011533947
3.3087 	EXP 	dot_precue: ori = 3.0039042011533947
3.3157 	EXP 	rot_line_precue: ori = 2.376398408472663
3.3157 	EXP 	dot_precue: ori = 3.376398408472663
3.3239 	EXP 	rot_line_precue: ori = 2.790519419771716
3.3239 	EXP 	dot_precue: ori = 3.790519419771716
3.3326 	EXP 	rot_line_precue: ori = 3.3426515709491755
3.3326 	EXP 	dot_precue: ori = 4.342651570949176
3.3411 	EXP 	rot_line_precue: ori = 3.7485194978299705
3.3411 	EXP 	dot_precue: ori = 4.748519497829971
3.3490 	EXP 	rot_line_precue: ori = 4.068297027148239
3.3490 	EXP 	dot_precue: ori = 5.0682970271482395
3.3572 	EXP 	rot_line_precue: ori = 4.4098113544214534
3.3572 	EXP 	dot_precue: ori = 5.409811354421455
3.3663 	EXP 	rot_line_precue: ori = 4.7199542489320265
3.3663 	EXP 	dot_precue: ori = 5.719954248932028
3.3746 	EXP 	rot_line_precue: ori = 5.030654750676822
3.3746 	EXP 	dot_precue: ori = 6.030654750676824
3.3838 	EXP 	rot_line_precue: ori = 5.3538062445151375
3.3838 	EXP 	dot_precue: ori = 6.353806244515139
3.3908 	EXP 	rot_line_precue: ori = 5.733801453647824
3.3908 	EXP 	dot_precue: ori = 6.733801453647826
3.3986 	EXP 	rot_line_precue: ori = 6.051007871839754
3.3986 	EXP 	dot_precue: ori = 7.051007871839756
3.4074 	EXP 	rot_line_precue: ori = 6.607434724896319
3.4074 	EXP 	dot_precue: ori = 7.60743472489632
3.4155 	EXP 	rot_line_precue: ori = 6.910573870005908
3.4155 	EXP 	dot_precue: ori = 7.910573870005909
3.4237 	EXP 	rot_line_precue: ori = 7.403712336759475
3.4237 	EXP 	dot_precue: ori = 8.403712336759476
3.4324 	EXP 	rot_line_precue: ori = 7.763601384346637
3.4324 	EXP 	dot_precue: ori = 8.763601384346638
3.4403 	EXP 	rot_line_precue: ori = 8.150693657752052
3.4403 	EXP 	dot_precue: ori = 9.150693657752052
3.4487 	EXP 	rot_line_precue: ori = 8.508235233224658
3.4487 	EXP 	dot_precue: ori = 9.508235233224658
3.4573 	EXP 	rot_line_precue: ori = 8.883311734507817
3.4573 	EXP 	dot_precue: ori = 9.883311734507817
3.4652 	EXP 	rot_line_precue: ori = 9.441461721507519
3.4652 	EXP 	dot_precue: ori = 10.441461721507519
3.4739 	EXP 	rot_line_precue: ori = 9.761850145327648
3.4739 	EXP 	dot_precue: ori = 10.761850145327648
3.4833 	EXP 	rot_line_precue: ori = 10.11724701473759
3.4833 	EXP 	dot_precue: ori = 11.11724701473759
3.4911 	EXP 	rot_line_precue: ori = 10.502437369512572
3.4911 	EXP 	dot_precue: ori = 11.502437369512572
3.4992 	EXP 	rot_line_precue: ori = 10.92200756643989
3.4992 	EXP 	dot_precue: ori = 11.92200756643989
3.5077 	EXP 	rot_line_precue: ori = 11.218878985464817
3.5077 	EXP 	dot_precue: ori = 12.218878985464817
3.5159 	EXP 	rot_line_precue: ori = 11.64457300793436
3.5159 	EXP 	dot_precue: ori = 12.64457300793436
3.5245 	EXP 	rot_line_precue: ori = 12.15817003435439
3.5245 	EXP 	dot_precue: ori = 13.15817003435439
3.5325 	EXP 	rot_line_precue: ori = 12.530438291032626
3.5325 	EXP 	dot_precue: ori = 13.530438291032626
3.5409 	EXP 	rot_line_precue: ori = 13.167073051214548
3.5409 	EXP 	dot_precue: ori = 14.167073051214548
3.5488 	EXP 	rot_line_precue: ori = 13.481802088805406
3.5488 	EXP 	dot_precue: ori = 14.481802088805406
3.5575 	EXP 	rot_line_precue: ori = 13.93025086675171
3.5575 	EXP 	dot_precue: ori = 14.93025086675171
3.5656 	EXP 	rot_line_precue: ori = 14.281756397315181
3.5656 	EXP 	dot_precue: ori = 15.281756397315181
3.5745 	EXP 	rot_line_precue: ori = 14.58320054622303
3.5745 	EXP 	dot_precue: ori = 15.58320054622303
3.5833 	EXP 	rot_line_precue: ori = 14.917269470888945
3.5833 	EXP 	dot_precue: ori = 15.917269470888945
3.5907 	EXP 	rot_line_precue: ori = 15.627838722077176
3.5907 	EXP 	dot_precue: ori = 16.627838722077176
3.5990 	EXP 	rot_line_precue: ori = 15.947557891060203
3.5990 	EXP 	dot_precue: ori = 16.947557891060203
3.6069 	EXP 	rot_line_precue: ori = 16.370316060974595
3.6069 	EXP 	dot_precue: ori = 17.370316060974595
3.6157 	EXP 	rot_line_precue: ori = 16.695812905125205
3.6157 	EXP 	dot_precue: ori = 17.695812905125205
3.6238 	EXP 	rot_line_precue: ori = 17.074751628616077
3.6238 	EXP 	dot_precue: ori = 18.074751628616077
3.6320 	EXP 	rot_line_precue: ori = 17.386386145327606
3.6320 	EXP 	dot_precue: ori = 18.386386145327606
3.6407 	EXP 	rot_line_precue: ori = 17.965559359700354
3.6407 	EXP 	dot_precue: ori = 18.965559359700354
3.6485 	EXP 	rot_line_precue: ori = 18.26428496706614
3.6485 	EXP 	dot_precue: ori = 19.26428496706614
3.6571 	EXP 	rot_line_precue: ori = 18.602510177429807
3.6571 	EXP 	dot_precue: ori = 19.602510177429807
3.6655 	EXP 	rot_line_precue: ori = 18.989466700453395
3.6655 	EXP 	dot_precue: ori = 19.989466700453395
3.6739 	EXP 	rot_line_precue: ori = 19.356340933758503
3.6739 	EXP 	dot_precue: ori = 20.356340933758503
3.6820 	EXP 	rot_line_precue: ori = 19.683863042169065
3.6820 	EXP 	dot_precue: ori = 20.683863042169065
3.6909 	EXP 	rot_line_precue: ori = 20.039194138050927
3.6909 	EXP 	dot_precue: ori = 21.039194138050927
3.6987 	EXP 	rot_line_precue: ori = 20.35360647327269
3.6987 	EXP 	dot_precue: ori = 21.35360647327269
3.7078 	EXP 	rot_line_precue: ori = 20.80290644672025
3.7078 	EXP 	dot_precue: ori = 21.80290644672025
3.7158 	EXP 	rot_line_precue: ori = 21.10471704477655
3.7158 	EXP 	dot_precue: ori = 22.10471704477655
3.7243 	EXP 	rot_line_precue: ori = 21.424462229649997
3.7243 	EXP 	dot_precue: ori = 22.424462229649997
3.7324 	EXP 	rot_line_precue: ori = 21.731393368390986
3.7324 	EXP 	dot_precue: ori = 22.731393368390986
3.7410 	EXP 	rot_line_precue: ori = 22.092925441688124
3.7410 	EXP 	dot_precue: ori = 23.092925441688124
3.7492 	EXP 	rot_line_precue: ori = 22.486002683929826
3.7492 	EXP 	dot_precue: ori = 23.486002683929826
3.7579 	EXP 	rot_line_precue: ori = 22.787049985975713
3.7579 	EXP 	dot_precue: ori = 23.787049985975713
3.7660 	EXP 	rot_line_precue: ori = 23.210188600220235
3.7660 	EXP 	dot_precue: ori = 24.210188600220235
3.7742 	EXP 	rot_line_precue: ori = 23.54416475583436
3.7742 	EXP 	dot_precue: ori = 24.54416475583436
3.7821 	EXP 	rot_line_precue: ori = 23.91737645731103
3.7821 	EXP 	dot_precue: ori = 24.91737645731103
3.7909 	EXP 	rot_line_precue: ori = 24.21801993076819
3.7909 	EXP 	dot_precue: ori = 25.21801993076819
3.7989 	EXP 	rot_line_precue: ori = 24.81705341669199
3.7989 	EXP 	dot_precue: ori = 25.81705341669199
3.8072 	EXP 	rot_line_precue: ori = 25.530378530454836
3.8072 	EXP 	dot_precue: ori = 26.530378530454836
3.8160 	EXP 	rot_line_precue: ori = 25.845156752653747
3.8160 	EXP 	dot_precue: ori = 26.845156752653747
3.8237 	EXP 	rot_line_precue: ori = 26.165949668240778
3.8237 	EXP 	dot_precue: ori = 27.165949668240778
3.8324 	EXP 	rot_line_precue: ori = 26.736252907194185
3.8324 	EXP 	dot_precue: ori = 27.736252907194185
3.8410 	EXP 	rot_line_precue: ori = 27.13659949314051
3.8410 	EXP 	dot_precue: ori = 28.13659949314051
3.8486 	EXP 	rot_line_precue: ori = 27.4859846133694
3.8486 	EXP 	dot_precue: ori = 28.4859846133694
3.8575 	EXP 	rot_line_precue: ori = 28.22798460095274
3.8575 	EXP 	dot_precue: ori = 29.22798460095274
3.8653 	EXP 	rot_line_precue: ori = 28.642432723519487
3.8653 	EXP 	dot_precue: ori = 29.642432723519487
3.8741 	EXP 	rot_line_precue: ori = 28.96726913708534
3.8741 	EXP 	dot_precue: ori = 29.96726913708534
3.8822 	EXP 	rot_line_precue: ori = 29.47396419319028
3.8822 	EXP 	dot_precue: ori = 30.47396419319028
3.8906 	EXP 	rot_line_precue: ori = 29.77969887558274
3.8906 	EXP 	dot_precue: ori = 30.77969887558274
3.8990 	EXP 	rot_line_precue: ori = 30.462530741792555
3.8990 	EXP 	dot_precue: ori = 31.462530741792555
3.9069 	EXP 	rot_line_precue: ori = 30.796597310269348
3.9069 	EXP 	dot_precue: ori = 31.796597310269348
3.9155 	EXP 	rot_line_precue: ori = 31.45385796206367
3.9155 	EXP 	dot_precue: ori = 32.45385796206367
3.9236 	EXP 	rot_line_precue: ori = 31.901273884889836
3.9236 	EXP 	dot_precue: ori = 32.90127388488984
3.9322 	EXP 	rot_line_precue: ori = 32.273236064049826
3.9322 	EXP 	dot_precue: ori = 33.27323606404983
3.9406 	EXP 	rot_line_precue: ori = 32.57826868699056
3.9406 	EXP 	dot_precue: ori = 33.57826868699057
3.9485 	EXP 	rot_line_precue: ori = 33.17428913856021
3.9485 	EXP 	dot_precue: ori = 34.17428913856022
3.9573 	EXP 	rot_line_precue: ori = 33.5848410445715
3.9573 	EXP 	dot_precue: ori = 34.584841044571505
3.9657 	EXP 	rot_line_precue: ori = 33.9173732305126
3.9657 	EXP 	dot_precue: ori = 34.91737323051261
3.9746 	EXP 	rot_line_precue: ori = 34.343172551707106
3.9746 	EXP 	dot_precue: ori = 35.34317255170711
3.9830 	EXP 	rot_line_precue: ori = 34.68977460491414
3.9830 	EXP 	dot_precue: ori = 35.68977460491415
3.9926 	EXP 	rot_line_precue: ori = 35.151936041298626
3.9926 	EXP 	dot_precue: ori = 36.15193604129863
3.9996 	EXP 	rot_line_precue: ori = 35.6480426335514
3.9996 	EXP 	dot_precue: ori = 36.648042633551405
4.0081 	EXP 	rot_line_precue: ori = 35.9866255830972
4.0081 	EXP 	dot_precue: ori = 36.98662558309721
4.0163 	EXP 	rot_line_precue: ori = 36.32185242060809
4.0163 	EXP 	dot_precue: ori = 37.321852420608096
4.0244 	EXP 	rot_line_precue: ori = 36.653128863546485
4.0244 	EXP 	dot_precue: ori = 37.65312886354649
4.0321 	EXP 	rot_line_precue: ori = 36.975460567785284
4.0321 	EXP 	dot_precue: ori = 37.97546056778529
4.0408 	EXP 	rot_line_precue: ori = 37.48374958704231
4.0408 	EXP 	dot_precue: ori = 38.48374958704232
4.0487 	EXP 	rot_line_precue: ori = 37.82627246771484
4.0487 	EXP 	dot_precue: ori = 38.826272467714844
4.0577 	EXP 	rot_line_precue: ori = 38.137657062563946
4.0577 	EXP 	dot_precue: ori = 39.13765706256395
4.0658 	EXP 	rot_line_precue: ori = 38.65663042605274
4.0658 	EXP 	dot_precue: ori = 39.65663042605275
4.0744 	EXP 	rot_line_precue: ori = 39.33929474667181
4.0744 	EXP 	dot_precue: ori = 40.33929474667182
4.0822 	EXP 	rot_line_precue: ori = 39.68365642567532
4.0822 	EXP 	dot_precue: ori = 40.68365642567533
4.0909 	EXP 	rot_line_precue: ori = 40.04449912113691
4.0909 	EXP 	dot_precue: ori = 41.044499121136916
4.0988 	EXP 	rot_line_precue: ori = 40.376642313161206
4.0988 	EXP 	dot_precue: ori = 41.37664231316121
4.1074 	EXP 	rot_line_precue: ori = 40.67738309471547
4.1074 	EXP 	dot_precue: ori = 41.67738309471548
4.1151 	EXP 	rot_line_precue: ori = 40.990964870518496
4.1151 	EXP 	dot_precue: ori = 41.9909648705185
4.1239 	EXP 	rot_line_precue: ori = 41.29306131146715
4.1239 	EXP 	dot_precue: ori = 42.293061311467156
4.1325 	EXP 	rot_line_precue: ori = 41.636518900442475
4.1325 	EXP 	dot_precue: ori = 42.63651890044248
4.1408 	EXP 	rot_line_precue: ori = 41.935657217082756
4.1408 	EXP 	dot_precue: ori = 42.93565721708276
4.1486 	EXP 	rot_line_precue: ori = 42.56175530536345
4.1486 	EXP 	dot_precue: ori = 43.561755305363455
4.1572 	EXP 	rot_line_precue: ori = 43.053404022316904
4.1572 	EXP 	dot_precue: ori = 44.05340402231691
4.1658 	EXP 	rot_line_precue: ori = 43.55675857073484
4.1658 	EXP 	dot_precue: ori = 44.55675857073485
4.1740 	EXP 	rot_line_precue: ori = 43.91372879949294
4.1740 	EXP 	dot_precue: ori = 44.913728799492944
4.1820 	EXP 	rot_line_precue: ori = 44.22798941751177
4.1820 	EXP 	dot_precue: ori = 45.22798941751178
4.1908 	EXP 	rot_line_precue: ori = 44.610248232520874
4.1908 	EXP 	dot_precue: ori = 45.61024823252088
4.1988 	EXP 	rot_line_precue: ori = 45.01869058881674
4.1988 	EXP 	dot_precue: ori = 46.018690588816746
4.2075 	EXP 	rot_line_precue: ori = 45.38529202413667
4.2075 	EXP 	dot_precue: ori = 46.385292024136675
4.2156 	EXP 	rot_line_precue: ori = 45.89169145736658
4.2156 	EXP 	dot_precue: ori = 46.89169145736659
4.2242 	EXP 	rot_line_precue: ori = 46.47263988242008
4.2242 	EXP 	dot_precue: ori = 47.47263988242009
4.2328 	EXP 	rot_line_precue: ori = 46.88414883618364
4.2328 	EXP 	dot_precue: ori = 47.88414883618365
4.2410 	EXP 	rot_line_precue: ori = 47.25566277675225
4.2410 	EXP 	dot_precue: ori = 48.25566277675226
4.2496 	EXP 	rot_line_precue: ori = 47.61735475385463
4.2496 	EXP 	dot_precue: ori = 48.617354753854634
4.2574 	EXP 	rot_line_precue: ori = 47.99054848297348
4.2574 	EXP 	dot_precue: ori = 48.99054848297349
4.2658 	EXP 	rot_line_precue: ori = 48.29159432111769
4.2658 	EXP 	dot_precue: ori = 49.2915943211177
4.2739 	EXP 	rot_line_precue: ori = 48.59709582097489
4.2739 	EXP 	dot_precue: ori = 49.5970958209749
4.2823 	EXP 	rot_line_precue: ori = 48.92607793279239
4.2823 	EXP 	dot_precue: ori = 49.926077932792396
4.2907 	EXP 	rot_line_precue: ori = 49.26598191177307
4.2907 	EXP 	dot_precue: ori = 50.265981911773075
4.2995 	EXP 	rot_line_precue: ori = 49.70788351899191
4.2995 	EXP 	dot_precue: ori = 50.70788351899192
4.3071 	EXP 	rot_line_precue: ori = 50.05908531645466
4.3071 	EXP 	dot_precue: ori = 51.05908531645467
4.3155 	EXP 	rot_line_precue: ori = 50.39056875026114
4.3155 	EXP 	dot_precue: ori = 51.390568750261146
4.3236 	EXP 	rot_line_precue: ori = 50.90124186245256
4.3236 	EXP 	dot_precue: ori = 51.901241862452565
4.3323 	EXP 	rot_line_precue: ori = 51.20943529857012
4.3323 	EXP 	dot_precue: ori = 52.20943529857013
4.3404 	EXP 	rot_line_precue: ori = 51.52026319789375
4.3404 	EXP 	dot_precue: ori = 52.520263197893755
4.3489 	EXP 	rot_line_precue: ori = 51.81998385925153
4.3489 	EXP 	dot_precue: ori = 52.819983859251536
4.3570 	EXP 	rot_line_precue: ori = 52.43798571728675
4.3570 	EXP 	dot_precue: ori = 53.43798571728676
4.3655 	EXP 	rot_line_precue: ori = 52.76584439431943
4.3655 	EXP 	dot_precue: ori = 53.76584439431944
4.3739 	EXP 	rot_line_precue: ori = 53.14994704048874
4.3739 	EXP 	dot_precue: ori = 54.14994704048875
4.3823 	EXP 	rot_line_precue: ori = 53.44554798126864
4.3823 	EXP 	dot_precue: ori = 54.445547981268646
4.3903 	EXP 	rot_line_precue: ori = 53.77135777902885
4.3903 	EXP 	dot_precue: ori = 54.771357779028854
4.3991 	EXP 	rot_line_precue: ori = 54.17170006300448
4.3991 	EXP 	dot_precue: ori = 55.17170006300449
4.4074 	EXP 	rot_line_precue: ori = 54.52673553881234
4.4074 	EXP 	dot_precue: ori = 55.526735538812346
4.4153 	EXP 	rot_line_precue: ori = 54.890404195595735
4.4153 	EXP 	dot_precue: ori = 55.89040419559574
4.4242 	EXP 	rot_line_precue: ori = 55.22957782764388
4.4242 	EXP 	dot_precue: ori = 56.22957782764389
4.4324 	EXP 	rot_line_precue: ori = 55.85233658947618
4.4324 	EXP 	dot_precue: ori = 56.85233658947619
4.4406 	EXP 	rot_line_precue: ori = 56.216278501092745
4.4406 	EXP 	dot_precue: ori = 57.21627850109275
4.4493 	EXP 	rot_line_precue: ori = 56.52448882962496
4.4493 	EXP 	dot_precue: ori = 57.524488829624964
4.4579 	EXP 	rot_line_precue: ori = 56.96087878229555
4.4579 	EXP 	dot_precue: ori = 57.96087878229556
4.4661 	EXP 	rot_line_precue: ori = 57.29331042449192
4.4661 	EXP 	dot_precue: ori = 58.29331042449193
4.4742 	EXP 	rot_line_precue: ori = 57.72426899515292
4.4742 	EXP 	dot_precue: ori = 58.724268995152926
4.4826 	EXP 	rot_line_precue: ori = 58.27761843221647
4.4826 	EXP 	dot_precue: ori = 59.27761843221648
4.4907 	EXP 	rot_line_precue: ori = 58.64795898523168
4.4907 	EXP 	dot_precue: ori = 59.64795898523169
4.4987 	EXP 	rot_line_precue: ori = 58.949581270017276
4.4987 	EXP 	dot_precue: ori = 59.94958127001728
4.5072 	EXP 	rot_line_precue: ori = 59.28046133479097
4.5072 	EXP 	dot_precue: ori = 60.280461334790985
4.5158 	EXP 	rot_line_precue: ori = 59.92108804494481
4.5158 	EXP 	dot_precue: ori = 60.921088044944824
4.5242 	EXP 	rot_line_precue: ori = 60.49684003005452
4.5242 	EXP 	dot_precue: ori = 61.496840030054535
4.5322 	EXP 	rot_line_precue: ori = 60.94496697693233
4.5322 	EXP 	dot_precue: ori = 61.94496697693234
4.5407 	EXP 	rot_line_precue: ori = 61.246086944995746
4.5407 	EXP 	dot_precue: ori = 62.24608694499576
4.5489 	EXP 	rot_line_precue: ori = 61.55613740796857
4.5489 	EXP 	dot_precue: ori = 62.556137407968585
4.5575 	EXP 	rot_line_precue: ori = 61.85209662738473
4.5575 	EXP 	dot_precue: ori = 62.852096627384746
4.5655 	EXP 	rot_line_precue: ori = 62.15889617025624
4.5655 	EXP 	dot_precue: ori = 63.158896170256256
4.5738 	EXP 	rot_line_precue: ori = 62.66801993111449
4.5738 	EXP 	dot_precue: ori = 63.66801993111451
4.5819 	EXP 	rot_line_precue: ori = 62.976004642521325
4.5819 	EXP 	dot_precue: ori = 63.97600464252134
4.5908 	EXP 	rot_line_precue: ori = 63.306388598165675
4.5908 	EXP 	dot_precue: ori = 64.30638859816568
4.5987 	EXP 	rot_line_precue: ori = 63.6273062870707
4.5987 	EXP 	dot_precue: ori = 64.62730628707071
4.6069 	EXP 	rot_line_precue: ori = 63.97073560345261
4.6069 	EXP 	dot_precue: ori = 64.97073560345261
4.6157 	EXP 	rot_line_precue: ori = 64.31994820873432
4.6157 	EXP 	dot_precue: ori = 65.31994820873432
4.6236 	EXP 	rot_line_precue: ori = 64.71001571443988
4.6236 	EXP 	dot_precue: ori = 65.71001571443988
4.6320 	EXP 	rot_line_precue: ori = 65.0079469662164
4.6320 	EXP 	dot_precue: ori = 66.0079469662164
4.6406 	EXP 	rot_line_precue: ori = 65.39130311372476
4.6406 	EXP 	dot_precue: ori = 66.39130311372476
4.6487 	EXP 	rot_line_precue: ori = 65.88995410767563
4.6487 	EXP 	dot_precue: ori = 66.88995410767563
4.6572 	EXP 	rot_line_precue: ori = 66.40854226176327
4.6572 	EXP 	dot_precue: ori = 67.40854226176327
4.6660 	EXP 	rot_line_precue: ori = 66.71883540256614
4.6660 	EXP 	dot_precue: ori = 67.71883540256614
4.6747 	EXP 	rot_line_precue: ori = 67.01602641284491
4.6747 	EXP 	dot_precue: ori = 68.01602641284491
4.6828 	EXP 	rot_line_precue: ori = 67.31507000929415
4.6828 	EXP 	dot_precue: ori = 68.31507000929415
4.6909 	EXP 	rot_line_precue: ori = 67.62323044915436
4.6909 	EXP 	dot_precue: ori = 68.62323044915436
4.6994 	EXP 	rot_line_precue: ori = 67.94652938709059
4.6994 	EXP 	dot_precue: ori = 68.94652938709059
4.7088 	EXP 	rot_line_precue: ori = 68.3007807623746
4.7088 	EXP 	dot_precue: ori = 69.3007807623746
4.7165 	EXP 	rot_line_precue: ori = 68.85230730551724
4.7165 	EXP 	dot_precue: ori = 69.85230730551724
4.7244 	EXP 	rot_line_precue: ori = 69.18651956352305
4.7244 	EXP 	dot_precue: ori = 70.18651956352305
4.7320 	EXP 	rot_line_precue: ori = 69.50123995912884
4.7320 	EXP 	dot_precue: ori = 70.50123995912884
4.7408 	EXP 	rot_line_precue: ori = 69.87922832362504
4.7408 	EXP 	dot_precue: ori = 70.87922832362504
4.7490 	EXP 	rot_line_precue: ori = 70.21171753176736
4.7490 	EXP 	dot_precue: ori = 71.21171753176736
4.7578 	EXP 	rot_line_precue: ori = 70.52435966121483
4.7578 	EXP 	dot_precue: ori = 71.52435966121483
4.7659 	EXP 	rot_line_precue: ori = 71.15368635926048
4.7659 	EXP 	dot_precue: ori = 72.15368635926048
4.7739 	EXP 	rot_line_precue: ori = 71.57836423323619
4.7739 	EXP 	dot_precue: ori = 72.57836423323619
4.7828 	EXP 	rot_line_precue: ori = 71.93924331693754
4.7828 	EXP 	dot_precue: ori = 72.93924331693754
4.7910 	EXP 	rot_line_precue: ori = 72.3507767524136
4.7910 	EXP 	dot_precue: ori = 73.3507767524136
4.7991 	EXP 	rot_line_precue: ori = 72.8778983038405
4.7991 	EXP 	dot_precue: ori = 73.8778983038405
4.8070 	EXP 	rot_line_precue: ori = 73.46504652060749
4.8070 	EXP 	dot_precue: ori = 74.46504652060749
4.8152 	EXP 	rot_line_precue: ori = 73.82657517787324
4.8152 	EXP 	dot_precue: ori = 74.82657517787324
4.8240 	EXP 	rot_line_precue: ori = 74.22736079727744
4.8240 	EXP 	dot_precue: ori = 75.22736079727744
4.8321 	EXP 	rot_line_precue: ori = 74.5457476656658
4.8321 	EXP 	dot_precue: ori = 75.5457476656658
4.8408 	EXP 	rot_line_precue: ori = 75.12724195463727
4.8408 	EXP 	dot_precue: ori = 76.12724195463727
4.8490 	EXP 	rot_line_precue: ori = 75.73641668205241
4.8490 	EXP 	dot_precue: ori = 76.73641668205241
4.8573 	EXP 	rot_line_precue: ori = 76.34191320872382
4.8573 	EXP 	dot_precue: ori = 77.34191320872382
4.8653 	EXP 	rot_line_precue: ori = 76.68108736997074
4.8653 	EXP 	dot_precue: ori = 77.68108736997074
4.8741 	EXP 	rot_line_precue: ori = 77.02709189403905
4.8741 	EXP 	dot_precue: ori = 78.02709189403905
4.8821 	EXP 	rot_line_precue: ori = 77.48039024131604
4.8821 	EXP 	dot_precue: ori = 78.48039024131604
4.8906 	EXP 	rot_line_precue: ori = 77.81086091436246
4.8906 	EXP 	dot_precue: ori = 78.81086091436246
4.8993 	EXP 	rot_line_precue: ori = 78.10841340417181
4.8993 	EXP 	dot_precue: ori = 79.10841340417181
4.9080 	EXP 	rot_line_precue: ori = 78.59764752540562
4.9080 	EXP 	dot_precue: ori = 79.59764752540562
4.9167 	EXP 	rot_line_precue: ori = 78.99467209966087
4.9167 	EXP 	dot_precue: ori = 79.99467209966087
4.9252 	EXP 	rot_line_precue: ori = 79.30455467386967
4.9252 	EXP 	dot_precue: ori = 80.30455467386967
4.9330 	EXP 	rot_line_precue: ori = 79.60141216448963
4.9330 	EXP 	dot_precue: ori = 80.60141216448963
4.9413 	EXP 	rot_line_precue: ori = 80.08551426686225
4.9413 	EXP 	dot_precue: ori = 81.08551426686225
4.9494 	EXP 	rot_line_precue: ori = 80.56105633254029
4.9494 	EXP 	dot_precue: ori = 81.56105633254029
4.9573 	EXP 	rot_line_precue: ori = 80.86804949173884
4.9573 	EXP 	dot_precue: ori = 81.86804949173884
4.9654 	EXP 	rot_line_precue: ori = 81.16371811849018
4.9654 	EXP 	dot_precue: ori = 82.16371811849018
4.9742 	EXP 	rot_line_precue: ori = 81.96434896051431
4.9742 	EXP 	dot_precue: ori = 82.96434896051431
4.9826 	EXP 	rot_line_precue: ori = 82.66177295498181
4.9826 	EXP 	dot_precue: ori = 83.66177295498181
4.9911 	EXP 	rot_line_precue: ori = 82.96703093792145
4.9911 	EXP 	dot_precue: ori = 83.96703093792145
4.9990 	EXP 	rot_line_precue: ori = 83.28609964475021
4.9990 	EXP 	dot_precue: ori = 84.28609964475021
5.0076 	EXP 	rot_line_precue: ori = 83.58903625400916
5.0076 	EXP 	dot_precue: ori = 84.58903625400916
5.0158 	EXP 	rot_line_precue: ori = 83.97887899204287
5.0158 	EXP 	dot_precue: ori = 84.97887899204287
5.0244 	EXP 	rot_line_precue: ori = 84.29343538455929
5.0244 	EXP 	dot_precue: ori = 85.29343538455929
5.0320 	EXP 	rot_line_precue: ori = 84.60140594491695
5.0320 	EXP 	dot_precue: ori = 85.60140594491695
5.0408 	EXP 	rot_line_precue: ori = 85.17112634485278
5.0408 	EXP 	dot_precue: ori = 86.17112634485278
5.0488 	EXP 	rot_line_precue: ori = 85.95116026688538
5.0488 	EXP 	dot_precue: ori = 86.95116026688538
5.0575 	EXP 	rot_line_precue: ori = 86.38871283652435
5.0575 	EXP 	dot_precue: ori = 87.38871283652435
5.0654 	EXP 	rot_line_precue: ori = 86.68439050862797
5.0654 	EXP 	dot_precue: ori = 87.68439050862797
5.0738 	EXP 	rot_line_precue: ori = 87.0200203393581
5.0738 	EXP 	dot_precue: ori = 88.0200203393581
5.0823 	EXP 	rot_line_precue: ori = 87.38098842920378
5.0823 	EXP 	dot_precue: ori = 88.38098842920378
5.0903 	EXP 	rot_line_precue: ori = 87.8005443709631
5.0903 	EXP 	dot_precue: ori = 88.8005443709631
5.0989 	EXP 	rot_line_precue: ori = 88.11125278898055
5.0989 	EXP 	dot_precue: ori = 89.11125278898055
5.1073 	EXP 	rot_line_precue: ori = 88.4088714293992
5.1073 	EXP 	dot_precue: ori = 89.4088714293992
5.1158 	EXP 	rot_line_precue: ori = 88.76566609548033
5.1158 	EXP 	dot_precue: ori = 89.76566609548033
5.1236 	EXP 	rot_line_precue: ori = 89.09626819929832
5.1236 	EXP 	dot_precue: ori = 90.09626819929832
5.1326 	EXP 	rot_line_precue: ori = 89.39413866807409
5.1326 	EXP 	dot_precue: ori = 90.39413866807409
5.1407 	EXP 	rot_line_precue: ori = 90.02349701338214
5.1407 	EXP 	dot_precue: ori = 91.02349701338214
5.1497 	EXP 	rot_line_precue: ori = 90.3892890564938
5.1497 	EXP 	dot_precue: ori = 91.3892890564938
5.1579 	EXP 	rot_line_precue: ori = 90.69538494422287
5.1579 	EXP 	dot_precue: ori = 91.69538494422287
5.1660 	EXP 	rot_line_precue: ori = 91.1941499844935
5.1660 	EXP 	dot_precue: ori = 92.1941499844935
5.1747 	EXP 	rot_line_precue: ori = 91.64874789986771
5.1747 	EXP 	dot_precue: ori = 92.64874789986771
5.1830 	EXP 	rot_line_precue: ori = 91.9535061526127
5.1830 	EXP 	dot_precue: ori = 92.9535061526127
5.1915 	EXP 	rot_line_precue: ori = 92.30420385876958
5.1915 	EXP 	dot_precue: ori = 93.30420385876958
5.1990 	EXP 	rot_line_precue: ori = 92.62744820518883
5.1990 	EXP 	dot_precue: ori = 93.62744820518883
5.2074 	EXP 	rot_line_precue: ori = 93.00645990428701
5.2074 	EXP 	dot_precue: ori = 94.00645990428701
5.2158 	EXP 	rot_line_precue: ori = 93.54119814099354
5.2158 	EXP 	dot_precue: ori = 94.54119814099354
5.2240 	EXP 	rot_line_precue: ori = 93.85049703155394
5.2240 	EXP 	dot_precue: ori = 94.85049703155394
5.2327 	EXP 	rot_line_precue: ori = 94.26274578959196
5.2327 	EXP 	dot_precue: ori = 95.26274578959196
5.2409 	EXP 	rot_line_precue: ori = 94.61804579612959
5.2409 	EXP 	dot_precue: ori = 95.61804579612959
5.2490 	EXP 	rot_line_precue: ori = 95.11229506689676
5.2490 	EXP 	dot_precue: ori = 96.11229506689676
5.2572 	EXP 	rot_line_precue: ori = 95.41053472196333
5.2572 	EXP 	dot_precue: ori = 96.41053472196333
5.2659 	EXP 	rot_line_precue: ori = 95.76245265289607
5.2659 	EXP 	dot_precue: ori = 96.76245265289607
5.2739 	EXP 	rot_line_precue: ori = 96.13787058510248
5.2739 	EXP 	dot_precue: ori = 97.13787058510248
5.2755 	EXP 	New trial (rep=0, index=1): <Trial 1 (1 in rep 0) data={'pic_name': 'pics/none.JPG', 'class_mi': 'rest', 'thisN': 1, 'thisTrialN': 1, 'thisRepN': 0}>
5.2827 	EXP 	hor_line_precue: autoDraw = False
5.2827 	EXP 	ver_line_precue: autoDraw = False
5.2827 	EXP 	rot_line_precue: autoDraw = False
5.2827 	EXP 	rot_line_precue: ori = 96.6712560256583
5.2827 	EXP 	dot_precue: ori = 97.6712560256583
5.2827 	EXP 	point_left: autoDraw = False
5.2827 	EXP 	point_right: autoDraw = False
5.2827 	EXP 	dot_precue: autoDraw = False
5.2827 	EXP 	hor_line_precue: autoDraw = False
5.2827 	EXP 	ver_line_precue: autoDraw = False
5.2827 	EXP 	rot_line_precue: autoDraw = False
5.2827 	EXP 	point_left: autoDraw = False
5.2827 	EXP 	point_right: autoDraw = False
5.2827 	EXP 	dot_precue: autoDraw = False
5.2827 	EXP 	hor_line_precue: autoDraw = True
5.2827 	EXP 	ver_line_precue: autoDraw = True
5.2827 	EXP 	rot_line_precue: autoDraw = True
5.2827 	EXP 	rot_line_precue: ori = 97.02712275733397
5.2827 	EXP 	dot_precue: ori = 98.02712275733397
5.2827 	EXP 	point_left: autoDraw = True
5.2827 	EXP 	point_right: autoDraw = True
5.2827 	EXP 	dot_precue: autoDraw = True
5.2905 	EXP 	rot_line_precue: ori = 97.36317291561421
5.2905 	EXP 	dot_precue: ori = 98.36317291561421
5.2989 	EXP 	rot_line_precue: ori = 97.70579024759287
5.2989 	EXP 	dot_precue: ori = 98.70579024759287
5.3072 	EXP 	rot_line_precue: ori = 98.01303929392158
5.3072 	EXP 	dot_precue: ori = 99.01303929392158
5.3152 	EXP 	rot_line_precue: ori = 98.53049751441888
5.3152 	EXP 	dot_precue: ori = 99.53049751441888
5.3239 	EXP 	rot_line_precue: ori = 98.85145090499107
5.3239 	EXP 	dot_precue: ori = 99.85145090499107
5.3322 	EXP 	rot_line_precue: ori = 99.19653362153471
5.3322 	EXP 	dot_precue: ori = 100.19653362153471
5.3403 	EXP 	rot_line_precue: ori = 99.60257205652854
5.3403 	EXP 	dot_precue: ori = 100.60257205652854
5.3490 	EXP 	rot_line_precue: ori = 100.40692268866422
5.3490 	EXP 	dot_precue: ori = 101.40692268866422
5.3573 	EXP 	rot_line_precue: ori = 100.83284542414802
5.3573 	EXP 	dot_precue: ori = 101.83284542414802
5.3653 	EXP 	rot_line_precue: ori = 101.28069721994419
5.3653 	EXP 	dot_precue: ori = 102.28069721994419
5.3742 	EXP 	rot_line_precue: ori = 101.69488191608814
5.3742 	EXP 	dot_precue: ori = 102.69488191608814
5.3822 	EXP 	rot_line_precue: ori = 102.07730538437988
5.3822 	EXP 	dot_precue: ori = 103.07730538437988
5.3909 	EXP 	rot_line_precue: ori = 102.37350188174813
5.3909 	EXP 	dot_precue: ori = 103.37350188174813
5.3997 	EXP 	rot_line_precue: ori = 102.71262253676969
5.3997 	EXP 	dot_precue: ori = 103.71262253676969
5.4078 	EXP 	rot_line_precue: ori = 103.0125789136816
5.4078 	EXP 	dot_precue: ori = 104.0125789136816
5.4161 	EXP 	rot_line_precue: ori = 103.60467238887252
5.4161 	EXP 	dot_precue: ori = 104.60467238887252
5.4250 	EXP 	rot_line_precue: ori = 103.92105979983097
5.4250 	EXP 	dot_precue: ori = 104.92105979983097
5.4331 	EXP 	rot_line_precue: ori = 104.23886564385928
5.4331 	EXP 	dot_precue: ori = 105.23886564385928
5.4410 	EXP 	rot_line_precue: ori = 104.53651930664256
5.4410 	EXP 	dot_precue: ori = 105.53651930664256
5.4493 	EXP 	rot_line_precue: ori = 104.86572525099058
5.4493 	EXP 	dot_precue: ori = 105.86572525099058
5.4588 	EXP 	rot_line_precue: ori = 105.25349336424048
5.4588 	EXP 	dot_precue: ori = 106.25349336424048
5.4676 	EXP 	rot_line_precue: ori = 105.54886639712821
5.4676 	EXP 	dot_precue: ori = 106.54886639712821
5.4757 	EXP 	rot_line_precue: ori = 105.97443172112557
5.4757 	EXP 	dot_precue: ori = 106.97443172112557
5.4841 	EXP 	rot_line_precue: ori = 106.52255559240832
5.4841 	EXP 	dot_precue: ori = 107.52255559240832
5.4919 	EXP 	rot_line_precue: ori = 106.8489823907329
5.4919 	EXP 	dot_precue: ori = 107.8489823907329
5.4990 	EXP 	rot_line_precue: ori = 107.52460575502955
5.4990 	EXP 	dot_precue: ori = 108.52460575502955
5.5075 	EXP 	rot_line_precue: ori = 107.95408645613188
5.5075 	EXP 	dot_precue: ori = 108.95408645613188
5.5155 	EXP 	rot_line_precue: ori = 108.37441721901892
5.5155 	EXP 	dot_precue: ori = 109.37441721901892
5.5237 	EXP 	rot_line_precue: ori = 108.763510840453
5.5237 	EXP 	dot_precue: ori = 109.763510840453
5.5325 	EXP 	rot_line_precue: ori = 109.22319454535463
5.5325 	EXP 	dot_precue: ori = 110.22319454535463
5.5404 	EXP 	rot_line_precue: ori = 109.52885055379836
5.5404 	EXP 	dot_precue: ori = 110.52885055379836
5.5488 	EXP 	rot_line_precue: ori = 109.9565249851748
5.5488 	EXP 	dot_precue: ori = 110.9565249851748
5.5576 	EXP 	rot_line_precue: ori = 110.61400559086302
5.5576 	EXP 	dot_precue: ori = 111.61400559086302
5.5655 	EXP 	rot_line_precue: ori = 110.92488590266666
5.5655 	EXP 	dot_precue: ori = 111.92488590266666
5.5737 	EXP 	rot_line_precue: ori = 111.30307993833028
5.5737 	EXP 	dot_precue: ori = 112.30307993833028
5.5824 	EXP 	rot_line_precue: ori = 111.6413377335449
5.5824 	EXP 	dot_precue: ori = 112.6413377335449
5.5907 	EXP 	rot_line_precue: ori = 111.97804937794105
5.5907 	EXP 	dot_precue: ori = 112.97804937794105
5.5989 	EXP 	rot_line_precue: ori = 112.31486413958281
5.5989 	EXP 	dot_precue: ori = 113.31486413958281
5.6073 	EXP 	rot_line_precue: ori = 112.66445680409333
5.6073 	EXP 	dot_precue: ori = 113.66445680409333
5.6158 	EXP 	rot_line_precue: ori = 112.97500729823649
5.6158 	EXP 	dot_precue: ori = 113.97500729823649
5.6238 	EXP 	rot_line_precue: ori = 113.28923372949853
5.6238 	EXP 	dot_precue: ori = 114.28923372949853
5.6327 	EXP 	rot_line_precue: ori = 113.94677709792806
5.6327 	EXP 	dot_precue: ori = 114.94677709792806
5.6416 	EXP 	rot_line_precue: ori = 114.32239900497757
5.6416 	EXP 	dot_precue: ori = 115.32239900497757
5.6493 	EXP 	rot_line_precue: ori = 114.93658283956786
5.6493 	EXP 	dot_precue: ori = 115.93658283956786
5.6575 	EXP 	rot_line_precue: ori = 115.31833386630835
5.6575 	EXP 	dot_precue: ori = 116.31833386630835
5.6658 	EXP 	rot_line_precue: ori = 115.82789748159728
5.6658 	EXP 	dot_precue: ori = 116.82789748159728
5.6740 	EXP 	rot_line_precue: ori = 116.15002696767161
5.6740 	EXP 	dot_precue: ori = 117.15002696767161
5.6826 	EXP 	rot_line_precue: ori = 116.64707211594863
5.6826 	EXP 	dot_precue: ori = 117.64707211594863
5.6907 	EXP 	rot_line_precue: ori = 117.37606904841284
5.6907 	EXP 	dot_precue: ori = 118.37606904841284
5.6988 	EXP 	rot_line_precue: ori = 117.79781346325736
5.6988 	EXP 	dot_precue: ori = 118.79781346325736
5.7077 	EXP 	rot_line_precue: ori = 118.45984564276154
5.7077 	EXP 	dot_precue: ori = 119.45984564276154
5.7154 	EXP 	rot_line_precue: ori = 118.7809188627967
5.7154 	EXP 	dot_precue: ori = 119.7809188627967
5.7238 	EXP 	rot_line_precue: ori = 119.32490249612042
5.7238 	EXP 	dot_precue: ori = 120.32490249612042
5.7325 	EXP 	rot_line_precue: ori = 119.96933465251587
5.7325 	EXP 	dot_precue: ori = 120.96933465251587
5.7409 	EXP 	rot_line_precue: ori = 120.2654774521627
5.7409 	EXP 	dot_precue: ori = 121.2654774521627
5.7489 	EXP 	rot_line_precue: ori = 120.6933596025733
5.7489 	EXP 	dot_precue: ori = 121.6933596025733
5.7572 	EXP 	rot_line_precue: ori = 120.98912425368404
5.7572 	EXP 	dot_precue: ori = 121.98912425368404
5.7659 	EXP 	rot_line_precue: ori = 121.35174362348549
5.7659 	EXP 	dot_precue: ori = 122.35174362348549
5.7738 	EXP 	rot_line_precue: ori = 121.76628556878148
5.7738 	EXP 	dot_precue: ori = 122.76628556878148
5.7823 	EXP 	rot_line_precue: ori = 122.13172404868583
5.7823 	EXP 	dot_precue: ori = 123.13172404868583
5.7907 	EXP 	rot_line_precue: ori = 122.43195438426271
5.7907 	EXP 	dot_precue: ori = 123.43195438426271
5.7992 	EXP 	rot_line_precue: ori = 122.72799220161443
5.7992 	EXP 	dot_precue: ori = 123.72799220161443
5.8070 	EXP 	rot_line_precue: ori = 123.03668514538951
5.8070 	EXP 	dot_precue: ori = 124.03668514538951
5.8154 	EXP 	rot_line_precue: ori = 123.3381914373428
5.8154 	EXP 	dot_precue: ori = 124.3381914373428
5.8241 	EXP 	rot_line_precue: ori = 123.71948265516299
5.8241 	EXP 	dot_precue: ori = 124.71948265516299
5.8321 	EXP 	rot_line_precue: ori = 124.04683994505888
5.8321 	EXP 	dot_precue: ori = 125.04683994505888
5.8402 	EXP 	rot_line_precue: ori = 124.35037401289969
5.8402 	EXP 	dot_precue: ori = 125.35037401289969
5.8491 	EXP 	rot_line_precue: ori = 124.72693672960479
5.8491 	EXP 	dot_precue: ori = 125.72693672960479
5.8571 	EXP 	rot_line_precue: ori = 125.09188308721001
5.8571 	EXP 	dot_precue: ori = 126.09188308721001
5.8661 	EXP 	rot_line_precue: ori = 125.61126895103693
5.8661 	EXP 	dot_precue: ori = 126.61126895103693
5.8740 	EXP 	rot_line_precue: ori = 125.9255215870034
5.8740 	EXP 	dot_precue: ori = 126.9255215870034
5.8823 	EXP 	rot_line_precue: ori = 126.31857574508994
5.8823 	EXP 	dot_precue: ori = 127.31857574508994
5.8909 	EXP 	rot_line_precue: ori = 126.66668141072519
5.8909 	EXP 	dot_precue: ori = 127.66668141072519
5.8992 	EXP 	rot_line_precue: ori = 127.20997257823778
5.8992 	EXP 	dot_precue: ori = 128.2099725782378
5.9074 	EXP 	rot_line_precue: ori = 127.65548187904207
5.9074 	EXP 	dot_precue: ori = 128.6554818790421
5.9162 	EXP 	rot_line_precue: ori = 128.17292621742558
5.9162 	EXP 	dot_precue: ori = 129.1729262174256
5.9238 	EXP 	rot_line_precue: ori = 128.58741134110855
5.9238 	EXP 	dot_precue: ori = 129.58741134110858
5.9321 	EXP 	rot_line_precue: ori = 128.89349443248327
5.9321 	EXP 	dot_precue: ori = 129.8934944324833
5.9404 	EXP 	rot_line_precue: ori = 129.30425721184048
5.9404 	EXP 	dot_precue: ori = 130.3042572118405
5.9491 	EXP 	rot_line_precue: ori = 129.66352872994946
5.9491 	EXP 	dot_precue: ori = 130.6635287299495
5.9573 	EXP 	rot_line_precue: ori = 130.01233711853163
5.9573 	EXP 	dot_precue: ori = 131.01233711853166
5.9656 	EXP 	rot_line_precue: ori = 130.31561062914554
5.9656 	EXP 	dot_precue: ori = 131.31561062914557
5.9743 	EXP 	rot_line_precue: ori = 130.651435053768
5.9743 	EXP 	dot_precue: ori = 131.65143505376804
5.9823 	EXP 	rot_line_precue: ori = 131.0109693943489
5.9823 	EXP 	dot_precue: ori = 132.01096939434893
5.9905 	EXP 	rot_line_precue: ori = 131.3117094259168
5.9905 	EXP 	dot_precue: ori = 132.31170942591683
5.9991 	EXP 	rot_line_precue: ori = 131.6812535673491
5.9991 	EXP 	dot_precue: ori = 132.68125356734913
6.0073 	EXP 	rot_line_precue: ori = 132.24007884050457
6.0073 	EXP 	dot_precue: ori = 133.2400788405046
6.0153 	EXP 	rot_line_precue: ori = 132.56337748983785
6.0153 	EXP 	dot_precue: ori = 133.56337748983788
6.0239 	EXP 	rot_line_precue: ori = 133.04071547406843
6.0239 	EXP 	dot_precue: ori = 134.04071547406846
6.0322 	EXP 	rot_line_precue: ori = 133.33723848258506
6.0322 	EXP 	dot_precue: ori = 134.3372384825851
6.0408 	EXP 	rot_line_precue: ori = 133.75722758278795
6.0408 	EXP 	dot_precue: ori = 134.75722758278798
6.0486 	EXP 	rot_line_precue: ori = 134.0609325208437
6.0486 	EXP 	dot_precue: ori = 135.06093252084372
6.0574 	EXP 	rot_line_precue: ori = 134.36120904897126
6.0574 	EXP 	dot_precue: ori = 135.3612090489713
6.0653 	EXP 	rot_line_precue: ori = 134.8022592459442
6.0653 	EXP 	dot_precue: ori = 135.80225924594424
6.0738 	EXP 	rot_line_precue: ori = 135.2292441641959
6.0738 	EXP 	dot_precue: ori = 136.22924416419593
6.0817 	EXP 	rot_line_precue: ori = 135.52589170165217
6.0817 	EXP 	dot_precue: ori = 136.5258917016522
6.0906 	EXP 	rot_line_precue: ori = 136.29548114897753
6.0906 	EXP 	dot_precue: ori = 137.29548114897756
6.0995 	EXP 	rot_line_precue: ori = 136.77050781791985
6.0995 	EXP 	dot_precue: ori = 137.77050781791988
6.1079 	EXP 	rot_line_precue: ori = 137.10369791939092
6.1079 	EXP 	dot_precue: ori = 138.10369791939095
6.1122 	DATA 	Keypress: escape
6.1175 	EXP 	rot_line_precue: ori = 137.48248806919034
6.1175 	EXP 	dot_precue: ori = 138.48248806919037
6.1192 	EXP 	Device response: <KeyPress from None: t=6.109655399995972, value=escape, duration=None>
6.1257 	EXP 	rot_line_precue: ori = 137.7835818084735
6.1257 	EXP 	dot_precue: ori = 138.78358180847354
6.1338 	EXP 	rot_line_precue: ori = 138.51712021578754
6.1338 	EXP 	dot_precue: ori = 139.51712021578757
6.1422 	EXP 	rot_line_precue: ori = 138.85227747282295
6.1422 	EXP 	dot_precue: ori = 139.85227747282298
6.1504 	EXP 	rot_line_precue: ori = 139.18271556695436
6.1504 	EXP 	dot_precue: ori = 140.18271556695439
6.1577 	EXP 	rot_line_precue: ori = 139.51830131127707
6.1577 	EXP 	dot_precue: ori = 140.5183013112771
6.1660 	EXP 	rot_line_precue: ori = 140.03838587615425
6.1660 	EXP 	dot_precue: ori = 141.03838587615428
6.1746 	EXP 	rot_line_precue: ori = 140.76968702528174
6.1746 	EXP 	dot_precue: ori = 141.76968702528177
6.1761 	EXP 	Device response: <KeyPress from None: t=6.109655399995972, value=escape, duration=0.057751899999857415>
6.1762 	EXP 	bci_racingteam: status = STOPPED
6.1827 	EXP 	rot_line_precue: ori = 141.14955919727055
6.1827 	EXP 	dot_precue: ori = 142.14955919727058
6.1827 	EXP 	hor_line_precue: autoDraw = False
6.1827 	EXP 	ver_line_precue: autoDraw = False
6.1827 	EXP 	rot_line_precue: autoDraw = False
6.1827 	EXP 	point_left: autoDraw = False
6.1827 	EXP 	point_right: autoDraw = False
6.1827 	EXP 	dot_precue: autoDraw = False
6.1829 	EXP 	bci_racingteam: status = STOPPED
