2.8761 	INFO 	Loaded monitor calibration from ['2025_05_09 18:17']
2.8807 	WARNING 	User requested fullscreen with size [1024  768], but screen is actually [2560, 1600]. Using actual size
2.9902 	INFO 	Using renderer 'AMD Radeon(TM) Graphics' for graphics
2.9902 	INFO 	OpenGL version supported by driver is 4..
3.0808 	EXP 	Created window1 = Window(allowGUI=False, allowStencil=False, autoLog=True, backendConf=UNKNOWN, backgroundFit=<method-wrapper '__getattribute__' of attributeSetter object at 0x0000021DCD09FCD0>, backgroundImage=<method-wrapper '__getattribute__' of attributeSetter object at 0x0000021DCD09FC70>, bitsMode=UNKNOWN, blendMode='avg', bpc=(8, 8, 8), color=array([0, 0, 0]), colorSpace='rgb', depthBits=8, fullscr=True, gamma=None, gammaErrorPolicy='raise', infoMsg=UNKNOWN, lms=UNKNOWN, monitor=<psychopy.monitors.calibTools.Monitor object at 0x0000021DCD1A4CD0>, multiSample=False, name='window1', numSamples=2, pos=[np.float64(0.0), np.float64(0.0)], screen=0, size=array([2560, 1600]), stencilBits=0, stereo=False, title='PsychoPy', units='height', useFBO=True, useRetina=False, viewOri=0.0, viewPos=None, viewScale=None, waitBlanking=True, winType='pyglet')
3.0809 	EXP 	window1: backgroundImage = ''
3.0809 	EXP 	window1: backgroundFit = 'none'
3.4625 	EXP 	window1: Attempting to measure frame rate of screen (0) ...
3.4626 	EXP 	window1: recordFrameIntervals = False
3.6062 	EXP 	window1: recordFrameIntervals = True
4.4395 	EXP 	window1: recordFrameIntervals = False
4.4395 	EXP 	Screen (0) actual frame rate measured at 120.23Hz
4.6067 	INFO 	keyboard.Keyboard is using ptb backend.
4.6068 	EXP 	bci_circle: status = STARTED
4.6463 	EXP 	Created text_pre_block = TextStim(__class__=<class 'psychopy.visual.text.TextStim'>, alignHoriz=method-wrapper(...), alignText='center', alignVert=method-wrapper(...), anchorHoriz='center', anchorVert='center', antialias=True, autoDraw=False, autoLog=True, bold=False, color=array([1., 1., 1.]), colorSpace='rgb', contrast=1.0, depth=0.0, draggable=False, flipHoriz=False, flipVert=False, font='Arial', fontFiles=[], height=np.float64(0.05), italic=False, languageStyle='LTR', name='text_pre_block', opacity=1, ori=0.0, pos=array([0., 0.]), rgb=UNKNOWN, text='Press any key to start ...', units='height', win=Window(...), wrapWidth=1)
4.6473 	EXP 	Created text_wait_screen = TextStim(__class__=<class 'psychopy.visual.text.TextStim'>, alignHoriz=method-wrapper(...), alignText='center', alignVert=method-wrapper(...), anchorHoriz='center', anchorVert='center', antialias=True, autoDraw=False, autoLog=True, bold=False, color=array([1., 1., 1.]), colorSpace='rgb', contrast=1.0, depth=0.0, draggable=False, flipHoriz=False, flipVert=False, font='Arial', fontFiles=[], height=np.float64(0.05), italic=False, languageStyle='LTR', name='text_wait_screen', opacity=1, ori=0.0, pos=array([0., 0.]), rgb=UNKNOWN, text='', units='height', win=Window(...), wrapWidth=1)
4.6505 	EXP 	Created move_circle = ShapeStim(__class__=<class 'psychopy.visual.shape.ShapeStim'>, anchor=('center', 'center'), autoDraw=False, autoLog=True, closeShape=True, color=method-wrapper(...), colorSpace='rgb', contrast=None, depth=0.0, draggable=False, fillColor=array([0.9216, 0.9216, 0.9216]), fillColorSpace='rgb', fillRGB=array([0.9216, 0.9216, 0.9216]), interpolate=True, lineColor=array([1., 1., 1.]), lineColorSpace='rgb', lineRGB=array([1, 1, 1]), lineWidth=1.0, name='move_circle', opacity=1, ori=0.0, pos=array([0., 0.]), size=array([1., 1.]), units='height', vertices=ndarray(...), win=Window(...), windingRule=None)
4.6531 	EXP 	Created mi_circle = ShapeStim(__class__=<class 'psychopy.visual.shape.ShapeStim'>, anchor=('center', 'center'), autoDraw=False, autoLog=True, closeShape=True, color=method-wrapper(...), colorSpace='rgb', contrast=None, depth=-1.0, draggable=False, fillColor=array([0, 0, 0]), fillColorSpace='rgb', fillRGB=array([0, 0, 0]), interpolate=True, lineColor=array([ 0.0902, -1.    , -1.    ]), lineColorSpace='rgb', lineRGB=array([ 0.0902, -1.    , -1.    ]), lineWidth=8.0, name='mi_circle', opacity=1, ori=0.0, pos=array([0., 0.]), size=array([0.15, 0.15]), units='height', vertices=ndarray(...), win=Window(...), windingRule=None)
4.6566 	EXP 	Created image_mi = ImageStim(__class__=<class 'psychopy.visual.image.ImageStim'>, anchor=('center', 'center'), autoLog=True, color=array([1., 1., 1.]), colorSpace='rgb', contrast=1.0, depth=-3.0, draggable=False, flipHoriz=np.False_, flipVert=np.False_, image='default.png', interpolate=True, mask=None, maskParams=None, name='image_mi', opacity=1.0, ori=0.0, pos=array([0., 0.]), size=array([0.5, 0.5]), texRes=128.0, units='height', win=Window(...))
4.6621 	EXP 	Created text_run_break = TextStim(__class__=<class 'psychopy.visual.text.TextStim'>, alignHoriz=method-wrapper(...), alignText='center', alignVert=method-wrapper(...), anchorHoriz='center', anchorVert='center', antialias=True, autoDraw=False, autoLog=True, bold=False, color=array([1., 1., 1.]), colorSpace='rgb', contrast=1.0, depth=0.0, draggable=False, flipHoriz=False, flipVert=False, font='Arial', fontFiles=[], height=np.float64(0.05), italic=False, languageStyle='LTR', name='text_run_break', opacity=1, ori=0.0, pos=array([0., 0.]), rgb=UNKNOWN, text='Trial finished!', units='height', win=Window(...), wrapWidth=1)
4.6661 	EXP 	Created text_post_run = TextStim(__class__=<class 'psychopy.visual.text.TextStim'>, alignHoriz=method-wrapper(...), alignText='center', alignVert=method-wrapper(...), anchorHoriz='center', anchorVert='center', antialias=True, autoDraw=False, autoLog=True, bold=False, color=array([1., 1., 1.]), colorSpace='rgb', contrast=1.0, depth=0.0, draggable=False, flipHoriz=False, flipVert=False, font='Arial', fontFiles=[], height=np.float64(0.05), italic=False, languageStyle='LTR', name='text_post_run', opacity=1, ori=0.0, pos=array([0., 0.]), rgb=UNKNOWN, text='Run finished. Yupii!!', units='height', win=Window(...), wrapWidth=1)
0.0149 	INFO 	Keyboard events cleared
0.0148 	EXP 	text_pre_block: autoDraw = True
0.2528 	EXP 	Device response: <KeyPress from None: t=0.24748670001281425, value=space, duration=None>
0.2531 	EXP 	New trial (rep=0, index=0): <Trial 0 (0 in rep 0) data={'thisN': 0, 'thisTrialN': 0, 'thisRepN': 0}>
0.2540 	DATA 	Keypress: space
0.2579 	EXP 	text_pre_block: autoDraw = False
0.2579 	EXP 	text_wait_screen: autoDraw = True
0.3004 	EXP 	Device response: <KeyPress from None: t=0.24748670001281425, value=space, duration=0.050357399974018335>
3.2475 	EXP 	Imported classes.csv as conditions, 4 conditions, 2 params
3.2478 	EXP 	New trial (rep=0, index=0): <Trial 0 (0 in rep 0) data={'pic_name': 'pics/none.JPG', 'class_mi': 'rest', 'thisN': 0, 'thisTrialN': 0, 'thisRepN': 0}>
3.2626 	EXP 	text_wait_screen: autoDraw = False
3.2626 	EXP 	text_wait_screen: autoDraw = False
3.2626 	EXP 	image_mi: image = 'pics/none.JPG'
3.2626 	EXP 	move_circle: autoDraw = True
3.2626 	EXP 	mi_circle: autoDraw = True
3.2626 	EXP 	image_mi: autoDraw = True
9.9135 	EXP 	New trial (rep=1, index=1): <Trial 1 (1 in rep 1) data={'pic_name': 'pics/none.JPG', 'class_mi': 'rest', 'thisN': 1, 'thisTrialN': 1, 'thisRepN': 1}>
9.9209 	EXP 	move_circle: autoDraw = False
9.9209 	EXP 	mi_circle: autoDraw = False
9.9209 	EXP 	image_mi: autoDraw = False
9.9209 	EXP 	image_mi: image = 'pics/none.JPG'
9.9209 	EXP 	move_circle: autoDraw = True
9.9209 	EXP 	mi_circle: autoDraw = True
9.9209 	EXP 	image_mi: autoDraw = True
16.5721 	EXP 	New trial (rep=0, index=2): <Trial 2 (2 in rep 0) data={'pic_name': 'pics/right_hand.JPG', 'class_mi': ' right_hand', 'thisN': 2, 'thisTrialN': 2, 'thisRepN': 0}>
16.5792 	EXP 	move_circle: autoDraw = False
16.5792 	EXP 	mi_circle: autoDraw = False
16.5792 	EXP 	image_mi: autoDraw = False
16.5792 	EXP 	image_mi: image = 'pics/right_hand.JPG'
16.5792 	EXP 	move_circle: autoDraw = True
16.5792 	EXP 	mi_circle: autoDraw = True
16.5792 	EXP 	image_mi: autoDraw = True
23.2836 	EXP 	New trial (rep=1, index=3): <Trial 3 (3 in rep 1) data={'pic_name': 'pics/right_hand.JPG', 'class_mi': ' right_hand', 'thisN': 3, 'thisTrialN': 3, 'thisRepN': 1}>
23.2912 	EXP 	move_circle: autoDraw = False
23.2912 	EXP 	mi_circle: autoDraw = False
23.2912 	EXP 	image_mi: autoDraw = False
23.2912 	EXP 	image_mi: image = 'pics/right_hand.JPG'
23.2912 	EXP 	move_circle: autoDraw = True
23.2912 	EXP 	mi_circle: autoDraw = True
23.2912 	EXP 	image_mi: autoDraw = True
29.9422 	EXP 	New trial (rep=0, index=4): <Trial 4 (4 in rep 0) data={'pic_name': 'pics/feet.JPG', 'class_mi': 'feet', 'thisN': 4, 'thisTrialN': 4, 'thisRepN': 0}>
29.9510 	EXP 	move_circle: autoDraw = False
29.9510 	EXP 	mi_circle: autoDraw = False
29.9510 	EXP 	image_mi: autoDraw = False
29.9510 	EXP 	image_mi: image = 'pics/feet.JPG'
29.9510 	EXP 	move_circle: autoDraw = True
29.9510 	EXP 	mi_circle: autoDraw = True
29.9510 	EXP 	image_mi: autoDraw = True
36.6023 	EXP 	New trial (rep=2, index=5): <Trial 5 (5 in rep 2) data={'pic_name': 'pics/right_hand.JPG', 'class_mi': ' right_hand', 'thisN': 5, 'thisTrialN': 5, 'thisRepN': 2}>
36.6097 	EXP 	move_circle: autoDraw = False
36.6097 	EXP 	mi_circle: autoDraw = False
36.6097 	EXP 	image_mi: autoDraw = False
36.6097 	EXP 	image_mi: image = 'pics/right_hand.JPG'
36.6097 	EXP 	move_circle: autoDraw = True
36.6097 	EXP 	mi_circle: autoDraw = True
36.6097 	EXP 	image_mi: autoDraw = True
41.7274 	EXP 	Device response: <KeyPress from None: t=41.72463300003437, value=escape, duration=None>
41.7281 	DATA 	Keypress: escape
41.8277 	EXP 	Device response: <KeyPress from None: t=41.72463300003437, value=escape, duration=0.10057129996130243>
41.8277 	EXP 	bci_circle: status = STOPPED
41.8354 	EXP 	move_circle: autoDraw = False
41.8354 	EXP 	mi_circle: autoDraw = False
41.8354 	EXP 	image_mi: autoDraw = False
41.8355 	EXP 	bci_circle: status = STOPPED
41.8428 	INFO 	saved data to 'D:\\STUDIUM\\TU\\Mirage91\\Brain-Computer Interface Conference\\Code\\data\\062957_bci_circle_2026-06-20_16h49.15.262.csv'
41.8438 	INFO 	saved data to D:\STUDIUM\TU\Mirage91\Brain-Computer Interface Conference\Code\data\062957_bci_circle_2026-06-20_16h49.15.262.psydat
41.9828 	WARNING 	Stopping key buffers but this could be dangerous ifother keyboards rely on the same.
