3.4589 	WARNING 	Requested an unavailable screen number - using first available.
3.4605 	WARNING 	User requested fullscreen with size [1920 1080], but screen is actually [1707, 1067]. Using actual size
3.7296 	EXP 	Created window1 = Window(allowGUI=False, allowStencil=False, autoLog=True, backendConf=UNKNOWN, backgroundFit=<method-wrapper '__getattribute__' of attributeSetter object at 0x000001F42227CF10>, backgroundImage=<method-wrapper '__getattribute__' of attributeSetter object at 0x000001F42227CEB0>, bitsMode=UNKNOWN, blendMode='avg', bpc=(8, 8, 8), color=array([0, 0, 0]), colorSpace='rgb', depthBits=8, fullscr=True, gamma=None, gammaErrorPolicy='raise', infoMsg=UNKNOWN, lms=UNKNOWN, monitor=<psychopy.monitors.calibTools.Monitor object at 0x000001F4224C5C00>, multiSample=False, name='window1', numSamples=2, pos=[np.float64(0.0), np.float64(0.0)], screen=1, size=array([1707, 1067]), stencilBits=0, stereo=False, title='PsychoPy', units='height', useFBO=True, useRetina=False, viewOri=0.0, viewPos=None, viewScale=None, waitBlanking=True, winType='pyglet')
3.7297 	EXP 	window1: backgroundImage = ''
3.7297 	EXP 	window1: backgroundFit = 'none'
4.2250 	EXP 	window1: Attempting to measure frame rate of screen (1) ...
4.2251 	EXP 	window1: recordFrameIntervals = False
4.3126 	EXP 	window1: recordFrameIntervals = True
5.1460 	EXP 	window1: recordFrameIntervals = False
5.1461 	EXP 	Screen (1) actual frame rate measured at 120.17Hz
8.4005 	EXP 	bci_racingteam: status = STARTED
8.5289 	EXP 	Created text_pre_block = TextStim(__class__=<class 'psychopy.visual.text.TextStim'>, alignHoriz=method-wrapper(...), alignText='center', alignVert=method-wrapper(...), anchorHoriz='center', anchorVert='center', antialias=True, autoDraw=False, autoLog=True, bold=False, color=array([1., 1., 1.]), colorSpace='rgb', contrast=1.0, depth=0.0, draggable=False, flipHoriz=False, flipVert=False, font='Open Sans', fontFiles=[], height=np.float64(0.05), italic=False, languageStyle='LTR', name='text_pre_block', opacity=1, ori=0.0, pos=array([0., 0.]), rgb=UNKNOWN, text='Press any key to start ...', units='height', win=Window(...), wrapWidth=1)
8.5303 	EXP 	Created text_2 = TextStim(__class__=<class 'psychopy.visual.text.TextStim'>, alignHoriz=method-wrapper(...), alignText='center', alignVert=method-wrapper(...), anchorHoriz='center', anchorVert='center', antialias=True, autoDraw=False, autoLog=True, bold=False, color=array([1., 1., 1.]), colorSpace='rgb', contrast=1.0, depth=0.0, draggable=False, flipHoriz=False, flipVert=False, font='Arial', fontFiles=[], height=np.float64(0.05), italic=False, languageStyle='LTR', name='text_2', opacity=1, ori=0.0, pos=array([0., 0.]), rgb=UNKNOWN, text='', units='height', win=Window(...), wrapWidth=1)
8.5332 	EXP 	Created hor_line_precue = Line(__class__=<class 'psychopy.visual.line.Line'>, anchor=('center', 'center'), autoDraw=False, autoLog=True, closeShape=False, color=array([1., 1., 1.]), colorSpace='rgb', contrast=None, depth=0.0, draggable=False, fillColor=array([1, 1, 1]), fillColorSpace='rgb', fillRGB=array([1, 1, 1]), interpolate=True, lineColor=array([1., 1., 1.]), lineColorSpace='rgb', lineRGB=array([1, 1, 1]), lineWidth=5.0, name='hor_line_precue', opacity=1, ori=-45.0, pos=array([0., 0.]), size=array([0.35, 0.35]), units='height', vertices=array([[-0.5, -0.5],
       [ 0.5,  0.5]]), win=Window(...), windingRule=None)
8.5347 	EXP 	Created ver_line_precue = Line(__class__=<class 'psychopy.visual.line.Line'>, anchor=('center', 'center'), autoDraw=False, autoLog=True, closeShape=False, color=array([1., 1., 1.]), colorSpace='rgb', contrast=None, depth=-1.0, draggable=False, fillColor=array([1, 1, 1]), fillColorSpace='rgb', fillRGB=array([1, 1, 1]), interpolate=True, lineColor=array([1., 1., 1.]), lineColorSpace='rgb', lineRGB=array([1, 1, 1]), lineWidth=5.0, name='ver_line_precue', opacity=1, ori=45.0, pos=array([0., 0.]), size=array([0.35, 0.35]), units='height', vertices=array([[-0.5, -0.5],
       [ 0.5,  0.5]]), win=Window(...), windingRule=None)
8.5361 	EXP 	Created rot_line_precue = Line(__class__=<class 'psychopy.visual.line.Line'>, anchor=('center', 'center'), autoDraw=False, autoLog=True, closeShape=False, color=array([1., 1., 1.]), colorSpace='rgb', contrast=None, depth=-2.0, draggable=False, fillColor=array([1, 1, 1]), fillColorSpace='rgb', fillRGB=array([1, 1, 1]), interpolate=True, lineColor=array([1., 1., 1.]), lineColorSpace='rgb', lineRGB=array([1, 1, 1]), lineWidth=5.0, name='rot_line_precue', opacity=1, ori=1.0, pos=array([0., 0.]), size=array([0.35, 0.35]), units='height', vertices=array([[-0.5, -0.5],
       [ 0.5,  0.5]]), win=Window(...), windingRule=None)
8.5417 	EXP 	Created text = TextStim(__class__=<class 'psychopy.visual.text.TextStim'>, alignHoriz=method-wrapper(...), alignText='center', alignVert=method-wrapper(...), anchorHoriz='center', anchorVert='center', antialias=True, autoDraw=False, autoLog=True, bold=False, color=array([1., 1., 1.]), colorSpace='rgb', contrast=1.0, depth=0.0, draggable=False, flipHoriz=False, flipVert=False, font='Arial', fontFiles=[], height=np.float64(0.05), italic=False, languageStyle='LTR', name='text', opacity=1, ori=0.0, pos=array([0., 0.]), rgb=UNKNOWN, text='Run Finished', units='height', win=Window(...), wrapWidth=1)
8.5467 	EXP 	Created text_post_run = TextStim(__class__=<class 'psychopy.visual.text.TextStim'>, alignHoriz=method-wrapper(...), alignText='center', alignVert=method-wrapper(...), anchorHoriz='center', anchorVert='center', antialias=True, autoDraw=False, autoLog=True, bold=False, color=array([1., 1., 1.]), colorSpace='rgb', contrast=1.0, depth=0.0, draggable=False, flipHoriz=False, flipVert=False, font='Open Sans', fontFiles=[], height=np.float64(0.05), italic=False, languageStyle='LTR', name='text_post_run', opacity=1, ori=0.0, pos=array([0., 0.]), rgb=UNKNOWN, text='Block Finished. Yuhu!', units='height', win=Window(...), wrapWidth=1)
0.0028 	EXP 	rot_line_precue: ori = 0
0.0068 	EXP 	text_pre_block: autoDraw = True
0.3123 	EXP 	Device response: <KeyPress from None: t=0.30784760000096867, value=space, duration=None>
0.3135 	DATA 	Keypress: space
0.3181 	EXP 	New trial (rep=0, index=0): <Trial 0 (0 in rep 0) data={'thisN': 0, 'thisTrialN': 0, 'thisRepN': 0}>
0.3240 	EXP 	text_pre_block: autoDraw = False
0.3240 	EXP 	text_2: autoDraw = True
0.3916 	EXP 	Device response: <KeyPress from None: t=0.30784760000096867, value=space, duration=0.07837250000011409>
3.3157 	EXP 	Imported classes.csv as conditions, 3 conditions, 2 params
3.3227 	EXP 	New trial (rep=0, index=0): <Trial 0 (0 in rep 0) data={'pic_name': 'pics/left_hand.JPG', 'class_mi': 'left_hand', 'thisN': 0, 'thisTrialN': 0, 'thisRepN': 0}>
3.3291 	EXP 	text_2: autoDraw = False
3.3291 	EXP 	text_2: autoDraw = False
3.3291 	EXP 	hor_line_precue: autoDraw = True
3.3291 	EXP 	ver_line_precue: autoDraw = True
3.3291 	EXP 	rot_line_precue: autoDraw = True
3.3291 	EXP 	rot_line_precue: ori = np.float64(0.3780758629484831)
3.3335 	EXP 	rot_line_precue: ori = np.float64(0.6765711746621352)
3.3377 	EXP 	rot_line_precue: ori = np.float64(1.058918108880909)
3.3423 	EXP 	rot_line_precue: ori = np.float64(1.498474228553008)
3.3500 	EXP 	rot_line_precue: ori = np.float64(2.036641084191809)
3.3580 	EXP 	rot_line_precue: ori = np.float64(2.664792433421144)
3.3662 	EXP 	rot_line_precue: ori = np.float64(2.9939068076180493)
3.3743 	EXP 	rot_line_precue: ori = np.float64(3.3883543329634134)
3.3828 	EXP 	rot_line_precue: ori = np.float64(3.719568956698484)
3.3918 	EXP 	rot_line_precue: ori = np.float64(4.030191035716867)
3.3994 	EXP 	rot_line_precue: ori = np.float64(4.326697437543723)
3.4078 	EXP 	rot_line_precue: ori = np.float64(4.6429389709951066)
3.4161 	EXP 	rot_line_precue: ori = np.float64(4.941506253995828)
3.4243 	EXP 	rot_line_precue: ori = np.float64(5.336905101930306)
3.4326 	EXP 	rot_line_precue: ori = np.float64(5.693928901175425)
3.4415 	EXP 	rot_line_precue: ori = np.float64(6.126718916529189)
3.4493 	EXP 	rot_line_precue: ori = np.float64(6.77854533137335)
3.4576 	EXP 	rot_line_precue: ori = np.float64(7.298530279735635)
3.4668 	EXP 	rot_line_precue: ori = np.float64(7.710204531808715)
3.4743 	EXP 	rot_line_precue: ori = np.float64(8.041501153097217)
3.4829 	EXP 	rot_line_precue: ori = np.float64(8.339005688915323)
3.4914 	EXP 	rot_line_precue: ori = np.float64(8.848732685259463)
3.4997 	EXP 	rot_line_precue: ori = np.float64(9.185052278293258)
3.5081 	EXP 	rot_line_precue: ori = np.float64(9.636379345467999)
3.5165 	EXP 	rot_line_precue: ori = np.float64(9.964018164716988)
3.5245 	EXP 	rot_line_precue: ori = np.float64(10.288316011483047)
3.5335 	EXP 	rot_line_precue: ori = np.float64(10.842795812234574)
3.5416 	EXP 	rot_line_precue: ori = np.float64(11.229870319371988)
3.5502 	EXP 	rot_line_precue: ori = np.float64(11.83882844882913)
3.5583 	EXP 	rot_line_precue: ori = np.float64(12.262740287304469)
3.5667 	EXP 	rot_line_precue: ori = np.float64(12.705591533411866)
3.5747 	EXP 	rot_line_precue: ori = np.float64(13.17955066595064)
3.5828 	EXP 	rot_line_precue: ori = np.float64(13.583677225981898)
3.5915 	EXP 	rot_line_precue: ori = np.float64(14.19757298701883)
3.5996 	EXP 	rot_line_precue: ori = np.float64(14.581354408828899)
3.6077 	EXP 	rot_line_precue: ori = np.float64(15.358226643498814)
3.6163 	EXP 	rot_line_precue: ori = np.float64(15.666280697082055)
3.6244 	EXP 	rot_line_precue: ori = np.float64(16.27868089706913)
3.6327 	EXP 	rot_line_precue: ori = np.float64(16.58204698500642)
3.6416 	EXP 	rot_line_precue: ori = np.float64(16.89219446574264)
3.6494 	EXP 	rot_line_precue: ori = np.float64(17.191169121327235)
3.6584 	EXP 	rot_line_precue: ori = np.float64(17.48926480270878)
3.6664 	EXP 	rot_line_precue: ori = np.float64(17.80552183019442)
3.6746 	EXP 	rot_line_precue: ori = np.float64(18.2284065613188)
3.6833 	EXP 	rot_line_precue: ori = np.float64(18.544563502363708)
3.6916 	EXP 	rot_line_precue: ori = np.float64(18.848838990718797)
3.7000 	EXP 	rot_line_precue: ori = np.float64(19.16104229311124)
3.7081 	EXP 	rot_line_precue: ori = np.float64(19.54546401691501)
3.7166 	EXP 	rot_line_precue: ori = np.float64(19.918152672013267)
3.7248 	EXP 	rot_line_precue: ori = np.float64(20.47490823379173)
3.7329 	EXP 	rot_line_precue: ori = np.float64(20.877150054303026)
3.7415 	EXP 	rot_line_precue: ori = np.float64(21.181638105710633)
3.7496 	EXP 	rot_line_precue: ori = np.float64(21.491979294510198)
3.7584 	EXP 	rot_line_precue: ori = np.float64(22.003624737719466)
3.7661 	EXP 	rot_line_precue: ori = np.float64(22.38069409275947)
3.7743 	EXP 	rot_line_precue: ori = np.float64(22.9509714688169)
3.7827 	EXP 	rot_line_precue: ori = np.float64(23.385874017130362)
3.7909 	EXP 	rot_line_precue: ori = np.float64(23.712673920323986)
3.7992 	EXP 	rot_line_precue: ori = np.float64(24.114414348905612)
3.8076 	EXP 	rot_line_precue: ori = np.float64(24.466708200685776)
3.8159 	EXP 	rot_line_precue: ori = np.float64(24.792407925807083)
3.8243 	EXP 	rot_line_precue: ori = np.float64(25.23993249032658)
3.8327 	EXP 	rot_line_precue: ori = np.float64(25.554640567208647)
3.8410 	EXP 	rot_line_precue: ori = np.float64(26.02519987097953)
3.8500 	EXP 	rot_line_precue: ori = np.float64(26.540676364748883)
3.8583 	EXP 	rot_line_precue: ori = np.float64(27.160459120132984)
3.8662 	EXP 	rot_line_precue: ori = np.float64(27.797253489331965)
3.8749 	EXP 	rot_line_precue: ori = np.float64(28.178502386691207)
3.8831 	EXP 	rot_line_precue: ori = np.float64(28.50223869114241)
3.8913 	EXP 	rot_line_precue: ori = np.float64(28.86389548033592)
3.8998 	EXP 	rot_line_precue: ori = np.float64(29.289573476797802)
3.9079 	EXP 	rot_line_precue: ori = np.float64(29.78097021633401)
3.9162 	EXP 	rot_line_precue: ori = np.float64(30.08657481027544)
3.9249 	EXP 	rot_line_precue: ori = np.float64(30.676761407218226)
3.9329 	EXP 	rot_line_precue: ori = np.float64(31.018240377244567)
3.9412 	EXP 	rot_line_precue: ori = np.float64(31.780700642520397)
3.9494 	EXP 	rot_line_precue: ori = np.float64(32.193732529179854)
3.9580 	EXP 	rot_line_precue: ori = np.float64(32.57980894840171)
3.9666 	EXP 	rot_line_precue: ori = np.float64(32.897413899290726)
3.9751 	EXP 	rot_line_precue: ori = np.float64(33.19764213460101)
3.9827 	EXP 	rot_line_precue: ori = np.float64(33.758619207350094)
3.9911 	EXP 	rot_line_precue: ori = np.float64(34.29296386495313)
3.9993 	EXP 	rot_line_precue: ori = np.float64(34.615256540124065)
4.0076 	EXP 	rot_line_precue: ori = np.float64(35.071864958066115)
4.0161 	EXP 	rot_line_precue: ori = np.float64(35.47894706043191)
4.0243 	EXP 	rot_line_precue: ori = np.float64(35.808290198173)
4.0330 	EXP 	rot_line_precue: ori = np.float64(36.202791336614624)
4.0414 	EXP 	rot_line_precue: ori = np.float64(36.567029422252546)
4.0496 	EXP 	rot_line_precue: ori = np.float64(36.88619425655714)
4.0582 	EXP 	rot_line_precue: ori = np.float64(37.508807556979384)
4.0671 	EXP 	rot_line_precue: ori = np.float64(37.99130309572001)
4.0747 	EXP 	rot_line_precue: ori = np.float64(38.29848175109162)
4.0827 	EXP 	rot_line_precue: ori = np.float64(38.63226295383997)
4.0914 	EXP 	rot_line_precue: ori = np.float64(39.225623831565265)
4.0996 	EXP 	rot_line_precue: ori = np.float64(39.75736796184121)
4.1077 	EXP 	rot_line_precue: ori = np.float64(40.19245556817622)
4.1163 	EXP 	rot_line_precue: ori = np.float64(40.79465162258125)
4.1243 	EXP 	rot_line_precue: ori = np.float64(41.1832430643498)
4.1327 	EXP 	rot_line_precue: ori = np.float64(41.506063758197946)
4.1409 	EXP 	rot_line_precue: ori = np.float64(41.96689553042151)
4.1494 	EXP 	rot_line_precue: ori = np.float64(42.34482100936534)
4.1576 	EXP 	rot_line_precue: ori = np.float64(43.021959710551016)
4.1662 	EXP 	rot_line_precue: ori = np.float64(43.36765262967072)
4.1747 	EXP 	rot_line_precue: ori = np.float64(43.989183652863375)
4.1827 	EXP 	rot_line_precue: ori = np.float64(44.64787502937452)
4.1908 	EXP 	rot_line_precue: ori = np.float64(44.96994215482133)
4.1994 	EXP 	rot_line_precue: ori = np.float64(45.28827707973511)
4.2078 	EXP 	rot_line_precue: ori = np.float64(45.652091474153664)
4.2167 	EXP 	rot_line_precue: ori = np.float64(45.950373888717685)
4.2249 	EXP 	rot_line_precue: ori = np.float64(46.24637664756843)
4.2330 	EXP 	rot_line_precue: ori = np.float64(46.60706383226264)
4.2418 	EXP 	rot_line_precue: ori = np.float64(46.919144847223514)
4.2498 	EXP 	rot_line_precue: ori = np.float64(47.495242713916916)
4.2578 	EXP 	rot_line_precue: ori = np.float64(48.03902053721832)
4.2670 	EXP 	rot_line_precue: ori = np.float64(48.3618478198091)
4.2742 	EXP 	rot_line_precue: ori = np.float64(48.91254000971013)
4.2828 	EXP 	rot_line_precue: ori = np.float64(49.38934251874726)
4.2911 	EXP 	rot_line_precue: ori = np.float64(49.71195258458789)
4.2993 	EXP 	rot_line_precue: ori = np.float64(50.01279036548141)
4.3078 	EXP 	rot_line_precue: ori = np.float64(50.3316369663776)
4.3161 	EXP 	rot_line_precue: ori = np.float64(50.888896769451925)
4.3243 	EXP 	rot_line_precue: ori = np.float64(51.20742599644248)
4.3331 	EXP 	rot_line_precue: ori = np.float64(51.53361169236171)
4.3409 	EXP 	rot_line_precue: ori = np.float64(51.86100412784188)
4.3493 	EXP 	rot_line_precue: ori = np.float64(52.15830716386085)
4.3577 	EXP 	rot_line_precue: ori = np.float64(52.61761912503286)
4.3669 	EXP 	rot_line_precue: ori = np.float64(52.91378483591607)
4.3746 	EXP 	rot_line_precue: ori = np.float64(53.26288065397494)
4.3830 	EXP 	rot_line_precue: ori = np.float64(53.646045866794076)
4.3913 	EXP 	rot_line_precue: ori = np.float64(53.97367200507456)
4.3998 	EXP 	rot_line_precue: ori = np.float64(54.27439892603797)
4.4080 	EXP 	rot_line_precue: ori = np.float64(54.89811151820068)
4.4164 	EXP 	rot_line_precue: ori = np.float64(55.30633508759503)
4.4251 	EXP 	rot_line_precue: ori = np.float64(55.61485744713493)
4.4331 	EXP 	rot_line_precue: ori = np.float64(56.041188670081794)
4.4412 	EXP 	rot_line_precue: ori = np.float64(56.43745644049)
4.4494 	EXP 	rot_line_precue: ori = np.float64(56.76769447146217)
4.4579 	EXP 	rot_line_precue: ori = np.float64(57.063683080788124)
4.4662 	EXP 	rot_line_precue: ori = np.float64(57.42945746747486)
4.4750 	EXP 	rot_line_precue: ori = np.float64(57.78863574653189)
4.4829 	EXP 	rot_line_precue: ori = np.float64(58.37803705966464)
4.4910 	EXP 	rot_line_precue: ori = np.float64(58.79824917778226)
4.4993 	EXP 	rot_line_precue: ori = np.float64(59.09944177281207)
4.5076 	EXP 	rot_line_precue: ori = np.float64(59.43263412706986)
4.5168 	EXP 	rot_line_precue: ori = np.float64(59.86290868732498)
4.5244 	EXP 	rot_line_precue: ori = np.float64(60.15974072255074)
4.5326 	EXP 	rot_line_precue: ori = np.float64(60.55788312891083)
4.5411 	EXP 	rot_line_precue: ori = np.float64(60.86034921132755)
4.5500 	EXP 	rot_line_precue: ori = np.float64(61.238407034143634)
4.5582 	EXP 	rot_line_precue: ori = np.float64(61.78689005729467)
4.5665 	EXP 	rot_line_precue: ori = np.float64(62.095831774946866)
4.5751 	EXP 	rot_line_precue: ori = np.float64(62.66439709208909)
4.5832 	EXP 	rot_line_precue: ori = np.float64(63.01122721625266)
4.5916 	EXP 	rot_line_precue: ori = np.float64(63.36555917243123)
4.6000 	EXP 	rot_line_precue: ori = np.float64(63.68715002649962)
4.6082 	EXP 	rot_line_precue: ori = np.float64(64.02859266331771)
4.6165 	EXP 	rot_line_precue: ori = np.float64(64.32744742870156)
4.6246 	EXP 	rot_line_precue: ori = np.float64(64.62681207118467)
4.6327 	EXP 	rot_line_precue: ori = np.float64(64.92470828032008)
4.6413 	EXP 	rot_line_precue: ori = np.float64(65.45392644730885)
4.6495 	EXP 	rot_line_precue: ori = np.float64(66.02512605977432)
4.6576 	EXP 	rot_line_precue: ori = np.float64(66.34607803787097)
4.6659 	EXP 	rot_line_precue: ori = np.float64(66.73793576715846)
4.6743 	EXP 	rot_line_precue: ori = np.float64(67.2575551169251)
4.6827 	EXP 	rot_line_precue: ori = np.float64(67.59699859552936)
4.6910 	EXP 	rot_line_precue: ori = np.float64(67.94228553478911)
4.6994 	EXP 	rot_line_precue: ori = np.float64(68.37316001963123)
4.7077 	EXP 	rot_line_precue: ori = np.float64(68.72568379514755)
4.7160 	EXP 	rot_line_precue: ori = np.float64(69.14006178224165)
4.7249 	EXP 	rot_line_precue: ori = np.float64(69.4392932468857)
4.7328 	EXP 	rot_line_precue: ori = np.float64(69.85706373537963)
4.7410 	EXP 	rot_line_precue: ori = np.float64(70.22614407515346)
4.7497 	EXP 	rot_line_precue: ori = np.float64(70.56328298735318)
4.7581 	EXP 	rot_line_precue: ori = np.float64(71.0436210974564)
4.7666 	EXP 	rot_line_precue: ori = np.float64(71.39587978319449)
4.7749 	EXP 	rot_line_precue: ori = np.float64(71.70839528913824)
4.7830 	EXP 	rot_line_precue: ori = np.float64(72.20940389150634)
4.7915 	EXP 	rot_line_precue: ori = np.float64(72.5257094779918)
4.7996 	EXP 	rot_line_precue: ori = np.float64(72.84460703933411)
4.8079 	EXP 	rot_line_precue: ori = np.float64(73.34205783575598)
4.8165 	EXP 	rot_line_precue: ori = np.float64(73.83765870888108)
4.8246 	EXP 	rot_line_precue: ori = np.float64(74.35326870060163)
4.8328 	EXP 	rot_line_precue: ori = np.float64(74.74683610633355)
4.8411 	EXP 	rot_line_precue: ori = np.float64(75.28932180479109)
4.8493 	EXP 	rot_line_precue: ori = np.float64(75.59888165472468)
4.8577 	EXP 	rot_line_precue: ori = np.float64(75.99717268463249)
4.8660 	EXP 	rot_line_precue: ori = np.float64(76.6656661681419)
4.8743 	EXP 	rot_line_precue: ori = np.float64(77.13209014116354)
4.8828 	EXP 	rot_line_precue: ori = np.float64(77.60373415263685)
4.8910 	EXP 	rot_line_precue: ori = np.float64(78.30323021071656)
4.8994 	EXP 	rot_line_precue: ori = np.float64(78.6106629424673)
4.9078 	EXP 	rot_line_precue: ori = np.float64(78.9962473205429)
4.9160 	EXP 	rot_line_precue: ori = np.float64(79.55843356847379)
4.9247 	EXP 	rot_line_precue: ori = np.float64(80.10309229341264)
4.9333 	EXP 	rot_line_precue: ori = np.float64(80.42062247718731)
4.9415 	EXP 	rot_line_precue: ori = np.float64(80.79339691731253)
4.9501 	EXP 	rot_line_precue: ori = np.float64(81.11354430397814)
4.9582 	EXP 	rot_line_precue: ori = np.float64(81.55730738831697)
4.9669 	EXP 	rot_line_precue: ori = np.float64(81.91764908998942)
4.9749 	EXP 	rot_line_precue: ori = np.float64(82.23200875585485)
4.9836 	EXP 	rot_line_precue: ori = np.float64(82.62532079263482)
4.9914 	EXP 	rot_line_precue: ori = np.float64(83.00623693580296)
4.9995 	EXP 	rot_line_precue: ori = np.float64(83.30978883333317)
5.0079 	EXP 	rot_line_precue: ori = np.float64(83.7249252017205)
5.0161 	EXP 	rot_line_precue: ori = np.float64(84.19819366242888)
5.0243 	EXP 	rot_line_precue: ori = np.float64(84.54967055036909)
5.0325 	EXP 	rot_line_precue: ori = np.float64(84.9306577423927)
5.0410 	EXP 	rot_line_precue: ori = np.float64(85.54720690186474)
5.0493 	EXP 	rot_line_precue: ori = np.float64(85.90857502593049)
5.0575 	EXP 	rot_line_precue: ori = np.float64(86.49901287752765)
5.0661 	EXP 	rot_line_precue: ori = np.float64(86.81660565152096)
5.0743 	EXP 	rot_line_precue: ori = np.float64(87.14847718635826)
5.0826 	EXP 	rot_line_precue: ori = np.float64(87.46673297199753)
5.0911 	EXP 	rot_line_precue: ori = np.float64(87.81931001693445)
5.0993 	EXP 	rot_line_precue: ori = np.float64(88.37649156704718)
5.1077 	EXP 	rot_line_precue: ori = np.float64(88.75718899533376)
5.1166 	EXP 	rot_line_precue: ori = np.float64(89.1955169138707)
5.1248 	EXP 	rot_line_precue: ori = np.float64(89.49588640666789)
5.1333 	EXP 	rot_line_precue: ori = np.float64(89.84053770780001)
5.1415 	EXP 	rot_line_precue: ori = np.float64(90.19249466009461)
5.1498 	EXP 	rot_line_precue: ori = np.float64(90.52693240642935)
5.1577 	EXP 	rot_line_precue: ori = np.float64(90.95400057579785)
5.1663 	EXP 	rot_line_precue: ori = np.float64(91.27236951860431)
5.1747 	EXP 	rot_line_precue: ori = np.float64(91.86255607470673)
5.1828 	EXP 	rot_line_precue: ori = np.float64(92.42393319211197)
5.1913 	EXP 	rot_line_precue: ori = np.float64(92.78236283170065)
5.1994 	EXP 	rot_line_precue: ori = np.float64(93.35240294555413)
5.2076 	EXP 	rot_line_precue: ori = np.float64(93.72542792233284)
5.2160 	EXP 	rot_line_precue: ori = np.float64(94.0294234228016)
5.2244 	EXP 	rot_line_precue: ori = np.float64(94.49229920379935)
5.2327 	EXP 	rot_line_precue: ori = np.float64(94.85360254902992)
5.2410 	EXP 	rot_line_precue: ori = np.float64(95.15326040931177)
5.2494 	EXP 	rot_line_precue: ori = np.float64(95.85583884844264)
5.2585 	EXP 	rot_line_precue: ori = np.float64(96.22447298101264)
5.2660 	EXP 	rot_line_precue: ori = np.float64(96.56029889362927)
5.2745 	EXP 	rot_line_precue: ori = np.float64(97.03958002535467)
5.2828 	EXP 	rot_line_precue: ori = np.float64(97.40310097474877)
5.2910 	EXP 	rot_line_precue: ori = np.float64(97.83206871174521)
5.2997 	EXP 	rot_line_precue: ori = np.float64(98.20441327489104)
5.3080 	EXP 	rot_line_precue: ori = np.float64(98.50623007194041)
5.3166 	EXP 	rot_line_precue: ori = np.float64(98.86136651574822)
5.3176 	EXP 	New trial (rep=1, index=1): <Trial 1 (1 in rep 1) data={'pic_name': 'pics/left_hand.JPG', 'class_mi': 'left_hand', 'thisN': 1, 'thisTrialN': 1, 'thisRepN': 1}>
5.3249 	EXP 	hor_line_precue: autoDraw = False
5.3249 	EXP 	ver_line_precue: autoDraw = False
5.3249 	EXP 	rot_line_precue: autoDraw = False
5.3249 	EXP 	rot_line_precue: ori = np.float64(99.18350079808833)
5.3249 	EXP 	hor_line_precue: autoDraw = False
5.3249 	EXP 	ver_line_precue: autoDraw = False
5.3249 	EXP 	rot_line_precue: autoDraw = False
5.3249 	EXP 	hor_line_precue: autoDraw = True
5.3249 	EXP 	ver_line_precue: autoDraw = True
5.3249 	EXP 	rot_line_precue: autoDraw = True
5.3249 	EXP 	rot_line_precue: ori = np.float64(99.48113216829358)
5.3330 	EXP 	rot_line_precue: ori = np.float64(99.90750070874198)
5.3412 	EXP 	rot_line_precue: ori = np.float64(100.3682346372019)
5.3498 	EXP 	rot_line_precue: ori = np.float64(100.67581199548002)
5.3579 	EXP 	rot_line_precue: ori = np.float64(100.9753563033709)
5.3661 	EXP 	rot_line_precue: ori = np.float64(101.4099903097052)
5.3746 	EXP 	rot_line_precue: ori = np.float64(102.12992502447207)
5.3829 	EXP 	rot_line_precue: ori = np.float64(102.46007847676574)
5.3911 	EXP 	rot_line_precue: ori = np.float64(102.79859684965542)
5.3994 	EXP 	rot_line_precue: ori = np.float64(103.2870858238382)
5.4077 	EXP 	rot_line_precue: ori = np.float64(103.63058853169983)
5.4168 	EXP 	rot_line_precue: ori = np.float64(104.00569811224265)
5.4243 	EXP 	rot_line_precue: ori = np.float64(104.30433171982054)
5.4333 	EXP 	rot_line_precue: ori = np.float64(104.60106986826796)
5.4411 	EXP 	rot_line_precue: ori = np.float64(104.99562359201936)
5.4493 	EXP 	rot_line_precue: ori = np.float64(105.30083760386931)
5.4577 	EXP 	rot_line_precue: ori = np.float64(105.61585744717044)
5.4663 	EXP 	rot_line_precue: ori = np.float64(105.91150995083048)
5.4744 	EXP 	rot_line_precue: ori = np.float64(106.36628782044608)
5.4832 	EXP 	rot_line_precue: ori = np.float64(106.71045878270252)
5.4915 	EXP 	rot_line_precue: ori = np.float64(107.19516938863455)
5.4998 	EXP 	rot_line_precue: ori = np.float64(107.52823385544154)
5.5089 	EXP 	rot_line_precue: ori = np.float64(107.83223428989417)
5.5163 	EXP 	rot_line_precue: ori = np.float64(108.17051789056943)
5.5245 	EXP 	rot_line_precue: ori = np.float64(108.46642033727922)
5.5330 	EXP 	rot_line_precue: ori = np.float64(108.76332896559285)
5.5413 	EXP 	rot_line_precue: ori = np.float64(109.46897125719778)
5.5495 	EXP 	rot_line_precue: ori = np.float64(109.87468678962661)
5.5581 	EXP 	rot_line_precue: ori = np.float64(110.31648883960935)
5.5663 	EXP 	rot_line_precue: ori = np.float64(110.6464775720652)
5.5744 	EXP 	rot_line_precue: ori = np.float64(111.09610596547998)
5.5826 	EXP 	rot_line_precue: ori = np.float64(111.39927476829996)
5.5911 	EXP 	rot_line_precue: ori = np.float64(111.7008112541854)
5.5994 	EXP 	rot_line_precue: ori = np.float64(112.43045543540863)
5.6077 	EXP 	rot_line_precue: ori = np.float64(112.78908991360498)
5.6162 	EXP 	rot_line_precue: ori = np.float64(113.20844584749001)
5.6243 	EXP 	rot_line_precue: ori = np.float64(113.54609640173845)
5.6327 	EXP 	rot_line_precue: ori = np.float64(113.91311634805017)
5.6411 	EXP 	rot_line_precue: ori = np.float64(114.23883733984142)
5.6494 	EXP 	rot_line_precue: ori = np.float64(114.75103420426235)
5.6578 	EXP 	rot_line_precue: ori = np.float64(115.0950042304695)
5.6665 	EXP 	rot_line_precue: ori = np.float64(115.40011966230097)
5.6748 	EXP 	rot_line_precue: ori = np.float64(115.76963255792252)
5.6833 	EXP 	rot_line_precue: ori = np.float64(116.14628472773849)
5.6915 	EXP 	rot_line_precue: ori = np.float64(116.49798086435213)
5.7005 	EXP 	rot_line_precue: ori = np.float64(116.84142264550373)
5.7081 	EXP 	rot_line_precue: ori = np.float64(117.30278962418981)
5.7165 	EXP 	rot_line_precue: ori = np.float64(117.60599879554343)
5.7245 	EXP 	rot_line_precue: ori = np.float64(117.91875052471786)
5.7329 	EXP 	rot_line_precue: ori = np.float64(118.22337334815373)
5.7410 	EXP 	rot_line_precue: ori = np.float64(118.8082291107936)
5.7495 	EXP 	rot_line_precue: ori = np.float64(119.10621654927016)
5.7576 	EXP 	rot_line_precue: ori = np.float64(119.53454691355141)
5.7660 	EXP 	rot_line_precue: ori = np.float64(119.89444806142981)
5.7745 	EXP 	rot_line_precue: ori = np.float64(120.19187489934492)
5.7828 	EXP 	rot_line_precue: ori = np.float64(120.58435587879723)
5.7910 	EXP 	rot_line_precue: ori = np.float64(120.95255920133262)
5.7995 	EXP 	rot_line_precue: ori = np.float64(121.25201222475917)
5.8077 	EXP 	rot_line_precue: ori = np.float64(121.93167249238255)
5.8161 	EXP 	rot_line_precue: ori = np.float64(122.30297187863121)
5.8242 	EXP 	rot_line_precue: ori = np.float64(122.6271609298843)
5.8327 	EXP 	rot_line_precue: ori = np.float64(122.99953157793888)
5.8411 	EXP 	rot_line_precue: ori = np.float64(123.34084898602406)
5.8497 	EXP 	rot_line_precue: ori = np.float64(123.66123896798997)
5.8582 	EXP 	rot_line_precue: ori = np.float64(123.99775783691538)
5.8668 	EXP 	rot_line_precue: ori = np.float64(124.29934252250126)
5.8754 	EXP 	rot_line_precue: ori = np.float64(124.8049767255195)
5.8832 	EXP 	rot_line_precue: ori = np.float64(125.18746955950016)
5.8918 	EXP 	rot_line_precue: ori = np.float64(125.7104585388636)
5.8996 	EXP 	rot_line_precue: ori = np.float64(126.01011039360928)
5.9080 	EXP 	rot_line_precue: ori = np.float64(126.335368177824)
5.9162 	EXP 	rot_line_precue: ori = np.float64(126.70924889937918)
5.9246 	EXP 	rot_line_precue: ori = np.float64(127.09709176848602)
5.9328 	EXP 	rot_line_precue: ori = np.float64(127.39630037220537)
5.9410 	EXP 	rot_line_precue: ori = np.float64(127.74228515151187)
5.9493 	EXP 	rot_line_precue: ori = np.float64(128.08750019913884)
5.9578 	EXP 	rot_line_precue: ori = np.float64(128.38474641952322)
5.9660 	EXP 	rot_line_precue: ori = np.float64(128.87519008704538)
5.9743 	EXP 	rot_line_precue: ori = np.float64(129.1931418216733)
5.9828 	EXP 	rot_line_precue: ori = np.float64(129.48838868913046)
5.9918 	EXP 	rot_line_precue: ori = np.float64(129.91391635466948)
5.9995 	EXP 	rot_line_precue: ori = np.float64(130.4101374193003)
6.0084 	EXP 	rot_line_precue: ori = np.float64(130.9424269698166)
6.0160 	EXP 	rot_line_precue: ori = np.float64(131.24656509679733)
6.0244 	EXP 	rot_line_precue: ori = np.float64(131.55302171550585)
6.0330 	EXP 	rot_line_precue: ori = np.float64(132.34870971556796)
6.0415 	EXP 	rot_line_precue: ori = np.float64(132.8752435582666)
6.0499 	EXP 	rot_line_precue: ori = np.float64(133.21610411090245)
6.0583 	EXP 	rot_line_precue: ori = np.float64(133.5130784248437)
6.0665 	EXP 	rot_line_precue: ori = np.float64(133.82132282265)
6.0751 	EXP 	rot_line_precue: ori = np.float64(134.6225087060125)
6.0830 	EXP 	rot_line_precue: ori = np.float64(134.96603458223348)
6.0914 	EXP 	rot_line_precue: ori = np.float64(135.40223865587438)
6.0996 	EXP 	rot_line_precue: ori = np.float64(135.7288079748759)
6.1077 	EXP 	rot_line_precue: ori = np.float64(136.3233162833549)
6.1163 	EXP 	rot_line_precue: ori = np.float64(136.6688984398014)
6.1246 	EXP 	rot_line_precue: ori = np.float64(136.99117478077665)
6.1327 	EXP 	rot_line_precue: ori = np.float64(137.31632865844279)
6.1412 	EXP 	rot_line_precue: ori = np.float64(137.64894888811213)
6.1493 	EXP 	rot_line_precue: ori = np.float64(138.30703567356707)
6.1577 	EXP 	rot_line_precue: ori = np.float64(138.6169300703314)
6.1660 	EXP 	rot_line_precue: ori = np.float64(138.91483491542124)
6.1743 	EXP 	rot_line_precue: ori = np.float64(139.2279954960891)
6.1826 	EXP 	rot_line_precue: ori = np.float64(139.55882629659823)
6.1912 	EXP 	rot_line_precue: ori = np.float64(140.09369597554752)
6.1994 	EXP 	rot_line_precue: ori = np.float64(140.43075922397884)
6.2079 	EXP 	rot_line_precue: ori = np.float64(141.02334005310317)
6.2168 	EXP 	rot_line_precue: ori = np.float64(141.3293673889036)
6.2248 	EXP 	rot_line_precue: ori = np.float64(141.72222005834274)
6.2333 	EXP 	rot_line_precue: ori = np.float64(142.1103424754553)
6.2416 	EXP 	rot_line_precue: ori = np.float64(142.88039664001164)
6.2498 	EXP 	rot_line_precue: ori = np.float64(143.178756744943)
6.2579 	EXP 	rot_line_precue: ori = np.float64(143.51399061881673)
6.2665 	EXP 	rot_line_precue: ori = np.float64(143.83807374393587)
6.2746 	EXP 	rot_line_precue: ori = np.float64(144.17937572909688)
6.2828 	EXP 	rot_line_precue: ori = np.float64(144.5803958444799)
6.2910 	EXP 	rot_line_precue: ori = np.float64(144.9928023770477)
6.2995 	EXP 	rot_line_precue: ori = np.float64(145.71055442099112)
6.3077 	EXP 	rot_line_precue: ori = np.float64(146.0167993915408)
6.3160 	EXP 	rot_line_precue: ori = np.float64(146.31757318716828)
6.3246 	EXP 	rot_line_precue: ori = np.float64(146.635311677169)
6.3327 	EXP 	rot_line_precue: ori = np.float64(146.942432235197)
6.3410 	EXP 	rot_line_precue: ori = np.float64(147.27788180046926)
6.3496 	EXP 	rot_line_precue: ori = np.float64(147.58255243057943)
6.3577 	EXP 	rot_line_precue: ori = np.float64(148.13102453581195)
6.3667 	EXP 	rot_line_precue: ori = np.float64(148.5950613024438)
6.3746 	EXP 	rot_line_precue: ori = np.float64(148.9721775165582)
6.3830 	EXP 	rot_line_precue: ori = np.float64(149.38228006656817)
6.3917 	EXP 	rot_line_precue: ori = np.float64(150.13056755953687)
6.4005 	EXP 	rot_line_precue: ori = np.float64(150.44950143521538)
6.4080 	EXP 	rot_line_precue: ori = np.float64(151.01568831056105)
6.4173 	EXP 	rot_line_precue: ori = np.float64(151.35594907024287)
6.4250 	EXP 	rot_line_precue: ori = np.float64(151.71588256851547)
6.4330 	EXP 	rot_line_precue: ori = np.float64(152.2973850306532)
6.4412 	EXP 	rot_line_precue: ori = np.float64(152.75537122735767)
6.4497 	EXP 	rot_line_precue: ori = np.float64(153.0708617711462)
6.4579 	EXP 	rot_line_precue: ori = np.float64(153.46082632393197)
6.4661 	EXP 	rot_line_precue: ori = np.float64(153.861353005344)
6.4747 	EXP 	rot_line_precue: ori = np.float64(154.1566021542377)
6.4831 	EXP 	rot_line_precue: ori = np.float64(154.5258310711481)
6.4914 	EXP 	rot_line_precue: ori = np.float64(154.87649955137542)
6.5001 	EXP 	rot_line_precue: ori = np.float64(155.1833032302771)
6.5082 	EXP 	rot_line_precue: ori = np.float64(155.60549267594513)
6.5163 	EXP 	rot_line_precue: ori = np.float64(155.90686498740203)
6.5249 	EXP 	rot_line_precue: ori = np.float64(156.31234770985733)
6.5334 	EXP 	rot_line_precue: ori = np.float64(156.67633873311843)
6.5415 	EXP 	rot_line_precue: ori = np.float64(157.18580003083966)
6.5504 	EXP 	rot_line_precue: ori = np.float64(157.831263401503)
6.5588 	EXP 	rot_line_precue: ori = np.float64(158.4683793484401)
6.5670 	EXP 	rot_line_precue: ori = np.float64(158.7862480870545)
6.5756 	EXP 	rot_line_precue: ori = np.float64(159.56393081579944)
6.5842 	EXP 	rot_line_precue: ori = np.float64(159.88207603940046)
6.5913 	EXP 	rot_line_precue: ori = np.float64(160.1928212493794)
6.6000 	EXP 	rot_line_precue: ori = np.float64(160.98998109040312)
6.6013 	EXP 	Device response: <KeyPress from None: t=6.597388800000772, value=escape, duration=None>
6.6025 	DATA 	Keypress: escape
6.6084 	EXP 	rot_line_precue: ori = np.float64(161.3339174857268)
6.6164 	EXP 	rot_line_precue: ori = np.float64(162.08195763247176)
6.6246 	EXP 	rot_line_precue: ori = np.float64(162.45371839196102)
6.6327 	EXP 	rot_line_precue: ori = np.float64(162.91283058348705)
6.6411 	EXP 	rot_line_precue: ori = np.float64(163.29500963945958)
6.6493 	EXP 	rot_line_precue: ori = np.float64(163.62857714043275)
6.6577 	EXP 	rot_line_precue: ori = np.float64(164.1613638932958)
6.6662 	EXP 	rot_line_precue: ori = np.float64(164.56407640046373)
6.6670 	EXP 	Device response: <KeyPress from None: t=6.597388800000772, value=escape, duration=0.06466539999382803>
6.6671 	EXP 	bci_racingteam: status = STOPPED
6.6744 	EXP 	rot_line_precue: ori = np.float64(164.9753335680168)
6.6744 	EXP 	hor_line_precue: autoDraw = False
6.6744 	EXP 	ver_line_precue: autoDraw = False
6.6744 	EXP 	rot_line_precue: autoDraw = False
6.6745 	EXP 	bci_racingteam: status = STOPPED
