3.0961 	INFO 	Loaded monitor calibration from ['2025_05_09 18:17']
3.1003 	WARNING 	User requested fullscreen with size [1024  768], but screen is actually [2560, 1600]. Using actual size
3.2119 	INFO 	Using renderer 'AMD Radeon(TM) Graphics' for graphics
3.2119 	INFO 	OpenGL version supported by driver is 4..
3.3028 	EXP 	Created window1 = Window(allowGUI=False, allowStencil=False, autoLog=True, backendConf=UNKNOWN, backgroundFit=<method-wrapper '__getattribute__' of attributeSetter object at 0x0000022134DA6C50>, backgroundImage=<method-wrapper '__getattribute__' of attributeSetter object at 0x0000022134DA6BF0>, bitsMode=UNKNOWN, blendMode='avg', bpc=(8, 8, 8), color=array([0, 0, 0]), colorSpace='rgb', depthBits=8, fullscr=True, gamma=None, gammaErrorPolicy='raise', infoMsg=UNKNOWN, lms=UNKNOWN, monitor=<psychopy.monitors.calibTools.Monitor object at 0x0000022134E9BC10>, multiSample=False, name='window1', numSamples=2, pos=[np.float64(0.0), np.float64(0.0)], screen=0, size=array([2560, 1600]), stencilBits=0, stereo=False, title='PsychoPy', units='height', useFBO=True, useRetina=False, viewOri=0.0, viewPos=None, viewScale=None, waitBlanking=True, winType='pyglet')
3.3028 	EXP 	window1: backgroundImage = ''
3.3028 	EXP 	window1: backgroundFit = 'none'
3.6769 	EXP 	window1: Attempting to measure frame rate of screen (0) ...
3.6769 	EXP 	window1: recordFrameIntervals = False
3.8085 	EXP 	window1: recordFrameIntervals = True
4.6420 	EXP 	window1: recordFrameIntervals = False
4.6420 	EXP 	Screen (0) actual frame rate measured at 120.03Hz
4.8090 	INFO 	keyboard.Keyboard is using ptb backend.
4.8090 	EXP 	bci_circle: status = STARTED
4.8489 	EXP 	Created text_pre_block = TextStim(__class__=<class 'psychopy.visual.text.TextStim'>, alignHoriz=method-wrapper(...), alignText='center', alignVert=method-wrapper(...), anchorHoriz='center', anchorVert='center', antialias=True, autoDraw=False, autoLog=True, bold=False, color=array([1., 1., 1.]), colorSpace='rgb', contrast=1.0, depth=0.0, draggable=False, flipHoriz=False, flipVert=False, font='Arial', fontFiles=[], height=np.float64(0.05), italic=False, languageStyle='LTR', name='text_pre_block', opacity=1, ori=0.0, pos=array([0., 0.]), rgb=UNKNOWN, text='Press any key to start ...', units='height', win=Window(...), wrapWidth=1)
4.8499 	EXP 	Created text_wait_screen = TextStim(__class__=<class 'psychopy.visual.text.TextStim'>, alignHoriz=method-wrapper(...), alignText='center', alignVert=method-wrapper(...), anchorHoriz='center', anchorVert='center', antialias=True, autoDraw=False, autoLog=True, bold=False, color=array([1., 1., 1.]), colorSpace='rgb', contrast=1.0, depth=0.0, draggable=False, flipHoriz=False, flipVert=False, font='Arial', fontFiles=[], height=np.float64(0.05), italic=False, languageStyle='LTR', name='text_wait_screen', opacity=1, ori=0.0, pos=array([0., 0.]), rgb=UNKNOWN, text='', units='height', win=Window(...), wrapWidth=1)
4.8531 	EXP 	Created move_circle = ShapeStim(__class__=<class 'psychopy.visual.shape.ShapeStim'>, anchor=('center', 'center'), autoDraw=False, autoLog=True, closeShape=True, color=method-wrapper(...), colorSpace='rgb', contrast=None, depth=0.0, draggable=False, fillColor=array([0.9216, 0.9216, 0.9216]), fillColorSpace='rgb', fillRGB=array([0.9216, 0.9216, 0.9216]), interpolate=True, lineColor=array([1., 1., 1.]), lineColorSpace='rgb', lineRGB=array([1, 1, 1]), lineWidth=1.0, name='move_circle', opacity=1, ori=0.0, pos=array([0., 0.]), size=array([1., 1.]), units='height', vertices=ndarray(...), win=Window(...), windingRule=None)
4.8556 	EXP 	Created mi_circle = ShapeStim(__class__=<class 'psychopy.visual.shape.ShapeStim'>, anchor=('center', 'center'), autoDraw=False, autoLog=True, closeShape=True, color=method-wrapper(...), colorSpace='rgb', contrast=None, depth=-1.0, draggable=False, fillColor=array([0, 0, 0]), fillColorSpace='rgb', fillRGB=array([0, 0, 0]), interpolate=True, lineColor=array([-1.    , -0.2157, -1.    ]), lineColorSpace='rgb', lineRGB=array([-1.    , -0.2157, -1.    ]), lineWidth=8.0, name='mi_circle', opacity=1, ori=0.0, pos=array([0., 0.]), size=array([0.2, 0.2]), units='height', vertices=ndarray(...), win=Window(...), windingRule=None)
4.8606 	EXP 	Created text_run_break = TextStim(__class__=<class 'psychopy.visual.text.TextStim'>, alignHoriz=method-wrapper(...), alignText='center', alignVert=method-wrapper(...), anchorHoriz='center', anchorVert='center', antialias=True, autoDraw=False, autoLog=True, bold=False, color=array([1., 1., 1.]), colorSpace='rgb', contrast=1.0, depth=0.0, draggable=False, flipHoriz=False, flipVert=False, font='Arial', fontFiles=[], height=np.float64(0.05), italic=False, languageStyle='LTR', name='text_run_break', opacity=1, ori=0.0, pos=array([0., 0.]), rgb=UNKNOWN, text='Trial finished!', units='height', win=Window(...), wrapWidth=1)
4.8643 	EXP 	Created text_post_run = TextStim(__class__=<class 'psychopy.visual.text.TextStim'>, alignHoriz=method-wrapper(...), alignText='center', alignVert=method-wrapper(...), anchorHoriz='center', anchorVert='center', antialias=True, autoDraw=False, autoLog=True, bold=False, color=array([1., 1., 1.]), colorSpace='rgb', contrast=1.0, depth=0.0, draggable=False, flipHoriz=False, flipVert=False, font='Arial', fontFiles=[], height=np.float64(0.05), italic=False, languageStyle='LTR', name='text_post_run', opacity=1, ori=0.0, pos=array([0., 0.]), rgb=UNKNOWN, text='Run finished. Yupii!!', units='height', win=Window(...), wrapWidth=1)
0.0276 	INFO 	Keyboard events cleared
0.0276 	EXP 	text_pre_block: autoDraw = True
0.3398 	EXP 	Device response: <KeyPress from None: t=0.33354929997585714, value=space, duration=None>
0.3400 	EXP 	New trial (rep=0, index=0): <Trial 0 (0 in rep 0) data={'thisN': 0, 'thisTrialN': 0, 'thisRepN': 0}>
0.3411 	DATA 	Keypress: space
0.3452 	EXP 	text_pre_block: autoDraw = False
0.3452 	EXP 	text_wait_screen: autoDraw = True
0.4041 	EXP 	Device response: <KeyPress from None: t=0.33354929997585714, value=space, duration=0.062477100000251085>
3.3341 	EXP 	Imported classes.csv as conditions, 4 conditions, 2 params
3.3344 	EXP 	New trial (rep=0, index=0): <Trial 0 (0 in rep 0) data={'pic_name': 'pics/feet.JPG', 'class_mi': 'feet', 'thisN': 0, 'thisTrialN': 0, 'thisRepN': 0}>
3.3396 	EXP 	text_wait_screen: autoDraw = False
3.3396 	EXP 	text_wait_screen: autoDraw = False
3.3396 	EXP 	move_circle: autoDraw = True
3.3396 	EXP 	mi_circle: autoDraw = True
12.5742 	EXP 	Device response: <KeyPress from None: t=12.566642299992964, value=escape, duration=None>
12.5747 	DATA 	Keypress: escape
12.6579 	EXP 	Device response: <KeyPress from None: t=12.566642299992964, value=escape, duration=0.08562759999767877>
12.6580 	EXP 	bci_circle: status = STOPPED
12.6656 	EXP 	move_circle: autoDraw = False
12.6656 	EXP 	mi_circle: autoDraw = False
12.6657 	EXP 	bci_circle: status = STOPPED
12.6718 	INFO 	saved data to 'D:\\STUDIUM\\TU\\Mirage91\\Brain-Computer Interface Conference\\Code\\data\\086534_bci_circle_2026-06-17_16h03.03.363.csv'
12.6729 	INFO 	saved data to D:\STUDIUM\TU\Mirage91\Brain-Computer Interface Conference\Code\data\086534_bci_circle_2026-06-17_16h03.03.363.psydat
12.8585 	WARNING 	Stopping key buffers but this could be dangerous ifother keyboards rely on the same.
