3.0049 	INFO 	Loaded monitor calibration from ['2025_05_09 18:17']
3.0148 	WARNING 	User requested fullscreen with size [1024  768], but screen is actually [2560, 1600]. Using actual size
3.1241 	INFO 	Using renderer 'AMD Radeon(TM) Graphics' for graphics
3.1242 	INFO 	OpenGL version supported by driver is 4..
3.2172 	EXP 	Created window1 = Window(allowGUI=False, allowStencil=False, autoLog=True, backendConf=UNKNOWN, backgroundFit=<method-wrapper '__getattribute__' of attributeSetter object at 0x000002063F676BC0>, backgroundImage=<method-wrapper '__getattribute__' of attributeSetter object at 0x000002063F676B60>, bitsMode=UNKNOWN, blendMode='avg', bpc=(8, 8, 8), color=array([0, 0, 0]), colorSpace='rgb', depthBits=8, fullscr=True, gamma=None, gammaErrorPolicy='raise', infoMsg=UNKNOWN, lms=UNKNOWN, monitor=<psychopy.monitors.calibTools.Monitor object at 0x000002063F767B80>, multiSample=False, name='window1', numSamples=2, pos=[np.float64(0.0), np.float64(0.0)], screen=0, size=array([2560, 1600]), stencilBits=0, stereo=False, title='PsychoPy', units='height', useFBO=True, useRetina=False, viewOri=0.0, viewPos=None, viewScale=None, waitBlanking=True, winType='pyglet')
3.2173 	EXP 	window1: backgroundImage = ''
3.2173 	EXP 	window1: backgroundFit = 'none'
3.5830 	EXP 	window1: Attempting to measure frame rate of screen (0) ...
3.5830 	EXP 	window1: recordFrameIntervals = False
3.7258 	EXP 	window1: recordFrameIntervals = True
4.5594 	EXP 	window1: recordFrameIntervals = False
4.5594 	EXP 	Screen (0) actual frame rate measured at 120.37Hz
4.7256 	INFO 	keyboard.Keyboard is using ptb backend.
4.7257 	EXP 	bci_circle: status = STARTED
4.7650 	EXP 	Created text_pre_block = TextStim(__class__=<class 'psychopy.visual.text.TextStim'>, alignHoriz=method-wrapper(...), alignText='center', alignVert=method-wrapper(...), anchorHoriz='center', anchorVert='center', antialias=True, autoDraw=False, autoLog=True, bold=False, color=array([1., 1., 1.]), colorSpace='rgb', contrast=1.0, depth=0.0, draggable=False, flipHoriz=False, flipVert=False, font='Arial', fontFiles=[], height=np.float64(0.05), italic=False, languageStyle='LTR', name='text_pre_block', opacity=1, ori=0.0, pos=array([0., 0.]), rgb=UNKNOWN, text='Press any key to start ...', units='height', win=Window(...), wrapWidth=1)
4.7663 	EXP 	Created text_wait_screen = TextStim(__class__=<class 'psychopy.visual.text.TextStim'>, alignHoriz=method-wrapper(...), alignText='center', alignVert=method-wrapper(...), anchorHoriz='center', anchorVert='center', antialias=True, autoDraw=False, autoLog=True, bold=False, color=array([1., 1., 1.]), colorSpace='rgb', contrast=1.0, depth=0.0, draggable=False, flipHoriz=False, flipVert=False, font='Arial', fontFiles=[], height=np.float64(0.05), italic=False, languageStyle='LTR', name='text_wait_screen', opacity=1, ori=0.0, pos=array([0., 0.]), rgb=UNKNOWN, text='', units='height', win=Window(...), wrapWidth=1)
4.7708 	EXP 	Created move_circle = ShapeStim(__class__=<class 'psychopy.visual.shape.ShapeStim'>, anchor=('center', 'center'), autoDraw=False, autoLog=True, closeShape=True, color=method-wrapper(...), colorSpace='rgb', contrast=None, depth=0.0, draggable=False, fillColor=array([1, 1, 1]), fillColorSpace='rgb', fillRGB=array([1, 1, 1]), interpolate=True, lineColor=array([1., 1., 1.]), lineColorSpace='rgb', lineRGB=array([1, 1, 1]), lineWidth=1.0, name='move_circle', opacity=1, ori=0.0, pos=array([0., 0.]), size=array([1., 1.]), units='height', vertices=ndarray(...), win=Window(...), windingRule=None)
4.7741 	EXP 	Created mi_circle = ShapeStim(__class__=<class 'psychopy.visual.shape.ShapeStim'>, anchor=('center', 'center'), autoDraw=False, autoLog=True, closeShape=True, color=method-wrapper(...), colorSpace='rgb', contrast=None, depth=-1.0, draggable=False, fillColor=array([0, 0, 0]), fillColorSpace='rgb', fillRGB=array([0, 0, 0]), interpolate=True, lineColor=array([ 0.7647, -1.    , -1.    ]), lineColorSpace='rgb', lineRGB=array([ 0.7647, -1.    , -1.    ]), lineWidth=8.0, name='mi_circle', opacity=1, ori=0.0, pos=array([0., 0.]), size=array([0.2, 0.2]), units='height', vertices=ndarray(...), win=Window(...), windingRule=None)
4.7806 	EXP 	Created text_run_break = TextStim(__class__=<class 'psychopy.visual.text.TextStim'>, alignHoriz=method-wrapper(...), alignText='center', alignVert=method-wrapper(...), anchorHoriz='center', anchorVert='center', antialias=True, autoDraw=False, autoLog=True, bold=False, color=array([1., 1., 1.]), colorSpace='rgb', contrast=1.0, depth=0.0, draggable=False, flipHoriz=False, flipVert=False, font='Arial', fontFiles=[], height=np.float64(0.05), italic=False, languageStyle='LTR', name='text_run_break', opacity=1, ori=0.0, pos=array([0., 0.]), rgb=UNKNOWN, text='Trial finished!', units='height', win=Window(...), wrapWidth=1)
4.7848 	EXP 	Created text_post_run = TextStim(__class__=<class 'psychopy.visual.text.TextStim'>, alignHoriz=method-wrapper(...), alignText='center', alignVert=method-wrapper(...), anchorHoriz='center', anchorVert='center', antialias=True, autoDraw=False, autoLog=True, bold=False, color=array([1., 1., 1.]), colorSpace='rgb', contrast=1.0, depth=0.0, draggable=False, flipHoriz=False, flipVert=False, font='Arial', fontFiles=[], height=np.float64(0.05), italic=False, languageStyle='LTR', name='text_post_run', opacity=1, ori=0.0, pos=array([0., 0.]), rgb=UNKNOWN, text='Run finished. Yupii!!', units='height', win=Window(...), wrapWidth=1)
0.0251 	INFO 	Keyboard events cleared
0.0250 	EXP 	text_pre_block: autoDraw = True
1.2204 	EXP 	Device response: <KeyPress from None: t=1.212156399997184, value=space, duration=None>
1.2206 	EXP 	New trial (rep=0, index=0): <Trial 0 (0 in rep 0) data={'thisN': 0, 'thisTrialN': 0, 'thisRepN': 0}>
1.2216 	DATA 	Keypress: space
1.2256 	EXP 	text_pre_block: autoDraw = False
1.2256 	EXP 	text_wait_screen: autoDraw = True
1.2765 	EXP 	Device response: <KeyPress from None: t=1.212156399997184, value=space, duration=0.05757239999365993>
4.2145 	EXP 	Imported classes.csv as conditions, 4 conditions, 2 params
4.2148 	EXP 	New trial (rep=0, index=0): <Trial 0 (0 in rep 0) data={'pic_name': 'pics/none.JPG', 'class_mi': 'rest', 'thisN': 0, 'thisTrialN': 0, 'thisRepN': 0}>
4.2203 	EXP 	text_wait_screen: autoDraw = False
4.2203 	EXP 	text_wait_screen: autoDraw = False
4.2203 	EXP 	move_circle: autoDraw = True
4.2203 	EXP 	mi_circle: autoDraw = True
12.0551 	DATA 	Mouse: wheel shift=(0,1), pos=(1077,823)
13.0630 	EXP 	Device response: <KeyPress from None: t=13.060745399998268, value=escape, duration=None>
13.0637 	DATA 	Keypress: escape
13.1296 	EXP 	Device response: <KeyPress from None: t=13.060745399998268, value=escape, duration=0.06380629999330267>
13.1297 	EXP 	bci_circle: status = STOPPED
13.1375 	EXP 	move_circle: autoDraw = False
13.1375 	EXP 	mi_circle: autoDraw = False
13.1375 	EXP 	bci_circle: status = STOPPED
13.1397 	INFO 	saved data to 'D:\\STUDIUM\\TU\\Mirage91\\Brain-Computer Interface Conference\\Code\\data\\093927 _bci_circle_2026-06-17_16h01.08.421.csv'
13.1406 	INFO 	saved data to D:\STUDIUM\TU\Mirage91\Brain-Computer Interface Conference\Code\data\093927 _bci_circle_2026-06-17_16h01.08.421.psydat
13.3263 	WARNING 	Stopping key buffers but this could be dangerous ifother keyboards rely on the same.
