2.6076 	INFO 	Loaded monitor calibration from ['2025_05_09 18:17']
2.6188 	WARNING 	User requested fullscreen with size [1024  768], but screen is actually [2560, 1600]. Using actual size
2.7366 	INFO 	Using renderer 'AMD Radeon(TM) Graphics' for graphics
2.7366 	INFO 	OpenGL version supported by driver is 4..
2.8281 	EXP 	Created window1 = Window(allowGUI=False, allowStencil=False, autoLog=True, backendConf=UNKNOWN, backgroundFit=<method-wrapper '__getattribute__' of attributeSetter object at 0x0000021D04266FB0>, backgroundImage=<method-wrapper '__getattribute__' of attributeSetter object at 0x0000021D04266F50>, bitsMode=UNKNOWN, blendMode='avg', bpc=(8, 8, 8), color=array([0, 0, 0]), colorSpace='rgb', depthBits=8, fullscr=True, gamma=None, gammaErrorPolicy='raise', infoMsg=UNKNOWN, lms=UNKNOWN, monitor=<psychopy.monitors.calibTools.Monitor object at 0x0000021D04357F70>, multiSample=False, name='window1', numSamples=2, pos=[np.float64(0.0), np.float64(0.0)], screen=0, size=array([2560, 1600]), stencilBits=0, stereo=False, title='PsychoPy', units='height', useFBO=True, useRetina=False, viewOri=0.0, viewPos=None, viewScale=None, waitBlanking=True, winType='pyglet')
2.8282 	EXP 	window1: backgroundImage = ''
2.8282 	EXP 	window1: backgroundFit = 'none'
3.2010 	EXP 	window1: Attempting to measure frame rate of screen (0) ...
3.2011 	EXP 	window1: recordFrameIntervals = False
3.3399 	EXP 	window1: recordFrameIntervals = True
3.5833 	DATA 	Keypress: space
4.1585 	DATA 	Keypress: space
4.1730 	EXP 	window1: recordFrameIntervals = False
4.1730 	EXP 	Screen (0) actual frame rate measured at 119.81Hz
4.3397 	INFO 	keyboard.Keyboard is using ptb backend.
4.3397 	EXP 	bci_circle: status = STARTED
4.3799 	EXP 	Created text_pre_block = TextStim(__class__=<class 'psychopy.visual.text.TextStim'>, alignHoriz=method-wrapper(...), alignText='center', alignVert=method-wrapper(...), anchorHoriz='center', anchorVert='center', antialias=True, autoDraw=False, autoLog=True, bold=False, color=array([1., 1., 1.]), colorSpace='rgb', contrast=1.0, depth=0.0, draggable=False, flipHoriz=False, flipVert=False, font='Arial', fontFiles=[], height=np.float64(0.05), italic=False, languageStyle='LTR', name='text_pre_block', opacity=1, ori=0.0, pos=array([0., 0.]), rgb=UNKNOWN, text='Press any key to start ...', units='height', win=Window(...), wrapWidth=1)
4.3809 	EXP 	Created text_wait_screen = TextStim(__class__=<class 'psychopy.visual.text.TextStim'>, alignHoriz=method-wrapper(...), alignText='center', alignVert=method-wrapper(...), anchorHoriz='center', anchorVert='center', antialias=True, autoDraw=False, autoLog=True, bold=False, color=array([1., 1., 1.]), colorSpace='rgb', contrast=1.0, depth=0.0, draggable=False, flipHoriz=False, flipVert=False, font='Arial', fontFiles=[], height=np.float64(0.05), italic=False, languageStyle='LTR', name='text_wait_screen', opacity=1, ori=0.0, pos=array([0., 0.]), rgb=UNKNOWN, text='', units='height', win=Window(...), wrapWidth=1)
4.3840 	EXP 	Created move_circle = ShapeStim(__class__=<class 'psychopy.visual.shape.ShapeStim'>, anchor=('center', 'center'), autoDraw=False, autoLog=True, closeShape=True, color=method-wrapper(...), colorSpace='rgb', contrast=None, depth=0.0, draggable=False, fillColor=array([0.9216, 0.9216, 0.9216]), fillColorSpace='rgb', fillRGB=array([0.9216, 0.9216, 0.9216]), interpolate=True, lineColor=array([1., 1., 1.]), lineColorSpace='rgb', lineRGB=array([1, 1, 1]), lineWidth=1.0, name='move_circle', opacity=1, ori=0.0, pos=array([0., 0.]), size=array([1., 1.]), units='height', vertices=ndarray(...), win=Window(...), windingRule=None)
4.3866 	EXP 	Created mi_circle = ShapeStim(__class__=<class 'psychopy.visual.shape.ShapeStim'>, anchor=('center', 'center'), autoDraw=False, autoLog=True, closeShape=True, color=method-wrapper(...), colorSpace='rgb', contrast=None, depth=-1.0, draggable=False, fillColor=array([0, 0, 0]), fillColorSpace='rgb', fillRGB=array([0, 0, 0]), interpolate=True, lineColor=array([ 0.0902, -1.    , -1.    ]), lineColorSpace='rgb', lineRGB=array([ 0.0902, -1.    , -1.    ]), lineWidth=8.0, name='mi_circle', opacity=1, ori=0.0, pos=array([0., 0.]), size=array([0.2, 0.2]), units='height', vertices=ndarray(...), win=Window(...), windingRule=None)
4.3918 	EXP 	Created text_run_break = TextStim(__class__=<class 'psychopy.visual.text.TextStim'>, alignHoriz=method-wrapper(...), alignText='center', alignVert=method-wrapper(...), anchorHoriz='center', anchorVert='center', antialias=True, autoDraw=False, autoLog=True, bold=False, color=array([1., 1., 1.]), colorSpace='rgb', contrast=1.0, depth=0.0, draggable=False, flipHoriz=False, flipVert=False, font='Arial', fontFiles=[], height=np.float64(0.05), italic=False, languageStyle='LTR', name='text_run_break', opacity=1, ori=0.0, pos=array([0., 0.]), rgb=UNKNOWN, text='Trial finished!', units='height', win=Window(...), wrapWidth=1)
4.3956 	EXP 	Created text_post_run = TextStim(__class__=<class 'psychopy.visual.text.TextStim'>, alignHoriz=method-wrapper(...), alignText='center', alignVert=method-wrapper(...), anchorHoriz='center', anchorVert='center', antialias=True, autoDraw=False, autoLog=True, bold=False, color=array([1., 1., 1.]), colorSpace='rgb', contrast=1.0, depth=0.0, draggable=False, flipHoriz=False, flipVert=False, font='Arial', fontFiles=[], height=np.float64(0.05), italic=False, languageStyle='LTR', name='text_post_run', opacity=1, ori=0.0, pos=array([0., 0.]), rgb=UNKNOWN, text='Run finished. Yupii!!', units='height', win=Window(...), wrapWidth=1)
0.0004 	DATA 	Keypress: space
0.0357 	INFO 	Keyboard events cleared
0.0357 	EXP 	text_pre_block: autoDraw = True
0.0613 	DATA 	Keypress: space
0.0737 	EXP 	Device response: <KeyPress from None: t=0.06082440001773648, value=space, duration=None>
0.0740 	EXP 	New trial (rep=0, index=0): <Trial 0 (0 in rep 0) data={'thisN': 0, 'thisTrialN': 0, 'thisRepN': 0}>
0.0856 	EXP 	text_pre_block: autoDraw = False
0.0856 	EXP 	text_wait_screen: autoDraw = True
0.1190 	EXP 	Device response: <KeyPress from None: t=0.06082440001773648, value=space, duration=0.053659899975173175>
3.0744 	EXP 	Imported classes.csv as conditions, 4 conditions, 2 params
3.0747 	EXP 	New trial (rep=0, index=0): <Trial 0 (0 in rep 0) data={'pic_name': 'pics/feet.JPG', 'class_mi': 'feet', 'thisN': 0, 'thisTrialN': 0, 'thisRepN': 0}>
3.0800 	EXP 	text_wait_screen: autoDraw = False
3.0800 	EXP 	text_wait_screen: autoDraw = False
3.0800 	EXP 	move_circle: autoDraw = True
3.0800 	EXP 	mi_circle: autoDraw = True
4.8734 	EXP 	Device response: <KeyPress from None: t=4.870234500005608, value=escape, duration=None>
4.8743 	DATA 	Keypress: escape
4.9642 	EXP 	Device response: <KeyPress from None: t=4.870234500005608, value=escape, duration=0.0861426999908872>
4.9642 	EXP 	bci_circle: status = STOPPED
4.9722 	EXP 	move_circle: autoDraw = False
4.9722 	EXP 	mi_circle: autoDraw = False
4.9723 	EXP 	bci_circle: status = STOPPED
4.9795 	INFO 	saved data to 'D:\\STUDIUM\\TU\\Mirage91\\Brain-Computer Interface Conference\\Code\\data\\101247_bci_circle_2026-06-17_16h16.56.695.csv'
4.9805 	INFO 	saved data to D:\STUDIUM\TU\Mirage91\Brain-Computer Interface Conference\Code\data\101247_bci_circle_2026-06-17_16h16.56.695.psydat
5.1730 	WARNING 	Stopping key buffers but this could be dangerous ifother keyboards rely on the same.
