4.1244 	INFO 	Loaded monitor calibration from ['2025_05_09 18:17']
4.1285 	WARNING 	User requested fullscreen with size [1024  768], but screen is actually [2560, 1600]. Using actual size
4.2435 	INFO 	Using renderer 'AMD Radeon(TM) Graphics' for graphics
4.2436 	INFO 	OpenGL version supported by driver is 4..
4.3339 	EXP 	Created window1 = Window(allowGUI=False, allowStencil=False, autoLog=True, backendConf=UNKNOWN, backgroundFit=<method-wrapper '__getattribute__' of attributeSetter object at 0x000001CF768AAAA0>, backgroundImage=<method-wrapper '__getattribute__' of attributeSetter object at 0x000001CF768AAA40>, bitsMode=UNKNOWN, blendMode='avg', bpc=(8, 8, 8), color=array([0, 0, 0]), colorSpace='rgb', depthBits=8, fullscr=True, gamma=None, gammaErrorPolicy='raise', infoMsg=UNKNOWN, lms=UNKNOWN, monitor=<psychopy.monitors.calibTools.Monitor object at 0x000001CF7699BA60>, multiSample=False, name='window1', numSamples=2, pos=[np.float64(0.0), np.float64(0.0)], screen=0, size=array([2560, 1600]), stencilBits=0, stereo=False, title='PsychoPy', units='height', useFBO=True, useRetina=False, viewOri=0.0, viewPos=None, viewScale=None, waitBlanking=True, winType='pyglet')
4.3339 	EXP 	window1: backgroundImage = ''
4.3339 	EXP 	window1: backgroundFit = 'none'
4.7293 	EXP 	window1: Attempting to measure frame rate of screen (0) ...
4.7294 	EXP 	window1: recordFrameIntervals = False
4.8683 	EXP 	window1: recordFrameIntervals = True
5.7014 	EXP 	window1: recordFrameIntervals = False
5.7014 	EXP 	Screen (0) actual frame rate measured at 120.41Hz
5.8692 	INFO 	keyboard.Keyboard is using ptb backend.
5.8693 	EXP 	bci_circle: status = STARTED
5.9087 	EXP 	Created text_pre_block = TextStim(__class__=<class 'psychopy.visual.text.TextStim'>, alignHoriz=method-wrapper(...), alignText='center', alignVert=method-wrapper(...), anchorHoriz='center', anchorVert='center', antialias=True, autoDraw=False, autoLog=True, bold=False, color=array([1., 1., 1.]), colorSpace='rgb', contrast=1.0, depth=0.0, draggable=False, flipHoriz=False, flipVert=False, font='Arial', fontFiles=[], height=np.float64(0.05), italic=False, languageStyle='LTR', name='text_pre_block', opacity=1, ori=0.0, pos=array([0., 0.]), rgb=UNKNOWN, text='Press any key to start ...', units='height', win=Window(...), wrapWidth=1)
5.9097 	EXP 	Created text_wait_screen = TextStim(__class__=<class 'psychopy.visual.text.TextStim'>, alignHoriz=method-wrapper(...), alignText='center', alignVert=method-wrapper(...), anchorHoriz='center', anchorVert='center', antialias=True, autoDraw=False, autoLog=True, bold=False, color=array([1., 1., 1.]), colorSpace='rgb', contrast=1.0, depth=0.0, draggable=False, flipHoriz=False, flipVert=False, font='Arial', fontFiles=[], height=np.float64(0.05), italic=False, languageStyle='LTR', name='text_wait_screen', opacity=1, ori=0.0, pos=array([0., 0.]), rgb=UNKNOWN, text='', units='height', win=Window(...), wrapWidth=1)
5.9131 	EXP 	Created move_circle = ShapeStim(__class__=<class 'psychopy.visual.shape.ShapeStim'>, anchor=('center', 'center'), autoDraw=False, autoLog=True, closeShape=True, color=method-wrapper(...), colorSpace='rgb', contrast=None, depth=0.0, draggable=False, fillColor=array([1, 1, 1]), fillColorSpace='rgb', fillRGB=array([1, 1, 1]), interpolate=True, lineColor=array([1., 1., 1.]), lineColorSpace='rgb', lineRGB=array([1, 1, 1]), lineWidth=1.0, name='move_circle', opacity=1, ori=0.0, pos=array([0., 0.]), size=array([1., 1.]), units='height', vertices=ndarray(...), win=Window(...), windingRule=None)
5.9157 	EXP 	Created mi_circle = ShapeStim(__class__=<class 'psychopy.visual.shape.ShapeStim'>, anchor=('center', 'center'), autoDraw=False, autoLog=True, closeShape=True, color=method-wrapper(...), colorSpace='rgb', contrast=None, depth=-1.0, draggable=False, fillColor=array([0., 0., 0.]), fillColorSpace='rgb', fillRGB=array([0., 0., 0.]), interpolate=True, lineColor=array([ 0.7647, -1.    , -1.    ]), lineColorSpace='rgb', lineRGB=array([ 0.7647, -1.    , -1.    ]), lineWidth=8.0, name='mi_circle', opacity=1, ori=0.0, pos=array([0., 0.]), size=array([0.1, 0.1]), units='height', vertices=ndarray(...), win=Window(...), windingRule=None)
5.9217 	EXP 	Created text_run_break = TextStim(__class__=<class 'psychopy.visual.text.TextStim'>, alignHoriz=method-wrapper(...), alignText='center', alignVert=method-wrapper(...), anchorHoriz='center', anchorVert='center', antialias=True, autoDraw=False, autoLog=True, bold=False, color=array([1., 1., 1.]), colorSpace='rgb', contrast=1.0, depth=0.0, draggable=False, flipHoriz=False, flipVert=False, font='Arial', fontFiles=[], height=np.float64(0.05), italic=False, languageStyle='LTR', name='text_run_break', opacity=1, ori=0.0, pos=array([0., 0.]), rgb=UNKNOWN, text='Trial finished!', units='height', win=Window(...), wrapWidth=1)
5.9261 	EXP 	Created text_post_run = TextStim(__class__=<class 'psychopy.visual.text.TextStim'>, alignHoriz=method-wrapper(...), alignText='center', alignVert=method-wrapper(...), anchorHoriz='center', anchorVert='center', antialias=True, autoDraw=False, autoLog=True, bold=False, color=array([1., 1., 1.]), colorSpace='rgb', contrast=1.0, depth=0.0, draggable=False, flipHoriz=False, flipVert=False, font='Arial', fontFiles=[], height=np.float64(0.05), italic=False, languageStyle='LTR', name='text_post_run', opacity=1, ori=0.0, pos=array([0., 0.]), rgb=UNKNOWN, text='Run finished. Yupii!!', units='height', win=Window(...), wrapWidth=1)
0.0338 	INFO 	Keyboard events cleared
0.0337 	EXP 	text_pre_block: autoDraw = True
1.0880 	EXP 	Device response: <KeyPress from None: t=1.0774132999940775, value=space, duration=None>
1.0883 	EXP 	New trial (rep=0, index=0): <Trial 0 (0 in rep 0) data={'thisN': 0, 'thisTrialN': 0, 'thisRepN': 0}>
1.0892 	DATA 	Keypress: space
1.0933 	EXP 	text_pre_block: autoDraw = False
1.0933 	EXP 	text_wait_screen: autoDraw = True
1.1108 	EXP 	Device response: <KeyPress from None: t=1.0774132999940775, value=space, duration=0.02612980001140386>
4.0829 	EXP 	Imported classes.csv as conditions, 4 conditions, 2 params
4.0832 	EXP 	New trial (rep=0, index=0): <Trial 0 (0 in rep 0) data={'pic_name': 'pics/feet.JPG', 'class_mi': 'feet', 'thisN': 0, 'thisTrialN': 0, 'thisRepN': 0}>
4.1104 	EXP 	text_wait_screen: autoDraw = False
4.1104 	EXP 	text_wait_screen: autoDraw = False
4.1104 	EXP 	move_circle: autoDraw = True
4.1104 	EXP 	mi_circle: autoDraw = True
7.5983 	EXP 	Device response: <KeyPress from None: t=7.5969602999975905, value=escape, duration=None>
7.5990 	DATA 	Keypress: escape
7.6735 	EXP 	Device response: <KeyPress from None: t=7.5969602999975905, value=escape, duration=0.07614349998766556>
7.6735 	EXP 	bci_circle: status = STOPPED
7.6814 	EXP 	move_circle: autoDraw = False
7.6814 	EXP 	mi_circle: autoDraw = False
7.6815 	EXP 	bci_circle: status = STOPPED
7.6882 	INFO 	saved data to 'D:\\STUDIUM\\TU\\Mirage91\\Brain-Computer Interface Conference\\Code\\data\\132783_bci_circle_2026-06-17_15h47.46.350.csv'
7.6891 	INFO 	saved data to D:\STUDIUM\TU\Mirage91\Brain-Computer Interface Conference\Code\data\132783_bci_circle_2026-06-17_15h47.46.350.psydat
7.8723 	WARNING 	Stopping key buffers but this could be dangerous ifother keyboards rely on the same.
