4.3626 	INFO 	Loaded monitor calibration from ['2025_05_09 18:17']
4.3707 	WARNING 	User requested fullscreen with size [1024  768], but screen is actually [2560, 1600]. Using actual size
4.5550 	INFO 	Using renderer 'AMD Radeon(TM) Graphics' for graphics
4.5550 	INFO 	OpenGL version supported by driver is 4..
4.7007 	EXP 	Created window1 = Window(allowGUI=False, allowStencil=False, autoLog=True, backendConf=UNKNOWN, backgroundFit=<method-wrapper '__getattribute__' of attributeSetter object at 0x00000239AD33C820>, backgroundImage=<method-wrapper '__getattribute__' of attributeSetter object at 0x00000239AD33C7C0>, bitsMode=UNKNOWN, blendMode='avg', bpc=(8, 8, 8), color=array([0, 0, 0]), colorSpace='rgb', depthBits=8, fullscr=True, gamma=None, gammaErrorPolicy='raise', infoMsg=UNKNOWN, lms=UNKNOWN, monitor=<psychopy.monitors.calibTools.Monitor object at 0x00000239AD4257E0>, multiSample=False, name='window1', numSamples=2, pos=[np.float64(0.0), np.float64(0.0)], screen=0, size=array([2560, 1600]), stencilBits=0, stereo=False, title='PsychoPy', units='height', useFBO=True, useRetina=False, viewOri=0.0, viewPos=None, viewScale=None, waitBlanking=True, winType='pyglet')
4.7009 	EXP 	window1: backgroundImage = ''
4.7009 	EXP 	window1: backgroundFit = 'none'
5.2870 	EXP 	window1: Attempting to measure frame rate of screen (0) ...
5.2871 	EXP 	window1: recordFrameIntervals = False
5.4838 	EXP 	window1: recordFrameIntervals = True
6.5586 	EXP 	window1: recordFrameIntervals = False
6.5586 	EXP 	Screen (0) actual frame rate measured at 118.93Hz
6.7470 	INFO 	keyboard.Keyboard is using ptb backend.
6.7471 	EXP 	bci_circle: status = STARTED
6.8120 	EXP 	Created text_pre_block = TextStim(__class__=<class 'psychopy.visual.text.TextStim'>, alignHoriz=method-wrapper(...), alignText='center', alignVert=method-wrapper(...), anchorHoriz='center', anchorVert='center', antialias=True, autoDraw=False, autoLog=True, bold=False, color=array([1., 1., 1.]), colorSpace='rgb', contrast=1.0, depth=0.0, draggable=False, flipHoriz=False, flipVert=False, font='Arial', fontFiles=[], height=np.float64(0.05), italic=False, languageStyle='LTR', name='text_pre_block', opacity=1, ori=0.0, pos=array([0., 0.]), rgb=UNKNOWN, text='Press any key to start ...', units='height', win=Window(...), wrapWidth=1)
6.8135 	EXP 	Created text_wait_screen = TextStim(__class__=<class 'psychopy.visual.text.TextStim'>, alignHoriz=method-wrapper(...), alignText='center', alignVert=method-wrapper(...), anchorHoriz='center', anchorVert='center', antialias=True, autoDraw=False, autoLog=True, bold=False, color=array([1., 1., 1.]), colorSpace='rgb', contrast=1.0, depth=0.0, draggable=False, flipHoriz=False, flipVert=False, font='Arial', fontFiles=[], height=np.float64(0.05), italic=False, languageStyle='LTR', name='text_wait_screen', opacity=1, ori=0.0, pos=array([0., 0.]), rgb=UNKNOWN, text='', units='height', win=Window(...), wrapWidth=1)
6.8192 	EXP 	Created move_circle = ShapeStim(__class__=<class 'psychopy.visual.shape.ShapeStim'>, anchor=('center', 'center'), autoDraw=False, autoLog=True, closeShape=True, color=method-wrapper(...), colorSpace='rgb', contrast=None, depth=0.0, draggable=False, fillColor=array([0.9216, 0.9216, 0.9216]), fillColorSpace='rgb', fillRGB=array([0.9216, 0.9216, 0.9216]), interpolate=True, lineColor=array([1., 1., 1.]), lineColorSpace='rgb', lineRGB=array([1, 1, 1]), lineWidth=1.0, name='move_circle', opacity=1, ori=0.0, pos=array([0., 0.]), size=array([1., 1.]), units='height', vertices=ndarray(...), win=Window(...), windingRule=None)
6.8240 	EXP 	Created mi_circle = ShapeStim(__class__=<class 'psychopy.visual.shape.ShapeStim'>, anchor=('center', 'center'), autoDraw=False, autoLog=True, closeShape=True, color=method-wrapper(...), colorSpace='rgb', contrast=None, depth=-1.0, draggable=False, fillColor=array([0, 0, 0]), fillColorSpace='rgb', fillRGB=array([0, 0, 0]), interpolate=True, lineColor=array([ 0.0902, -1.    , -1.    ]), lineColorSpace='rgb', lineRGB=array([ 0.0902, -1.    , -1.    ]), lineWidth=8.0, name='mi_circle', opacity=1, ori=0.0, pos=array([0., 0.]), size=array([0.15, 0.15]), units='height', vertices=ndarray(...), win=Window(...), windingRule=None)
6.8300 	EXP 	Created image_mi = ImageStim(__class__=<class 'psychopy.visual.image.ImageStim'>, anchor=('center', 'center'), autoLog=True, color=array([1., 1., 1.]), colorSpace='rgb', contrast=1.0, depth=-3.0, draggable=False, flipHoriz=np.False_, flipVert=np.False_, image='default.png', interpolate=True, mask=None, maskParams=None, name='image_mi', opacity=1.0, ori=0.0, pos=array([0., 0.]), size=array([0.5, 0.5]), texRes=128.0, units='height', win=Window(...))
6.8380 	EXP 	Created text_run_break = TextStim(__class__=<class 'psychopy.visual.text.TextStim'>, alignHoriz=method-wrapper(...), alignText='center', alignVert=method-wrapper(...), anchorHoriz='center', anchorVert='center', antialias=True, autoDraw=False, autoLog=True, bold=False, color=array([1., 1., 1.]), colorSpace='rgb', contrast=1.0, depth=0.0, draggable=False, flipHoriz=False, flipVert=False, font='Arial', fontFiles=[], height=np.float64(0.05), italic=False, languageStyle='LTR', name='text_run_break', opacity=1, ori=0.0, pos=array([0., 0.]), rgb=UNKNOWN, text='Trial finished!', units='height', win=Window(...), wrapWidth=1)
6.8435 	EXP 	Created text_post_run = TextStim(__class__=<class 'psychopy.visual.text.TextStim'>, alignHoriz=method-wrapper(...), alignText='center', alignVert=method-wrapper(...), anchorHoriz='center', anchorVert='center', antialias=True, autoDraw=False, autoLog=True, bold=False, color=array([1., 1., 1.]), colorSpace='rgb', contrast=1.0, depth=0.0, draggable=False, flipHoriz=False, flipVert=False, font='Arial', fontFiles=[], height=np.float64(0.05), italic=False, languageStyle='LTR', name='text_post_run', opacity=1, ori=0.0, pos=array([0., 0.]), rgb=UNKNOWN, text='Run finished. Yupii!!', units='height', win=Window(...), wrapWidth=1)
0.0261 	INFO 	Keyboard events cleared
0.0260 	EXP 	text_pre_block: autoDraw = True
1.0673 	EXP 	Device response: <KeyPress from None: t=1.0591223999508657, value=ralt, duration=None>
1.0678 	DATA 	Keypress: ralt
1.1477 	EXP 	Device response: <KeyPress from None: t=1.0591223999508657, value=ralt, duration=0.08109750004950911>
1.5979 	EXP 	Device response: <KeyPress from None: t=1.5957455999450758, value=return, duration=None>
1.5984 	DATA 	Keypress: return
1.6314 	EXP 	Device response: <KeyPress from None: t=1.5957455999450758, value=return, duration=0.03137880004942417>
1.8229 	EXP 	Device response: <KeyPress from None: t=1.8206036999472417, value=ralt, duration=None>
1.8234 	DATA 	Keypress: ralt
1.9063 	EXP 	Device response: <KeyPress from None: t=1.8206036999472417, value=ralt, duration=0.08191850001458079>
2.0646 	EXP 	Device response: <KeyPress from None: t=2.0604721999843605, value=space, duration=None>
2.0650 	EXP 	New trial (rep=0, index=0): <Trial 0 (0 in rep 0) data={'thisN': 0, 'thisTrialN': 0, 'thisRepN': 0}>
2.0663 	DATA 	Keypress: space
2.0729 	EXP 	text_pre_block: autoDraw = False
2.0729 	EXP 	text_wait_screen: autoDraw = True
2.1572 	EXP 	Device response: <KeyPress from None: t=2.0604721999843605, value=space, duration=0.09532409999519587>
5.0654 	EXP 	Imported classes.csv as conditions, 4 conditions, 2 params
5.0659 	EXP 	New trial (rep=0, index=0): <Trial 0 (0 in rep 0) data={'pic_name': 'pics/left_hand.JPG', 'class_mi': 'left_hand', 'thisN': 0, 'thisTrialN': 0, 'thisRepN': 0}>
5.0771 	EXP 	text_wait_screen: autoDraw = False
5.0771 	EXP 	text_wait_screen: autoDraw = False
5.0771 	EXP 	image_mi: image = 'pics/left_hand.JPG'
5.0771 	EXP 	move_circle: autoDraw = True
5.0771 	EXP 	mi_circle: autoDraw = True
5.0771 	EXP 	image_mi: autoDraw = True
9.6020 	EXP 	Device response: <KeyPress from None: t=9.595378499943763, value=escape, duration=None>
9.6028 	DATA 	Keypress: escape
9.6354 	EXP 	Device response: <KeyPress from None: t=9.595378499943763, value=escape, duration=0.03743570001097396>
9.6355 	EXP 	bci_circle: status = STOPPED
9.6430 	EXP 	move_circle: autoDraw = False
9.6430 	EXP 	mi_circle: autoDraw = False
9.6430 	EXP 	image_mi: autoDraw = False
9.6431 	EXP 	bci_circle: status = STOPPED
9.6508 	INFO 	saved data to 'D:\\STUDIUM\\TU\\Mirage91\\Brain-Computer Interface Conference\\Code\\data\\135840_bci_circle_2026-06-19_09h40.35.406.csv'
9.6522 	INFO 	saved data to D:\STUDIUM\TU\Mirage91\Brain-Computer Interface Conference\Code\data\135840_bci_circle_2026-06-19_09h40.35.406.psydat
9.9022 	WARNING 	Stopping key buffers but this could be dangerous ifother keyboards rely on the same.
