3.4334 	WARNING 	Requested an unavailable screen number - using first available.
3.4350 	WARNING 	User requested fullscreen with size [1920 1080], but screen is actually [1707, 1067]. Using actual size
3.7283 	EXP 	Created window1 = Window(allowGUI=False, allowStencil=False, autoLog=True, backendConf=UNKNOWN, backgroundFit=<method-wrapper '__getattribute__' of attributeSetter object at 0x000001ECAAA00B20>, backgroundImage=<method-wrapper '__getattribute__' of attributeSetter object at 0x000001ECAAA00AC0>, bitsMode=UNKNOWN, blendMode='avg', bpc=(8, 8, 8), color=array([0, 0, 0]), colorSpace='rgb', depthBits=8, fullscr=True, gamma=None, gammaErrorPolicy='raise', infoMsg=UNKNOWN, lms=UNKNOWN, monitor=<psychopy.monitors.calibTools.Monitor object at 0x000001ECAAC49810>, multiSample=False, name='window1', numSamples=2, pos=[np.float64(0.0), np.float64(0.0)], screen=1, size=array([1707, 1067]), stencilBits=0, stereo=False, title='PsychoPy', units='height', useFBO=True, useRetina=False, viewOri=0.0, viewPos=None, viewScale=None, waitBlanking=True, winType='pyglet')
3.7284 	EXP 	window1: backgroundImage = ''
3.7284 	EXP 	window1: backgroundFit = 'none'
4.2164 	EXP 	window1: Attempting to measure frame rate of screen (1) ...
4.2164 	EXP 	window1: recordFrameIntervals = False
4.3147 	EXP 	window1: recordFrameIntervals = True
5.1489 	EXP 	window1: recordFrameIntervals = False
5.1490 	EXP 	Screen (1) actual frame rate measured at 119.37Hz
8.3030 	EXP 	bci_racingteam: status = STARTED
8.4175 	EXP 	Created text_pre_block = TextStim(__class__=<class 'psychopy.visual.text.TextStim'>, alignHoriz=method-wrapper(...), alignText='center', alignVert=method-wrapper(...), anchorHoriz='center', anchorVert='center', antialias=True, autoDraw=False, autoLog=True, bold=False, color=array([1., 1., 1.]), colorSpace='rgb', contrast=1.0, depth=0.0, draggable=False, flipHoriz=False, flipVert=False, font='Open Sans', fontFiles=[], height=np.float64(0.05), italic=False, languageStyle='LTR', name='text_pre_block', opacity=1, ori=0.0, pos=array([0., 0.]), rgb=UNKNOWN, text='Press any key to start ...', units='height', win=Window(...), wrapWidth=1)
8.4195 	EXP 	Created text_2 = TextStim(__class__=<class 'psychopy.visual.text.TextStim'>, alignHoriz=method-wrapper(...), alignText='center', alignVert=method-wrapper(...), anchorHoriz='center', anchorVert='center', antialias=True, autoDraw=False, autoLog=True, bold=False, color=array([1., 1., 1.]), colorSpace='rgb', contrast=1.0, depth=0.0, draggable=False, flipHoriz=False, flipVert=False, font='Arial', fontFiles=[], height=np.float64(0.05), italic=False, languageStyle='LTR', name='text_2', opacity=1, ori=0.0, pos=array([0., 0.]), rgb=UNKNOWN, text='', units='height', win=Window(...), wrapWidth=1)
8.4234 	EXP 	Created hor_line_precue = Line(__class__=<class 'psychopy.visual.line.Line'>, anchor=('center', 'center'), autoDraw=False, autoLog=True, closeShape=False, color=array([1., 1., 1.]), colorSpace='rgb', contrast=None, depth=0.0, draggable=False, fillColor=array([1, 1, 1]), fillColorSpace='rgb', fillRGB=array([1, 1, 1]), interpolate=True, lineColor=array([1., 1., 1.]), lineColorSpace='rgb', lineRGB=array([1, 1, 1]), lineWidth=5.0, name='hor_line_precue', opacity=1, ori=-45.0, pos=array([0., 0.]), size=array([0.35, 0.35]), units='height', vertices=array([[-0.5, -0.5],
       [ 0.5,  0.5]]), win=Window(...), windingRule=None)
8.4253 	EXP 	Created ver_line_precue = Line(__class__=<class 'psychopy.visual.line.Line'>, anchor=('center', 'center'), autoDraw=False, autoLog=True, closeShape=False, color=array([1., 1., 1.]), colorSpace='rgb', contrast=None, depth=-1.0, draggable=False, fillColor=array([1, 1, 1]), fillColorSpace='rgb', fillRGB=array([1, 1, 1]), interpolate=True, lineColor=array([1., 1., 1.]), lineColorSpace='rgb', lineRGB=array([1, 1, 1]), lineWidth=5.0, name='ver_line_precue', opacity=1, ori=45.0, pos=array([0., 0.]), size=array([0.35, 0.35]), units='height', vertices=array([[-0.5, -0.5],
       [ 0.5,  0.5]]), win=Window(...), windingRule=None)
8.4274 	EXP 	Created rot_line_precue = Line(__class__=<class 'psychopy.visual.line.Line'>, anchor=('center', 'center'), autoDraw=False, autoLog=True, closeShape=False, color=array([1., 1., 1.]), colorSpace='rgb', contrast=None, depth=-2.0, draggable=False, fillColor=array([1, 1, 1]), fillColorSpace='rgb', fillRGB=array([1, 1, 1]), interpolate=True, lineColor=array([1., 1., 1.]), lineColorSpace='rgb', lineRGB=array([1, 1, 1]), lineWidth=5.0, name='rot_line_precue', opacity=1, ori=1.0, pos=array([0., 0.]), size=array([0.35, 0.35]), units='height', vertices=array([[-0.5, -0.5],
       [ 0.5,  0.5]]), win=Window(...), windingRule=None)
8.4316 	EXP 	Created point_left = ShapeStim(__class__=<class 'psychopy.visual.shape.ShapeStim'>, anchor=('center', 'center'), autoDraw=False, autoLog=True, closeShape=True, color=method-wrapper(...), colorSpace='rgb', contrast=None, depth=-4.0, draggable=False, fillColor=array([-1.    , -1.    ,  0.0902]), fillColorSpace='rgb', fillRGB=array([-1.    , -1.    ,  0.0902]), interpolate=True, lineColor=array([-1.    , -1.    ,  0.0902]), lineColorSpace='rgb', lineRGB=array([-1.    , -1.    ,  0.0902]), lineWidth=1.0, name='point_left', opacity=1, ori=0.0, pos=array([-0.25,  0.  ]), size=array([0.02, 0.02]), units='height', vertices=ndarray(...), win=Window(...), windingRule=None)
8.4347 	EXP 	Created point_right = ShapeStim(__class__=<class 'psychopy.visual.shape.ShapeStim'>, anchor=('center', 'center'), autoDraw=False, autoLog=True, closeShape=True, color=method-wrapper(...), colorSpace='rgb', contrast=None, depth=-5.0, draggable=False, fillColor=array([-1.    , -1.    ,  0.0902]), fillColorSpace='rgb', fillRGB=array([-1.    , -1.    ,  0.0902]), interpolate=True, lineColor=array([-1.    , -1.    ,  0.0902]), lineColorSpace='rgb', lineRGB=array([-1.    , -1.    ,  0.0902]), lineWidth=1.0, name='point_right', opacity=1, ori=0.0, pos=array([0.25, 0.  ]), size=array([0.02, 0.02]), units='height', vertices=ndarray(...), win=Window(...), windingRule=None)
8.4379 	EXP 	Created dot_precue = ShapeStim(__class__=<class 'psychopy.visual.shape.ShapeStim'>, anchor=('center', 'center'), autoDraw=False, autoLog=True, closeShape=True, color=method-wrapper(...), colorSpace='rgb', contrast=None, depth=-6.0, draggable=False, fillColor=array([1, 1, 1]), fillColorSpace='rgb', fillRGB=array([1, 1, 1]), interpolate=True, lineColor=array([1., 1., 1.]), lineColorSpace='rgb', lineRGB=array([1, 1, 1]), lineWidth=1.0, name='dot_precue', opacity=1, ori=0.0, pos=array([0., 0.]), size=array([0.02, 0.02]), units='height', vertices=ndarray(...), win=Window(...), windingRule=None)
8.4466 	EXP 	Created text = TextStim(__class__=<class 'psychopy.visual.text.TextStim'>, alignHoriz=method-wrapper(...), alignText='center', alignVert=method-wrapper(...), anchorHoriz='center', anchorVert='center', antialias=True, autoDraw=False, autoLog=True, bold=False, color=array([1., 1., 1.]), colorSpace='rgb', contrast=1.0, depth=0.0, draggable=False, flipHoriz=False, flipVert=False, font='Arial', fontFiles=[], height=np.float64(0.05), italic=False, languageStyle='LTR', name='text', opacity=1, ori=0.0, pos=array([0., 0.]), rgb=UNKNOWN, text='Run Finished', units='height', win=Window(...), wrapWidth=1)
8.4549 	EXP 	Created text_post_run = TextStim(__class__=<class 'psychopy.visual.text.TextStim'>, alignHoriz=method-wrapper(...), alignText='center', alignVert=method-wrapper(...), anchorHoriz='center', anchorVert='center', antialias=True, autoDraw=False, autoLog=True, bold=False, color=array([1., 1., 1.]), colorSpace='rgb', contrast=1.0, depth=0.0, draggable=False, flipHoriz=False, flipVert=False, font='Open Sans', fontFiles=[], height=np.float64(0.05), italic=False, languageStyle='LTR', name='text_post_run', opacity=1, ori=0.0, pos=array([0., 0.]), rgb=UNKNOWN, text='Block Finished. Yuhu!', units='height', win=Window(...), wrapWidth=1)
0.0030 	EXP 	rot_line_precue: ori = 0
0.0078 	EXP 	text_pre_block: autoDraw = True
0.3481 	EXP 	Device response: <KeyPress from None: t=0.3370013000021572, value=space, duration=None>
0.3488 	EXP 	New trial (rep=0, index=0): <Trial 0 (0 in rep 0) data={'thisN': 0, 'thisTrialN': 0, 'thisRepN': 0}>
0.3509 	DATA 	Keypress: space
0.3533 	EXP 	text_pre_block: autoDraw = False
0.3533 	EXP 	text_2: autoDraw = True
0.3943 	EXP 	Device response: <KeyPress from None: t=0.3370013000021572, value=space, duration=0.04885199999989709>
3.3506 	EXP 	Imported classes.csv as conditions, 3 conditions, 2 params
3.3510 	EXP 	New trial (rep=0, index=0): <Trial 0 (0 in rep 0) data={'pic_name': 'pics/left_hand.JPG', 'class_mi': 'left_hand', 'thisN': 0, 'thisTrialN': 0, 'thisRepN': 0}>
3.3574 	EXP 	text_2: autoDraw = False
3.3574 	EXP 	text_2: autoDraw = False
3.3574 	EXP 	hor_line_precue: autoDraw = True
3.3574 	EXP 	ver_line_precue: autoDraw = True
3.3574 	EXP 	rot_line_precue: autoDraw = True
3.3574 	EXP 	rot_line_precue: ori = 0.6079566078399812
3.3574 	EXP 	dot_precue: ori = 0.6079566078399812
3.3574 	EXP 	point_left: autoDraw = True
3.3574 	EXP 	point_right: autoDraw = True
3.3574 	EXP 	dot_precue: autoDraw = True
3.3619 	EXP 	rot_line_precue: ori = 0.9135756182865055
3.3619 	EXP 	dot_precue: ori = 0.9135756182865055
3.3690 	EXP 	rot_line_precue: ori = 1.313492968203009
3.3690 	EXP 	dot_precue: ori = 1.313492968203009
3.3771 	EXP 	rot_line_precue: ori = 1.665224141449293
3.3771 	EXP 	dot_precue: ori = 1.665224141449293
3.3853 	EXP 	rot_line_precue: ori = 2.2805420199834527
3.3853 	EXP 	dot_precue: ori = 2.2805420199834527
3.3935 	EXP 	rot_line_precue: ori = 2.6971154492768
3.3935 	EXP 	dot_precue: ori = 2.6971154492768
3.4016 	EXP 	rot_line_precue: ori = 3.0044416956084823
3.4016 	EXP 	dot_precue: ori = 3.0044416956084823
3.4101 	EXP 	rot_line_precue: ori = 3.312689767066531
3.4101 	EXP 	dot_precue: ori = 3.312689767066531
3.4186 	EXP 	rot_line_precue: ori = 3.651809265532209
3.4186 	EXP 	dot_precue: ori = 3.651809265532209
3.4267 	EXP 	rot_line_precue: ori = 3.976402883078476
3.4267 	EXP 	dot_precue: ori = 3.976402883078476
3.4348 	EXP 	rot_line_precue: ori = 4.565692129054182
3.4348 	EXP 	dot_precue: ori = 4.565692129054182
3.4432 	EXP 	rot_line_precue: ori = 5.29337454013099
3.4432 	EXP 	dot_precue: ori = 5.29337454013099
3.4516 	EXP 	rot_line_precue: ori = 5.882212251365194
3.4516 	EXP 	dot_precue: ori = 5.882212251365194
3.4598 	EXP 	rot_line_precue: ori = 6.251384174862992
3.4598 	EXP 	dot_precue: ori = 6.251384174862992
3.4683 	EXP 	rot_line_precue: ori = 6.609063085641908
3.4683 	EXP 	dot_precue: ori = 6.609063085641908
3.4766 	EXP 	rot_line_precue: ori = 6.921444472885707
3.4766 	EXP 	dot_precue: ori = 6.921444472885707
3.4852 	EXP 	rot_line_precue: ori = 7.650346822661684
3.4852 	EXP 	dot_precue: ori = 7.650346822661684
3.4935 	EXP 	rot_line_precue: ori = 8.361878067111476
3.4935 	EXP 	dot_precue: ori = 8.361878067111476
3.5018 	EXP 	rot_line_precue: ori = 8.811130205802709
3.5018 	EXP 	dot_precue: ori = 8.811130205802709
3.5103 	EXP 	rot_line_precue: ori = 9.138074636593574
3.5103 	EXP 	dot_precue: ori = 9.138074636593574
3.5185 	EXP 	rot_line_precue: ori = 9.46974421834412
3.5185 	EXP 	dot_precue: ori = 9.46974421834412
3.5267 	EXP 	rot_line_precue: ori = 9.85229969667632
3.5267 	EXP 	dot_precue: ori = 9.85229969667632
3.5353 	EXP 	rot_line_precue: ori = 10.289676779430803
3.5353 	EXP 	dot_precue: ori = 10.289676779430803
3.5438 	EXP 	rot_line_precue: ori = 10.704376996346653
3.5438 	EXP 	dot_precue: ori = 10.704376996346653
3.5518 	EXP 	rot_line_precue: ori = 11.245131734217674
3.5518 	EXP 	dot_precue: ori = 11.245131734217674
3.5604 	EXP 	rot_line_precue: ori = 11.547173054184693
3.5604 	EXP 	dot_precue: ori = 11.547173054184693
3.5684 	EXP 	rot_line_precue: ori = 12.216867845407757
3.5684 	EXP 	dot_precue: ori = 12.216867845407757
3.5769 	EXP 	rot_line_precue: ori = 12.604648113418316
3.5769 	EXP 	dot_precue: ori = 12.604648113418316
3.5849 	EXP 	rot_line_precue: ori = 12.914755276234278
3.5849 	EXP 	dot_precue: ori = 12.914755276234278
3.5934 	EXP 	rot_line_precue: ori = 13.25148490387952
3.5934 	EXP 	dot_precue: ori = 13.25148490387952
3.6016 	EXP 	rot_line_precue: ori = 13.550566571726824
3.6016 	EXP 	dot_precue: ori = 13.550566571726824
3.6099 	EXP 	rot_line_precue: ori = 14.203539968380886
3.6099 	EXP 	dot_precue: ori = 14.203539968380886
3.6181 	EXP 	rot_line_precue: ori = 14.501331563311863
3.6181 	EXP 	dot_precue: ori = 14.501331563311863
3.6267 	EXP 	rot_line_precue: ori = 14.799565406809988
3.6267 	EXP 	dot_precue: ori = 14.799565406809988
3.6349 	EXP 	rot_line_precue: ori = 15.243560876442027
3.6349 	EXP 	dot_precue: ori = 15.243560876442027
3.6435 	EXP 	rot_line_precue: ori = 15.694468477040948
3.6435 	EXP 	dot_precue: ori = 15.694468477040948
3.6517 	EXP 	rot_line_precue: ori = 16.040368637794796
3.6517 	EXP 	dot_precue: ori = 16.040368637794796
3.6601 	EXP 	rot_line_precue: ori = 16.34102023729754
3.6601 	EXP 	dot_precue: ori = 16.34102023729754
3.6687 	EXP 	rot_line_precue: ori = 16.9302696462474
3.6687 	EXP 	dot_precue: ori = 16.9302696462474
3.6770 	EXP 	rot_line_precue: ori = 17.23387464855905
3.6770 	EXP 	dot_precue: ori = 17.23387464855905
3.6852 	EXP 	rot_line_precue: ori = 17.54393612119695
3.6852 	EXP 	dot_precue: ori = 17.54393612119695
3.6932 	EXP 	rot_line_precue: ori = 17.908851386483153
3.6932 	EXP 	dot_precue: ori = 17.908851386483153
3.7021 	EXP 	rot_line_precue: ori = 18.658136708827186
3.7021 	EXP 	dot_precue: ori = 18.658136708827186
3.7106 	EXP 	rot_line_precue: ori = 19.012286867443233
3.7106 	EXP 	dot_precue: ori = 19.012286867443233
3.7187 	EXP 	rot_line_precue: ori = 19.574884452588332
3.7187 	EXP 	dot_precue: ori = 19.574884452588332
3.7269 	EXP 	rot_line_precue: ori = 19.892894349573883
3.7269 	EXP 	dot_precue: ori = 19.892894349573883
3.7352 	EXP 	rot_line_precue: ori = 20.277684508801183
3.7352 	EXP 	dot_precue: ori = 20.277684508801183
3.7432 	EXP 	rot_line_precue: ori = 20.603006672155473
3.7432 	EXP 	dot_precue: ori = 20.603006672155473
3.7518 	EXP 	rot_line_precue: ori = 20.928184520659006
3.7518 	EXP 	dot_precue: ori = 20.928184520659006
3.7606 	EXP 	rot_line_precue: ori = 21.227904864645
3.7606 	EXP 	dot_precue: ori = 21.227904864645
3.7683 	EXP 	rot_line_precue: ori = 21.5622900499837
3.7683 	EXP 	dot_precue: ori = 21.5622900499837
3.7765 	EXP 	rot_line_precue: ori = 22.016209626579574
3.7765 	EXP 	dot_precue: ori = 22.016209626579574
3.7849 	EXP 	rot_line_precue: ori = 22.480183725593285
3.7849 	EXP 	dot_precue: ori = 22.480183725593285
3.7932 	EXP 	rot_line_precue: ori = 23.01943687399346
3.7932 	EXP 	dot_precue: ori = 23.01943687399346
3.8015 	EXP 	rot_line_precue: ori = 23.735713658512598
3.8015 	EXP 	dot_precue: ori = 23.735713658512598
3.8099 	EXP 	rot_line_precue: ori = 24.23121950473121
3.8099 	EXP 	dot_precue: ori = 24.23121950473121
3.8182 	EXP 	rot_line_precue: ori = 24.816576864237554
3.8182 	EXP 	dot_precue: ori = 24.816576864237554
3.8269 	EXP 	rot_line_precue: ori = 25.14303703012145
3.8269 	EXP 	dot_precue: ori = 25.14303703012145
3.8352 	EXP 	rot_line_precue: ori = 25.703311548325086
3.8352 	EXP 	dot_precue: ori = 25.703311548325086
3.8435 	EXP 	rot_line_precue: ori = 26.00835447599883
3.8435 	EXP 	dot_precue: ori = 26.00835447599883
3.8521 	EXP 	rot_line_precue: ori = 26.33815145600469
3.8521 	EXP 	dot_precue: ori = 26.33815145600469
3.8600 	EXP 	rot_line_precue: ori = 26.643437158439408
3.8600 	EXP 	dot_precue: ori = 26.643437158439408
3.8683 	EXP 	rot_line_precue: ori = 26.940387407562284
3.8683 	EXP 	dot_precue: ori = 26.940387407562284
3.8772 	EXP 	rot_line_precue: ori = 27.285248054384905
3.8772 	EXP 	dot_precue: ori = 27.285248054384905
3.8854 	EXP 	rot_line_precue: ori = 27.610654251205638
3.8854 	EXP 	dot_precue: ori = 27.610654251205638
3.8935 	EXP 	rot_line_precue: ori = 27.971835742905338
3.8935 	EXP 	dot_precue: ori = 27.971835742905338
3.9021 	EXP 	rot_line_precue: ori = 28.29444866965577
3.9021 	EXP 	dot_precue: ori = 28.29444866965577
3.9100 	EXP 	rot_line_precue: ori = 28.72849070938533
3.9100 	EXP 	dot_precue: ori = 28.72849070938533
3.9184 	EXP 	rot_line_precue: ori = 29.077766534493286
3.9184 	EXP 	dot_precue: ori = 29.077766534493286
3.9266 	EXP 	rot_line_precue: ori = 29.510442616789295
3.9266 	EXP 	dot_precue: ori = 29.510442616789295
3.9351 	EXP 	rot_line_precue: ori = 29.829672048748073
3.9351 	EXP 	dot_precue: ori = 29.829672048748073
3.9434 	EXP 	rot_line_precue: ori = 30.287063229006463
3.9434 	EXP 	dot_precue: ori = 30.287063229006463
3.9515 	EXP 	rot_line_precue: ori = 30.67301088625515
3.9515 	EXP 	dot_precue: ori = 30.67301088625515
3.9597 	EXP 	rot_line_precue: ori = 30.990882038235757
3.9597 	EXP 	dot_precue: ori = 30.990882038235757
3.9684 	EXP 	rot_line_precue: ori = 31.486649537065716
3.9684 	EXP 	dot_precue: ori = 31.486649537065716
3.9766 	EXP 	rot_line_precue: ori = 31.78853971302714
3.9766 	EXP 	dot_precue: ori = 31.78853971302714
3.9848 	EXP 	rot_line_precue: ori = 32.1924838378243
3.9848 	EXP 	dot_precue: ori = 32.1924838378243
3.9933 	EXP 	rot_line_precue: ori = 32.590036782177755
3.9933 	EXP 	dot_precue: ori = 32.590036782177755
4.0018 	EXP 	rot_line_precue: ori = 32.901505673705486
4.0018 	EXP 	dot_precue: ori = 32.901505673705486
4.0105 	EXP 	rot_line_precue: ori = 33.215763423905855
4.0105 	EXP 	dot_precue: ori = 33.215763423905855
4.0192 	EXP 	rot_line_precue: ori = 33.540879790711145
4.0192 	EXP 	dot_precue: ori = 33.540879790711145
4.0268 	EXP 	rot_line_precue: ori = 34.256769706892115
4.0268 	EXP 	dot_precue: ori = 34.256769706892115
4.0353 	EXP 	rot_line_precue: ori = 34.61051589592555
4.0353 	EXP 	dot_precue: ori = 34.61051589592555
4.0437 	EXP 	rot_line_precue: ori = 35.09939680943582
4.0437 	EXP 	dot_precue: ori = 35.09939680943582
4.0523 	EXP 	rot_line_precue: ori = 35.502861965632874
4.0523 	EXP 	dot_precue: ori = 35.502861965632874
4.0606 	EXP 	rot_line_precue: ori = 35.90803544947956
4.0606 	EXP 	dot_precue: ori = 35.90803544947956
4.0688 	EXP 	rot_line_precue: ori = 36.20552282971164
4.0688 	EXP 	dot_precue: ori = 36.20552282971164
4.0771 	EXP 	rot_line_precue: ori = 36.60605592297028
4.0771 	EXP 	dot_precue: ori = 36.60605592297028
4.0854 	EXP 	rot_line_precue: ori = 36.91861079193507
4.0854 	EXP 	dot_precue: ori = 36.91861079193507
4.0936 	EXP 	rot_line_precue: ori = 37.22040647909901
4.0936 	EXP 	dot_precue: ori = 37.22040647909901
4.1019 	EXP 	rot_line_precue: ori = 37.68042475416412
4.1019 	EXP 	dot_precue: ori = 37.68042475416412
4.1100 	EXP 	rot_line_precue: ori = 38.32819663448897
4.1100 	EXP 	dot_precue: ori = 38.32819663448897
4.1185 	EXP 	rot_line_precue: ori = 38.705973436210506
4.1185 	EXP 	dot_precue: ori = 38.705973436210506
4.1267 	EXP 	rot_line_precue: ori = 39.00395484336765
4.1267 	EXP 	dot_precue: ori = 39.00395484336765
4.1350 	EXP 	rot_line_precue: ori = 39.35249890240053
4.1350 	EXP 	dot_precue: ori = 39.35249890240053
4.1430 	EXP 	rot_line_precue: ori = 39.79982259694954
4.1430 	EXP 	dot_precue: ori = 39.79982259694954
4.1518 	EXP 	rot_line_precue: ori = 40.12835142342251
4.1518 	EXP 	dot_precue: ori = 40.12835142342251
4.1599 	EXP 	rot_line_precue: ori = 40.653541611036744
4.1599 	EXP 	dot_precue: ori = 40.653541611036744
4.1681 	EXP 	rot_line_precue: ori = 41.07948053759869
4.1681 	EXP 	dot_precue: ori = 41.07948053759869
4.1764 	EXP 	rot_line_precue: ori = 41.50112143276069
4.1764 	EXP 	dot_precue: ori = 41.50112143276069
4.1850 	EXP 	rot_line_precue: ori = 41.8013579983909
4.1850 	EXP 	dot_precue: ori = 41.8013579983909
4.1935 	EXP 	rot_line_precue: ori = 42.15019090330034
4.1935 	EXP 	dot_precue: ori = 42.15019090330034
4.2019 	EXP 	rot_line_precue: ori = 42.952710788278594
4.2019 	EXP 	dot_precue: ori = 42.952710788278594
4.2101 	EXP 	rot_line_precue: ori = 43.31974523017431
4.2101 	EXP 	dot_precue: ori = 43.31974523017431
4.2182 	EXP 	rot_line_precue: ori = 43.6566106066509
4.2182 	EXP 	dot_precue: ori = 43.6566106066509
4.2269 	EXP 	rot_line_precue: ori = 43.961637905846004
4.2269 	EXP 	dot_precue: ori = 43.961637905846004
4.2352 	EXP 	rot_line_precue: ori = 44.25988343390198
4.2352 	EXP 	dot_precue: ori = 44.25988343390198
4.2437 	EXP 	rot_line_precue: ori = 44.6229061016499
4.2437 	EXP 	dot_precue: ori = 44.6229061016499
4.2520 	EXP 	rot_line_precue: ori = 44.98390289223352
4.2520 	EXP 	dot_precue: ori = 44.98390289223352
4.2602 	EXP 	rot_line_precue: ori = 45.30077998752739
4.2602 	EXP 	dot_precue: ori = 45.30077998752739
4.2682 	EXP 	rot_line_precue: ori = 45.79480134668842
4.2682 	EXP 	dot_precue: ori = 45.79480134668842
4.2768 	EXP 	rot_line_precue: ori = 46.091597381608224
4.2768 	EXP 	dot_precue: ori = 46.091597381608224
4.2850 	EXP 	rot_line_precue: ori = 46.67363042697296
4.2850 	EXP 	dot_precue: ori = 46.67363042697296
4.2933 	EXP 	rot_line_precue: ori = 47.175027016316626
4.2933 	EXP 	dot_precue: ori = 47.175027016316626
4.3018 	EXP 	rot_line_precue: ori = 47.77937064315899
4.3018 	EXP 	dot_precue: ori = 47.77937064315899
4.3100 	EXP 	rot_line_precue: ori = 48.38756980506149
4.3100 	EXP 	dot_precue: ori = 48.38756980506149
4.3182 	EXP 	rot_line_precue: ori = 48.739648454394775
4.3182 	EXP 	dot_precue: ori = 48.739648454394775
4.3266 	EXP 	rot_line_precue: ori = 49.28441676030776
4.3266 	EXP 	dot_precue: ori = 49.28441676030776
4.3350 	EXP 	rot_line_precue: ori = 49.64588103029363
4.3350 	EXP 	dot_precue: ori = 49.64588103029363
4.3432 	EXP 	rot_line_precue: ori = 49.958677932998846
4.3432 	EXP 	dot_precue: ori = 49.958677932998846
4.3516 	EXP 	rot_line_precue: ori = 50.76154010175037
4.3516 	EXP 	dot_precue: ori = 50.76154010175037
4.3601 	EXP 	rot_line_precue: ori = 51.104837454625795
4.3601 	EXP 	dot_precue: ori = 51.104837454625795
4.3684 	EXP 	rot_line_precue: ori = 51.408309310135245
4.3684 	EXP 	dot_precue: ori = 51.408309310135245
4.3770 	EXP 	rot_line_precue: ori = 51.83985757230344
4.3770 	EXP 	dot_precue: ori = 51.83985757230344
4.3852 	EXP 	rot_line_precue: ori = 52.16735578760657
4.3852 	EXP 	dot_precue: ori = 52.16735578760657
4.3934 	EXP 	rot_line_precue: ori = 52.55973261216577
4.3934 	EXP 	dot_precue: ori = 52.55973261216577
4.4021 	EXP 	rot_line_precue: ori = 52.90978692162349
4.4021 	EXP 	dot_precue: ori = 52.90978692162349
4.4105 	EXP 	rot_line_precue: ori = 53.30395419673453
4.4105 	EXP 	dot_precue: ori = 53.30395419673453
4.4183 	EXP 	rot_line_precue: ori = 53.632170792795165
4.4183 	EXP 	dot_precue: ori = 53.632170792795165
4.4271 	EXP 	rot_line_precue: ori = 54.10392795794488
4.4271 	EXP 	dot_precue: ori = 54.10392795794488
4.4353 	EXP 	rot_line_precue: ori = 54.42139199615825
4.4353 	EXP 	dot_precue: ori = 54.42139199615825
4.4433 	EXP 	rot_line_precue: ori = 54.81747291645507
4.4433 	EXP 	dot_precue: ori = 54.81747291645507
4.4516 	EXP 	rot_line_precue: ori = 55.11469002436013
4.4516 	EXP 	dot_precue: ori = 55.11469002436013
4.4601 	EXP 	rot_line_precue: ori = 55.47691272963101
4.4601 	EXP 	dot_precue: ori = 55.47691272963101
4.4683 	EXP 	rot_line_precue: ori = 55.782690177163985
4.4683 	EXP 	dot_precue: ori = 55.782690177163985
4.4768 	EXP 	rot_line_precue: ori = 56.099669105910095
4.4768 	EXP 	dot_precue: ori = 56.099669105910095
4.4848 	EXP 	rot_line_precue: ori = 56.402523394812
4.4848 	EXP 	dot_precue: ori = 56.402523394812
4.4933 	EXP 	rot_line_precue: ori = 56.76585890351458
4.4933 	EXP 	dot_precue: ori = 56.76585890351458
4.5016 	EXP 	rot_line_precue: ori = 57.44694296943292
4.5016 	EXP 	dot_precue: ori = 57.44694296943292
4.5098 	EXP 	rot_line_precue: ori = 58.030103032161435
4.5098 	EXP 	dot_precue: ori = 58.030103032161435
4.5183 	EXP 	rot_line_precue: ori = 58.382072206232316
4.5183 	EXP 	dot_precue: ori = 58.382072206232316
4.5266 	EXP 	rot_line_precue: ori = 58.79703612906162
4.5266 	EXP 	dot_precue: ori = 58.79703612906162
4.5353 	EXP 	rot_line_precue: ori = 59.20931004491171
4.5353 	EXP 	dot_precue: ori = 59.20931004491171
4.5436 	EXP 	rot_line_precue: ori = 59.9275257286043
4.5436 	EXP 	dot_precue: ori = 59.9275257286043
4.5518 	EXP 	rot_line_precue: ori = 60.256084982896446
4.5518 	EXP 	dot_precue: ori = 60.256084982896446
4.5604 	EXP 	rot_line_precue: ori = 60.68099647714713
4.5604 	EXP 	dot_precue: ori = 60.68099647714713
4.5683 	EXP 	rot_line_precue: ori = 61.18992828947679
4.5683 	EXP 	dot_precue: ori = 61.18992828947679
4.5768 	EXP 	rot_line_precue: ori = 61.530454666588234
4.5768 	EXP 	dot_precue: ori = 61.530454666588234
4.5854 	EXP 	rot_line_precue: ori = 61.98510650538332
4.5854 	EXP 	dot_precue: ori = 61.98510650538332
4.5937 	EXP 	rot_line_precue: ori = 62.34860250636506
4.5937 	EXP 	dot_precue: ori = 62.34860250636506
4.6020 	EXP 	rot_line_precue: ori = 62.732574232679596
4.6020 	EXP 	dot_precue: ori = 62.732574232679596
4.6100 	EXP 	rot_line_precue: ori = 63.03321844238173
4.6100 	EXP 	dot_precue: ori = 63.03321844238173
4.6185 	EXP 	rot_line_precue: ori = 63.340037810945276
4.6185 	EXP 	dot_precue: ori = 63.340037810945276
4.6267 	EXP 	rot_line_precue: ori = 63.81920557688192
4.6267 	EXP 	dot_precue: ori = 63.81920557688192
4.6355 	EXP 	rot_line_precue: ori = 64.13050230284547
4.6355 	EXP 	dot_precue: ori = 64.13050230284547
4.6434 	EXP 	rot_line_precue: ori = 64.47134127141797
4.6434 	EXP 	dot_precue: ori = 64.47134127141797
4.6517 	EXP 	rot_line_precue: ori = 64.95081857916922
4.6517 	EXP 	dot_precue: ori = 64.95081857916922
4.6600 	EXP 	rot_line_precue: ori = 65.32926957444832
4.6600 	EXP 	dot_precue: ori = 65.32926957444832
4.6681 	EXP 	rot_line_precue: ori = 65.67685930464141
4.6681 	EXP 	dot_precue: ori = 65.67685930464141
4.6767 	EXP 	rot_line_precue: ori = 66.28182979204827
4.6767 	EXP 	dot_precue: ori = 66.28182979204827
4.6851 	EXP 	rot_line_precue: ori = 66.6955891534675
4.6851 	EXP 	dot_precue: ori = 66.6955891534675
4.6931 	EXP 	rot_line_precue: ori = 67.30717397079069
4.6931 	EXP 	dot_precue: ori = 67.30717397079069
4.7017 	EXP 	rot_line_precue: ori = 67.6706746696587
4.7017 	EXP 	dot_precue: ori = 67.6706746696587
4.7102 	EXP 	rot_line_precue: ori = 67.99119417111532
4.7102 	EXP 	dot_precue: ori = 67.99119417111532
4.7188 	EXP 	rot_line_precue: ori = 68.31464098205979
4.7188 	EXP 	dot_precue: ori = 68.31464098205979
4.7269 	EXP 	rot_line_precue: ori = 68.63234718123893
4.7269 	EXP 	dot_precue: ori = 68.63234718123893
4.7353 	EXP 	rot_line_precue: ori = 68.94506970603679
4.7353 	EXP 	dot_precue: ori = 68.94506970603679
4.7436 	EXP 	rot_line_precue: ori = 69.36726486210893
4.7436 	EXP 	dot_precue: ori = 69.36726486210893
4.7522 	EXP 	rot_line_precue: ori = 69.68029041595341
4.7522 	EXP 	dot_precue: ori = 69.68029041595341
4.7602 	EXP 	rot_line_precue: ori = 70.11902724242125
4.7602 	EXP 	dot_precue: ori = 70.11902724242125
4.7687 	EXP 	rot_line_precue: ori = 70.4372777190069
4.7687 	EXP 	dot_precue: ori = 70.4372777190069
4.7772 	EXP 	rot_line_precue: ori = 70.78743514996722
4.7772 	EXP 	dot_precue: ori = 70.78743514996722
4.7852 	EXP 	rot_line_precue: ori = 71.19931728802457
4.7852 	EXP 	dot_precue: ori = 71.19931728802457
4.7937 	EXP 	rot_line_precue: ori = 71.49959988275396
4.7937 	EXP 	dot_precue: ori = 71.49959988275396
4.8020 	EXP 	rot_line_precue: ori = 71.89461404959779
4.8020 	EXP 	dot_precue: ori = 71.89461404959779
4.8101 	EXP 	rot_line_precue: ori = 72.34778057096877
4.8101 	EXP 	dot_precue: ori = 72.34778057096877
4.8183 	EXP 	rot_line_precue: ori = 72.74417861879736
4.8183 	EXP 	dot_precue: ori = 72.74417861879736
4.8266 	EXP 	rot_line_precue: ori = 73.10354314521976
4.8266 	EXP 	dot_precue: ori = 73.10354314521976
4.8349 	EXP 	rot_line_precue: ori = 73.40155852055625
4.8349 	EXP 	dot_precue: ori = 73.40155852055625
4.8432 	EXP 	rot_line_precue: ori = 73.97446075000074
4.8432 	EXP 	dot_precue: ori = 73.97446075000074
4.8515 	EXP 	rot_line_precue: ori = 74.49573201008077
4.8515 	EXP 	dot_precue: ori = 74.49573201008077
4.8600 	EXP 	rot_line_precue: ori = 74.8839619187147
4.8600 	EXP 	dot_precue: ori = 74.8839619187147
4.8683 	EXP 	rot_line_precue: ori = 75.35080844188968
4.8683 	EXP 	dot_precue: ori = 75.35080844188968
4.8766 	EXP 	rot_line_precue: ori = 75.85070041269654
4.8766 	EXP 	dot_precue: ori = 75.85070041269654
4.8850 	EXP 	rot_line_precue: ori = 76.59505311823823
4.8850 	EXP 	dot_precue: ori = 76.59505311823823
4.8935 	EXP 	rot_line_precue: ori = 76.9394898371138
4.8935 	EXP 	dot_precue: ori = 76.9394898371138
4.9022 	EXP 	rot_line_precue: ori = 77.51766366393123
4.9022 	EXP 	dot_precue: ori = 77.51766366393123
4.9103 	EXP 	rot_line_precue: ori = 77.81320744125556
4.9103 	EXP 	dot_precue: ori = 77.81320744125556
4.9184 	EXP 	rot_line_precue: ori = 78.1605327477538
4.9184 	EXP 	dot_precue: ori = 78.1605327477538
4.9266 	EXP 	rot_line_precue: ori = 78.484913633777
4.9266 	EXP 	dot_precue: ori = 78.484913633777
4.9354 	EXP 	rot_line_precue: ori = 78.90442861999756
4.9354 	EXP 	dot_precue: ori = 78.90442861999756
4.9435 	EXP 	rot_line_precue: ori = 79.29472313846455
4.9435 	EXP 	dot_precue: ori = 79.29472313846455
4.9522 	EXP 	rot_line_precue: ori = 79.75301221856073
4.9522 	EXP 	dot_precue: ori = 79.75301221856073
4.9603 	EXP 	rot_line_precue: ori = 80.11344417713741
4.9603 	EXP 	dot_precue: ori = 80.11344417713741
4.9685 	EXP 	rot_line_precue: ori = 80.58226409108507
4.9685 	EXP 	dot_precue: ori = 80.58226409108507
4.9767 	EXP 	rot_line_precue: ori = 81.13003179747315
4.9767 	EXP 	dot_precue: ori = 81.13003179747315
4.9851 	EXP 	rot_line_precue: ori = 81.55864774410244
4.9851 	EXP 	dot_precue: ori = 81.55864774410244
4.9934 	EXP 	rot_line_precue: ori = 81.86962814373955
4.9934 	EXP 	dot_precue: ori = 81.86962814373955
5.0018 	EXP 	rot_line_precue: ori = 82.60702933530666
5.0018 	EXP 	dot_precue: ori = 82.60702933530666
5.0098 	EXP 	rot_line_precue: ori = 82.93870944983163
5.0098 	EXP 	dot_precue: ori = 82.93870944983163
5.0183 	EXP 	rot_line_precue: ori = 83.33740677813854
5.0183 	EXP 	dot_precue: ori = 83.33740677813854
5.0266 	EXP 	rot_line_precue: ori = 83.67275169790227
5.0266 	EXP 	dot_precue: ori = 83.67275169790227
5.0349 	EXP 	rot_line_precue: ori = 84.03860412968658
5.0349 	EXP 	dot_precue: ori = 84.03860412968658
5.0434 	EXP 	rot_line_precue: ori = 84.34926460092728
5.0434 	EXP 	dot_precue: ori = 84.34926460092728
5.0441 	EXP 	Device response: <KeyPress from None: t=5.0365844999978435, value=escape, duration=None>
5.0452 	DATA 	Keypress: escape
5.0518 	EXP 	rot_line_precue: ori = 84.85287865955726
5.0518 	EXP 	dot_precue: ori = 84.85287865955726
5.0599 	EXP 	rot_line_precue: ori = 85.15029906085023
5.0599 	EXP 	dot_precue: ori = 85.15029906085023
5.0686 	EXP 	rot_line_precue: ori = 85.46919181062862
5.0686 	EXP 	dot_precue: ori = 85.46919181062862
5.0769 	EXP 	rot_line_precue: ori = 86.00665737478352
5.0769 	EXP 	dot_precue: ori = 86.00665737478352
5.0854 	EXP 	rot_line_precue: ori = 86.6390497968462
5.0854 	EXP 	dot_precue: ori = 86.6390497968462
5.0934 	EXP 	rot_line_precue: ori = 86.98679203417069
5.0934 	EXP 	dot_precue: ori = 86.98679203417069
5.1018 	EXP 	rot_line_precue: ori = 87.37686846994337
5.1018 	EXP 	dot_precue: ori = 87.37686846994337
5.1027 	EXP 	Device response: <KeyPress from None: t=5.0365844999978435, value=escape, duration=0.06134870000096271>
5.1027 	EXP 	bci_racingteam: status = STOPPED
5.1106 	EXP 	rot_line_precue: ori = 87.73281196711095
5.1106 	EXP 	dot_precue: ori = 87.73281196711095
5.1106 	EXP 	hor_line_precue: autoDraw = False
5.1106 	EXP 	ver_line_precue: autoDraw = False
5.1106 	EXP 	rot_line_precue: autoDraw = False
5.1106 	EXP 	point_left: autoDraw = False
5.1106 	EXP 	point_right: autoDraw = False
5.1106 	EXP 	dot_precue: autoDraw = False
5.1107 	EXP 	bci_racingteam: status = STOPPED
