2.8796 	INFO 	Loaded monitor calibration from ['2025_05_09 18:17']
2.8889 	WARNING 	User requested fullscreen with size [1024  768], but screen is actually [2560, 1600]. Using actual size
3.0004 	INFO 	Using renderer 'AMD Radeon(TM) Graphics' for graphics
3.0004 	INFO 	OpenGL version supported by driver is 4..
3.0909 	EXP 	Created window1 = Window(allowGUI=False, allowStencil=False, autoLog=True, backendConf=UNKNOWN, backgroundFit=<method-wrapper '__getattribute__' of attributeSetter object at 0x000001AE2C1F6C20>, backgroundImage=<method-wrapper '__getattribute__' of attributeSetter object at 0x000001AE2C1F6BC0>, bitsMode=UNKNOWN, blendMode='avg', bpc=(8, 8, 8), color=array([0, 0, 0]), colorSpace='rgb', depthBits=8, fullscr=True, gamma=None, gammaErrorPolicy='raise', infoMsg=UNKNOWN, lms=UNKNOWN, monitor=<psychopy.monitors.calibTools.Monitor object at 0x000001AE2C2EBBE0>, multiSample=False, name='window1', numSamples=2, pos=[np.float64(0.0), np.float64(0.0)], screen=0, size=array([2560, 1600]), stencilBits=0, stereo=False, title='PsychoPy', units='height', useFBO=True, useRetina=False, viewOri=0.0, viewPos=None, viewScale=None, waitBlanking=True, winType='pyglet')
3.0910 	EXP 	window1: backgroundImage = ''
3.0910 	EXP 	window1: backgroundFit = 'none'
3.4687 	EXP 	window1: Attempting to measure frame rate of screen (0) ...
3.4687 	EXP 	window1: recordFrameIntervals = False
3.6001 	EXP 	window1: recordFrameIntervals = True
3.6682 	DATA 	Keypress: space
4.4337 	EXP 	window1: recordFrameIntervals = False
4.4337 	EXP 	Screen (0) actual frame rate measured at 119.70Hz
4.6018 	INFO 	keyboard.Keyboard is using ptb backend.
4.6019 	EXP 	bci_circle: status = STARTED
4.6393 	EXP 	Created text_pre_block = TextStim(__class__=<class 'psychopy.visual.text.TextStim'>, alignHoriz=method-wrapper(...), alignText='center', alignVert=method-wrapper(...), anchorHoriz='center', anchorVert='center', antialias=True, autoDraw=False, autoLog=True, bold=False, color=array([1., 1., 1.]), colorSpace='rgb', contrast=1.0, depth=0.0, draggable=False, flipHoriz=False, flipVert=False, font='Arial', fontFiles=[], height=np.float64(0.05), italic=False, languageStyle='LTR', name='text_pre_block', opacity=1, ori=0.0, pos=array([0., 0.]), rgb=UNKNOWN, text='Press any key to start ...', units='height', win=Window(...), wrapWidth=1)
4.6402 	EXP 	Created text_wait_screen = TextStim(__class__=<class 'psychopy.visual.text.TextStim'>, alignHoriz=method-wrapper(...), alignText='center', alignVert=method-wrapper(...), anchorHoriz='center', anchorVert='center', antialias=True, autoDraw=False, autoLog=True, bold=False, color=array([1., 1., 1.]), colorSpace='rgb', contrast=1.0, depth=0.0, draggable=False, flipHoriz=False, flipVert=False, font='Arial', fontFiles=[], height=np.float64(0.05), italic=False, languageStyle='LTR', name='text_wait_screen', opacity=1, ori=0.0, pos=array([0., 0.]), rgb=UNKNOWN, text='', units='height', win=Window(...), wrapWidth=1)
4.6434 	EXP 	Created move_circle = ShapeStim(__class__=<class 'psychopy.visual.shape.ShapeStim'>, anchor=('center', 'center'), autoDraw=False, autoLog=True, closeShape=True, color=method-wrapper(...), colorSpace='rgb', contrast=None, depth=0.0, draggable=False, fillColor=array([1, 1, 1]), fillColorSpace='rgb', fillRGB=array([1, 1, 1]), interpolate=True, lineColor=array([1., 1., 1.]), lineColorSpace='rgb', lineRGB=array([1, 1, 1]), lineWidth=1.0, name='move_circle', opacity=1, ori=0.0, pos=array([0., 0.]), size=array([1., 1.]), units='height', vertices=ndarray(...), win=Window(...), windingRule=None)
4.6458 	EXP 	Created mi_circle = ShapeStim(__class__=<class 'psychopy.visual.shape.ShapeStim'>, anchor=('center', 'center'), autoDraw=False, autoLog=True, closeShape=True, color=method-wrapper(...), colorSpace='rgb', contrast=None, depth=-1.0, draggable=False, fillColor=array([0., 0., 0.]), fillColorSpace='rgb', fillRGB=array([0., 0., 0.]), interpolate=True, lineColor=array([ 0.7647, -1.    , -1.    ]), lineColorSpace='rgb', lineRGB=array([ 0.7647, -1.    , -1.    ]), lineWidth=8.0, name='mi_circle', opacity=1, ori=0.0, pos=array([0., 0.]), size=array([0.2, 0.2]), units='height', vertices=ndarray(...), win=Window(...), windingRule=None)
4.6505 	EXP 	Created text_run_break = TextStim(__class__=<class 'psychopy.visual.text.TextStim'>, alignHoriz=method-wrapper(...), alignText='center', alignVert=method-wrapper(...), anchorHoriz='center', anchorVert='center', antialias=True, autoDraw=False, autoLog=True, bold=False, color=array([1., 1., 1.]), colorSpace='rgb', contrast=1.0, depth=0.0, draggable=False, flipHoriz=False, flipVert=False, font='Arial', fontFiles=[], height=np.float64(0.05), italic=False, languageStyle='LTR', name='text_run_break', opacity=1, ori=0.0, pos=array([0., 0.]), rgb=UNKNOWN, text='Trial finished!', units='height', win=Window(...), wrapWidth=1)
4.6542 	EXP 	Created text_post_run = TextStim(__class__=<class 'psychopy.visual.text.TextStim'>, alignHoriz=method-wrapper(...), alignText='center', alignVert=method-wrapper(...), anchorHoriz='center', anchorVert='center', antialias=True, autoDraw=False, autoLog=True, bold=False, color=array([1., 1., 1.]), colorSpace='rgb', contrast=1.0, depth=0.0, draggable=False, flipHoriz=False, flipVert=False, font='Arial', fontFiles=[], height=np.float64(0.05), italic=False, languageStyle='LTR', name='text_post_run', opacity=1, ori=0.0, pos=array([0., 0.]), rgb=UNKNOWN, text='Run finished. Yupii!!', units='height', win=Window(...), wrapWidth=1)
0.0295 	INFO 	Keyboard events cleared
0.0294 	EXP 	text_pre_block: autoDraw = True
0.2259 	EXP 	Device response: <KeyPress from None: t=0.21913369998219423, value=space, duration=None>
0.2262 	EXP 	New trial (rep=0, index=0): <Trial 0 (0 in rep 0) data={'thisN': 0, 'thisTrialN': 0, 'thisRepN': 0}>
0.2271 	DATA 	Keypress: space
0.2377 	EXP 	text_pre_block: autoDraw = False
0.2377 	EXP 	text_wait_screen: autoDraw = True
0.3127 	EXP 	Device response: <KeyPress from None: t=0.21913369998219423, value=space, duration=0.0860335000033956>
3.2263 	EXP 	Imported classes.csv as conditions, 4 conditions, 2 params
3.2266 	EXP 	New trial (rep=0, index=0): <Trial 0 (0 in rep 0) data={'pic_name': 'pics/right_hand.JPG', 'class_mi': ' right_hand', 'thisN': 0, 'thisTrialN': 0, 'thisRepN': 0}>
3.2322 	EXP 	text_wait_screen: autoDraw = False
3.2322 	EXP 	text_wait_screen: autoDraw = False
3.2322 	EXP 	move_circle: autoDraw = True
3.2322 	EXP 	mi_circle: autoDraw = True
7.4084 	EXP 	Device response: <KeyPress from None: t=7.405915099981939, value=escape, duration=None>
7.4090 	DATA 	Keypress: escape
7.4748 	EXP 	Device response: <KeyPress from None: t=7.405915099981939, value=escape, duration=0.06289800000377>
7.4748 	EXP 	bci_circle: status = STOPPED
7.4830 	EXP 	move_circle: autoDraw = False
7.4830 	EXP 	mi_circle: autoDraw = False
7.4831 	EXP 	bci_circle: status = STOPPED
7.4904 	INFO 	saved data to 'D:\\STUDIUM\\TU\\Mirage91\\Brain-Computer Interface Conference\\Code\\data\\154946_bci_circle_2026-06-17_16h00.33.314.csv'
7.4912 	INFO 	saved data to D:\STUDIUM\TU\Mirage91\Brain-Computer Interface Conference\Code\data\154946_bci_circle_2026-06-17_16h00.33.314.psydat
7.6825 	WARNING 	Stopping key buffers but this could be dangerous ifother keyboards rely on the same.
