3.4493 	WARNING 	Requested an unavailable screen number - using first available.
3.4509 	WARNING 	User requested fullscreen with size [1920 1080], but screen is actually [1707, 1067]. Using actual size
3.7508 	EXP 	Created window1 = Window(allowGUI=False, allowStencil=False, autoLog=True, backendConf=UNKNOWN, backgroundFit=<method-wrapper '__getattribute__' of attributeSetter object at 0x0000024A8D0861D0>, backgroundImage=<method-wrapper '__getattribute__' of attributeSetter object at 0x0000024A8D086170>, bitsMode=UNKNOWN, blendMode='avg', bpc=(8, 8, 8), color=array([0, 0, 0]), colorSpace='rgb', depthBits=8, fullscr=True, gamma=None, gammaErrorPolicy='raise', infoMsg=UNKNOWN, lms=UNKNOWN, monitor=<psychopy.monitors.calibTools.Monitor object at 0x0000024A8D2D6EC0>, multiSample=False, name='window1', numSamples=2, pos=[np.float64(0.0), np.float64(0.0)], screen=1, size=array([1707, 1067]), stencilBits=0, stereo=False, title='PsychoPy', units='height', useFBO=True, useRetina=False, viewOri=0.0, viewPos=None, viewScale=None, waitBlanking=True, winType='pyglet')
3.7509 	EXP 	window1: backgroundImage = ''
3.7509 	EXP 	window1: backgroundFit = 'none'
4.2197 	EXP 	window1: Attempting to measure frame rate of screen (1) ...
4.2198 	EXP 	window1: recordFrameIntervals = False
4.3172 	EXP 	window1: recordFrameIntervals = True
5.1516 	EXP 	window1: recordFrameIntervals = False
5.1517 	EXP 	Screen (1) actual frame rate measured at 118.76Hz
8.3084 	EXP 	bci_racingteam: status = STARTED
8.4209 	EXP 	Created text_pre_block = TextStim(__class__=<class 'psychopy.visual.text.TextStim'>, alignHoriz=method-wrapper(...), alignText='center', alignVert=method-wrapper(...), anchorHoriz='center', anchorVert='center', antialias=True, autoDraw=False, autoLog=True, bold=False, color=array([1., 1., 1.]), colorSpace='rgb', contrast=1.0, depth=0.0, draggable=False, flipHoriz=False, flipVert=False, font='Open Sans', fontFiles=[], height=np.float64(0.05), italic=False, languageStyle='LTR', name='text_pre_block', opacity=1, ori=0.0, pos=array([0., 0.]), rgb=UNKNOWN, text='Press any key to start ...', units='height', win=Window(...), wrapWidth=1)
8.4223 	EXP 	Created text_2 = TextStim(__class__=<class 'psychopy.visual.text.TextStim'>, alignHoriz=method-wrapper(...), alignText='center', alignVert=method-wrapper(...), anchorHoriz='center', anchorVert='center', antialias=True, autoDraw=False, autoLog=True, bold=False, color=array([1., 1., 1.]), colorSpace='rgb', contrast=1.0, depth=0.0, draggable=False, flipHoriz=False, flipVert=False, font='Arial', fontFiles=[], height=np.float64(0.05), italic=False, languageStyle='LTR', name='text_2', opacity=1, ori=0.0, pos=array([0., 0.]), rgb=UNKNOWN, text='', units='height', win=Window(...), wrapWidth=1)
8.4251 	EXP 	Created hor_line_precue = Line(__class__=<class 'psychopy.visual.line.Line'>, anchor=('center', 'center'), autoDraw=False, autoLog=True, closeShape=False, color=array([1., 1., 1.]), colorSpace='rgb', contrast=None, depth=0.0, draggable=False, fillColor=array([1, 1, 1]), fillColorSpace='rgb', fillRGB=array([1, 1, 1]), interpolate=True, lineColor=array([1., 1., 1.]), lineColorSpace='rgb', lineRGB=array([1, 1, 1]), lineWidth=5.0, name='hor_line_precue', opacity=1, ori=-45.0, pos=array([0., 0.]), size=array([0.35, 0.35]), units='height', vertices=array([[-0.5, -0.5],
       [ 0.5,  0.5]]), win=Window(...), windingRule=None)
8.4265 	EXP 	Created ver_line_precue = Line(__class__=<class 'psychopy.visual.line.Line'>, anchor=('center', 'center'), autoDraw=False, autoLog=True, closeShape=False, color=array([1., 1., 1.]), colorSpace='rgb', contrast=None, depth=-1.0, draggable=False, fillColor=array([1, 1, 1]), fillColorSpace='rgb', fillRGB=array([1, 1, 1]), interpolate=True, lineColor=array([1., 1., 1.]), lineColorSpace='rgb', lineRGB=array([1, 1, 1]), lineWidth=5.0, name='ver_line_precue', opacity=1, ori=45.0, pos=array([0., 0.]), size=array([0.35, 0.35]), units='height', vertices=array([[-0.5, -0.5],
       [ 0.5,  0.5]]), win=Window(...), windingRule=None)
8.4278 	EXP 	Created rot_line_precue = Line(__class__=<class 'psychopy.visual.line.Line'>, anchor=('center', 'center'), autoDraw=False, autoLog=True, closeShape=False, color=array([1., 1., 1.]), colorSpace='rgb', contrast=None, depth=-2.0, draggable=False, fillColor=array([1, 1, 1]), fillColorSpace='rgb', fillRGB=array([1, 1, 1]), interpolate=True, lineColor=array([1., 1., 1.]), lineColorSpace='rgb', lineRGB=array([1, 1, 1]), lineWidth=5.0, name='rot_line_precue', opacity=1, ori=1.0, pos=array([0., 0.]), size=array([0.35, 0.35]), units='height', vertices=array([[-0.5, -0.5],
       [ 0.5,  0.5]]), win=Window(...), windingRule=None)
8.4309 	EXP 	Created point_left = ShapeStim(__class__=<class 'psychopy.visual.shape.ShapeStim'>, anchor=('center', 'center'), autoDraw=False, autoLog=True, closeShape=True, color=method-wrapper(...), colorSpace='rgb', contrast=None, depth=-4.0, draggable=False, fillColor=array([1, 1, 1]), fillColorSpace='rgb', fillRGB=array([1, 1, 1]), interpolate=True, lineColor=array([1., 1., 1.]), lineColorSpace='rgb', lineRGB=array([1, 1, 1]), lineWidth=1.0, name='point_left', opacity=1, ori=0.0, pos=array([0., 0.]), size=array([0.5, 0.5]), units='height', vertices=ndarray(...), win=Window(...), windingRule=None)
8.4378 	EXP 	Created text = TextStim(__class__=<class 'psychopy.visual.text.TextStim'>, alignHoriz=method-wrapper(...), alignText='center', alignVert=method-wrapper(...), anchorHoriz='center', anchorVert='center', antialias=True, autoDraw=False, autoLog=True, bold=False, color=array([1., 1., 1.]), colorSpace='rgb', contrast=1.0, depth=0.0, draggable=False, flipHoriz=False, flipVert=False, font='Arial', fontFiles=[], height=np.float64(0.05), italic=False, languageStyle='LTR', name='text', opacity=1, ori=0.0, pos=array([0., 0.]), rgb=UNKNOWN, text='Run Finished', units='height', win=Window(...), wrapWidth=1)
8.4455 	EXP 	Created text_post_run = TextStim(__class__=<class 'psychopy.visual.text.TextStim'>, alignHoriz=method-wrapper(...), alignText='center', alignVert=method-wrapper(...), anchorHoriz='center', anchorVert='center', antialias=True, autoDraw=False, autoLog=True, bold=False, color=array([1., 1., 1.]), colorSpace='rgb', contrast=1.0, depth=0.0, draggable=False, flipHoriz=False, flipVert=False, font='Open Sans', fontFiles=[], height=np.float64(0.05), italic=False, languageStyle='LTR', name='text_post_run', opacity=1, ori=0.0, pos=array([0., 0.]), rgb=UNKNOWN, text='Block Finished. Yuhu!', units='height', win=Window(...), wrapWidth=1)
0.0030 	EXP 	rot_line_precue: ori = 0
0.0074 	EXP 	text_pre_block: autoDraw = True
1.0259 	EXP 	Device response: <KeyPress from None: t=1.0158853999964776, value=space, duration=None>
1.0265 	EXP 	New trial (rep=0, index=0): <Trial 0 (0 in rep 0) data={'thisN': 0, 'thisTrialN': 0, 'thisRepN': 0}>
1.0284 	DATA 	Keypress: space
1.0309 	EXP 	text_pre_block: autoDraw = False
1.0309 	EXP 	text_2: autoDraw = True
1.0722 	EXP 	Device response: <KeyPress from None: t=1.0158853999964776, value=space, duration=0.05118180000135908>
4.0215 	EXP 	Imported classes.csv as conditions, 3 conditions, 2 params
4.0218 	EXP 	New trial (rep=0, index=0): <Trial 0 (0 in rep 0) data={'pic_name': 'pics/feet.JPG', 'class_mi': 'feet', 'thisN': 0, 'thisTrialN': 0, 'thisRepN': 0}>
4.1537 	EXP 	text_2: autoDraw = False
4.1537 	EXP 	text_2: autoDraw = False
4.1537 	EXP 	hor_line_precue: autoDraw = True
4.1537 	EXP 	ver_line_precue: autoDraw = True
4.1537 	EXP 	rot_line_precue: autoDraw = True
4.1537 	EXP 	rot_line_precue: ori = np.float64(0.6106823188388364)
4.1537 	EXP 	point_left: autoDraw = True
4.1579 	EXP 	rot_line_precue: ori = np.float64(0.9750011363990247)
4.1634 	EXP 	rot_line_precue: ori = np.float64(1.2843725841936973)
4.1725 	EXP 	rot_line_precue: ori = np.float64(1.5901737053256575)
4.1802 	EXP 	rot_line_precue: ori = np.float64(2.063763106439067)
4.1894 	EXP 	rot_line_precue: ori = np.float64(2.426729495208719)
4.1968 	EXP 	rot_line_precue: ori = np.float64(2.8095784894235902)
4.2057 	EXP 	rot_line_precue: ori = np.float64(3.4465586315430947)
4.2138 	EXP 	rot_line_precue: ori = np.float64(4.079528728337046)
4.2225 	EXP 	rot_line_precue: ori = np.float64(4.541891930787848)
4.2307 	EXP 	rot_line_precue: ori = np.float64(4.885183557127311)
4.2389 	EXP 	rot_line_precue: ori = np.float64(5.319314087057398)
4.2474 	EXP 	rot_line_precue: ori = np.float64(5.614718584752319)
4.2556 	EXP 	rot_line_precue: ori = np.float64(5.959297745130452)
4.2637 	EXP 	rot_line_precue: ori = np.float64(6.72958523700884)
4.2719 	EXP 	rot_line_precue: ori = np.float64(7.062745149018334)
4.2800 	EXP 	rot_line_precue: ori = np.float64(7.75143166406718)
4.2886 	EXP 	rot_line_precue: ori = np.float64(8.12291662013749)
4.2968 	EXP 	rot_line_precue: ori = np.float64(8.423152562520716)
4.3050 	EXP 	rot_line_precue: ori = np.float64(8.762282870017305)
4.3136 	EXP 	rot_line_precue: ori = np.float64(9.160118570523892)
4.3219 	EXP 	rot_line_precue: ori = np.float64(9.594555567928415)
4.3300 	EXP 	rot_line_precue: ori = np.float64(9.931233509628063)
4.3387 	EXP 	rot_line_precue: ori = np.float64(10.418381685114564)
4.3469 	EXP 	rot_line_precue: ori = np.float64(10.963396182001723)
4.3552 	EXP 	rot_line_precue: ori = np.float64(11.273646072117872)
4.3636 	EXP 	rot_line_precue: ori = np.float64(11.585344758022618)
4.3718 	EXP 	rot_line_precue: ori = np.float64(11.887649189984147)
4.3802 	EXP 	rot_line_precue: ori = np.float64(12.357527265830118)
4.3889 	EXP 	rot_line_precue: ori = np.float64(12.672666862880371)
4.3971 	EXP 	rot_line_precue: ori = np.float64(13.030948802319822)
4.4057 	EXP 	rot_line_precue: ori = np.float64(13.354624896957407)
4.4139 	EXP 	rot_line_precue: ori = np.float64(13.673787484817788)
4.4220 	EXP 	rot_line_precue: ori = np.float64(13.994929373903743)
4.4303 	EXP 	rot_line_precue: ori = np.float64(14.374033042697404)
4.4389 	EXP 	rot_line_precue: ori = np.float64(14.724464145909973)
4.4472 	EXP 	rot_line_precue: ori = np.float64(15.157699669287116)
4.4553 	EXP 	rot_line_precue: ori = np.float64(15.673780936076978)
4.4637 	EXP 	rot_line_precue: ori = np.float64(15.998028454988711)
4.4720 	EXP 	rot_line_precue: ori = np.float64(16.31393089525814)
4.4802 	EXP 	rot_line_precue: ori = np.float64(16.805978493254088)
4.4886 	EXP 	rot_line_precue: ori = np.float64(17.12583119437781)
4.4974 	EXP 	rot_line_precue: ori = np.float64(17.513256346655982)
4.5051 	EXP 	rot_line_precue: ori = np.float64(17.857085624584236)
4.5134 	EXP 	rot_line_precue: ori = np.float64(18.28671027468165)
4.5220 	EXP 	rot_line_precue: ori = np.float64(18.920512551299485)
4.5301 	EXP 	rot_line_precue: ori = np.float64(19.36626251687819)
4.5385 	EXP 	rot_line_precue: ori = np.float64(19.886688437001357)
4.5469 	EXP 	rot_line_precue: ori = np.float64(20.353334759163538)
4.5552 	EXP 	rot_line_precue: ori = np.float64(20.726178120303672)
4.5635 	EXP 	rot_line_precue: ori = np.float64(21.072320983636963)
4.5724 	EXP 	rot_line_precue: ori = np.float64(21.710843761554152)
4.5808 	EXP 	rot_line_precue: ori = np.float64(22.068416560414207)
4.5888 	EXP 	rot_line_precue: ori = np.float64(22.66763723466057)
4.5973 	EXP 	rot_line_precue: ori = np.float64(22.96740473518308)
4.6056 	EXP 	rot_line_precue: ori = np.float64(23.344435320930106)
4.6136 	EXP 	rot_line_precue: ori = np.float64(23.713366089068266)
4.6223 	EXP 	rot_line_precue: ori = np.float64(24.15121801895332)
4.6305 	EXP 	rot_line_precue: ori = np.float64(24.473706953955638)
4.6387 	EXP 	rot_line_precue: ori = np.float64(24.877631829051147)
4.6472 	EXP 	rot_line_precue: ori = np.float64(25.379065456213848)
4.6553 	EXP 	rot_line_precue: ori = np.float64(25.915359748267733)
4.6636 	EXP 	rot_line_precue: ori = np.float64(26.378713852710288)
4.6718 	EXP 	rot_line_precue: ori = np.float64(26.904401083911925)
4.6803 	EXP 	rot_line_precue: ori = np.float64(27.54121860040117)
4.6886 	EXP 	rot_line_precue: ori = np.float64(28.064642205678993)
4.6968 	EXP 	rot_line_precue: ori = np.float64(28.36216880021353)
4.7053 	EXP 	rot_line_precue: ori = np.float64(29.16689421864457)
4.7135 	EXP 	rot_line_precue: ori = np.float64(29.59362452977308)
4.7219 	EXP 	rot_line_precue: ori = np.float64(29.93314626171768)
4.7303 	EXP 	rot_line_precue: ori = np.float64(30.27799655064068)
4.7386 	EXP 	rot_line_precue: ori = np.float64(30.653023174264785)
4.7468 	EXP 	rot_line_precue: ori = np.float64(30.95347825042435)
4.7555 	EXP 	rot_line_precue: ori = np.float64(31.25892478510507)
4.7638 	EXP 	rot_line_precue: ori = np.float64(31.805203046884056)
4.7724 	EXP 	rot_line_precue: ori = np.float64(32.44591208994662)
4.7806 	EXP 	rot_line_precue: ori = np.float64(32.7709126788082)
4.7888 	EXP 	rot_line_precue: ori = np.float64(33.17772708911032)
4.7970 	EXP 	rot_line_precue: ori = np.float64(33.913653769913225)
4.8056 	EXP 	rot_line_precue: ori = np.float64(34.23439647684503)
4.8137 	EXP 	rot_line_precue: ori = np.float64(34.73027664101694)
4.8220 	EXP 	rot_line_precue: ori = np.float64(35.02818284483592)
4.8305 	EXP 	rot_line_precue: ori = np.float64(35.35156995148337)
4.8387 	EXP 	rot_line_precue: ori = np.float64(35.835421223463754)
4.8469 	EXP 	rot_line_precue: ori = np.float64(36.180420477732426)
4.8552 	EXP 	rot_line_precue: ori = np.float64(36.86495833239012)
4.8636 	EXP 	rot_line_precue: ori = np.float64(37.17178414157905)
4.8719 	EXP 	rot_line_precue: ori = np.float64(37.72770254641247)
4.8802 	EXP 	rot_line_precue: ori = np.float64(38.22623884139602)
4.8891 	EXP 	rot_line_precue: ori = np.float64(38.656682386173195)
4.8969 	EXP 	rot_line_precue: ori = np.float64(39.215591375848895)
4.9051 	EXP 	rot_line_precue: ori = np.float64(39.55647544929818)
4.9137 	EXP 	rot_line_precue: ori = np.float64(39.97782735926401)
4.9219 	EXP 	rot_line_precue: ori = np.float64(40.33376644060913)
4.9301 	EXP 	rot_line_precue: ori = np.float64(40.70312024162475)
4.9387 	EXP 	rot_line_precue: ori = np.float64(41.3742932613811)
4.9478 	EXP 	rot_line_precue: ori = np.float64(41.92069843998239)
4.9558 	EXP 	rot_line_precue: ori = np.float64(42.33204899488063)
4.9641 	EXP 	rot_line_precue: ori = np.float64(42.62865774851193)
4.9723 	EXP 	rot_line_precue: ori = np.float64(42.999796290845836)
4.9807 	EXP 	rot_line_precue: ori = np.float64(43.32212972000729)
4.9890 	EXP 	rot_line_precue: ori = np.float64(43.74533863355594)
4.9973 	EXP 	rot_line_precue: ori = np.float64(44.46172815382663)
5.0052 	EXP 	rot_line_precue: ori = np.float64(44.79169157316018)
5.0139 	EXP 	rot_line_precue: ori = np.float64(45.45497249353951)
5.0220 	EXP 	rot_line_precue: ori = np.float64(45.8530140507934)
5.0302 	EXP 	rot_line_precue: ori = np.float64(46.177328058367536)
5.0384 	EXP 	rot_line_precue: ori = np.float64(46.78978275005724)
5.0470 	EXP 	rot_line_precue: ori = np.float64(47.08562570950621)
5.0553 	EXP 	rot_line_precue: ori = np.float64(47.42866374893885)
5.0635 	EXP 	rot_line_precue: ori = np.float64(47.744921147573024)
5.0720 	EXP 	rot_line_precue: ori = np.float64(48.07586080126893)
5.0802 	EXP 	rot_line_precue: ori = np.float64(48.41399516526258)
5.0885 	EXP 	rot_line_precue: ori = np.float64(49.05045348034827)
5.0970 	EXP 	rot_line_precue: ori = np.float64(49.36693454335098)
5.1053 	EXP 	rot_line_precue: ori = np.float64(49.66610986151379)
5.1135 	EXP 	rot_line_precue: ori = np.float64(50.08159064497583)
5.1217 	EXP 	rot_line_precue: ori = np.float64(50.424415495681366)
5.1304 	EXP 	rot_line_precue: ori = np.float64(50.82118058140446)
5.1387 	EXP 	rot_line_precue: ori = np.float64(51.18917658616775)
5.1473 	EXP 	rot_line_precue: ori = np.float64(51.4896880573779)
5.1473 	EXP 	point_left: autoDraw = False
5.1557 	EXP 	rot_line_precue: ori = np.float64(51.80557309608021)
5.1641 	EXP 	rot_line_precue: ori = np.float64(52.12876642926193)
5.1724 	EXP 	rot_line_precue: ori = np.float64(52.57990264976328)
5.1804 	EXP 	rot_line_precue: ori = np.float64(52.88925171333693)
5.1889 	EXP 	rot_line_precue: ori = np.float64(53.19330724960556)
5.1972 	EXP 	rot_line_precue: ori = np.float64(53.51129059364382)
5.2054 	EXP 	rot_line_precue: ori = np.float64(53.94345139827088)
5.2136 	EXP 	rot_line_precue: ori = np.float64(54.23917105380142)
5.2218 	EXP 	rot_line_precue: ori = np.float64(54.5367364843755)
5.2303 	EXP 	rot_line_precue: ori = np.float64(54.950925590379725)
5.2386 	EXP 	rot_line_precue: ori = np.float64(55.57453043309775)
5.2477 	EXP 	rot_line_precue: ori = np.float64(55.90890811078485)
5.2554 	EXP 	rot_line_precue: ori = np.float64(56.24961265502848)
5.2636 	EXP 	rot_line_precue: ori = np.float64(56.63348798356541)
5.2719 	EXP 	rot_line_precue: ori = np.float64(56.958171031157725)
5.2803 	EXP 	rot_line_precue: ori = np.float64(57.56165650446128)
5.2886 	EXP 	rot_line_precue: ori = np.float64(57.87002883666333)
5.2973 	EXP 	rot_line_precue: ori = np.float64(58.6039146438364)
5.3054 	EXP 	rot_line_precue: ori = np.float64(59.364101028054826)
5.3142 	EXP 	rot_line_precue: ori = np.float64(59.68432826842159)
5.3225 	EXP 	rot_line_precue: ori = np.float64(60.014632107835105)
5.3307 	EXP 	rot_line_precue: ori = np.float64(60.70379948627742)
5.3390 	EXP 	rot_line_precue: ori = np.float64(61.16168900584709)
5.3476 	EXP 	rot_line_precue: ori = np.float64(61.510217605643334)
5.3557 	EXP 	rot_line_precue: ori = np.float64(61.954007538478876)
5.3640 	EXP 	rot_line_precue: ori = np.float64(62.326619150484845)
5.3721 	EXP 	rot_line_precue: ori = np.float64(62.99016487275114)
5.3801 	EXP 	rot_line_precue: ori = np.float64(63.314012875328515)
5.3889 	EXP 	rot_line_precue: ori = np.float64(63.71472954755703)
5.3969 	EXP 	rot_line_precue: ori = np.float64(64.07104068778027)
5.4052 	EXP 	rot_line_precue: ori = np.float64(64.72280619267191)
5.4137 	EXP 	rot_line_precue: ori = np.float64(65.16735399806966)
5.4219 	EXP 	rot_line_precue: ori = np.float64(65.60707540081778)
5.4301 	EXP 	rot_line_precue: ori = np.float64(65.92448193750866)
5.4387 	EXP 	rot_line_precue: ori = np.float64(66.37657833699565)
5.4469 	EXP 	rot_line_precue: ori = np.float64(66.91632505043411)
5.4552 	EXP 	rot_line_precue: ori = np.float64(67.22181837317801)
5.4635 	EXP 	rot_line_precue: ori = np.float64(67.62435892045848)
5.4719 	EXP 	rot_line_precue: ori = np.float64(67.97262786883762)
5.4802 	EXP 	rot_line_precue: ori = np.float64(68.34282345640617)
5.4885 	EXP 	rot_line_precue: ori = np.float64(68.71116778227629)
5.4976 	EXP 	rot_line_precue: ori = np.float64(69.10645185847183)
5.5053 	EXP 	rot_line_precue: ori = np.float64(69.64946593680938)
5.5141 	EXP 	rot_line_precue: ori = np.float64(70.06723462425181)
5.5223 	EXP 	rot_line_precue: ori = np.float64(70.41787806011757)
5.5304 	EXP 	rot_line_precue: ori = np.float64(70.72894008051469)
5.5392 	EXP 	rot_line_precue: ori = np.float64(71.05584571058704)
5.5472 	EXP 	rot_line_precue: ori = np.float64(71.71206372233273)
5.5554 	EXP 	rot_line_precue: ori = np.float64(72.02571621694148)
5.5641 	EXP 	rot_line_precue: ori = np.float64(72.42452400217897)
5.5724 	EXP 	rot_line_precue: ori = np.float64(72.74001025393852)
5.5804 	EXP 	rot_line_precue: ori = np.float64(73.11930991936798)
5.5886 	EXP 	rot_line_precue: ori = np.float64(73.43052148987066)
5.5970 	EXP 	rot_line_precue: ori = np.float64(74.1315605642374)
5.6058 	EXP 	rot_line_precue: ori = np.float64(74.48664665429372)
5.6135 	EXP 	rot_line_precue: ori = np.float64(74.79447289824762)
5.6220 	EXP 	rot_line_precue: ori = np.float64(75.09486323670636)
5.6302 	EXP 	rot_line_precue: ori = np.float64(75.64959926933692)
5.6385 	EXP 	rot_line_precue: ori = np.float64(76.20383346171252)
5.6469 	EXP 	rot_line_precue: ori = np.float64(76.50031419418869)
5.6553 	EXP 	rot_line_precue: ori = np.float64(76.80756899978023)
5.6635 	EXP 	rot_line_precue: ori = np.float64(77.13829257721756)
5.6719 	EXP 	rot_line_precue: ori = np.float64(77.48868534741614)
5.6803 	EXP 	rot_line_precue: ori = np.float64(78.00525369188375)
5.6887 	EXP 	rot_line_precue: ori = np.float64(78.48721072293347)
5.6974 	EXP 	rot_line_precue: ori = np.float64(78.79356279537608)
5.7057 	EXP 	rot_line_precue: ori = np.float64(79.17039712053818)
5.7140 	EXP 	rot_line_precue: ori = np.float64(79.5686397349955)
5.7225 	EXP 	rot_line_precue: ori = np.float64(80.18416803359221)
5.7306 	EXP 	rot_line_precue: ori = np.float64(80.87474550553759)
5.7389 	EXP 	rot_line_precue: ori = np.float64(81.24075935535983)
5.7474 	EXP 	rot_line_precue: ori = np.float64(81.56924384439351)
5.7557 	EXP 	rot_line_precue: ori = np.float64(81.93817254984222)
5.7639 	EXP 	rot_line_precue: ori = np.float64(82.37016058364208)
5.7719 	EXP 	rot_line_precue: ori = np.float64(82.72231157972476)
5.7803 	EXP 	rot_line_precue: ori = np.float64(83.06343499519386)
5.7886 	EXP 	rot_line_precue: ori = np.float64(83.40695246972433)
5.7968 	EXP 	rot_line_precue: ori = np.float64(83.90831862041173)
5.8051 	EXP 	rot_line_precue: ori = np.float64(84.23923622703838)
5.8136 	EXP 	rot_line_precue: ori = np.float64(84.60079797083853)
5.8218 	EXP 	rot_line_precue: ori = np.float64(85.01303581457508)
5.8302 	EXP 	rot_line_precue: ori = np.float64(85.38951129544967)
5.8387 	EXP 	rot_line_precue: ori = np.float64(85.76096554699483)
5.8469 	EXP 	rot_line_precue: ori = np.float64(86.09952432456521)
5.8551 	EXP 	rot_line_precue: ori = np.float64(86.57856623468976)
5.8637 	EXP 	rot_line_precue: ori = np.float64(86.87796733823035)
5.8720 	EXP 	rot_line_precue: ori = np.float64(87.18673431191631)
5.8808 	EXP 	rot_line_precue: ori = np.float64(87.71999870470046)
5.8891 	EXP 	rot_line_precue: ori = np.float64(88.12524219204235)
5.8972 	EXP 	rot_line_precue: ori = np.float64(88.56982837676675)
5.9063 	EXP 	rot_line_precue: ori = np.float64(89.33109486365255)
5.9137 	EXP 	rot_line_precue: ori = np.float64(90.07869348590485)
5.9222 	EXP 	rot_line_precue: ori = np.float64(90.42990337501583)
5.9302 	EXP 	rot_line_precue: ori = np.float64(90.92815775100202)
5.9388 	EXP 	rot_line_precue: ori = np.float64(91.2285967763695)
5.9470 	EXP 	rot_line_precue: ori = np.float64(91.73460666430209)
5.9556 	EXP 	rot_line_precue: ori = np.float64(92.47421909255893)
5.9637 	EXP 	rot_line_precue: ori = np.float64(92.77540186481762)
5.9719 	EXP 	rot_line_precue: ori = np.float64(93.08936448619203)
5.9803 	EXP 	rot_line_precue: ori = np.float64(93.87072405676395)
5.9886 	EXP 	rot_line_precue: ori = np.float64(94.17178901293764)
5.9969 	EXP 	rot_line_precue: ori = np.float64(94.51713707940944)
6.0052 	EXP 	rot_line_precue: ori = np.float64(94.82644727335935)
6.0138 	EXP 	rot_line_precue: ori = np.float64(95.51696985902387)
6.0219 	EXP 	rot_line_precue: ori = np.float64(95.86924720849184)
6.0302 	EXP 	rot_line_precue: ori = np.float64(96.30804716478316)
6.0386 	EXP 	rot_line_precue: ori = np.float64(96.61077441131334)
6.0470 	EXP 	rot_line_precue: ori = np.float64(97.19155496897135)
6.0552 	EXP 	rot_line_precue: ori = np.float64(97.91622239488885)
6.0639 	EXP 	rot_line_precue: ori = np.float64(98.23485909301533)
6.0724 	EXP 	rot_line_precue: ori = np.float64(98.58958618069562)
6.0814 	EXP 	rot_line_precue: ori = np.float64(98.96071620545611)
6.0890 	EXP 	rot_line_precue: ori = np.float64(99.32573179658192)
6.0972 	EXP 	rot_line_precue: ori = np.float64(99.80103302276666)
6.1053 	EXP 	rot_line_precue: ori = np.float64(100.4180751621807)
6.1135 	EXP 	rot_line_precue: ori = np.float64(100.84018797924968)
6.1228 	EXP 	rot_line_precue: ori = np.float64(101.18331071246782)
6.1303 	EXP 	rot_line_precue: ori = np.float64(101.48177236034321)
6.1386 	EXP 	rot_line_precue: ori = np.float64(101.84499370204279)
6.1395 	EXP 	New trial (rep=0, index=1): <Trial 1 (1 in rep 0) data={'pic_name': 'pics/none.JPG', 'class_mi': 'rest', 'thisN': 1, 'thisTrialN': 1, 'thisRepN': 0}>
6.1470 	EXP 	hor_line_precue: autoDraw = False
6.1470 	EXP 	ver_line_precue: autoDraw = False
6.1470 	EXP 	rot_line_precue: autoDraw = False
6.1470 	EXP 	rot_line_precue: ori = np.float64(102.21215282870898)
6.1470 	EXP 	hor_line_precue: autoDraw = False
6.1470 	EXP 	ver_line_precue: autoDraw = False
6.1470 	EXP 	rot_line_precue: autoDraw = False
6.1470 	EXP 	point_left: autoDraw = False
6.1470 	EXP 	hor_line_precue: autoDraw = True
6.1470 	EXP 	ver_line_precue: autoDraw = True
6.1470 	EXP 	rot_line_precue: autoDraw = True
6.1470 	EXP 	rot_line_precue: ori = np.float64(102.64318861302864)
6.1470 	EXP 	point_left: autoDraw = True
6.1552 	EXP 	rot_line_precue: ori = np.float64(102.9686075506947)
6.1635 	EXP 	rot_line_precue: ori = np.float64(103.30849917926274)
6.1717 	EXP 	rot_line_precue: ori = np.float64(103.61829754055026)
6.1802 	EXP 	rot_line_precue: ori = np.float64(104.03800182506885)
6.1886 	EXP 	rot_line_precue: ori = np.float64(104.351756802843)
6.1978 	EXP 	rot_line_precue: ori = np.float64(104.6688146284908)
6.2054 	EXP 	rot_line_precue: ori = np.float64(105.03871121229936)
6.2144 	EXP 	rot_line_precue: ori = np.float64(105.35097298674201)
6.2217 	EXP 	rot_line_precue: ori = np.float64(105.78746716523017)
6.2303 	EXP 	rot_line_precue: ori = np.float64(106.20831595395634)
6.2386 	EXP 	rot_line_precue: ori = np.float64(106.52642106703868)
6.2468 	EXP 	rot_line_precue: ori = np.float64(107.14007943717195)
6.2556 	EXP 	rot_line_precue: ori = np.float64(107.43726675602173)
6.2644 	EXP 	rot_line_precue: ori = np.float64(107.77217838979503)
6.2728 	EXP 	rot_line_precue: ori = np.float64(108.23399323033658)
6.2807 	EXP 	rot_line_precue: ori = np.float64(108.56068855621314)
6.2892 	EXP 	rot_line_precue: ori = np.float64(108.88932463380577)
6.2972 	EXP 	rot_line_precue: ori = np.float64(109.18837654833168)
6.3057 	EXP 	rot_line_precue: ori = np.float64(109.51675792538602)
6.3138 	EXP 	rot_line_precue: ori = np.float64(109.86397403290454)
6.3220 	EXP 	rot_line_precue: ori = np.float64(110.38088754524948)
6.3306 	EXP 	rot_line_precue: ori = np.float64(110.75834858520196)
6.3388 	EXP 	rot_line_precue: ori = np.float64(111.13194628849747)
6.3478 	EXP 	rot_line_precue: ori = np.float64(111.43262844222944)
6.3550 	EXP 	rot_line_precue: ori = np.float64(111.97633732823294)
6.3636 	EXP 	rot_line_precue: ori = np.float64(112.30389004745541)
6.3718 	EXP 	rot_line_precue: ori = np.float64(112.60406857316251)
6.3801 	EXP 	rot_line_precue: ori = np.float64(112.93215409604134)
6.3886 	EXP 	rot_line_precue: ori = np.float64(113.6347760763919)
6.3969 	EXP 	rot_line_precue: ori = np.float64(113.93117684129606)
6.4051 	EXP 	rot_line_precue: ori = np.float64(114.22853002680638)
6.4138 	EXP 	rot_line_precue: ori = np.float64(114.53268608323768)
6.4219 	EXP 	rot_line_precue: ori = np.float64(114.87332828621479)
6.4302 	EXP 	rot_line_precue: ori = np.float64(115.3199043127808)
6.4388 	EXP 	rot_line_precue: ori = np.float64(115.63222950695071)
6.4472 	EXP 	rot_line_precue: ori = np.float64(116.04724179885186)
6.4557 	EXP 	rot_line_precue: ori = np.float64(116.51060076071425)
6.4641 	EXP 	rot_line_precue: ori = np.float64(116.8300358017603)
6.4727 	EXP 	rot_line_precue: ori = np.float64(117.59890217898298)
6.4806 	EXP 	rot_line_precue: ori = np.float64(117.9836628799357)
6.4890 	EXP 	rot_line_precue: ori = np.float64(118.38626863731906)
6.4971 	EXP 	rot_line_precue: ori = np.float64(118.9393028556424)
6.5058 	EXP 	rot_line_precue: ori = np.float64(119.43777424017257)
6.5139 	EXP 	rot_line_precue: ori = np.float64(119.83014333548076)
6.5221 	EXP 	rot_line_precue: ori = np.float64(120.35213081541818)
6.5302 	EXP 	rot_line_precue: ori = np.float64(120.74413292281598)
6.5386 	EXP 	rot_line_precue: ori = np.float64(121.08297833743035)
6.5470 	EXP 	rot_line_precue: ori = np.float64(121.42072508875258)
6.5560 	EXP 	rot_line_precue: ori = np.float64(121.76093469221269)
6.5636 	EXP 	rot_line_precue: ori = np.float64(122.18045582514257)
6.5721 	EXP 	rot_line_precue: ori = np.float64(122.48457073474168)
6.5802 	EXP 	rot_line_precue: ori = np.float64(122.91099109960379)
6.5885 	EXP 	rot_line_precue: ori = np.float64(123.25476610458556)
6.5970 	EXP 	rot_line_precue: ori = np.float64(123.55974713598971)
6.6052 	EXP 	rot_line_precue: ori = np.float64(123.94771185948538)
6.6143 	EXP 	rot_line_precue: ori = np.float64(124.31224297769867)
6.6219 	EXP 	rot_line_precue: ori = np.float64(124.62927721568512)
6.6310 	EXP 	rot_line_precue: ori = np.float64(124.93708144656853)
6.6390 	EXP 	rot_line_precue: ori = np.float64(125.26633051382704)
6.6472 	EXP 	rot_line_precue: ori = np.float64(125.5680959731638)
6.6560 	EXP 	rot_line_precue: ori = np.float64(125.88487730107916)
6.6642 	EXP 	rot_line_precue: ori = np.float64(126.21455676334296)
6.6723 	EXP 	rot_line_precue: ori = np.float64(126.51996552874081)
6.6804 	EXP 	rot_line_precue: ori = np.float64(127.0133249001507)
6.6891 	EXP 	rot_line_precue: ori = np.float64(127.43706472849757)
6.6973 	EXP 	rot_line_precue: ori = np.float64(127.74752416697662)
6.7054 	EXP 	rot_line_precue: ori = np.float64(128.3040187575967)
6.7136 	EXP 	rot_line_precue: ori = np.float64(128.60353036184608)
6.7219 	EXP 	rot_line_precue: ori = np.float64(129.00995395669088)
6.7303 	EXP 	rot_line_precue: ori = np.float64(129.33957734882844)
6.7394 	EXP 	rot_line_precue: ori = np.float64(129.63613357704526)
6.7467 	EXP 	rot_line_precue: ori = np.float64(129.94805283856843)
6.7558 	EXP 	rot_line_precue: ori = np.float64(130.57151393291065)
6.7638 	EXP 	rot_line_precue: ori = np.float64(130.8690489446494)
6.7722 	EXP 	rot_line_precue: ori = np.float64(131.3505589073137)
6.7804 	EXP 	rot_line_precue: ori = np.float64(131.66234773384554)
6.7887 	EXP 	rot_line_precue: ori = np.float64(131.97788645267346)
6.7968 	EXP 	rot_line_precue: ori = np.float64(132.2737035803022)
6.8054 	EXP 	rot_line_precue: ori = np.float64(132.78593787168865)
6.8138 	EXP 	rot_line_precue: ori = np.float64(133.0889142353425)
6.8224 	EXP 	rot_line_precue: ori = np.float64(133.39149167789233)
6.8307 	EXP 	rot_line_precue: ori = np.float64(133.86613323847428)
6.8390 	EXP 	rot_line_precue: ori = np.float64(134.60492588021967)
6.8475 	EXP 	rot_line_precue: ori = np.float64(135.33843897069568)
6.8556 	EXP 	rot_line_precue: ori = np.float64(135.63707115811812)
6.8639 	EXP 	rot_line_precue: ori = np.float64(135.9508347143881)
6.8724 	EXP 	rot_line_precue: ori = np.float64(136.3327015919489)
6.8805 	EXP 	rot_line_precue: ori = np.float64(136.7351987286359)
6.8890 	EXP 	rot_line_precue: ori = np.float64(137.15615778254988)
6.8970 	EXP 	rot_line_precue: ori = np.float64(137.48957982328258)
6.9056 	EXP 	rot_line_precue: ori = np.float64(137.80989269076107)
6.9137 	EXP 	rot_line_precue: ori = np.float64(138.13672313961538)
6.9220 	EXP 	rot_line_precue: ori = np.float64(138.44103665219825)
6.9305 	EXP 	rot_line_precue: ori = np.float64(138.85934128131674)
6.9388 	EXP 	rot_line_precue: ori = np.float64(139.37021823288322)
6.9470 	EXP 	rot_line_precue: ori = np.float64(139.7386912343234)
6.9552 	EXP 	rot_line_precue: ori = np.float64(140.1672922624305)
6.9638 	EXP 	rot_line_precue: ori = np.float64(140.59443472625475)
6.9720 	EXP 	rot_line_precue: ori = np.float64(141.28521362731396)
6.9802 	EXP 	rot_line_precue: ori = np.float64(141.6256784024076)
6.9888 	EXP 	rot_line_precue: ori = np.float64(141.96115779151958)
6.9970 	EXP 	rot_line_precue: ori = np.float64(142.2638886533876)
7.0057 	EXP 	rot_line_precue: ori = np.float64(142.65960924435578)
7.0146 	EXP 	rot_line_precue: ori = np.float64(142.96346903168393)
7.0220 	EXP 	rot_line_precue: ori = np.float64(143.28141774268082)
7.0308 	EXP 	rot_line_precue: ori = np.float64(143.61753631858275)
7.0397 	EXP 	rot_line_precue: ori = np.float64(143.93716718775545)
7.0470 	EXP 	rot_line_precue: ori = np.float64(144.49877305737505)
7.0560 	EXP 	rot_line_precue: ori = np.float64(144.83457255798763)
7.0640 	EXP 	rot_line_precue: ori = np.float64(145.23651526852785)
7.0728 	EXP 	rot_line_precue: ori = np.float64(145.7264105330158)
7.0808 	EXP 	rot_line_precue: ori = np.float64(146.19484718215102)
7.0890 	EXP 	rot_line_precue: ori = np.float64(146.72023101860972)
7.0971 	EXP 	rot_line_precue: ori = np.float64(147.04529263401895)
7.1054 	EXP 	rot_line_precue: ori = np.float64(147.3497779977132)
7.1140 	EXP 	rot_line_precue: ori = np.float64(147.7032619265621)
7.1221 	EXP 	rot_line_precue: ori = np.float64(148.0129523868873)
7.1304 	EXP 	rot_line_precue: ori = np.float64(148.55927461881083)
7.1390 	EXP 	rot_line_precue: ori = np.float64(148.87684781797557)
7.1390 	EXP 	point_left: autoDraw = False
7.1399 	EXP 	Device response: <KeyPress from None: t=7.133865199997672, value=escape, duration=None>
7.1407 	DATA 	Keypress: escape
7.1471 	EXP 	rot_line_precue: ori = np.float64(149.21373772855165)
7.1554 	EXP 	rot_line_precue: ori = np.float64(149.73461486729585)
7.1641 	EXP 	rot_line_precue: ori = np.float64(150.26533592930946)
7.1729 	EXP 	rot_line_precue: ori = np.float64(150.72461552905133)
7.1804 	EXP 	rot_line_precue: ori = np.float64(151.20805402748223)
7.1892 	EXP 	rot_line_precue: ori = np.float64(151.755720512035)
7.1974 	EXP 	rot_line_precue: ori = np.float64(152.0818603016156)
7.2057 	EXP 	rot_line_precue: ori = np.float64(152.44703381176114)
7.2143 	EXP 	rot_line_precue: ori = np.float64(152.75798881431584)
7.2225 	EXP 	rot_line_precue: ori = np.float64(153.06192523522216)
7.2236 	EXP 	Device response: <KeyPress from None: t=7.133865199997672, value=escape, duration=0.08834329999808688>
7.2236 	EXP 	bci_racingteam: status = STOPPED
7.2306 	EXP 	rot_line_precue: ori = np.float64(153.38536575804102)
7.2306 	EXP 	hor_line_precue: autoDraw = False
7.2306 	EXP 	ver_line_precue: autoDraw = False
7.2306 	EXP 	rot_line_precue: autoDraw = False
7.2307 	EXP 	bci_racingteam: status = STOPPED
