3.4838 	WARNING 	Requested an unavailable screen number - using first available.
3.4855 	WARNING 	User requested fullscreen with size [1920 1080], but screen is actually [1707, 1067]. Using actual size
3.7706 	EXP 	Created window1 = Window(allowGUI=False, allowStencil=False, autoLog=True, backendConf=UNKNOWN, backgroundFit=<method-wrapper '__getattribute__' of attributeSetter object at 0x00000128C98A6200>, backgroundImage=<method-wrapper '__getattribute__' of attributeSetter object at 0x00000128C98A61A0>, bitsMode=UNKNOWN, blendMode='avg', bpc=(8, 8, 8), color=array([0, 0, 0]), colorSpace='rgb', depthBits=8, fullscr=True, gamma=None, gammaErrorPolicy='raise', infoMsg=UNKNOWN, lms=UNKNOWN, monitor=<psychopy.monitors.calibTools.Monitor object at 0x00000128C9AE6EF0>, multiSample=False, name='window1', numSamples=2, pos=[np.float64(0.0), np.float64(0.0)], screen=1, size=array([1707, 1067]), stencilBits=0, stereo=False, title='PsychoPy', units='height', useFBO=True, useRetina=False, viewOri=0.0, viewPos=None, viewScale=None, waitBlanking=True, winType='pyglet')
3.7706 	EXP 	window1: backgroundImage = ''
3.7707 	EXP 	window1: backgroundFit = 'none'
4.2971 	EXP 	window1: Attempting to measure frame rate of screen (1) ...
4.2971 	EXP 	window1: recordFrameIntervals = False
4.3918 	EXP 	window1: recordFrameIntervals = True
5.2253 	EXP 	window1: recordFrameIntervals = False
5.2253 	EXP 	Screen (1) actual frame rate measured at 120.79Hz
8.3673 	EXP 	bci_racingteam: status = STARTED
8.4804 	EXP 	Created text_pre_block = TextStim(__class__=<class 'psychopy.visual.text.TextStim'>, alignHoriz=method-wrapper(...), alignText='center', alignVert=method-wrapper(...), anchorHoriz='center', anchorVert='center', antialias=True, autoDraw=False, autoLog=True, bold=False, color=array([1., 1., 1.]), colorSpace='rgb', contrast=1.0, depth=0.0, draggable=False, flipHoriz=False, flipVert=False, font='Open Sans', fontFiles=[], height=np.float64(0.05), italic=False, languageStyle='LTR', name='text_pre_block', opacity=1, ori=0.0, pos=array([0., 0.]), rgb=UNKNOWN, text='Press any key to start ...', units='height', win=Window(...), wrapWidth=1)
8.4819 	EXP 	Created text_2 = TextStim(__class__=<class 'psychopy.visual.text.TextStim'>, alignHoriz=method-wrapper(...), alignText='center', alignVert=method-wrapper(...), anchorHoriz='center', anchorVert='center', antialias=True, autoDraw=False, autoLog=True, bold=False, color=array([1., 1., 1.]), colorSpace='rgb', contrast=1.0, depth=0.0, draggable=False, flipHoriz=False, flipVert=False, font='Arial', fontFiles=[], height=np.float64(0.05), italic=False, languageStyle='LTR', name='text_2', opacity=1, ori=0.0, pos=array([0., 0.]), rgb=UNKNOWN, text='', units='height', win=Window(...), wrapWidth=1)
8.4850 	EXP 	Created hor_line_precue = Line(__class__=<class 'psychopy.visual.line.Line'>, anchor=('center', 'center'), autoDraw=False, autoLog=True, closeShape=False, color=array([1., 1., 1.]), colorSpace='rgb', contrast=None, depth=0.0, draggable=False, fillColor=array([1, 1, 1]), fillColorSpace='rgb', fillRGB=array([1, 1, 1]), interpolate=True, lineColor=array([1., 1., 1.]), lineColorSpace='rgb', lineRGB=array([1, 1, 1]), lineWidth=5.0, name='hor_line_precue', opacity=1, ori=-45.0, pos=array([0., 0.]), size=array([0.35, 0.35]), units='height', vertices=array([[-0.5, -0.5],
       [ 0.5,  0.5]]), win=Window(...), windingRule=None)
8.4864 	EXP 	Created ver_line_precue = Line(__class__=<class 'psychopy.visual.line.Line'>, anchor=('center', 'center'), autoDraw=False, autoLog=True, closeShape=False, color=array([1., 1., 1.]), colorSpace='rgb', contrast=None, depth=-1.0, draggable=False, fillColor=array([1, 1, 1]), fillColorSpace='rgb', fillRGB=array([1, 1, 1]), interpolate=True, lineColor=array([1., 1., 1.]), lineColorSpace='rgb', lineRGB=array([1, 1, 1]), lineWidth=5.0, name='ver_line_precue', opacity=1, ori=45.0, pos=array([0., 0.]), size=array([0.35, 0.35]), units='height', vertices=array([[-0.5, -0.5],
       [ 0.5,  0.5]]), win=Window(...), windingRule=None)
8.4878 	EXP 	Created rot_line_precue = Line(__class__=<class 'psychopy.visual.line.Line'>, anchor=('center', 'center'), autoDraw=False, autoLog=True, closeShape=False, color=array([1., 1., 1.]), colorSpace='rgb', contrast=None, depth=-2.0, draggable=False, fillColor=array([1, 1, 1]), fillColorSpace='rgb', fillRGB=array([1, 1, 1]), interpolate=True, lineColor=array([1., 1., 1.]), lineColorSpace='rgb', lineRGB=array([1, 1, 1]), lineWidth=5.0, name='rot_line_precue', opacity=1, ori=1.0, pos=array([0., 0.]), size=array([0.35, 0.35]), units='height', vertices=array([[-0.5, -0.5],
       [ 0.5,  0.5]]), win=Window(...), windingRule=None)
8.4905 	EXP 	Created point_left = ShapeStim(__class__=<class 'psychopy.visual.shape.ShapeStim'>, anchor=('center', 'center'), autoDraw=False, autoLog=True, closeShape=True, color=method-wrapper(...), colorSpace='rgb', contrast=None, depth=-4.0, draggable=False, fillColor=array([-1.    , -1.    ,  0.0902]), fillColorSpace='rgb', fillRGB=array([-1.    , -1.    ,  0.0902]), interpolate=True, lineColor=array([-1.    , -1.    ,  0.0902]), lineColorSpace='rgb', lineRGB=array([-1.    , -1.    ,  0.0902]), lineWidth=1.0, name='point_left', opacity=1, ori=0.0, pos=array([-0.5,  0. ]), size=array([0.1, 0.1]), units='height', vertices=ndarray(...), win=Window(...), windingRule=None)
8.4975 	EXP 	Created text = TextStim(__class__=<class 'psychopy.visual.text.TextStim'>, alignHoriz=method-wrapper(...), alignText='center', alignVert=method-wrapper(...), anchorHoriz='center', anchorVert='center', antialias=True, autoDraw=False, autoLog=True, bold=False, color=array([1., 1., 1.]), colorSpace='rgb', contrast=1.0, depth=0.0, draggable=False, flipHoriz=False, flipVert=False, font='Arial', fontFiles=[], height=np.float64(0.05), italic=False, languageStyle='LTR', name='text', opacity=1, ori=0.0, pos=array([0., 0.]), rgb=UNKNOWN, text='Run Finished', units='height', win=Window(...), wrapWidth=1)
8.5035 	EXP 	Created text_post_run = TextStim(__class__=<class 'psychopy.visual.text.TextStim'>, alignHoriz=method-wrapper(...), alignText='center', alignVert=method-wrapper(...), anchorHoriz='center', anchorVert='center', antialias=True, autoDraw=False, autoLog=True, bold=False, color=array([1., 1., 1.]), colorSpace='rgb', contrast=1.0, depth=0.0, draggable=False, flipHoriz=False, flipVert=False, font='Open Sans', fontFiles=[], height=np.float64(0.05), italic=False, languageStyle='LTR', name='text_post_run', opacity=1, ori=0.0, pos=array([0., 0.]), rgb=UNKNOWN, text='Block Finished. Yuhu!', units='height', win=Window(...), wrapWidth=1)
0.0026 	EXP 	rot_line_precue: ori = 0
0.0075 	EXP 	text_pre_block: autoDraw = True
2.2948 	EXP 	Device response: <KeyPress from None: t=2.289859200005594, value=space, duration=None>
2.2964 	DATA 	Keypress: space
2.3004 	EXP 	New trial (rep=0, index=0): <Trial 0 (0 in rep 0) data={'thisN': 0, 'thisTrialN': 0, 'thisRepN': 0}>
2.3057 	EXP 	text_pre_block: autoDraw = False
2.3057 	EXP 	text_2: autoDraw = True
2.3306 	EXP 	Device response: <KeyPress from None: t=2.289859200005594, value=space, duration=0.03277919999527512>
5.2954 	EXP 	Imported classes.csv as conditions, 3 conditions, 2 params
5.2960 	EXP 	New trial (rep=0, index=0): <Trial 0 (0 in rep 0) data={'pic_name': 'pics/left_hand.JPG', 'class_mi': 'left_hand', 'thisN': 0, 'thisTrialN': 0, 'thisRepN': 0}>
5.3008 	EXP 	text_2: autoDraw = False
5.3008 	EXP 	text_2: autoDraw = False
5.3008 	EXP 	hor_line_precue: autoDraw = True
5.3008 	EXP 	ver_line_precue: autoDraw = True
5.3008 	EXP 	rot_line_precue: autoDraw = True
5.3008 	EXP 	rot_line_precue: ori = np.float64(0.29919901763532997)
5.3008 	EXP 	point_left: autoDraw = True
5.3059 	EXP 	rot_line_precue: ori = np.float64(0.6665420807186836)
5.3135 	EXP 	rot_line_precue: ori = np.float64(1.1251251739483061)
5.3217 	EXP 	rot_line_precue: ori = np.float64(1.5055053359103754)
5.3300 	EXP 	rot_line_precue: ori = np.float64(1.917665821194266)
5.3390 	EXP 	rot_line_precue: ori = np.float64(2.2203899463445125)
5.3467 	EXP 	rot_line_precue: ori = np.float64(2.561657276851114)
5.3558 	EXP 	rot_line_precue: ori = np.float64(2.8857772022592356)
5.3635 	EXP 	rot_line_precue: ori = np.float64(3.64200034974958)
5.3717 	EXP 	rot_line_precue: ori = np.float64(3.985233963149128)
5.3801 	EXP 	rot_line_precue: ori = np.float64(4.464853776323334)
5.3887 	EXP 	rot_line_precue: ori = np.float64(4.8687841929488)
5.3975 	EXP 	rot_line_precue: ori = np.float64(5.221127779699032)
5.4057 	EXP 	rot_line_precue: ori = np.float64(5.846912505004494)
5.4140 	EXP 	rot_line_precue: ori = np.float64(6.298962884096651)
5.4221 	EXP 	rot_line_precue: ori = np.float64(6.624935592669298)
5.4305 	EXP 	rot_line_precue: ori = np.float64(6.9867934778037615)
5.4388 	EXP 	rot_line_precue: ori = np.float64(7.5035697602776885)
5.4469 	EXP 	rot_line_precue: ori = np.float64(8.085941547394116)
5.4555 	EXP 	rot_line_precue: ori = np.float64(8.446472550024382)
5.4637 	EXP 	rot_line_precue: ori = np.float64(8.826666390467741)
5.4718 	EXP 	rot_line_precue: ori = np.float64(9.416383751160815)
5.4800 	EXP 	rot_line_precue: ori = np.float64(9.73121785477091)
5.4883 	EXP 	rot_line_precue: ori = np.float64(10.042365728796103)
5.4968 	EXP 	rot_line_precue: ori = np.float64(10.400812141116571)
5.5050 	EXP 	rot_line_precue: ori = np.float64(10.711960039923353)
5.5132 	EXP 	rot_line_precue: ori = np.float64(11.016675154796156)
5.5217 	EXP 	rot_line_precue: ori = np.float64(11.451664569469596)
5.5299 	EXP 	rot_line_precue: ori = np.float64(11.909661990510873)
5.5382 	EXP 	rot_line_precue: ori = np.float64(12.581057277666666)
5.5468 	EXP 	rot_line_precue: ori = np.float64(12.969958158658235)
5.5555 	EXP 	rot_line_precue: ori = np.float64(13.291235493249612)
5.5639 	EXP 	rot_line_precue: ori = np.float64(13.630027134589643)
5.5723 	EXP 	rot_line_precue: ori = np.float64(14.001381186634571)
5.5804 	EXP 	rot_line_precue: ori = np.float64(14.354565069447338)
5.5889 	EXP 	rot_line_precue: ori = np.float64(14.724815253055276)
5.5973 	EXP 	rot_line_precue: ori = np.float64(15.09501477039291)
5.6053 	EXP 	rot_line_precue: ori = np.float64(15.443254040330867)
5.6135 	EXP 	rot_line_precue: ori = np.float64(15.804337106139782)
5.6222 	EXP 	rot_line_precue: ori = np.float64(16.14567981936032)
5.6303 	EXP 	rot_line_precue: ori = np.float64(16.469144318326826)
5.6384 	EXP 	rot_line_precue: ori = np.float64(16.786208749182187)
5.6469 	EXP 	rot_line_precue: ori = np.float64(17.16666857336954)
5.6551 	EXP 	rot_line_precue: ori = np.float64(17.4659365994147)
5.6633 	EXP 	rot_line_precue: ori = np.float64(17.797005482071764)
5.6725 	EXP 	rot_line_precue: ori = np.float64(18.13620770673684)
5.6808 	EXP 	rot_line_precue: ori = np.float64(18.7298750425705)
5.6885 	EXP 	rot_line_precue: ori = np.float64(19.05427320523598)
5.6975 	EXP 	rot_line_precue: ori = np.float64(19.359288248496355)
5.7050 	EXP 	rot_line_precue: ori = np.float64(19.656486671543966)
5.7141 	EXP 	rot_line_precue: ori = np.float64(20.133961277084843)
5.7217 	EXP 	rot_line_precue: ori = np.float64(20.815260171645797)
5.7306 	EXP 	rot_line_precue: ori = np.float64(21.125933726710198)
5.7385 	EXP 	rot_line_precue: ori = np.float64(21.498521373457777)
5.7471 	EXP 	rot_line_precue: ori = np.float64(22.046925732322176)
5.7556 	EXP 	rot_line_precue: ori = np.float64(22.612670935873904)
5.7641 	EXP 	rot_line_precue: ori = np.float64(22.90906339394208)
5.7722 	EXP 	rot_line_precue: ori = np.float64(23.242021516632125)
5.7803 	EXP 	rot_line_precue: ori = np.float64(23.602109683698664)
5.7888 	EXP 	rot_line_precue: ori = np.float64(23.90987400481263)
5.7967 	EXP 	rot_line_precue: ori = np.float64(24.211790235713504)
5.8055 	EXP 	rot_line_precue: ori = np.float64(24.7936071743894)
5.8136 	EXP 	rot_line_precue: ori = np.float64(25.51857577423649)
5.8217 	EXP 	rot_line_precue: ori = np.float64(25.83565883450353)
5.8303 	EXP 	rot_line_precue: ori = np.float64(26.18354178590114)
5.8385 	EXP 	rot_line_precue: ori = np.float64(26.552564712321733)
5.8467 	EXP 	rot_line_precue: ori = np.float64(27.007367994142804)
5.8550 	EXP 	rot_line_precue: ori = np.float64(27.316377464601604)
5.8639 	EXP 	rot_line_precue: ori = np.float64(27.857687136076898)
5.8720 	EXP 	rot_line_precue: ori = np.float64(28.18288082346863)
5.8807 	EXP 	rot_line_precue: ori = np.float64(28.483319792558607)
5.8886 	EXP 	rot_line_precue: ori = np.float64(28.791633945843106)
5.8968 	EXP 	rot_line_precue: ori = np.float64(29.120456473873936)
5.9051 	EXP 	rot_line_precue: ori = np.float64(29.423791743047463)
5.9136 	EXP 	rot_line_precue: ori = np.float64(29.721961702252784)
5.9218 	EXP 	rot_line_precue: ori = np.float64(30.469216936324727)
5.9304 	EXP 	rot_line_precue: ori = np.float64(31.25154591689183)
5.9389 	EXP 	rot_line_precue: ori = np.float64(31.551389089232142)
5.9471 	EXP 	rot_line_precue: ori = np.float64(31.989480894007453)
5.9557 	EXP 	rot_line_precue: ori = np.float64(32.341788438179016)
5.9639 	EXP 	rot_line_precue: ori = np.float64(32.67305971716789)
5.9721 	EXP 	rot_line_precue: ori = np.float64(33.06166631363186)
5.9819 	EXP 	rot_line_precue: ori = np.float64(33.38583847922293)
5.9884 	EXP 	rot_line_precue: ori = np.float64(33.936385102175514)
5.9970 	EXP 	rot_line_precue: ori = np.float64(34.24301069552884)
6.0051 	EXP 	rot_line_precue: ori = np.float64(34.60421399860539)
6.0136 	EXP 	rot_line_precue: ori = np.float64(34.923911191608276)
6.0225 	EXP 	rot_line_precue: ori = np.float64(35.418152333681235)
6.0300 	EXP 	rot_line_precue: ori = np.float64(35.717209270052386)
6.0382 	EXP 	rot_line_precue: ori = np.float64(36.18971008833959)
6.0467 	EXP 	rot_line_precue: ori = np.float64(36.58314236728332)
6.0550 	EXP 	rot_line_precue: ori = np.float64(36.99192176742917)
6.0633 	EXP 	rot_line_precue: ori = np.float64(37.59779404389025)
6.0721 	EXP 	rot_line_precue: ori = np.float64(37.906115753003995)
6.0800 	EXP 	rot_line_precue: ori = np.float64(38.28774557309839)
6.0883 	EXP 	rot_line_precue: ori = np.float64(38.65227348691224)
6.0968 	EXP 	rot_line_precue: ori = np.float64(38.97063543970375)
6.1050 	EXP 	rot_line_precue: ori = np.float64(39.33807658874651)
6.1133 	EXP 	rot_line_precue: ori = np.float64(39.81624252364463)
6.1222 	EXP 	rot_line_precue: ori = np.float64(40.1258737624452)
6.1304 	EXP 	rot_line_precue: ori = np.float64(40.49476396974915)
6.1389 	EXP 	rot_line_precue: ori = np.float64(40.79110557424055)
6.1472 	EXP 	rot_line_precue: ori = np.float64(41.10973991858635)
6.1552 	EXP 	rot_line_precue: ori = np.float64(41.62159303986071)
6.1635 	EXP 	rot_line_precue: ori = np.float64(42.116170888686646)
6.1720 	EXP 	rot_line_precue: ori = np.float64(42.68574496237217)
6.1804 	EXP 	rot_line_precue: ori = np.float64(43.08623548835634)
6.1885 	EXP 	rot_line_precue: ori = np.float64(43.38967653869175)
6.1970 	EXP 	rot_line_precue: ori = np.float64(43.745837190148734)
6.2052 	EXP 	rot_line_precue: ori = np.float64(44.146706485009624)
6.2134 	EXP 	rot_line_precue: ori = np.float64(44.5026157028981)
6.2225 	EXP 	rot_line_precue: ori = np.float64(44.81326922425659)
6.2301 	EXP 	rot_line_precue: ori = np.float64(45.12648285929833)
6.2385 	EXP 	rot_line_precue: ori = np.float64(45.43135951093472)
6.2467 	EXP 	rot_line_precue: ori = np.float64(45.81152290755468)
6.2551 	EXP 	rot_line_precue: ori = np.float64(46.25791536980276)
6.2633 	EXP 	rot_line_precue: ori = np.float64(46.72478238822399)
6.2716 	EXP 	rot_line_precue: ori = np.float64(47.51665734410242)
6.2803 	EXP 	rot_line_precue: ori = np.float64(47.9345350390749)
6.2889 	EXP 	rot_line_precue: ori = np.float64(48.39146772609786)
6.2967 	EXP 	rot_line_precue: ori = np.float64(48.85702108547853)
6.3054 	EXP 	rot_line_precue: ori = np.float64(49.526509071626755)
6.3137 	EXP 	rot_line_precue: ori = np.float64(49.831545753972414)
6.3222 	EXP 	rot_line_precue: ori = np.float64(50.2449773856835)
6.3304 	EXP 	rot_line_precue: ori = np.float64(50.562075842221034)
6.3386 	EXP 	rot_line_precue: ori = np.float64(50.9731147510536)
6.3468 	EXP 	rot_line_precue: ori = np.float64(51.28217859057057)
6.3553 	EXP 	rot_line_precue: ori = np.float64(51.596205992013815)
6.3636 	EXP 	rot_line_precue: ori = np.float64(51.91451741978142)
6.3718 	EXP 	rot_line_precue: ori = np.float64(52.340146885458914)
6.3806 	EXP 	rot_line_precue: ori = np.float64(52.690120191303436)
6.3885 	EXP 	rot_line_precue: ori = np.float64(53.10427501174652)
6.3967 	EXP 	rot_line_precue: ori = np.float64(53.43850230863692)
6.4050 	EXP 	rot_line_precue: ori = np.float64(53.76943711937633)
6.4135 	EXP 	rot_line_precue: ori = np.float64(54.27130809144895)
6.4217 	EXP 	rot_line_precue: ori = np.float64(54.6109456049067)
6.4300 	EXP 	rot_line_precue: ori = np.float64(54.93879140952805)
6.4385 	EXP 	rot_line_precue: ori = np.float64(55.23572576620173)
6.4467 	EXP 	rot_line_precue: ori = np.float64(55.590490967800406)
6.4550 	EXP 	rot_line_precue: ori = np.float64(55.93201970632759)
6.4635 	EXP 	rot_line_precue: ori = np.float64(56.293335763793884)
6.4717 	EXP 	rot_line_precue: ori = np.float64(56.60562914579237)
6.4807 	EXP 	rot_line_precue: ori = np.float64(56.942096335241196)
6.4886 	EXP 	rot_line_precue: ori = np.float64(57.265305332906536)
6.4970 	EXP 	rot_line_precue: ori = np.float64(58.056089248301916)
6.5057 	EXP 	rot_line_precue: ori = np.float64(58.469796969961536)
6.5139 	EXP 	rot_line_precue: ori = np.float64(58.823802213372595)
6.5223 	EXP 	rot_line_precue: ori = np.float64(59.195096757845356)
6.5307 	EXP 	rot_line_precue: ori = np.float64(59.5098628990625)
6.5388 	EXP 	rot_line_precue: ori = np.float64(59.81434714735784)
6.5471 	EXP 	rot_line_precue: ori = np.float64(60.27497864624666)
6.5553 	EXP 	rot_line_precue: ori = np.float64(60.64649566429233)
6.5638 	EXP 	rot_line_precue: ori = np.float64(61.31827343547863)
6.5722 	EXP 	rot_line_precue: ori = np.float64(61.74953672734478)
6.5801 	EXP 	rot_line_precue: ori = np.float64(62.07478230671833)
6.5883 	EXP 	rot_line_precue: ori = np.float64(62.52133311358658)
6.5968 	EXP 	rot_line_precue: ori = np.float64(62.85300959455425)
6.6051 	EXP 	rot_line_precue: ori = np.float64(63.15084877704421)
6.6133 	EXP 	rot_line_precue: ori = np.float64(63.51465480725554)
6.6219 	EXP 	rot_line_precue: ori = np.float64(63.837540032047116)
6.6300 	EXP 	rot_line_precue: ori = np.float64(64.15721357418325)
6.6383 	EXP 	rot_line_precue: ori = np.float64(64.4593769400358)
6.6468 	EXP 	rot_line_precue: ori = np.float64(65.08446509543144)
6.6550 	EXP 	rot_line_precue: ori = np.float64(65.53449755683756)
6.6633 	EXP 	rot_line_precue: ori = np.float64(65.83487732643918)
6.6716 	EXP 	rot_line_precue: ori = np.float64(66.20592056037432)
6.6802 	EXP 	rot_line_precue: ori = np.float64(66.87915988706108)
6.6886 	EXP 	rot_line_precue: ori = np.float64(67.24394202180392)
6.6972 	EXP 	rot_line_precue: ori = np.float64(67.6339326789264)
6.7055 	EXP 	rot_line_precue: ori = np.float64(67.95840904615879)
6.7140 	EXP 	rot_line_precue: ori = np.float64(68.2697795715222)
6.7220 	EXP 	rot_line_precue: ori = np.float64(68.6356747579044)
6.7304 	EXP 	rot_line_precue: ori = np.float64(69.02898911145707)
6.7385 	EXP 	rot_line_precue: ori = np.float64(69.37673842569276)
6.7470 	EXP 	rot_line_precue: ori = np.float64(69.80328583481291)
6.7552 	EXP 	rot_line_precue: ori = np.float64(70.12067977405715)
6.7634 	EXP 	rot_line_precue: ori = np.float64(70.61644401577134)
6.7716 	EXP 	rot_line_precue: ori = np.float64(71.02409907943814)
6.7801 	EXP 	rot_line_precue: ori = np.float64(71.34302670445201)
6.7894 	EXP 	rot_line_precue: ori = np.float64(71.94727452797487)
6.7967 	EXP 	rot_line_precue: ori = np.float64(72.25727524904485)
6.8051 	EXP 	rot_line_precue: ori = np.float64(72.5528945468979)
6.8134 	EXP 	rot_line_precue: ori = np.float64(72.8560454562187)
6.8217 	EXP 	rot_line_precue: ori = np.float64(73.24380331933726)
6.8302 	EXP 	rot_line_precue: ori = np.float64(73.56121242437237)
6.8384 	EXP 	rot_line_precue: ori = np.float64(74.11109583097473)
6.8466 	EXP 	rot_line_precue: ori = np.float64(74.4788145524562)
6.8549 	EXP 	rot_line_precue: ori = np.float64(74.88172222919816)
6.8643 	EXP 	rot_line_precue: ori = np.float64(75.21474139471408)
6.8723 	EXP 	rot_line_precue: ori = np.float64(75.5490507801113)
6.8805 	EXP 	rot_line_precue: ori = np.float64(75.86211526804784)
6.8888 	EXP 	rot_line_precue: ori = np.float64(76.26535926062972)
6.8970 	EXP 	rot_line_precue: ori = np.float64(76.85581421268128)
6.9055 	EXP 	rot_line_precue: ori = np.float64(77.52002686475605)
6.9138 	EXP 	rot_line_precue: ori = np.float64(78.13700617675808)
6.9220 	EXP 	rot_line_precue: ori = np.float64(78.52343620208185)
6.9304 	EXP 	rot_line_precue: ori = np.float64(79.28476286451428)
6.9389 	EXP 	rot_line_precue: ori = np.float64(79.65577190761122)
6.9469 	EXP 	rot_line_precue: ori = np.float64(79.96819140477658)
6.9551 	EXP 	rot_line_precue: ori = np.float64(80.32205049558934)
6.9636 	EXP 	rot_line_precue: ori = np.float64(80.88014814332666)
6.9718 	EXP 	rot_line_precue: ori = np.float64(81.31248616931076)
6.9801 	EXP 	rot_line_precue: ori = np.float64(81.68476329738272)
6.9886 	EXP 	rot_line_precue: ori = np.float64(82.27770400141378)
6.9968 	EXP 	rot_line_precue: ori = np.float64(82.62033451731646)
7.0051 	EXP 	rot_line_precue: ori = np.float64(83.07070160124472)
7.0135 	EXP 	rot_line_precue: ori = np.float64(83.5004597535887)
7.0218 	EXP 	rot_line_precue: ori = np.float64(83.8010636243503)
7.0301 	EXP 	rot_line_precue: ori = np.float64(84.10814637301753)
7.0386 	EXP 	rot_line_precue: ori = np.float64(84.41906758477651)
7.0468 	EXP 	rot_line_precue: ori = np.float64(84.88022353996875)
7.0552 	EXP 	rot_line_precue: ori = np.float64(85.34712706869256)
7.0638 	EXP 	rot_line_precue: ori = np.float64(85.69500052527137)
7.0721 	EXP 	rot_line_precue: ori = np.float64(86.14888343463946)
7.0807 	EXP 	rot_line_precue: ori = np.float64(86.48605088960679)
7.0888 	EXP 	rot_line_precue: ori = np.float64(86.87701114321207)
7.0972 	EXP 	rot_line_precue: ori = np.float64(87.18489239551982)
7.1057 	EXP 	rot_line_precue: ori = np.float64(87.88458761822713)
7.1138 	EXP 	rot_line_precue: ori = np.float64(88.25251385270367)
7.1219 	EXP 	rot_line_precue: ori = np.float64(88.57139722010542)
7.1303 	EXP 	rot_line_precue: ori = np.float64(89.23529788596868)
7.1384 	EXP 	rot_line_precue: ori = np.float64(89.53872823433521)
7.1469 	EXP 	rot_line_precue: ori = np.float64(90.07714680608981)
7.1551 	EXP 	rot_line_precue: ori = np.float64(90.37937108510063)
7.1633 	EXP 	rot_line_precue: ori = np.float64(90.91145302004647)
7.1719 	EXP 	rot_line_precue: ori = np.float64(91.55075614423173)
7.1801 	EXP 	rot_line_precue: ori = np.float64(91.9146942368942)
7.1884 	EXP 	rot_line_precue: ori = np.float64(92.34628567965481)
7.1969 	EXP 	rot_line_precue: ori = np.float64(92.64765210776828)
7.2051 	EXP 	rot_line_precue: ori = np.float64(92.98162855134004)
7.2134 	EXP 	rot_line_precue: ori = np.float64(93.3727211601909)
7.2216 	EXP 	rot_line_precue: ori = np.float64(94.11700212497357)
7.2301 	EXP 	rot_line_precue: ori = np.float64(94.45682573830936)
7.2385 	EXP 	rot_line_precue: ori = np.float64(95.22572152920928)
7.2478 	EXP 	rot_line_precue: ori = np.float64(95.59170233848145)
7.2553 	EXP 	rot_line_precue: ori = np.float64(96.16447777517216)
7.2637 	EXP 	rot_line_precue: ori = np.float64(96.46456026050143)
7.2722 	EXP 	rot_line_precue: ori = np.float64(96.84934396348118)
7.2803 	EXP 	rot_line_precue: ori = np.float64(97.17807399944796)
7.2887 	EXP 	rot_line_precue: ori = np.float64(97.61255827430504)
7.2896 	EXP 	New trial (rep=0, index=1): <Trial 1 (1 in rep 0) data={'pic_name': 'pics/feet.JPG', 'class_mi': 'feet', 'thisN': 1, 'thisTrialN': 1, 'thisRepN': 0}>
7.2972 	EXP 	hor_line_precue: autoDraw = False
7.2972 	EXP 	ver_line_precue: autoDraw = False
7.2972 	EXP 	rot_line_precue: autoDraw = False
7.2972 	EXP 	rot_line_precue: ori = np.float64(98.39007479264866)
7.2972 	EXP 	point_left: autoDraw = False
7.2972 	EXP 	hor_line_precue: autoDraw = False
7.2972 	EXP 	ver_line_precue: autoDraw = False
7.2972 	EXP 	rot_line_precue: autoDraw = False
7.2972 	EXP 	point_left: autoDraw = False
7.2972 	EXP 	hor_line_precue: autoDraw = True
7.2972 	EXP 	ver_line_precue: autoDraw = True
7.2972 	EXP 	rot_line_precue: autoDraw = True
7.2972 	EXP 	rot_line_precue: ori = np.float64(98.78129619200227)
7.2972 	EXP 	point_left: autoDraw = True
7.3055 	EXP 	rot_line_precue: ori = np.float64(99.16372416695961)
7.3135 	EXP 	rot_line_precue: ori = np.float64(99.71380840328109)
7.3219 	EXP 	rot_line_precue: ori = np.float64(100.08573077748679)
7.3302 	EXP 	rot_line_precue: ori = np.float64(100.39518210578132)
7.3384 	EXP 	rot_line_precue: ori = np.float64(100.73457392498815)
7.3468 	EXP 	rot_line_precue: ori = np.float64(101.04564436393663)
7.3557 	EXP 	rot_line_precue: ori = np.float64(101.37577987798412)
7.3635 	EXP 	rot_line_precue: ori = np.float64(101.82042021469682)
7.3725 	EXP 	rot_line_precue: ori = np.float64(102.16036567552494)
7.3798 	EXP 	rot_line_precue: ori = np.float64(102.5062724360565)
7.3889 	EXP 	rot_line_precue: ori = np.float64(102.91638276783704)
7.3967 	EXP 	rot_line_precue: ori = np.float64(103.30995887489345)
7.4054 	EXP 	rot_line_precue: ori = np.float64(103.66146148481386)
7.4136 	EXP 	rot_line_precue: ori = np.float64(104.23799609270645)
7.4217 	EXP 	rot_line_precue: ori = np.float64(104.63038176691023)
7.4306 	EXP 	rot_line_precue: ori = np.float64(104.93530994612352)
7.4388 	EXP 	rot_line_precue: ori = np.float64(105.24039248205884)
7.4470 	EXP 	rot_line_precue: ori = np.float64(105.9844592816379)
7.4556 	EXP 	rot_line_precue: ori = np.float64(106.30240849261004)
7.4638 	EXP 	rot_line_precue: ori = np.float64(107.08897771273105)
7.4724 	EXP 	rot_line_precue: ori = np.float64(107.66004340063236)
7.4805 	EXP 	rot_line_precue: ori = np.float64(107.95694568208215)
7.4888 	EXP 	rot_line_precue: ori = np.float64(108.39751005360844)
7.4969 	EXP 	rot_line_precue: ori = np.float64(108.70999125722086)
7.5058 	EXP 	rot_line_precue: ori = np.float64(109.2018054993114)
7.5136 	EXP 	rot_line_precue: ori = np.float64(109.56148307657405)
7.5217 	EXP 	rot_line_precue: ori = np.float64(109.87566969173213)
7.5300 	EXP 	rot_line_precue: ori = np.float64(110.23323254431409)
7.5386 	EXP 	rot_line_precue: ori = np.float64(110.54444894614414)
7.5468 	EXP 	rot_line_precue: ori = np.float64(110.84645959070212)
7.5550 	EXP 	rot_line_precue: ori = np.float64(111.14909518934613)
7.5632 	EXP 	rot_line_precue: ori = np.float64(111.4702497272848)
7.5718 	EXP 	rot_line_precue: ori = np.float64(111.97662781161152)
7.5800 	EXP 	rot_line_precue: ori = np.float64(112.32408799295374)
7.5883 	EXP 	rot_line_precue: ori = np.float64(112.65150129434502)
7.5968 	EXP 	rot_line_precue: ori = np.float64(112.99050343708696)
7.6058 	EXP 	rot_line_precue: ori = np.float64(113.53486226608386)
7.6146 	EXP 	rot_line_precue: ori = np.float64(114.04327803446715)
7.6223 	EXP 	rot_line_precue: ori = np.float64(114.50151148228498)
7.6308 	EXP 	rot_line_precue: ori = np.float64(115.19232054986571)
7.6390 	EXP 	rot_line_precue: ori = np.float64(115.75792218057572)
7.6472 	EXP 	rot_line_precue: ori = np.float64(116.05355890771914)
7.6553 	EXP 	rot_line_precue: ori = np.float64(116.38219097415866)
7.6638 	EXP 	rot_line_precue: ori = np.float64(116.80934266203947)
7.6722 	EXP 	rot_line_precue: ori = np.float64(117.14211160597274)
7.6802 	EXP 	rot_line_precue: ori = np.float64(117.66446774236151)
7.6885 	EXP 	rot_line_precue: ori = np.float64(118.22285245521702)
7.6969 	EXP 	rot_line_precue: ori = np.float64(118.7158966059592)
7.7051 	EXP 	rot_line_precue: ori = np.float64(119.03498096424335)
7.7133 	EXP 	rot_line_precue: ori = np.float64(119.42439745311594)
7.7217 	EXP 	rot_line_precue: ori = np.float64(119.72750125395521)
7.7301 	EXP 	rot_line_precue: ori = np.float64(120.31200563522664)
7.7384 	EXP 	rot_line_precue: ori = np.float64(120.70524551508613)
7.7467 	EXP 	rot_line_precue: ori = np.float64(121.25305421776888)
7.7551 	EXP 	rot_line_precue: ori = np.float64(121.55379841083645)
7.7633 	EXP 	rot_line_precue: ori = np.float64(122.29325394626211)
7.7716 	EXP 	rot_line_precue: ori = np.float64(122.72592187601795)
7.7800 	EXP 	rot_line_precue: ori = np.float64(123.03948244279329)
7.7885 	EXP 	rot_line_precue: ori = np.float64(123.55778419715246)
7.7972 	EXP 	rot_line_precue: ori = np.float64(123.87257152825622)
7.8055 	EXP 	rot_line_precue: ori = np.float64(124.51862400059314)
7.8137 	EXP 	rot_line_precue: ori = np.float64(124.86203633992035)
7.8222 	EXP 	rot_line_precue: ori = np.float64(125.23470693135671)
7.8308 	EXP 	rot_line_precue: ori = np.float64(125.53166881329861)
7.8388 	EXP 	rot_line_precue: ori = np.float64(126.06023554614335)
7.8472 	EXP 	rot_line_precue: ori = np.float64(126.46413209485571)
7.8554 	EXP 	rot_line_precue: ori = np.float64(126.78661236010636)
7.8636 	EXP 	rot_line_precue: ori = np.float64(127.09309362465731)
7.8718 	EXP 	rot_line_precue: ori = np.float64(127.57576703122692)
7.8803 	EXP 	rot_line_precue: ori = np.float64(127.99219956159999)
7.8891 	EXP 	rot_line_precue: ori = np.float64(128.37919564074676)
7.8967 	EXP 	rot_line_precue: ori = np.float64(128.79613973607653)
7.9052 	EXP 	rot_line_precue: ori = np.float64(129.1023541565049)
7.9135 	EXP 	rot_line_precue: ori = np.float64(129.39881632427156)
7.9218 	EXP 	rot_line_precue: ori = np.float64(129.73034844267553)
7.9303 	EXP 	rot_line_precue: ori = np.float64(130.1462745289407)
7.9385 	EXP 	rot_line_precue: ori = np.float64(130.59443242601998)
7.9468 	EXP 	rot_line_precue: ori = np.float64(130.8925618281751)
7.9550 	EXP 	rot_line_precue: ori = np.float64(131.18881741146734)
7.9636 	EXP 	rot_line_precue: ori = np.float64(131.60163764709526)
7.9719 	EXP 	rot_line_precue: ori = np.float64(131.99445039248687)
7.9805 	EXP 	rot_line_precue: ori = np.float64(132.38205124218237)
7.9888 	EXP 	rot_line_precue: ori = np.float64(132.81906589330643)
7.9970 	EXP 	rot_line_precue: ori = np.float64(133.15905466070785)
8.0056 	EXP 	rot_line_precue: ori = np.float64(133.4949915643936)
8.0145 	EXP 	rot_line_precue: ori = np.float64(133.79663585086328)
8.0220 	EXP 	rot_line_precue: ori = np.float64(134.10425680089824)
8.0301 	EXP 	rot_line_precue: ori = np.float64(134.4125400654209)
8.0394 	EXP 	rot_line_precue: ori = np.float64(134.82736922891317)
8.0470 	EXP 	rot_line_precue: ori = np.float64(135.12321109943593)
8.0551 	EXP 	rot_line_precue: ori = np.float64(135.50584731614245)
8.0636 	EXP 	rot_line_precue: ori = np.float64(135.80551109021252)
8.0718 	EXP 	rot_line_precue: ori = np.float64(136.11586200554567)
8.0801 	EXP 	rot_line_precue: ori = np.float64(136.43174834590337)
8.0887 	EXP 	rot_line_precue: ori = np.float64(137.0557713283508)
8.0968 	EXP 	rot_line_precue: ori = np.float64(137.5184911523829)
8.1051 	EXP 	rot_line_precue: ori = np.float64(137.95201933442516)
8.1136 	EXP 	rot_line_precue: ori = np.float64(138.4521041949428)
8.1218 	EXP 	rot_line_precue: ori = np.float64(138.86694963366853)
8.1309 	EXP 	rot_line_precue: ori = np.float64(139.1988195293024)
8.1383 	EXP 	rot_line_precue: ori = np.float64(139.52917763868732)
8.1469 	EXP 	rot_line_precue: ori = np.float64(139.8437652290616)
8.1559 	EXP 	rot_line_precue: ori = np.float64(140.2149401636117)
8.1639 	EXP 	rot_line_precue: ori = np.float64(140.58267916978022)
8.1722 	EXP 	rot_line_precue: ori = np.float64(140.9244008848387)
8.1804 	EXP 	rot_line_precue: ori = np.float64(141.3890407616861)
8.1891 	EXP 	rot_line_precue: ori = np.float64(141.90544500155275)
8.1974 	EXP 	rot_line_precue: ori = np.float64(142.26899186280156)
8.2054 	EXP 	rot_line_precue: ori = np.float64(142.62000784251234)
8.2144 	EXP 	rot_line_precue: ori = np.float64(143.06800829550767)
8.2224 	EXP 	rot_line_precue: ori = np.float64(143.3879789237212)
8.2303 	EXP 	rot_line_precue: ori = np.float64(144.07430907225478)
8.2392 	EXP 	rot_line_precue: ori = np.float64(144.38811421913724)
8.2474 	EXP 	rot_line_precue: ori = np.float64(144.78994897255075)
8.2561 	EXP 	rot_line_precue: ori = np.float64(145.1248541274059)
8.2652 	EXP 	rot_line_precue: ori = np.float64(145.51844530119314)
8.2722 	EXP 	rot_line_precue: ori = np.float64(145.9048423502665)
8.2805 	EXP 	rot_line_precue: ori = np.float64(146.3454280360392)
8.2885 	EXP 	rot_line_precue: ori = np.float64(146.66730607922466)
8.2972 	EXP 	rot_line_precue: ori = np.float64(146.9750233632539)
8.3052 	EXP 	rot_line_precue: ori = np.float64(147.33932676128063)
8.3137 	EXP 	rot_line_precue: ori = np.float64(147.79805366439427)
8.3221 	EXP 	rot_line_precue: ori = np.float64(148.14606217256923)
8.3302 	EXP 	rot_line_precue: ori = np.float64(148.53470794899602)
8.3384 	EXP 	rot_line_precue: ori = np.float64(148.92961272586473)
8.3467 	EXP 	rot_line_precue: ori = np.float64(149.2854462805003)
8.3553 	EXP 	rot_line_precue: ori = np.float64(149.69879273204734)
8.3636 	EXP 	rot_line_precue: ori = np.float64(150.11732822927908)
8.3732 	EXP 	rot_line_precue: ori = np.float64(150.45587718335833)
8.3805 	EXP 	rot_line_precue: ori = np.float64(150.7609540144301)
8.3893 	EXP 	rot_line_precue: ori = np.float64(151.07260140327125)
8.3973 	EXP 	rot_line_precue: ori = np.float64(151.43035991191175)
8.4057 	EXP 	rot_line_precue: ori = np.float64(151.77193909980943)
8.4138 	EXP 	rot_line_precue: ori = np.float64(152.33084983618025)
8.4223 	EXP 	rot_line_precue: ori = np.float64(152.6533747654805)
8.4306 	EXP 	rot_line_precue: ori = np.float64(153.2609969525645)
8.4387 	EXP 	rot_line_precue: ori = np.float64(153.5855366702795)
8.4469 	EXP 	rot_line_precue: ori = np.float64(153.91206787686593)
8.4553 	EXP 	rot_line_precue: ori = np.float64(154.31026162817935)
8.4638 	EXP 	rot_line_precue: ori = np.float64(154.80015987884957)
8.4720 	EXP 	rot_line_precue: ori = np.float64(155.274056536613)
8.4800 	EXP 	rot_line_precue: ori = np.float64(155.68846646218455)
8.4885 	EXP 	rot_line_precue: ori = np.float64(156.07029347409656)
8.4968 	EXP 	rot_line_precue: ori = np.float64(156.50826838311323)
8.5049 	EXP 	rot_line_precue: ori = np.float64(156.83651249892)
8.5135 	EXP 	rot_line_precue: ori = np.float64(157.33965834687598)
8.5226 	EXP 	rot_line_precue: ori = np.float64(157.77905525539228)
8.5300 	EXP 	rot_line_precue: ori = np.float64(158.07725757982072)
8.5386 	EXP 	rot_line_precue: ori = np.float64(158.3799221103495)
8.5469 	EXP 	rot_line_precue: ori = np.float64(158.78185611614424)
8.5555 	EXP 	rot_line_precue: ori = np.float64(159.34383797169954)
8.5638 	EXP 	rot_line_precue: ori = np.float64(159.82069351224646)
8.5722 	EXP 	rot_line_precue: ori = np.float64(160.11751593314906)
8.5806 	EXP 	rot_line_precue: ori = np.float64(160.43375614840247)
8.5888 	EXP 	rot_line_precue: ori = np.float64(161.0836896572284)
8.5970 	EXP 	rot_line_precue: ori = np.float64(161.38708241967552)
8.6052 	EXP 	rot_line_precue: ori = np.float64(161.74144516294808)
8.6138 	EXP 	rot_line_precue: ori = np.float64(162.05586947733767)
8.6220 	EXP 	rot_line_precue: ori = np.float64(162.38088901675906)
8.6302 	EXP 	rot_line_precue: ori = np.float64(162.67922462215716)
8.6384 	EXP 	rot_line_precue: ori = np.float64(163.06956734840625)
8.6468 	EXP 	rot_line_precue: ori = np.float64(163.50877175883454)
8.6551 	EXP 	rot_line_precue: ori = np.float64(164.02002699303196)
8.6634 	EXP 	rot_line_precue: ori = np.float64(164.31792333416115)
8.6725 	EXP 	rot_line_precue: ori = np.float64(164.8146103866756)
8.6802 	EXP 	rot_line_precue: ori = np.float64(165.1505545327842)
8.6884 	EXP 	rot_line_precue: ori = np.float64(165.51771337215524)
8.6969 	EXP 	rot_line_precue: ori = np.float64(166.1569457072287)
8.7061 	EXP 	rot_line_precue: ori = np.float64(166.48867007224504)
8.7134 	EXP 	rot_line_precue: ori = np.float64(166.94714500225513)
8.7224 	EXP 	rot_line_precue: ori = np.float64(167.24551724584094)
8.7301 	EXP 	rot_line_precue: ori = np.float64(167.8454028670977)
8.7384 	EXP 	rot_line_precue: ori = np.float64(168.1609736841062)
8.7473 	EXP 	rot_line_precue: ori = np.float64(168.52121575809977)
8.7555 	EXP 	rot_line_precue: ori = np.float64(169.3232479937676)
8.7641 	EXP 	rot_line_precue: ori = np.float64(169.64150589476122)
8.7723 	EXP 	rot_line_precue: ori = np.float64(170.19127249495565)
8.7805 	EXP 	rot_line_precue: ori = np.float64(170.9491177835037)
8.7887 	EXP 	rot_line_precue: ori = np.float64(171.34210332674246)
8.7973 	EXP 	rot_line_precue: ori = np.float64(171.65052358733448)
8.8054 	EXP 	rot_line_precue: ori = np.float64(172.2111763819575)
8.8136 	EXP 	rot_line_precue: ori = np.float64(172.8877433273971)
8.8222 	EXP 	rot_line_precue: ori = np.float64(173.2323755083886)
8.8302 	EXP 	rot_line_precue: ori = np.float64(173.55564795010707)
8.8384 	EXP 	rot_line_precue: ori = np.float64(174.17747466568213)
8.8467 	EXP 	rot_line_precue: ori = np.float64(174.6039508779957)
8.8552 	EXP 	rot_line_precue: ori = np.float64(174.90956437135137)
8.8634 	EXP 	rot_line_precue: ori = np.float64(175.36796534648244)
8.8716 	EXP 	rot_line_precue: ori = np.float64(176.06094469337935)
8.8801 	EXP 	rot_line_precue: ori = np.float64(176.50387921401924)
8.8885 	EXP 	rot_line_precue: ori = np.float64(176.81491673650612)
8.8967 	EXP 	rot_line_precue: ori = np.float64(177.33970954999424)
8.9052 	EXP 	rot_line_precue: ori = np.float64(177.76264135294977)
8.9135 	EXP 	rot_line_precue: ori = np.float64(178.14915825296862)
8.9218 	EXP 	rot_line_precue: ori = np.float64(178.5918648610156)
8.9304 	EXP 	rot_line_precue: ori = np.float64(178.9033230667814)
8.9393 	EXP 	rot_line_precue: ori = np.float64(179.22490603864313)
8.9469 	EXP 	rot_line_precue: ori = np.float64(179.5347193336306)
8.9555 	EXP 	rot_line_precue: ori = np.float64(179.892788785707)
8.9639 	EXP 	rot_line_precue: ori = np.float64(180.19302925971039)
8.9724 	EXP 	rot_line_precue: ori = np.float64(180.48862973354753)
8.9806 	EXP 	rot_line_precue: ori = np.float64(180.869920259842)
8.9888 	EXP 	rot_line_precue: ori = np.float64(181.4164671488652)
8.9969 	EXP 	rot_line_precue: ori = np.float64(181.7982522953462)
9.0055 	EXP 	rot_line_precue: ori = np.float64(182.25625028138919)
9.0134 	EXP 	rot_line_precue: ori = np.float64(182.60070136353423)
9.0219 	EXP 	rot_line_precue: ori = np.float64(183.12995322668507)
9.0300 	EXP 	rot_line_precue: ori = np.float64(183.43168870056013)
9.0392 	EXP 	rot_line_precue: ori = np.float64(183.86783012122473)
9.0468 	EXP 	rot_line_precue: ori = np.float64(184.39151235944038)
9.0550 	EXP 	rot_line_precue: ori = np.float64(184.77840408984622)
9.0640 	EXP 	rot_line_precue: ori = np.float64(185.09018626867586)
9.0719 	EXP 	rot_line_precue: ori = np.float64(185.54766804928545)
9.0801 	EXP 	rot_line_precue: ori = np.float64(185.96175480595963)
9.0888 	EXP 	rot_line_precue: ori = np.float64(186.6134074710376)
9.0969 	EXP 	rot_line_precue: ori = np.float64(187.17754937117724)
9.1051 	EXP 	rot_line_precue: ori = np.float64(187.81666685302872)
9.1136 	EXP 	rot_line_precue: ori = np.float64(188.181218645575)
9.1221 	EXP 	rot_line_precue: ori = np.float64(188.72616545741107)
9.1302 	EXP 	rot_line_precue: ori = np.float64(189.05399820854112)
9.1390 	EXP 	rot_line_precue: ori = np.float64(189.43318517595253)
9.1475 	EXP 	rot_line_precue: ori = np.float64(189.86148029876352)
9.1558 	EXP 	rot_line_precue: ori = np.float64(190.19399020591032)
9.1637 	EXP 	rot_line_precue: ori = np.float64(190.48954437940375)
9.1720 	EXP 	rot_line_precue: ori = np.float64(190.86884692535585)
9.1802 	EXP 	rot_line_precue: ori = np.float64(191.28364533924378)
9.1888 	EXP 	rot_line_precue: ori = np.float64(191.94225052767908)
9.1970 	EXP 	rot_line_precue: ori = np.float64(192.27977062485814)
9.2052 	EXP 	rot_line_precue: ori = np.float64(192.7527738023543)
9.2134 	EXP 	rot_line_precue: ori = np.float64(193.2563341714305)
9.2225 	EXP 	rot_line_precue: ori = np.float64(193.56250772349648)
9.2302 	EXP 	rot_line_precue: ori = np.float64(193.98524161028288)
9.2385 	EXP 	rot_line_precue: ori = np.float64(194.3056056076327)
9.2470 	EXP 	rot_line_precue: ori = np.float64(194.67528683745982)
9.2560 	EXP 	rot_line_precue: ori = np.float64(195.30994649700565)
9.2634 	EXP 	rot_line_precue: ori = np.float64(195.62014932254795)
9.2720 	EXP 	rot_line_precue: ori = np.float64(196.12274023901514)
9.2804 	EXP 	rot_line_precue: ori = np.float64(196.52423347675457)
9.2812 	EXP 	New trial (rep=0, index=2): <Trial 2 (2 in rep 0) data={'pic_name': 'pics/none.JPG', 'class_mi': 'rest', 'thisN': 2, 'thisTrialN': 2, 'thisRepN': 0}>
9.2885 	EXP 	hor_line_precue: autoDraw = False
9.2885 	EXP 	ver_line_precue: autoDraw = False
9.2885 	EXP 	rot_line_precue: autoDraw = False
9.2885 	EXP 	rot_line_precue: ori = np.float64(197.00817579638266)
9.2885 	EXP 	point_left: autoDraw = False
9.2885 	EXP 	hor_line_precue: autoDraw = False
9.2885 	EXP 	ver_line_precue: autoDraw = False
9.2885 	EXP 	rot_line_precue: autoDraw = False
9.2885 	EXP 	point_left: autoDraw = False
9.2885 	EXP 	hor_line_precue: autoDraw = True
9.2885 	EXP 	ver_line_precue: autoDraw = True
9.2885 	EXP 	rot_line_precue: autoDraw = True
9.2885 	EXP 	rot_line_precue: ori = np.float64(197.6178896327518)
9.2885 	EXP 	point_left: autoDraw = True
9.2971 	EXP 	rot_line_precue: ori = np.float64(197.9292930068458)
9.3054 	EXP 	rot_line_precue: ori = np.float64(198.29747797962514)
9.3140 	EXP 	rot_line_precue: ori = np.float64(198.61103293393043)
9.3223 	EXP 	rot_line_precue: ori = np.float64(198.97981216730457)
9.3306 	EXP 	rot_line_precue: ori = np.float64(199.31581091411178)
9.3393 	EXP 	rot_line_precue: ori = np.float64(199.65326955976047)
9.3472 	EXP 	rot_line_precue: ori = np.float64(200.43731133888053)
9.3556 	EXP 	rot_line_precue: ori = np.float64(200.74492535163088)
9.3642 	EXP 	rot_line_precue: ori = np.float64(201.2927272625868)
9.3725 	EXP 	rot_line_precue: ori = np.float64(201.95458134382912)
9.3807 	EXP 	rot_line_precue: ori = np.float64(202.57445601894588)
9.3888 	EXP 	rot_line_precue: ori = np.float64(202.87027806261568)
9.3981 	EXP 	rot_line_precue: ori = np.float64(203.23089058978542)
9.4055 	EXP 	rot_line_precue: ori = np.float64(203.59361678912902)
9.4137 	EXP 	rot_line_precue: ori = np.float64(204.3554007326492)
9.4218 	EXP 	rot_line_precue: ori = np.float64(204.68828603857693)
9.4304 	EXP 	rot_line_precue: ori = np.float64(204.99787587168004)
9.4386 	EXP 	rot_line_precue: ori = np.float64(205.3605770131254)
9.4468 	EXP 	rot_line_precue: ori = np.float64(205.66297977517016)
9.4558 	EXP 	rot_line_precue: ori = np.float64(206.03262641430345)
9.4636 	EXP 	rot_line_precue: ori = np.float64(206.38074352775575)
9.4719 	EXP 	rot_line_precue: ori = np.float64(206.76097216188495)
9.4805 	EXP 	rot_line_precue: ori = np.float64(207.06726023794616)
9.4885 	EXP 	rot_line_precue: ori = np.float64(207.37066536508354)
9.4968 	EXP 	rot_line_precue: ori = np.float64(207.8238011105761)
9.5053 	EXP 	rot_line_precue: ori = np.float64(208.2865190730845)
9.5137 	EXP 	rot_line_precue: ori = np.float64(208.68202891218513)
9.5224 	EXP 	rot_line_precue: ori = np.float64(209.0317224999753)
9.5314 	EXP 	rot_line_precue: ori = np.float64(209.4690213224887)
9.5388 	EXP 	rot_line_precue: ori = np.float64(209.8125370322459)
9.5474 	EXP 	rot_line_precue: ori = np.float64(210.30422453723455)
9.5551 	EXP 	rot_line_precue: ori = np.float64(210.60708612436287)
9.5645 	EXP 	rot_line_precue: ori = np.float64(210.99685339027386)
9.5720 	EXP 	rot_line_precue: ori = np.float64(211.33998686264718)
9.5805 	EXP 	rot_line_precue: ori = np.float64(211.73389568480872)
9.5889 	EXP 	rot_line_precue: ori = np.float64(212.21358590383716)
9.5968 	EXP 	rot_line_precue: ori = np.float64(212.5966498700988)
9.6051 	EXP 	rot_line_precue: ori = np.float64(213.04520697500092)
9.6137 	EXP 	rot_line_precue: ori = np.float64(213.58871204665917)
9.6218 	EXP 	rot_line_precue: ori = np.float64(213.90511911158566)
9.6302 	EXP 	rot_line_precue: ori = np.float64(214.23242381843556)
9.6387 	EXP 	rot_line_precue: ori = np.float64(214.54855689009176)
9.6473 	EXP 	rot_line_precue: ori = np.float64(214.89923857504604)
9.6552 	EXP 	rot_line_precue: ori = np.float64(215.2105938169064)
9.6635 	EXP 	rot_line_precue: ori = np.float64(215.67907580434112)
9.6718 	EXP 	rot_line_precue: ori = np.float64(216.029293072679)
9.6802 	EXP 	rot_line_precue: ori = np.float64(216.49763048901042)
9.6885 	EXP 	rot_line_precue: ori = np.float64(217.0051436208023)
9.6969 	EXP 	rot_line_precue: ori = np.float64(217.34973333031922)
9.7054 	EXP 	rot_line_precue: ori = np.float64(217.66779592106488)
9.7140 	EXP 	rot_line_precue: ori = np.float64(217.97992248491653)
9.7223 	EXP 	rot_line_precue: ori = np.float64(218.2756680274934)
9.7308 	EXP 	rot_line_precue: ori = np.float64(218.65365364326388)
9.7390 	EXP 	rot_line_precue: ori = np.float64(218.9732644469877)
9.7471 	EXP 	rot_line_precue: ori = np.float64(219.57439655823913)
9.7553 	EXP 	rot_line_precue: ori = np.float64(219.91791635612807)
9.7639 	EXP 	rot_line_precue: ori = np.float64(220.2214607162473)
9.7721 	EXP 	rot_line_precue: ori = np.float64(220.81357060638976)
9.7803 	EXP 	rot_line_precue: ori = np.float64(221.13296642250467)
9.7885 	EXP 	rot_line_precue: ori = np.float64(221.5603746089969)
9.7967 	EXP 	rot_line_precue: ori = np.float64(221.95780478258675)
9.8052 	EXP 	rot_line_precue: ori = np.float64(222.26297049058482)
9.8134 	EXP 	rot_line_precue: ori = np.float64(222.6259864674265)
9.8217 	EXP 	rot_line_precue: ori = np.float64(222.95640891783412)
9.8303 	EXP 	rot_line_precue: ori = np.float64(223.274938911998)
9.8393 	EXP 	rot_line_precue: ori = np.float64(223.74820390107038)
9.8465 	EXP 	rot_line_precue: ori = np.float64(224.0759647467021)
9.8556 	EXP 	rot_line_precue: ori = np.float64(224.3999840459727)
9.8636 	EXP 	rot_line_precue: ori = np.float64(224.7637056492212)
9.8721 	EXP 	rot_line_precue: ori = np.float64(225.2564703311554)
9.8803 	EXP 	rot_line_precue: ori = np.float64(225.55951463133684)
9.8886 	EXP 	rot_line_precue: ori = np.float64(225.92136213899167)
9.8972 	EXP 	rot_line_precue: ori = np.float64(226.37327687508503)
9.9055 	EXP 	rot_line_precue: ori = np.float64(227.0754713099923)
9.9138 	EXP 	rot_line_precue: ori = np.float64(227.37104003873466)
9.9222 	EXP 	rot_line_precue: ori = np.float64(227.95368089551306)
9.9304 	EXP 	rot_line_precue: ori = np.float64(228.29533226569293)
9.9393 	EXP 	rot_line_precue: ori = np.float64(228.90365874574093)
9.9468 	EXP 	rot_line_precue: ori = np.float64(229.41748965560214)
9.9554 	EXP 	rot_line_precue: ori = np.float64(229.71437824293653)
9.9639 	EXP 	rot_line_precue: ori = np.float64(230.07925568597798)
9.9719 	EXP 	rot_line_precue: ori = np.float64(230.56460708536395)
9.9800 	EXP 	rot_line_precue: ori = np.float64(231.00313291223412)
9.9886 	EXP 	rot_line_precue: ori = np.float64(231.42464493294074)
9.9969 	EXP 	rot_line_precue: ori = np.float64(231.74246124696333)
10.0051 	EXP 	rot_line_precue: ori = np.float64(232.14865927329592)
10.0136 	EXP 	rot_line_precue: ori = np.float64(232.45235397814432)
10.0218 	EXP 	rot_line_precue: ori = np.float64(232.79754499623223)
10.0301 	EXP 	rot_line_precue: ori = np.float64(233.17383315598437)
10.0386 	EXP 	rot_line_precue: ori = np.float64(233.48235211135042)
10.0469 	EXP 	rot_line_precue: ori = np.float64(233.82195377535578)
10.0551 	EXP 	rot_line_precue: ori = np.float64(234.60217935588793)
10.0636 	EXP 	rot_line_precue: ori = np.float64(234.9239617746998)
10.0719 	EXP 	rot_line_precue: ori = np.float64(235.23471452814118)
10.0813 	EXP 	rot_line_precue: ori = np.float64(235.61694443383232)
10.0891 	EXP 	rot_line_precue: ori = np.float64(236.11213696740944)
10.0972 	EXP 	rot_line_precue: ori = np.float64(236.45822377037155)
10.1058 	EXP 	rot_line_precue: ori = np.float64(236.95061285795427)
10.1137 	EXP 	rot_line_precue: ori = np.float64(237.25138329488428)
10.1222 	EXP 	rot_line_precue: ori = np.float64(237.54878251041148)
10.1301 	EXP 	rot_line_precue: ori = np.float64(237.99013144258996)
10.1388 	EXP 	rot_line_precue: ori = np.float64(238.29428161434979)
10.1470 	EXP 	rot_line_precue: ori = np.float64(238.72875717850678)
10.1552 	EXP 	rot_line_precue: ori = np.float64(239.14943356664935)
10.1635 	EXP 	rot_line_precue: ori = np.float64(239.61576674427505)
10.1719 	EXP 	rot_line_precue: ori = np.float64(240.17326366868554)
10.1801 	EXP 	rot_line_precue: ori = np.float64(240.4940922352284)
10.1892 	EXP 	rot_line_precue: ori = np.float64(240.82887825676568)
10.1969 	EXP 	rot_line_precue: ori = np.float64(241.21183371438036)
10.2052 	EXP 	rot_line_precue: ori = np.float64(241.51597110054757)
10.2135 	EXP 	rot_line_precue: ori = np.float64(241.83545203996036)
10.2222 	EXP 	rot_line_precue: ori = np.float64(242.1484051438995)
10.2301 	EXP 	rot_line_precue: ori = np.float64(242.55590707927593)
10.2385 	EXP 	rot_line_precue: ori = np.float64(242.99484314892703)
10.2471 	EXP 	rot_line_precue: ori = np.float64(243.3380095157616)
10.2560 	EXP 	rot_line_precue: ori = np.float64(243.66490933628202)
10.2639 	EXP 	rot_line_precue: ori = np.float64(244.02143413888248)
10.2729 	EXP 	rot_line_precue: ori = np.float64(244.32829681556365)
10.2801 	EXP 	rot_line_precue: ori = np.float64(244.707656504071)
10.2885 	EXP 	rot_line_precue: ori = np.float64(245.00354911436062)
10.2977 	EXP 	rot_line_precue: ori = np.float64(245.53194085148942)
10.3054 	EXP 	rot_line_precue: ori = np.float64(245.84572506843952)
10.3141 	EXP 	rot_line_precue: ori = np.float64(246.21945843324377)
10.3221 	EXP 	rot_line_precue: ori = np.float64(246.57999546250977)
10.3302 	EXP 	rot_line_precue: ori = np.float64(247.36778998609685)
10.3385 	EXP 	rot_line_precue: ori = np.float64(247.74484902446156)
10.3468 	EXP 	rot_line_precue: ori = np.float64(248.50639807898438)
10.3552 	EXP 	rot_line_precue: ori = np.float64(248.83748141678686)
10.3635 	EXP 	rot_line_precue: ori = np.float64(249.4579443160986)
10.3717 	EXP 	rot_line_precue: ori = np.float64(250.147381404727)
10.3805 	EXP 	rot_line_precue: ori = np.float64(250.45554770654087)
10.3885 	EXP 	rot_line_precue: ori = np.float64(251.00873958472118)
10.3967 	EXP 	rot_line_precue: ori = np.float64(251.32252766944833)
10.4052 	EXP 	rot_line_precue: ori = np.float64(251.78671015422714)
10.4135 	EXP 	rot_line_precue: ori = np.float64(252.46710772308688)
10.4217 	EXP 	rot_line_precue: ori = np.float64(252.76603250655637)
10.4302 	EXP 	rot_line_precue: ori = np.float64(253.10734819733656)
10.4388 	EXP 	rot_line_precue: ori = np.float64(253.521779361231)
10.4474 	EXP 	rot_line_precue: ori = np.float64(253.81892816197418)
10.4556 	EXP 	rot_line_precue: ori = np.float64(254.13584783042697)
10.4639 	EXP 	rot_line_precue: ori = np.float64(254.47616760327728)
10.4728 	EXP 	rot_line_precue: ori = np.float64(254.77266363892284)
10.4811 	EXP 	rot_line_precue: ori = np.float64(255.31387867815457)
10.4894 	EXP 	rot_line_precue: ori = np.float64(255.61229848529186)
10.4973 	EXP 	rot_line_precue: ori = np.float64(256.3863872285052)
10.5054 	EXP 	rot_line_precue: ori = np.float64(256.8165223154229)
10.5137 	EXP 	rot_line_precue: ori = np.float64(257.14131984517576)
10.5219 	EXP 	rot_line_precue: ori = np.float64(257.6327844118949)
10.5303 	EXP 	rot_line_precue: ori = np.float64(258.0183056443385)
10.5386 	EXP 	rot_line_precue: ori = np.float64(258.4013371921964)
10.5469 	EXP 	rot_line_precue: ori = np.float64(258.7867136821734)
10.5551 	EXP 	rot_line_precue: ori = np.float64(259.16560638986846)
10.5636 	EXP 	rot_line_precue: ori = np.float64(259.49165914013463)
10.5718 	EXP 	rot_line_precue: ori = np.float64(260.0669781730115)
10.5814 	EXP 	rot_line_precue: ori = np.float64(260.4451306961286)
10.5893 	EXP 	rot_line_precue: ori = np.float64(260.8745178845256)
10.5969 	EXP 	rot_line_precue: ori = np.float64(261.19469451384214)
10.6051 	EXP 	rot_line_precue: ori = np.float64(261.5236083319151)
10.6136 	EXP 	rot_line_precue: ori = np.float64(261.9295357931741)
10.6220 	EXP 	rot_line_precue: ori = np.float64(262.2518402699187)
10.6306 	EXP 	rot_line_precue: ori = np.float64(262.7187809314197)
10.6391 	EXP 	rot_line_precue: ori = np.float64(263.0949174582974)
10.6473 	EXP 	rot_line_precue: ori = np.float64(263.48394889081453)
10.6556 	EXP 	rot_line_precue: ori = np.float64(263.9142119355502)
10.6638 	EXP 	rot_line_precue: ori = np.float64(264.39428690906664)
10.6728 	EXP 	rot_line_precue: ori = np.float64(264.85302873375804)
10.6815 	EXP 	rot_line_precue: ori = np.float64(265.28300695630315)
10.6891 	EXP 	rot_line_precue: ori = np.float64(265.59915775078076)
10.6971 	EXP 	rot_line_precue: ori = np.float64(266.0276778678445)
10.7052 	EXP 	rot_line_precue: ori = np.float64(266.34938819706935)
10.7135 	EXP 	rot_line_precue: ori = np.float64(266.75395021682374)
10.7218 	EXP 	rot_line_precue: ori = np.float64(267.30397110653524)
10.7302 	EXP 	rot_line_precue: ori = np.float64(267.6339315523299)
10.7384 	EXP 	rot_line_precue: ori = np.float64(267.98598231416844)
10.7468 	EXP 	rot_line_precue: ori = np.float64(268.5307830831345)
10.7551 	EXP 	rot_line_precue: ori = np.float64(268.9891569653516)
10.7635 	EXP 	rot_line_precue: ori = np.float64(269.3179507680508)
10.7725 	EXP 	rot_line_precue: ori = np.float64(269.99787929054264)
10.7801 	EXP 	rot_line_precue: ori = np.float64(270.4016389868598)
10.7884 	EXP 	rot_line_precue: ori = np.float64(270.7137654078852)
10.7970 	EXP 	rot_line_precue: ori = np.float64(271.06691949627464)
10.8052 	EXP 	rot_line_precue: ori = np.float64(271.3828692947328)
10.8140 	EXP 	rot_line_precue: ori = np.float64(271.7302394239652)
10.8229 	EXP 	rot_line_precue: ori = np.float64(272.0352373283726)
10.8306 	EXP 	rot_line_precue: ori = np.float64(272.38101070165817)
10.8391 	EXP 	rot_line_precue: ori = np.float64(272.8520837743321)
10.8473 	EXP 	rot_line_precue: ori = np.float64(273.29062716956685)
10.8554 	EXP 	rot_line_precue: ori = np.float64(273.7890688817492)
10.8640 	EXP 	rot_line_precue: ori = np.float64(274.0974241544919)
10.8731 	EXP 	rot_line_precue: ori = np.float64(274.45247971741384)
10.8805 	EXP 	rot_line_precue: ori = np.float64(274.81840634008495)
10.8886 	EXP 	rot_line_precue: ori = np.float64(275.1838159917964)
10.8968 	EXP 	rot_line_precue: ori = np.float64(275.56180094205615)
10.9052 	EXP 	rot_line_precue: ori = np.float64(275.9657074431238)
10.9135 	EXP 	rot_line_precue: ori = np.float64(276.3329190961806)
10.9216 	EXP 	rot_line_precue: ori = np.float64(276.79064409996965)
10.9302 	EXP 	rot_line_precue: ori = np.float64(277.31760332742385)
10.9385 	EXP 	rot_line_precue: ori = np.float64(277.645752863794)
10.9469 	EXP 	rot_line_precue: ori = np.float64(277.96285823244654)
10.9553 	EXP 	rot_line_precue: ori = np.float64(278.62514464219487)
10.9636 	EXP 	rot_line_precue: ori = np.float64(278.92325877935644)
10.9728 	EXP 	rot_line_precue: ori = np.float64(279.3564742149196)
10.9802 	EXP 	rot_line_precue: ori = np.float64(279.6692068560995)
10.9887 	EXP 	rot_line_precue: ori = np.float64(279.9711295964237)
10.9968 	EXP 	rot_line_precue: ori = np.float64(280.29390061546707)
11.0055 	EXP 	rot_line_precue: ori = np.float64(280.84391999604765)
11.0138 	EXP 	rot_line_precue: ori = np.float64(281.1563872921054)
11.0224 	EXP 	rot_line_precue: ori = np.float64(281.8388991751027)
11.0312 	EXP 	rot_line_precue: ori = np.float64(282.1742382605981)
11.0388 	EXP 	rot_line_precue: ori = np.float64(282.92437884935913)
11.0469 	EXP 	rot_line_precue: ori = np.float64(283.2440739837618)
11.0554 	EXP 	rot_line_precue: ori = np.float64(283.54022312899264)
11.0644 	EXP 	rot_line_precue: ori = np.float64(283.8717371654095)
11.0720 	EXP 	rot_line_precue: ori = np.float64(284.5954992926747)
11.0802 	EXP 	rot_line_precue: ori = np.float64(284.95175631080707)
11.0887 	EXP 	rot_line_precue: ori = np.float64(285.2747102790241)
11.0969 	EXP 	rot_line_precue: ori = np.float64(285.9678910027022)
11.1051 	EXP 	rot_line_precue: ori = np.float64(286.35107327414255)
11.1137 	EXP 	rot_line_precue: ori = np.float64(286.80736344001645)
11.1220 	EXP 	rot_line_precue: ori = np.float64(287.31520493571963)
11.1301 	EXP 	rot_line_precue: ori = np.float64(287.65332598515255)
11.1387 	EXP 	rot_line_precue: ori = np.float64(288.0142504410147)
11.1476 	EXP 	rot_line_precue: ori = np.float64(288.35719667386684)
11.1551 	EXP 	rot_line_precue: ori = np.float64(288.8093424645087)
11.1636 	EXP 	rot_line_precue: ori = np.float64(289.1209728048261)
11.1718 	EXP 	rot_line_precue: ori = np.float64(289.4758248427436)
11.1801 	EXP 	rot_line_precue: ori = np.float64(289.9178211259335)
11.1895 	EXP 	rot_line_precue: ori = np.float64(290.24227155884904)
11.1972 	EXP 	rot_line_precue: ori = np.float64(290.5407861747542)
11.2058 	EXP 	rot_line_precue: ori = np.float64(290.8925858034478)
11.2143 	EXP 	rot_line_precue: ori = np.float64(291.39458614852697)
11.2223 	EXP 	rot_line_precue: ori = np.float64(291.7099449420708)
11.2308 	EXP 	rot_line_precue: ori = np.float64(292.15781809533826)
11.2390 	EXP 	rot_line_precue: ori = np.float64(292.4823526368547)
11.2471 	EXP 	rot_line_precue: ori = np.float64(292.81990248113567)
11.2553 	EXP 	rot_line_precue: ori = np.float64(293.1867403126621)
11.2640 	EXP 	rot_line_precue: ori = np.float64(293.4925760372228)
11.2728 	EXP 	rot_line_precue: ori = np.float64(293.84269073675557)
11.2737 	EXP 	New trial (rep=1, index=3): <Trial 3 (3 in rep 1) data={'pic_name': 'pics/none.JPG', 'class_mi': 'rest', 'thisN': 3, 'thisTrialN': 3, 'thisRepN': 1}>
11.2802 	EXP 	hor_line_precue: autoDraw = False
11.2802 	EXP 	ver_line_precue: autoDraw = False
11.2802 	EXP 	rot_line_precue: autoDraw = False
11.2802 	EXP 	rot_line_precue: ori = np.float64(294.18449875638936)
11.2802 	EXP 	point_left: autoDraw = False
11.2802 	EXP 	hor_line_precue: autoDraw = False
11.2802 	EXP 	ver_line_precue: autoDraw = False
11.2802 	EXP 	rot_line_precue: autoDraw = False
11.2802 	EXP 	point_left: autoDraw = False
11.2802 	EXP 	hor_line_precue: autoDraw = True
11.2802 	EXP 	ver_line_precue: autoDraw = True
11.2802 	EXP 	rot_line_precue: autoDraw = True
11.2802 	EXP 	rot_line_precue: ori = np.float64(294.5206018607774)
11.2802 	EXP 	point_left: autoDraw = True
11.2885 	EXP 	rot_line_precue: ori = np.float64(294.8290924091799)
11.2977 	EXP 	rot_line_precue: ori = np.float64(295.376764099656)
11.3053 	EXP 	rot_line_precue: ori = np.float64(295.8044557107071)
11.3139 	EXP 	rot_line_precue: ori = np.float64(296.11127235199456)
11.3221 	EXP 	rot_line_precue: ori = np.float64(296.4113208335966)
11.3301 	EXP 	rot_line_precue: ori = np.float64(296.8219897247893)
11.3385 	EXP 	rot_line_precue: ori = np.float64(297.2202080111448)
11.3470 	EXP 	rot_line_precue: ori = np.float64(297.51801603708714)
11.3552 	EXP 	rot_line_precue: ori = np.float64(297.86980163724274)
11.3635 	EXP 	rot_line_precue: ori = np.float64(298.20213722153557)
11.3720 	EXP 	rot_line_precue: ori = np.float64(298.61191165059887)
11.3811 	EXP 	rot_line_precue: ori = np.float64(298.95800377426934)
11.3886 	EXP 	rot_line_precue: ori = np.float64(299.2933482036046)
11.3981 	EXP 	rot_line_precue: ori = np.float64(299.60705261177856)
11.4055 	EXP 	rot_line_precue: ori = np.float64(299.9244729164266)
11.4137 	EXP 	rot_line_precue: ori = np.float64(300.2840476426986)
11.4221 	EXP 	rot_line_precue: ori = np.float64(300.96707005713483)
11.4312 	EXP 	rot_line_precue: ori = np.float64(301.27225316015364)
11.4386 	EXP 	rot_line_precue: ori = np.float64(301.62832309015704)
11.4471 	EXP 	rot_line_precue: ori = np.float64(301.9518643119753)
11.4553 	EXP 	rot_line_precue: ori = np.float64(302.27904918976975)
11.4635 	EXP 	rot_line_precue: ori = np.float64(302.9148796417027)
11.4719 	EXP 	rot_line_precue: ori = np.float64(303.35371134975946)
11.4803 	EXP 	rot_line_precue: ori = np.float64(303.7527029276916)
11.4885 	EXP 	rot_line_precue: ori = np.float64(304.08111741657063)
11.4968 	EXP 	rot_line_precue: ori = np.float64(304.7162940470489)
11.5053 	EXP 	rot_line_precue: ori = np.float64(305.04217886134984)
11.5135 	EXP 	rot_line_precue: ori = np.float64(305.7527661975596)
11.5220 	EXP 	rot_line_precue: ori = np.float64(306.1019043508334)
11.5304 	EXP 	rot_line_precue: ori = np.float64(306.87953911225884)
11.5385 	EXP 	rot_line_precue: ori = np.float64(307.177050413676)
11.5469 	EXP 	rot_line_precue: ori = np.float64(307.5423468009288)
11.5555 	EXP 	rot_line_precue: ori = np.float64(307.90557834371555)
11.5640 	EXP 	rot_line_precue: ori = np.float64(308.3265651468465)
11.5725 	EXP 	rot_line_precue: ori = np.float64(308.9923848305329)
11.5806 	EXP 	rot_line_precue: ori = np.float64(309.2911932947919)
11.5890 	EXP 	rot_line_precue: ori = np.float64(309.59206619862)
11.5974 	EXP 	rot_line_precue: ori = np.float64(309.90907844965454)
11.6056 	EXP 	rot_line_precue: ori = np.float64(310.35766482763336)
11.6138 	EXP 	rot_line_precue: ori = np.float64(310.74033242663955)
11.6220 	EXP 	rot_line_precue: ori = np.float64(311.20496404181694)
11.6301 	EXP 	rot_line_precue: ori = np.float64(311.50816138871807)
11.6386 	EXP 	rot_line_precue: ori = np.float64(311.8212446129091)
11.6468 	EXP 	rot_line_precue: ori = np.float64(312.1328472422247)
11.6551 	EXP 	rot_line_precue: ori = np.float64(312.5164274046113)
11.6636 	EXP 	rot_line_precue: ori = np.float64(312.90247366315873)
11.6719 	EXP 	rot_line_precue: ori = np.float64(313.21082824226204)
11.6801 	EXP 	rot_line_precue: ori = np.float64(313.7525658676009)
11.6887 	EXP 	rot_line_precue: ori = np.float64(314.05316983355664)
11.6969 	EXP 	rot_line_precue: ori = np.float64(314.35834128025925)
11.7052 	EXP 	rot_line_precue: ori = np.float64(314.65765330520543)
11.7143 	EXP 	rot_line_precue: ori = np.float64(314.9653198869785)
11.7220 	EXP 	rot_line_precue: ori = np.float64(315.2960580411605)
11.7307 	EXP 	rot_line_precue: ori = np.float64(315.725382550825)
11.7396 	EXP 	rot_line_precue: ori = np.float64(316.1443427529335)
11.7474 	EXP 	rot_line_precue: ori = np.float64(316.6285447347498)
11.7556 	EXP 	rot_line_precue: ori = np.float64(317.09290275133077)
11.7640 	EXP 	rot_line_precue: ori = np.float64(317.3985083501205)
11.7721 	EXP 	rot_line_precue: ori = np.float64(317.7407033989279)
11.7803 	EXP 	rot_line_precue: ori = np.float64(318.40523450859536)
11.7889 	EXP 	rot_line_precue: ori = np.float64(318.7179056814797)
11.7977 	EXP 	rot_line_precue: ori = np.float64(319.2837567172229)
11.8053 	EXP 	rot_line_precue: ori = np.float64(319.74624784864795)
11.8136 	EXP 	rot_line_precue: ori = np.float64(320.2695460771091)
11.8220 	EXP 	rot_line_precue: ori = np.float64(320.7200545887783)
11.8302 	EXP 	rot_line_precue: ori = np.float64(321.05174205633807)
11.8386 	EXP 	rot_line_precue: ori = np.float64(321.4772376410635)
11.8470 	EXP 	rot_line_precue: ori = np.float64(321.8078191653453)
11.8553 	EXP 	rot_line_precue: ori = np.float64(322.1180368137367)
11.8643 	EXP 	rot_line_precue: ori = np.float64(322.4361541192039)
11.8719 	EXP 	rot_line_precue: ori = np.float64(322.7371033036197)
11.8804 	EXP 	rot_line_precue: ori = np.float64(323.1232707941059)
11.8886 	EXP 	rot_line_precue: ori = np.float64(323.41870056872335)
11.8972 	EXP 	rot_line_precue: ori = np.float64(324.20015779381936)
11.9055 	EXP 	rot_line_precue: ori = np.float64(324.85982842771085)
11.9141 	EXP 	rot_line_precue: ori = np.float64(325.2654147060018)
11.9224 	EXP 	rot_line_precue: ori = np.float64(325.64233453295503)
11.9305 	EXP 	rot_line_precue: ori = np.float64(325.9735340883486)
11.9387 	EXP 	rot_line_precue: ori = np.float64(326.2787518327772)
11.9470 	EXP 	rot_line_precue: ori = np.float64(326.7651474132375)
11.9555 	EXP 	rot_line_precue: ori = np.float64(327.1536478946754)
11.9636 	EXP 	rot_line_precue: ori = np.float64(327.48341590368665)
11.9719 	EXP 	rot_line_precue: ori = np.float64(327.8769974845662)
11.9804 	EXP 	rot_line_precue: ori = np.float64(328.21548651017713)
11.9886 	EXP 	rot_line_precue: ori = np.float64(328.54822093116724)
11.9969 	EXP 	rot_line_precue: ori = np.float64(328.8500901724056)
12.0053 	EXP 	rot_line_precue: ori = np.float64(329.16182781042454)
12.0135 	EXP 	rot_line_precue: ori = np.float64(329.9577317469354)
12.0218 	EXP 	rot_line_precue: ori = np.float64(330.2546578109023)
12.0303 	EXP 	rot_line_precue: ori = np.float64(330.7046273086195)
12.0386 	EXP 	rot_line_precue: ori = np.float64(331.18497841040744)
12.0468 	EXP 	rot_line_precue: ori = np.float64(331.56950120905583)
12.0553 	EXP 	rot_line_precue: ori = np.float64(332.2343497635398)
12.0636 	EXP 	rot_line_precue: ori = np.float64(332.6100919752928)
12.0725 	EXP 	rot_line_precue: ori = np.float64(333.1230406907019)
12.0807 	EXP 	rot_line_precue: ori = np.float64(333.85781563180734)
12.0890 	EXP 	rot_line_precue: ori = np.float64(334.2478594091168)
12.0975 	EXP 	rot_line_precue: ori = np.float64(334.846000919282)
12.1056 	EXP 	rot_line_precue: ori = np.float64(335.42612839018756)
12.1139 	EXP 	rot_line_precue: ori = np.float64(335.797948153786)
12.1220 	EXP 	rot_line_precue: ori = np.float64(336.538524517376)
12.1307 	EXP 	rot_line_precue: ori = np.float64(337.00826381795696)
12.1388 	EXP 	rot_line_precue: ori = np.float64(337.4436137434377)
12.1470 	EXP 	rot_line_precue: ori = np.float64(337.82288940677284)
12.1553 	EXP 	rot_line_precue: ori = np.float64(338.1902249478635)
12.1637 	EXP 	rot_line_precue: ori = np.float64(338.7530730166325)
12.1719 	EXP 	rot_line_precue: ori = np.float64(339.21667714002234)
12.1802 	EXP 	rot_line_precue: ori = np.float64(339.95729246452265)
12.1887 	EXP 	rot_line_precue: ori = np.float64(340.28581919172376)
12.1968 	EXP 	rot_line_precue: ori = np.float64(340.671659700658)
12.2064 	EXP 	rot_line_precue: ori = np.float64(340.9959818870649)
12.2139 	EXP 	rot_line_precue: ori = np.float64(341.36315188412135)
12.2221 	EXP 	rot_line_precue: ori = np.float64(341.6678905080845)
12.2302 	EXP 	rot_line_precue: ori = np.float64(342.0049984473749)
12.2387 	EXP 	rot_line_precue: ori = np.float64(342.3277163321642)
12.2472 	EXP 	rot_line_precue: ori = np.float64(342.6907366811038)
12.2557 	EXP 	rot_line_precue: ori = np.float64(343.25549740904603)
12.2641 	EXP 	rot_line_precue: ori = np.float64(344.0134401827388)
12.2724 	EXP 	rot_line_precue: ori = np.float64(344.5667701508358)
12.2803 	EXP 	rot_line_precue: ori = np.float64(344.8643680192844)
12.2889 	EXP 	rot_line_precue: ori = np.float64(345.17511460355763)
12.2977 	EXP 	rot_line_precue: ori = np.float64(345.6613838176786)
12.3053 	EXP 	rot_line_precue: ori = np.float64(346.0283769467252)
12.3139 	EXP 	rot_line_precue: ori = np.float64(346.32588758019546)
12.3221 	EXP 	rot_line_precue: ori = np.float64(346.8319475609682)
12.3303 	EXP 	rot_line_precue: ori = np.float64(347.19960307400004)
12.3386 	EXP 	rot_line_precue: ori = np.float64(347.5655927720983)
12.3470 	EXP 	rot_line_precue: ori = np.float64(347.8695297176521)
12.3553 	EXP 	rot_line_precue: ori = np.float64(348.23157417408856)
12.3636 	EXP 	rot_line_precue: ori = np.float64(348.52983321650794)
12.3720 	EXP 	rot_line_precue: ori = np.float64(349.28312635439295)
12.3810 	EXP 	rot_line_precue: ori = np.float64(349.58855087839333)
12.3885 	EXP 	rot_line_precue: ori = np.float64(350.3348481302376)
12.3976 	EXP 	rot_line_precue: ori = np.float64(350.6313080535542)
12.4052 	EXP 	rot_line_precue: ori = np.float64(350.9288905320121)
12.4137 	EXP 	rot_line_precue: ori = np.float64(351.22990973153924)
12.4225 	EXP 	rot_line_precue: ori = np.float64(351.58161258757036)
12.4306 	EXP 	rot_line_precue: ori = np.float64(351.882116914133)
12.4392 	EXP 	rot_line_precue: ori = np.float64(352.17983869002705)
12.4474 	EXP 	rot_line_precue: ori = np.float64(352.4835731075633)
12.4556 	EXP 	rot_line_precue: ori = np.float64(352.8072739804197)
12.4641 	EXP 	rot_line_precue: ori = np.float64(353.4837337747154)
12.4722 	EXP 	rot_line_precue: ori = np.float64(353.90141552345244)
12.4805 	EXP 	rot_line_precue: ori = np.float64(354.4154195412868)
12.4887 	EXP 	rot_line_precue: ori = np.float64(354.78160005618133)
12.4972 	EXP 	rot_line_precue: ori = np.float64(355.2395429901632)
12.5053 	EXP 	rot_line_precue: ori = np.float64(356.00057969207114)
12.5135 	EXP 	rot_line_precue: ori = np.float64(356.29671602393285)
12.5218 	EXP 	rot_line_precue: ori = np.float64(356.64143342093377)
12.5301 	EXP 	rot_line_precue: ori = np.float64(357.04636796387825)
12.5386 	EXP 	rot_line_precue: ori = np.float64(357.3618265772953)
12.5468 	EXP 	rot_line_precue: ori = np.float64(357.6724793168402)
12.5553 	EXP 	rot_line_precue: ori = np.float64(357.97793054899444)
12.5636 	EXP 	rot_line_precue: ori = np.float64(358.27510726131555)
12.5719 	EXP 	rot_line_precue: ori = np.float64(358.5869847155649)
12.5809 	EXP 	rot_line_precue: ori = np.float64(358.98821931068363)
12.5886 	EXP 	rot_line_precue: ori = np.float64(359.4727692278956)
12.5977 	EXP 	rot_line_precue: ori = np.float64(0.1814913810029566)
12.6056 	EXP 	rot_line_precue: ori = np.float64(0.539061055838485)
12.6140 	EXP 	rot_line_precue: ori = np.float64(1.1569805030218236)
12.6225 	EXP 	rot_line_precue: ori = np.float64(1.5203963886666425)
12.6307 	EXP 	rot_line_precue: ori = np.float64(2.192892350506658)
12.6389 	EXP 	rot_line_precue: ori = np.float64(2.5419680756287812)
12.6470 	EXP 	rot_line_precue: ori = np.float64(2.9845849678461183)
12.6555 	EXP 	rot_line_precue: ori = np.float64(3.377648768790322)
12.6645 	EXP 	rot_line_precue: ori = np.float64(3.704257095247862)
12.6720 	EXP 	rot_line_precue: ori = np.float64(4.019851904636032)
12.6806 	EXP 	rot_line_precue: ori = np.float64(4.333165634801676)
12.6887 	EXP 	rot_line_precue: ori = np.float64(4.998866611077549)
12.6969 	EXP 	rot_line_precue: ori = np.float64(5.4622795766998)
12.7058 	EXP 	rot_line_precue: ori = np.float64(6.159155669666923)
12.7137 	EXP 	rot_line_precue: ori = np.float64(6.457575649841014)
12.7220 	EXP 	rot_line_precue: ori = np.float64(6.760271181745084)
12.7308 	EXP 	rot_line_precue: ori = np.float64(7.073314382461987)
12.7387 	EXP 	rot_line_precue: ori = np.float64(7.395578961744239)
12.7469 	EXP 	rot_line_precue: ori = np.float64(7.709320995915104)
12.7553 	EXP 	rot_line_precue: ori = np.float64(8.159121708156515)
12.7637 	EXP 	rot_line_precue: ori = np.float64(8.798311993873911)
12.7721 	EXP 	rot_line_precue: ori = np.float64(9.123818801279494)
12.7804 	EXP 	rot_line_precue: ori = np.float64(9.476385153323235)
12.7891 	EXP 	rot_line_precue: ori = np.float64(9.798577208017035)
12.7974 	EXP 	rot_line_precue: ori = np.float64(10.118593060968795)
12.8059 	EXP 	rot_line_precue: ori = np.float64(10.418807195112274)
12.8142 	EXP 	rot_line_precue: ori = np.float64(10.746780834542006)
12.8222 	EXP 	rot_line_precue: ori = np.float64(11.15227952108974)
12.8308 	EXP 	rot_line_precue: ori = np.float64(11.487055550959923)
12.8391 	EXP 	rot_line_precue: ori = np.float64(12.046822766427983)
12.8471 	EXP 	rot_line_precue: ori = np.float64(12.384662685853206)
12.8552 	EXP 	rot_line_precue: ori = np.float64(12.694612050029612)
12.8635 	EXP 	rot_line_precue: ori = np.float64(13.086539166077996)
12.8720 	EXP 	rot_line_precue: ori = np.float64(13.404298955112274)
12.8801 	EXP 	rot_line_precue: ori = np.float64(13.734505514287076)
12.8884 	EXP 	rot_line_precue: ori = np.float64(14.032942969242036)
12.8969 	EXP 	rot_line_precue: ori = np.float64(14.340875532881267)
12.9052 	EXP 	rot_line_precue: ori = np.float64(14.753322525855879)
12.9135 	EXP 	rot_line_precue: ori = np.float64(15.093448207282794)
12.9220 	EXP 	rot_line_precue: ori = np.float64(15.575422812788942)
12.9302 	EXP 	rot_line_precue: ori = np.float64(16.086036694341782)
12.9386 	EXP 	rot_line_precue: ori = np.float64(16.392611229510237)
12.9471 	EXP 	rot_line_precue: ori = np.float64(17.0120408398456)
12.9555 	EXP 	rot_line_precue: ori = np.float64(17.443681779119718)
12.9642 	EXP 	rot_line_precue: ori = np.float64(17.80776709903666)
12.9725 	EXP 	rot_line_precue: ori = np.float64(18.13633368236886)
12.9814 	EXP 	rot_line_precue: ori = np.float64(18.86611036772316)
12.9900 	EXP 	rot_line_precue: ori = np.float64(19.164181564388418)
12.9970 	EXP 	rot_line_precue: ori = np.float64(19.741366758195277)
13.0057 	EXP 	rot_line_precue: ori = np.float64(20.065977706452518)
13.0137 	EXP 	rot_line_precue: ori = np.float64(20.76238845894225)
13.0222 	EXP 	rot_line_precue: ori = np.float64(21.093778780955176)
13.0303 	EXP 	rot_line_precue: ori = np.float64(21.51435980435072)
13.0386 	EXP 	rot_line_precue: ori = np.float64(21.83822498020329)
13.0468 	EXP 	rot_line_precue: ori = np.float64(22.32773486424943)
13.0554 	EXP 	rot_line_precue: ori = np.float64(22.663046373508443)
13.0635 	EXP 	rot_line_precue: ori = np.float64(23.13045596112455)
13.0719 	EXP 	rot_line_precue: ori = np.float64(23.827702907137933)
13.0803 	EXP 	rot_line_precue: ori = np.float64(24.212276587474328)
13.0887 	EXP 	rot_line_precue: ori = np.float64(24.76888777982803)
13.0969 	EXP 	rot_line_precue: ori = np.float64(25.57217627588031)
13.1054 	EXP 	rot_line_precue: ori = np.float64(26.10412438176155)
13.1144 	EXP 	rot_line_precue: ori = np.float64(26.41170545248056)
13.1219 	EXP 	rot_line_precue: ori = np.float64(26.742245745203185)
13.1305 	EXP 	rot_line_precue: ori = np.float64(27.106285597568917)
13.1388 	EXP 	rot_line_precue: ori = np.float64(27.547105762422746)
13.1471 	EXP 	rot_line_precue: ori = np.float64(27.854929470618877)
13.1556 	EXP 	rot_line_precue: ori = np.float64(28.180333413380133)
13.1639 	EXP 	rot_line_precue: ori = np.float64(28.506020472757722)
13.1726 	EXP 	rot_line_precue: ori = np.float64(29.03814647379637)
13.1809 	EXP 	rot_line_precue: ori = np.float64(29.36705517978751)
13.1890 	EXP 	rot_line_precue: ori = np.float64(29.676816760961415)
13.1970 	EXP 	rot_line_precue: ori = np.float64(29.993893302437318)
13.2055 	EXP 	rot_line_precue: ori = np.float64(30.3145513772973)
13.2145 	EXP 	rot_line_precue: ori = np.float64(30.73998850892861)
13.2220 	EXP 	rot_line_precue: ori = np.float64(31.181397270966137)
13.2303 	EXP 	rot_line_precue: ori = np.float64(31.821391932734954)
13.2387 	EXP 	rot_line_precue: ori = np.float64(32.203692128562444)
13.2470 	EXP 	rot_line_precue: ori = np.float64(32.5153395736409)
13.2552 	EXP 	rot_line_precue: ori = np.float64(32.94976768011162)
13.2643 	EXP 	rot_line_precue: ori = np.float64(33.34583322479874)
13.2653 	EXP 	New trial (rep=2, index=4): <Trial 4 (4 in rep 2) data={'pic_name': 'pics/none.JPG', 'class_mi': 'rest', 'thisN': 4, 'thisTrialN': 4, 'thisRepN': 2}>
13.2720 	EXP 	hor_line_precue: autoDraw = False
13.2720 	EXP 	ver_line_precue: autoDraw = False
13.2720 	EXP 	rot_line_precue: autoDraw = False
13.2720 	EXP 	rot_line_precue: ori = np.float64(33.73279552517715)
13.2720 	EXP 	point_left: autoDraw = False
13.2720 	EXP 	hor_line_precue: autoDraw = False
13.2720 	EXP 	ver_line_precue: autoDraw = False
13.2720 	EXP 	rot_line_precue: autoDraw = False
13.2720 	EXP 	point_left: autoDraw = False
13.2720 	EXP 	hor_line_precue: autoDraw = True
13.2720 	EXP 	ver_line_precue: autoDraw = True
13.2720 	EXP 	rot_line_precue: autoDraw = True
13.2720 	EXP 	rot_line_precue: ori = np.float64(34.05098783993099)
13.2720 	EXP 	point_left: autoDraw = True
13.2802 	EXP 	rot_line_precue: ori = np.float64(34.56487833658882)
13.2885 	EXP 	rot_line_precue: ori = np.float64(34.925091005040386)
13.2969 	EXP 	rot_line_precue: ori = np.float64(35.293126789431895)
13.3053 	EXP 	rot_line_precue: ori = np.float64(35.59466303127817)
13.3142 	EXP 	rot_line_precue: ori = np.float64(36.05556951220325)
13.3223 	EXP 	rot_line_precue: ori = np.float64(36.39765370937532)
13.3309 	EXP 	rot_line_precue: ori = np.float64(36.788603362105064)
13.3398 	EXP 	rot_line_precue: ori = np.float64(37.17252531475868)
13.3474 	EXP 	rot_line_precue: ori = np.float64(37.55794796928537)
13.3556 	EXP 	rot_line_precue: ori = np.float64(37.87913307538617)
13.3642 	EXP 	rot_line_precue: ori = np.float64(38.51358119309752)
13.3723 	EXP 	rot_line_precue: ori = np.float64(38.83462624905929)
13.3803 	EXP 	rot_line_precue: ori = np.float64(39.14930709174595)
13.3886 	EXP 	rot_line_precue: ori = np.float64(39.73246893401055)
13.3970 	EXP 	rot_line_precue: ori = np.float64(40.07900836814409)
13.4053 	EXP 	rot_line_precue: ori = np.float64(40.60562981606747)
13.4135 	EXP 	rot_line_precue: ori = np.float64(40.90994325329252)
13.4219 	EXP 	rot_line_precue: ori = np.float64(41.34327159396454)
13.4301 	EXP 	rot_line_precue: ori = np.float64(41.67538361349227)
13.4385 	EXP 	rot_line_precue: ori = np.float64(42.376457833379924)
13.4470 	EXP 	rot_line_precue: ori = np.float64(42.78404496658386)
13.4552 	EXP 	rot_line_precue: ori = np.float64(43.179389862342155)
13.4636 	EXP 	rot_line_precue: ori = np.float64(43.49608822905002)
13.4719 	EXP 	rot_line_precue: ori = np.float64(43.79604423309707)
13.4805 	EXP 	rot_line_precue: ori = np.float64(44.25454981563612)
13.4891 	EXP 	rot_line_precue: ori = np.float64(44.58112967799459)
13.4974 	EXP 	rot_line_precue: ori = np.float64(45.08685994712475)
13.5055 	EXP 	rot_line_precue: ori = np.float64(45.38975228183069)
13.5136 	EXP 	rot_line_precue: ori = np.float64(45.68798669221588)
13.5222 	EXP 	rot_line_precue: ori = np.float64(46.020060416375884)
13.5312 	EXP 	rot_line_precue: ori = np.float64(46.33757374502731)
13.5388 	EXP 	rot_line_precue: ori = np.float64(46.63328070594851)
13.5484 	EXP 	rot_line_precue: ori = np.float64(47.03042382880622)
13.5555 	EXP 	rot_line_precue: ori = np.float64(47.367534453692876)
13.5638 	EXP 	rot_line_precue: ori = np.float64(47.67386267372532)
13.5719 	EXP 	rot_line_precue: ori = np.float64(48.13481891112753)
13.5804 	EXP 	rot_line_precue: ori = np.float64(48.46323156277238)
13.5887 	EXP 	rot_line_precue: ori = np.float64(48.84843559101225)
13.5969 	EXP 	rot_line_precue: ori = np.float64(49.161821703077926)
13.6053 	EXP 	rot_line_precue: ori = np.float64(49.45826320467324)
13.6136 	EXP 	rot_line_precue: ori = np.float64(49.89268653930311)
13.6219 	EXP 	rot_line_precue: ori = np.float64(50.66874348979368)
13.6303 	EXP 	rot_line_precue: ori = np.float64(51.00473422892579)
13.6386 	EXP 	rot_line_precue: ori = np.float64(51.323655946503564)
13.6470 	EXP 	rot_line_precue: ori = np.float64(52.12816388094792)
13.6556 	EXP 	rot_line_precue: ori = np.float64(52.42353979721454)
13.6639 	EXP 	rot_line_precue: ori = np.float64(52.843139244864496)
13.6720 	EXP 	rot_line_precue: ori = np.float64(53.352034989041464)
13.6804 	EXP 	rot_line_precue: ori = np.float64(53.66090713475578)
13.6888 	EXP 	rot_line_precue: ori = np.float64(54.103739410842046)
13.6978 	EXP 	rot_line_precue: ori = np.float64(54.44537097912496)
13.7057 	EXP 	rot_line_precue: ori = np.float64(54.78594068405045)
13.7140 	EXP 	rot_line_precue: ori = np.float64(55.11542389412262)
13.7221 	EXP 	rot_line_precue: ori = np.float64(55.51466566067247)
13.7302 	EXP 	rot_line_precue: ori = np.float64(55.83290916316733)
13.7388 	EXP 	rot_line_precue: ori = np.float64(56.17447556323109)
13.7470 	EXP 	rot_line_precue: ori = np.float64(56.73941537964127)
13.7552 	EXP 	rot_line_precue: ori = np.float64(57.08846611433622)
13.7638 	EXP 	rot_line_precue: ori = np.float64(57.47958495371221)
13.7720 	EXP 	rot_line_precue: ori = np.float64(57.86422185294248)
13.7802 	EXP 	rot_line_precue: ori = np.float64(58.29334038581379)
13.7888 	EXP 	rot_line_precue: ori = np.float64(58.64474692837163)
13.7969 	EXP 	rot_line_precue: ori = np.float64(58.98590575313828)
13.8052 	EXP 	rot_line_precue: ori = np.float64(59.33108966659408)
13.8143 	EXP 	rot_line_precue: ori = np.float64(59.662083719420906)
13.8221 	EXP 	rot_line_precue: ori = np.float64(60.03187982032087)
13.8308 	EXP 	rot_line_precue: ori = np.float64(60.38175338600344)
13.8389 	EXP 	rot_line_precue: ori = np.float64(60.695516999228836)
13.8472 	EXP 	rot_line_precue: ori = np.float64(61.03994986919212)
13.8553 	EXP 	rot_line_precue: ori = np.float64(61.37240965399617)
13.8639 	EXP 	rot_line_precue: ori = np.float64(61.69553546787942)
13.8724 	EXP 	rot_line_precue: ori = np.float64(62.04972663238165)
13.8808 	EXP 	rot_line_precue: ori = np.float64(62.568544244329324)
13.8890 	EXP 	rot_line_precue: ori = np.float64(62.893344327715376)
13.8972 	EXP 	rot_line_precue: ori = np.float64(63.206264991593116)
13.9055 	EXP 	rot_line_precue: ori = np.float64(63.527705798921545)
13.9135 	EXP 	rot_line_precue: ori = np.float64(63.864688895591925)
13.9221 	EXP 	rot_line_precue: ori = np.float64(64.27264673278006)
13.9304 	EXP 	rot_line_precue: ori = np.float64(64.76810771046819)
13.9386 	EXP 	rot_line_precue: ori = np.float64(65.11087207590566)
13.9470 	EXP 	rot_line_precue: ori = np.float64(65.43601753346427)
13.9554 	EXP 	rot_line_precue: ori = np.float64(65.96743408649718)
13.9636 	EXP 	rot_line_precue: ori = np.float64(66.33224377894308)
13.9720 	EXP 	rot_line_precue: ori = np.float64(66.66717235429743)
13.9803 	EXP 	rot_line_precue: ori = np.float64(66.96817314000053)
13.9889 	EXP 	rot_line_precue: ori = np.float64(67.28552129058707)
13.9972 	EXP 	rot_line_precue: ori = np.float64(67.63138102119304)
14.0056 	EXP 	rot_line_precue: ori = np.float64(67.93594405330877)
14.0137 	EXP 	rot_line_precue: ori = np.float64(68.2559914788886)
14.0225 	EXP 	rot_line_precue: ori = np.float64(68.82030966897727)
14.0303 	EXP 	rot_line_precue: ori = np.float64(69.3790600082912)
14.0387 	EXP 	rot_line_precue: ori = np.float64(69.84821406351278)
14.0474 	EXP 	rot_line_precue: ori = np.float64(70.1614300416764)
14.0557 	EXP 	rot_line_precue: ori = np.float64(70.55711962916679)
14.0642 	EXP 	rot_line_precue: ori = np.float64(70.92084382358553)
14.0724 	EXP 	rot_line_precue: ori = np.float64(71.26058159506925)
14.0804 	EXP 	rot_line_precue: ori = np.float64(71.5619283340239)
14.0887 	EXP 	rot_line_precue: ori = np.float64(71.93872350541665)
14.0973 	EXP 	rot_line_precue: ori = np.float64(72.2968002287657)
14.1054 	EXP 	rot_line_precue: ori = np.float64(72.63393555790717)
14.1136 	EXP 	rot_line_precue: ori = np.float64(73.40033156739862)
14.1219 	EXP 	rot_line_precue: ori = np.float64(73.93548089952165)
14.1303 	EXP 	rot_line_precue: ori = np.float64(74.25769430182022)
14.1386 	EXP 	rot_line_precue: ori = np.float64(74.5842577876143)
14.1469 	EXP 	rot_line_precue: ori = np.float64(74.99211142465597)
14.1552 	EXP 	rot_line_precue: ori = np.float64(75.34734688090205)
14.1643 	EXP 	rot_line_precue: ori = np.float64(75.83166761396718)
14.1720 	EXP 	rot_line_precue: ori = np.float64(76.48962242122201)
14.1806 	EXP 	rot_line_precue: ori = np.float64(77.23878325429656)
14.1889 	EXP 	rot_line_precue: ori = np.float64(77.71318028147003)
14.1975 	EXP 	rot_line_precue: ori = np.float64(78.10326867749788)
14.2056 	EXP 	rot_line_precue: ori = np.float64(78.44874331245802)
14.2145 	EXP 	rot_line_precue: ori = np.float64(78.75788456898204)
14.2225 	EXP 	rot_line_precue: ori = np.float64(79.07681880004094)
14.2306 	EXP 	rot_line_precue: ori = np.float64(79.62021455581706)
14.2390 	EXP 	rot_line_precue: ori = np.float64(79.95948989820238)
14.2470 	EXP 	rot_line_precue: ori = np.float64(80.26623135668797)
14.2555 	EXP 	rot_line_precue: ori = np.float64(80.70039096603018)
14.2640 	EXP 	rot_line_precue: ori = np.float64(81.15514823865617)
14.2720 	EXP 	rot_line_precue: ori = np.float64(81.46745289564528)
14.2803 	EXP 	rot_line_precue: ori = np.float64(81.76700634342824)
14.2888 	EXP 	rot_line_precue: ori = np.float64(82.11069057808545)
14.2969 	EXP 	rot_line_precue: ori = np.float64(82.46549743652949)
14.3052 	EXP 	rot_line_precue: ori = np.float64(83.05159524371483)
14.3137 	EXP 	rot_line_precue: ori = np.float64(83.61878567909632)
14.3220 	EXP 	rot_line_precue: ori = np.float64(84.13341056151395)
14.3303 	EXP 	rot_line_precue: ori = np.float64(84.56134321075108)
14.3389 	EXP 	rot_line_precue: ori = np.float64(85.00330181422542)
14.3473 	EXP 	rot_line_precue: ori = np.float64(85.30698878670299)
14.3555 	EXP 	rot_line_precue: ori = np.float64(85.70510275355497)
14.3640 	EXP 	rot_line_precue: ori = np.float64(86.02530091477972)
14.3723 	EXP 	rot_line_precue: ori = np.float64(86.34833796527928)
14.3810 	EXP 	rot_line_precue: ori = np.float64(86.73317381434748)
14.3897 	EXP 	rot_line_precue: ori = np.float64(87.21843246449932)
14.3977 	EXP 	rot_line_precue: ori = np.float64(87.52852639155924)
14.4054 	EXP 	rot_line_precue: ori = np.float64(87.89587847457229)
14.4140 	EXP 	rot_line_precue: ori = np.float64(88.21200354801618)
14.4221 	EXP 	rot_line_precue: ori = np.float64(88.57789094927085)
14.4303 	EXP 	rot_line_precue: ori = np.float64(88.99632220176952)
14.4385 	EXP 	rot_line_precue: ori = np.float64(89.34158050685281)
14.4471 	EXP 	rot_line_precue: ori = np.float64(89.70160108834251)
14.4553 	EXP 	rot_line_precue: ori = np.float64(90.22163678609893)
14.4636 	EXP 	rot_line_precue: ori = np.float64(90.57058223387769)
14.4720 	EXP 	rot_line_precue: ori = np.float64(90.99023314402471)
14.4811 	EXP 	rot_line_precue: ori = np.float64(91.30116067174133)
14.4885 	EXP 	rot_line_precue: ori = np.float64(91.65652634157857)
14.4970 	EXP 	rot_line_precue: ori = np.float64(92.04752982658506)
14.5057 	EXP 	rot_line_precue: ori = np.float64(92.49103099899668)
14.5136 	EXP 	rot_line_precue: ori = np.float64(93.05752670448561)
14.5226 	EXP 	rot_line_precue: ori = np.float64(93.56620085576779)
14.5304 	EXP 	rot_line_precue: ori = np.float64(93.98435891903429)
14.5387 	EXP 	rot_line_precue: ori = np.float64(94.34071706674028)
14.5473 	EXP 	rot_line_precue: ori = np.float64(94.64004769700489)
14.5563 	EXP 	rot_line_precue: ori = np.float64(94.95156068624173)
14.5637 	EXP 	rot_line_precue: ori = np.float64(95.605784125499)
14.5723 	EXP 	rot_line_precue: ori = np.float64(96.02910680941973)
14.5807 	EXP 	rot_line_precue: ori = np.float64(96.33699887650394)
14.5887 	EXP 	rot_line_precue: ori = np.float64(96.6363687938225)
14.5973 	EXP 	rot_line_precue: ori = np.float64(96.98546928895452)
14.6054 	EXP 	rot_line_precue: ori = np.float64(97.48486896768604)
14.6138 	EXP 	rot_line_precue: ori = np.float64(97.80593252900188)
14.6220 	EXP 	rot_line_precue: ori = np.float64(98.15870376853157)
14.6304 	EXP 	rot_line_precue: ori = np.float64(98.54369495677722)
14.6386 	EXP 	rot_line_precue: ori = np.float64(98.85352006645606)
14.6469 	EXP 	rot_line_precue: ori = np.float64(99.16542682366008)
14.6554 	EXP 	rot_line_precue: ori = np.float64(99.55712221577339)
14.6645 	EXP 	rot_line_precue: ori = np.float64(99.86019871407002)
14.6719 	EXP 	rot_line_precue: ori = np.float64(100.16048339384353)
14.6804 	EXP 	rot_line_precue: ori = np.float64(100.46088295548083)
14.6886 	EXP 	rot_line_precue: ori = np.float64(100.80292546670633)
14.6969 	EXP 	rot_line_precue: ori = np.float64(101.17931388415057)
14.7055 	EXP 	rot_line_precue: ori = np.float64(101.48370767342395)
14.7136 	EXP 	rot_line_precue: ori = np.float64(101.80382434574376)
14.7221 	EXP 	rot_line_precue: ori = np.float64(102.42717035805303)
14.7315 	EXP 	rot_line_precue: ori = np.float64(102.72984506672773)
14.7391 	EXP 	rot_line_precue: ori = np.float64(103.04739675314246)
14.7476 	EXP 	rot_line_precue: ori = np.float64(103.38600845965051)
14.7558 	EXP 	rot_line_precue: ori = np.float64(103.68856565388073)
14.7638 	EXP 	rot_line_precue: ori = np.float64(104.2990489065206)
14.7731 	EXP 	rot_line_precue: ori = np.float64(104.74685283270446)
14.7806 	EXP 	rot_line_precue: ori = np.float64(105.331472646634)
14.7889 	EXP 	rot_line_precue: ori = np.float64(105.62990531520684)
14.7971 	EXP 	rot_line_precue: ori = np.float64(106.0187348521487)
14.8053 	EXP 	rot_line_precue: ori = np.float64(106.41803715768478)
14.8137 	EXP 	rot_line_precue: ori = np.float64(106.74730516563976)
14.8220 	EXP 	rot_line_precue: ori = np.float64(107.11446482669288)
14.8302 	EXP 	rot_line_precue: ori = np.float64(107.54691973934436)
14.8385 	EXP 	rot_line_precue: ori = np.float64(107.87578345887357)
14.8479 	EXP 	rot_line_precue: ori = np.float64(108.22921940003042)
14.8553 	EXP 	rot_line_precue: ori = np.float64(108.66588584475957)
14.8643 	EXP 	rot_line_precue: ori = np.float64(108.98490498429163)
14.8718 	EXP 	rot_line_precue: ori = np.float64(109.43155448564127)
14.8803 	EXP 	rot_line_precue: ori = np.float64(109.7879647614515)
14.8886 	EXP 	rot_line_precue: ori = np.float64(110.13777318353671)
14.8974 	EXP 	rot_line_precue: ori = np.float64(110.43446674020264)
14.9053 	EXP 	rot_line_precue: ori = np.float64(110.75239471768845)
14.9140 	EXP 	rot_line_precue: ori = np.float64(111.15211614934303)
14.9223 	EXP 	rot_line_precue: ori = np.float64(111.543441937618)
14.9305 	EXP 	rot_line_precue: ori = np.float64(111.95192016496664)
14.9390 	EXP 	rot_line_precue: ori = np.float64(112.39371995448376)
14.9472 	EXP 	rot_line_precue: ori = np.float64(112.70771707010961)
14.9560 	EXP 	rot_line_precue: ori = np.float64(113.26520527110068)
14.9636 	EXP 	rot_line_precue: ori = np.float64(113.56132978448433)
14.9722 	EXP 	rot_line_precue: ori = np.float64(113.86083162144391)
14.9804 	EXP 	rot_line_precue: ori = np.float64(114.33666323176301)
14.9887 	EXP 	rot_line_precue: ori = np.float64(114.85897911996449)
14.9971 	EXP 	rot_line_precue: ori = np.float64(115.16850802268169)
15.0055 	EXP 	rot_line_precue: ori = np.float64(115.55378940381544)
15.0136 	EXP 	rot_line_precue: ori = np.float64(116.31408838667528)
15.0221 	EXP 	rot_line_precue: ori = np.float64(116.67399553335125)
15.0309 	EXP 	rot_line_precue: ori = np.float64(117.20412273431697)
15.0318 	EXP 	Device response: <KeyPress from None: t=15.027672500000335, value=escape, duration=None>
15.0326 	DATA 	Keypress: escape
15.0386 	EXP 	rot_line_precue: ori = np.float64(117.52228917446546)
15.0471 	EXP 	rot_line_precue: ori = np.float64(117.81949468811501)
15.0553 	EXP 	rot_line_precue: ori = np.float64(118.17978778930014)
15.0635 	EXP 	rot_line_precue: ori = np.float64(118.50085257363365)
15.0718 	EXP 	rot_line_precue: ori = np.float64(118.80566829959507)
15.0724 	EXP 	Device response: <KeyPress from None: t=15.027672500000335, value=escape, duration=0.038051900002756156>
15.0724 	EXP 	bci_racingteam: status = STOPPED
15.0807 	EXP 	rot_line_precue: ori = np.float64(119.42935351725318)
15.0807 	EXP 	hor_line_precue: autoDraw = False
15.0807 	EXP 	ver_line_precue: autoDraw = False
15.0807 	EXP 	rot_line_precue: autoDraw = False
15.0807 	EXP 	point_left: autoDraw = False
15.0809 	EXP 	bci_racingteam: status = STOPPED
