2.9482 	INFO 	Loaded monitor calibration from ['2025_05_09 18:17']
2.9513 	WARNING 	User requested fullscreen with size [1024  768], but screen is actually [2560, 1600]. Using actual size
3.0567 	INFO 	Using renderer 'AMD Radeon(TM) Graphics' for graphics
3.0568 	INFO 	OpenGL version supported by driver is 4..
3.1549 	EXP 	Created window1 = Window(allowGUI=False, allowStencil=False, autoLog=True, backendConf=UNKNOWN, backgroundFit=<method-wrapper '__getattribute__' of attributeSetter object at 0x0000023CAFE6FDC0>, backgroundImage=<method-wrapper '__getattribute__' of attributeSetter object at 0x0000023CAFE6FD60>, bitsMode=UNKNOWN, blendMode='avg', bpc=(8, 8, 8), color=array([0, 0, 0]), colorSpace='rgb', depthBits=8, fullscr=True, gamma=None, gammaErrorPolicy='raise', infoMsg=UNKNOWN, lms=UNKNOWN, monitor=<psychopy.monitors.calibTools.Monitor object at 0x0000023CAFF70DC0>, multiSample=False, name='window1', numSamples=2, pos=[np.float64(0.0), np.float64(0.0)], screen=0, size=array([2560, 1600]), stencilBits=0, stereo=False, title='PsychoPy', units='height', useFBO=True, useRetina=False, viewOri=0.0, viewPos=None, viewScale=None, waitBlanking=True, winType='pyglet')
3.1549 	EXP 	window1: backgroundImage = ''
3.1549 	EXP 	window1: backgroundFit = 'none'
3.5238 	EXP 	window1: Attempting to measure frame rate of screen (0) ...
3.5238 	EXP 	window1: recordFrameIntervals = False
3.6639 	EXP 	window1: recordFrameIntervals = True
4.4972 	EXP 	window1: recordFrameIntervals = False
4.4972 	EXP 	Screen (0) actual frame rate measured at 120.27Hz
4.6697 	INFO 	keyboard.Keyboard is using ptb backend.
4.6697 	EXP 	bci_circle: status = STARTED
4.7100 	EXP 	Created text_pre_block = TextStim(__class__=<class 'psychopy.visual.text.TextStim'>, alignHoriz=method-wrapper(...), alignText='center', alignVert=method-wrapper(...), anchorHoriz='center', anchorVert='center', antialias=True, autoDraw=False, autoLog=True, bold=False, color=array([1., 1., 1.]), colorSpace='rgb', contrast=1.0, depth=0.0, draggable=False, flipHoriz=False, flipVert=False, font='Arial', fontFiles=[], height=np.float64(0.05), italic=False, languageStyle='LTR', name='text_pre_block', opacity=1, ori=0.0, pos=array([0., 0.]), rgb=UNKNOWN, text='Press any key to start ...', units='height', win=Window(...), wrapWidth=1)
4.7109 	EXP 	Created text_wait_screen = TextStim(__class__=<class 'psychopy.visual.text.TextStim'>, alignHoriz=method-wrapper(...), alignText='center', alignVert=method-wrapper(...), anchorHoriz='center', anchorVert='center', antialias=True, autoDraw=False, autoLog=True, bold=False, color=array([1., 1., 1.]), colorSpace='rgb', contrast=1.0, depth=0.0, draggable=False, flipHoriz=False, flipVert=False, font='Arial', fontFiles=[], height=np.float64(0.05), italic=False, languageStyle='LTR', name='text_wait_screen', opacity=1, ori=0.0, pos=array([0., 0.]), rgb=UNKNOWN, text='', units='height', win=Window(...), wrapWidth=1)
4.7140 	EXP 	Created move_circle = ShapeStim(__class__=<class 'psychopy.visual.shape.ShapeStim'>, anchor=('center', 'center'), autoDraw=False, autoLog=True, closeShape=True, color=method-wrapper(...), colorSpace='rgb', contrast=None, depth=0.0, draggable=False, fillColor=array([0.9216, 0.9216, 0.9216]), fillColorSpace='rgb', fillRGB=array([0.9216, 0.9216, 0.9216]), interpolate=True, lineColor=array([1., 1., 1.]), lineColorSpace='rgb', lineRGB=array([1, 1, 1]), lineWidth=1.0, name='move_circle', opacity=1, ori=0.0, pos=array([0., 0.]), size=array([1., 1.]), units='height', vertices=ndarray(...), win=Window(...), windingRule=None)
4.7162 	EXP 	Created mi_circle = ShapeStim(__class__=<class 'psychopy.visual.shape.ShapeStim'>, anchor=('center', 'center'), autoDraw=False, autoLog=True, closeShape=True, color=method-wrapper(...), colorSpace='rgb', contrast=None, depth=-1.0, draggable=False, fillColor=array([0, 0, 0]), fillColorSpace='rgb', fillRGB=array([0, 0, 0]), interpolate=True, lineColor=array([ 1., -1., -1.]), lineColorSpace='rgb', lineRGB=array([ 1., -1., -1.]), lineWidth=6.0, name='mi_circle', opacity=1, ori=0.0, pos=array([0., 0.]), size=array([0.15, 0.15]), units='height', vertices=ndarray(...), win=Window(...), windingRule=None)
4.7193 	EXP 	Created image_mi = ImageStim(__class__=<class 'psychopy.visual.image.ImageStim'>, anchor=('center', 'center'), autoLog=True, color=array([1., 1., 1.]), colorSpace='rgb', contrast=1.0, depth=-3.0, draggable=False, flipHoriz=np.False_, flipVert=np.False_, image='default.png', interpolate=True, mask=None, maskParams=None, name='image_mi', opacity=1.0, ori=0.0, pos=array([0., 0.]), size=array([0.4, 0.4]), texRes=128.0, units='height', win=Window(...))
4.7243 	EXP 	Created text_run_break = TextStim(__class__=<class 'psychopy.visual.text.TextStim'>, alignHoriz=method-wrapper(...), alignText='center', alignVert=method-wrapper(...), anchorHoriz='center', anchorVert='center', antialias=True, autoDraw=False, autoLog=True, bold=False, color=array([1., 1., 1.]), colorSpace='rgb', contrast=1.0, depth=0.0, draggable=False, flipHoriz=False, flipVert=False, font='Arial', fontFiles=[], height=np.float64(0.05), italic=False, languageStyle='LTR', name='text_run_break', opacity=1, ori=0.0, pos=array([0., 0.]), rgb=UNKNOWN, text='Trial finished!', units='height', win=Window(...), wrapWidth=1)
4.7280 	EXP 	Created text_post_run = TextStim(__class__=<class 'psychopy.visual.text.TextStim'>, alignHoriz=method-wrapper(...), alignText='center', alignVert=method-wrapper(...), anchorHoriz='center', anchorVert='center', antialias=True, autoDraw=False, autoLog=True, bold=False, color=array([1., 1., 1.]), colorSpace='rgb', contrast=1.0, depth=0.0, draggable=False, flipHoriz=False, flipVert=False, font='Arial', fontFiles=[], height=np.float64(0.05), italic=False, languageStyle='LTR', name='text_post_run', opacity=1, ori=0.0, pos=array([0., 0.]), rgb=UNKNOWN, text='Run finished. Yupii!!', units='height', win=Window(...), wrapWidth=1)
0.0359 	INFO 	Keyboard events cleared
0.0358 	EXP 	text_pre_block: autoDraw = True
0.2281 	DATA 	Keypress: space
0.2402 	EXP 	Device response: <KeyPress from None: t=0.227327200002037, value=space, duration=None>
0.2405 	EXP 	New trial (rep=0, index=0): <Trial 0 (0 in rep 0) data={'thisN': 0, 'thisTrialN': 0, 'thisRepN': 0}>
0.2523 	EXP 	text_pre_block: autoDraw = False
0.2523 	EXP 	text_wait_screen: autoDraw = True
0.2855 	EXP 	Device response: <KeyPress from None: t=0.227327200002037, value=space, duration=0.053179900045506656>
3.2411 	EXP 	Imported classes.csv as conditions, 4 conditions, 2 params
3.2414 	EXP 	New trial (rep=0, index=0): <Trial 0 (0 in rep 0) data={'pic_name': 'pics/feet.JPG', 'class_mi': 'feet', 'thisN': 0, 'thisTrialN': 0, 'thisRepN': 0}>
3.2689 	EXP 	text_wait_screen: autoDraw = False
3.2689 	EXP 	text_wait_screen: autoDraw = False
3.2689 	EXP 	image_mi: image = 'pics/feet.JPG'
3.2689 	EXP 	move_circle: autoDraw = True
3.2689 	EXP 	mi_circle: autoDraw = True
3.2689 	EXP 	image_mi: autoDraw = True
9.9221 	EXP 	New trial (rep=0, index=1): <Trial 1 (1 in rep 0) data={'pic_name': 'pics/right_hand.JPG', 'class_mi': ' right_hand', 'thisN': 1, 'thisTrialN': 1, 'thisRepN': 0}>
9.9295 	EXP 	move_circle: autoDraw = False
9.9295 	EXP 	mi_circle: autoDraw = False
9.9295 	EXP 	image_mi: autoDraw = False
9.9295 	EXP 	image_mi: image = 'pics/right_hand.JPG'
9.9295 	EXP 	move_circle: autoDraw = True
9.9295 	EXP 	mi_circle: autoDraw = True
9.9295 	EXP 	image_mi: autoDraw = True
16.5823 	EXP 	New trial (rep=1, index=2): <Trial 2 (2 in rep 1) data={'pic_name': 'pics/right_hand.JPG', 'class_mi': ' right_hand', 'thisN': 2, 'thisTrialN': 2, 'thisRepN': 1}>
16.5895 	EXP 	move_circle: autoDraw = False
16.5895 	EXP 	mi_circle: autoDraw = False
16.5895 	EXP 	image_mi: autoDraw = False
16.5895 	EXP 	image_mi: image = 'pics/right_hand.JPG'
16.5895 	EXP 	move_circle: autoDraw = True
16.5895 	EXP 	mi_circle: autoDraw = True
16.5895 	EXP 	image_mi: autoDraw = True
18.5992 	EXP 	Device response: <KeyPress from None: t=18.592434699996375, value=escape, duration=None>
18.6001 	DATA 	Keypress: escape
18.6403 	EXP 	Device response: <KeyPress from None: t=18.592434699996375, value=escape, duration=0.04021370003465563>
18.6403 	EXP 	bci_circle: status = STOPPED
18.6487 	EXP 	move_circle: autoDraw = False
18.6487 	EXP 	mi_circle: autoDraw = False
18.6487 	EXP 	image_mi: autoDraw = False
18.6488 	EXP 	bci_circle: status = STOPPED
18.6566 	INFO 	saved data to 'D:\\STUDIUM\\TU\\Mirage91\\Brain-Computer Interface Conference\\Code\\data\\218535_bci_circle_2026-06-23_13h28.12.375.csv'
18.6581 	INFO 	saved data to D:\STUDIUM\TU\Mirage91\Brain-Computer Interface Conference\Code\data\218535_bci_circle_2026-06-23_13h28.12.375.psydat
18.8537 	WARNING 	Stopping key buffers but this could be dangerous ifother keyboards rely on the same.
