2.9148 	INFO 	Loaded monitor calibration from ['2025_05_09 18:17']
2.9217 	WARNING 	User requested fullscreen with size [1024  768], but screen is actually [2560, 1600]. Using actual size
3.0365 	INFO 	Using renderer 'AMD Radeon(TM) Graphics' for graphics
3.0366 	INFO 	OpenGL version supported by driver is 4..
3.1331 	EXP 	Created window1 = Window(allowGUI=False, allowStencil=False, autoLog=True, backendConf=UNKNOWN, backgroundFit=<method-wrapper '__getattribute__' of attributeSetter object at 0x0000022C1BC93040>, backgroundImage=<method-wrapper '__getattribute__' of attributeSetter object at 0x0000022C1BC92FE0>, bitsMode=UNKNOWN, blendMode='avg', bpc=(8, 8, 8), color=array([0, 0, 0]), colorSpace='rgb', depthBits=8, fullscr=True, gamma=None, gammaErrorPolicy='raise', infoMsg=UNKNOWN, lms=UNKNOWN, monitor=<psychopy.monitors.calibTools.Monitor object at 0x0000022C1BDA4040>, multiSample=False, name='window1', numSamples=2, pos=[np.float64(0.0), np.float64(0.0)], screen=0, size=array([2560, 1600]), stencilBits=0, stereo=False, title='PsychoPy', units='height', useFBO=True, useRetina=False, viewOri=0.0, viewPos=None, viewScale=None, waitBlanking=True, winType='pyglet')
3.1331 	EXP 	window1: backgroundImage = ''
3.1331 	EXP 	window1: backgroundFit = 'none'
3.5362 	EXP 	window1: Attempting to measure frame rate of screen (0) ...
3.5362 	EXP 	window1: recordFrameIntervals = False
3.6778 	EXP 	window1: recordFrameIntervals = True
4.5113 	EXP 	window1: recordFrameIntervals = False
4.5113 	EXP 	Screen (0) actual frame rate measured at 120.16Hz
4.6818 	INFO 	keyboard.Keyboard is using ptb backend.
4.6819 	EXP 	bci_circle: status = STARTED
4.7210 	EXP 	Created text_pre_block = TextStim(__class__=<class 'psychopy.visual.text.TextStim'>, alignHoriz=method-wrapper(...), alignText='center', alignVert=method-wrapper(...), anchorHoriz='center', anchorVert='center', antialias=True, autoDraw=False, autoLog=True, bold=False, color=array([1., 1., 1.]), colorSpace='rgb', contrast=1.0, depth=0.0, draggable=False, flipHoriz=False, flipVert=False, font='Arial', fontFiles=[], height=np.float64(0.05), italic=False, languageStyle='LTR', name='text_pre_block', opacity=1, ori=0.0, pos=array([0., 0.]), rgb=UNKNOWN, text='Press any key to start ...', units='height', win=Window(...), wrapWidth=1)
4.7219 	EXP 	Created text_wait_screen = TextStim(__class__=<class 'psychopy.visual.text.TextStim'>, alignHoriz=method-wrapper(...), alignText='center', alignVert=method-wrapper(...), anchorHoriz='center', anchorVert='center', antialias=True, autoDraw=False, autoLog=True, bold=False, color=array([1., 1., 1.]), colorSpace='rgb', contrast=1.0, depth=0.0, draggable=False, flipHoriz=False, flipVert=False, font='Arial', fontFiles=[], height=np.float64(0.05), italic=False, languageStyle='LTR', name='text_wait_screen', opacity=1, ori=0.0, pos=array([0., 0.]), rgb=UNKNOWN, text='', units='height', win=Window(...), wrapWidth=1)
4.7250 	EXP 	Created move_circle = ShapeStim(__class__=<class 'psychopy.visual.shape.ShapeStim'>, anchor=('center', 'center'), autoDraw=False, autoLog=True, closeShape=True, color=method-wrapper(...), colorSpace='rgb', contrast=None, depth=0.0, draggable=False, fillColor=array([0.9216, 0.9216, 0.9216]), fillColorSpace='rgb', fillRGB=array([0.9216, 0.9216, 0.9216]), interpolate=True, lineColor=array([1., 1., 1.]), lineColorSpace='rgb', lineRGB=array([1, 1, 1]), lineWidth=1.0, name='move_circle', opacity=1, ori=0.0, pos=array([0., 0.]), size=array([1., 1.]), units='height', vertices=ndarray(...), win=Window(...), windingRule=None)
4.7276 	EXP 	Created mi_circle = ShapeStim(__class__=<class 'psychopy.visual.shape.ShapeStim'>, anchor=('center', 'center'), autoDraw=False, autoLog=True, closeShape=True, color=method-wrapper(...), colorSpace='rgb', contrast=None, depth=-1.0, draggable=False, fillColor=array([0, 0, 0]), fillColorSpace='rgb', fillRGB=array([0, 0, 0]), interpolate=True, lineColor=array([ 0.0902, -1.    , -1.    ]), lineColorSpace='rgb', lineRGB=array([ 0.0902, -1.    , -1.    ]), lineWidth=8.0, name='mi_circle', opacity=1, ori=0.0, pos=array([0., 0.]), size=array([0.2, 0.2]), units='height', vertices=ndarray(...), win=Window(...), windingRule=None)
4.7324 	EXP 	Created text_run_break = TextStim(__class__=<class 'psychopy.visual.text.TextStim'>, alignHoriz=method-wrapper(...), alignText='center', alignVert=method-wrapper(...), anchorHoriz='center', anchorVert='center', antialias=True, autoDraw=False, autoLog=True, bold=False, color=array([1., 1., 1.]), colorSpace='rgb', contrast=1.0, depth=0.0, draggable=False, flipHoriz=False, flipVert=False, font='Arial', fontFiles=[], height=np.float64(0.05), italic=False, languageStyle='LTR', name='text_run_break', opacity=1, ori=0.0, pos=array([0., 0.]), rgb=UNKNOWN, text='Trial finished!', units='height', win=Window(...), wrapWidth=1)
4.7361 	EXP 	Created text_post_run = TextStim(__class__=<class 'psychopy.visual.text.TextStim'>, alignHoriz=method-wrapper(...), alignText='center', alignVert=method-wrapper(...), anchorHoriz='center', anchorVert='center', antialias=True, autoDraw=False, autoLog=True, bold=False, color=array([1., 1., 1.]), colorSpace='rgb', contrast=1.0, depth=0.0, draggable=False, flipHoriz=False, flipVert=False, font='Arial', fontFiles=[], height=np.float64(0.05), italic=False, languageStyle='LTR', name='text_post_run', opacity=1, ori=0.0, pos=array([0., 0.]), rgb=UNKNOWN, text='Run finished. Yupii!!', units='height', win=Window(...), wrapWidth=1)
0.0165 	INFO 	Keyboard events cleared
0.0164 	EXP 	text_pre_block: autoDraw = True
0.2605 	EXP 	Device response: <KeyPress from None: t=0.24473500001477078, value=space, duration=None>
0.2609 	EXP 	New trial (rep=0, index=0): <Trial 0 (0 in rep 0) data={'thisN': 0, 'thisTrialN': 0, 'thisRepN': 0}>
0.2618 	DATA 	Keypress: space
0.2714 	EXP 	text_pre_block: autoDraw = False
0.2714 	EXP 	text_wait_screen: autoDraw = True
0.3404 	EXP 	Device response: <KeyPress from None: t=0.24473500001477078, value=space, duration=0.09169549998478033>
3.2621 	EXP 	Imported classes.csv as conditions, 4 conditions, 2 params
3.2624 	EXP 	New trial (rep=0, index=0): <Trial 0 (0 in rep 0) data={'pic_name': 'pics/left_hand.JPG', 'class_mi': 'left_hand', 'thisN': 0, 'thisTrialN': 0, 'thisRepN': 0}>
3.2900 	EXP 	text_wait_screen: autoDraw = False
3.2900 	EXP 	text_wait_screen: autoDraw = False
3.2900 	EXP 	move_circle: autoDraw = True
3.2900 	EXP 	mi_circle: autoDraw = True
4.4747 	EXP 	Device response: <KeyPress from None: t=4.471555600001011, value=escape, duration=None>
4.4754 	DATA 	Keypress: escape
4.5331 	EXP 	Device response: <KeyPress from None: t=4.471555600001011, value=escape, duration=0.05666289999498986>
4.5331 	EXP 	bci_circle: status = STOPPED
4.5405 	EXP 	move_circle: autoDraw = False
4.5405 	EXP 	mi_circle: autoDraw = False
4.5406 	EXP 	bci_circle: status = STOPPED
4.5472 	INFO 	saved data to 'D:\\STUDIUM\\TU\\Mirage91\\Brain-Computer Interface Conference\\Code\\data\\220036_bci_circle_2026-06-17_16h19.09.090.csv'
4.5483 	INFO 	saved data to D:\STUDIUM\TU\Mirage91\Brain-Computer Interface Conference\Code\data\220036_bci_circle_2026-06-17_16h19.09.090.psydat
4.7231 	WARNING 	Stopping key buffers but this could be dangerous ifother keyboards rely on the same.
