5.8460 	WARNING 	Requested an unavailable screen number - using first available.
5.8487 	WARNING 	User requested fullscreen with size [1920 1080], but screen is actually [1707, 1067]. Using actual size
6.3270 	EXP 	Created window1 = Window(allowGUI=False, allowStencil=False, autoLog=True, backendConf=UNKNOWN, backgroundFit=<method-wrapper '__getattribute__' of attributeSetter object at 0x000001F61BBA0B80>, backgroundImage=<method-wrapper '__getattribute__' of attributeSetter object at 0x000001F61BBA0B20>, bitsMode=UNKNOWN, blendMode='avg', bpc=(8, 8, 8), color=array([0, 0, 0]), colorSpace='rgb', depthBits=8, fullscr=True, gamma=None, gammaErrorPolicy='raise', infoMsg=UNKNOWN, lms=UNKNOWN, monitor=<psychopy.monitors.calibTools.Monitor object at 0x000001F61BDE9870>, multiSample=False, name='window1', numSamples=2, pos=[np.float64(0.0), np.float64(0.0)], screen=1, size=array([1707, 1067]), stencilBits=0, stereo=False, title='PsychoPy', units='height', useFBO=True, useRetina=False, viewOri=0.0, viewPos=None, viewScale=None, waitBlanking=True, winType='pyglet')
6.3272 	EXP 	window1: backgroundImage = ''
6.3273 	EXP 	window1: backgroundFit = 'none'
7.1620 	EXP 	window1: Attempting to measure frame rate of screen (1) ...
7.1621 	EXP 	window1: recordFrameIntervals = False
7.2633 	EXP 	window1: recordFrameIntervals = True
8.0981 	EXP 	window1: recordFrameIntervals = False
8.0982 	EXP 	Screen (1) actual frame rate measured at 117.26Hz
13.3468 	EXP 	bci_racingteam: status = STARTED
13.5296 	EXP 	Created text_pre_block = TextStim(__class__=<class 'psychopy.visual.text.TextStim'>, alignHoriz=method-wrapper(...), alignText='center', alignVert=method-wrapper(...), anchorHoriz='center', anchorVert='center', antialias=True, autoDraw=False, autoLog=True, bold=False, color=array([1., 1., 1.]), colorSpace='rgb', contrast=1.0, depth=0.0, draggable=False, flipHoriz=False, flipVert=False, font='Open Sans', fontFiles=[], height=np.float64(0.05), italic=False, languageStyle='LTR', name='text_pre_block', opacity=1, ori=0.0, pos=array([0., 0.]), rgb=UNKNOWN, text='Press any key to start ...', units='height', win=Window(...), wrapWidth=1)
13.5319 	EXP 	Created text_2 = TextStim(__class__=<class 'psychopy.visual.text.TextStim'>, alignHoriz=method-wrapper(...), alignText='center', alignVert=method-wrapper(...), anchorHoriz='center', anchorVert='center', antialias=True, autoDraw=False, autoLog=True, bold=False, color=array([1., 1., 1.]), colorSpace='rgb', contrast=1.0, depth=0.0, draggable=False, flipHoriz=False, flipVert=False, font='Arial', fontFiles=[], height=np.float64(0.05), italic=False, languageStyle='LTR', name='text_2', opacity=1, ori=0.0, pos=array([0., 0.]), rgb=UNKNOWN, text='', units='height', win=Window(...), wrapWidth=1)
13.5368 	EXP 	Created hor_line_precue = Line(__class__=<class 'psychopy.visual.line.Line'>, anchor=('center', 'center'), autoDraw=False, autoLog=True, closeShape=False, color=array([1., 1., 1.]), colorSpace='rgb', contrast=None, depth=0.0, draggable=False, fillColor=array([1, 1, 1]), fillColorSpace='rgb', fillRGB=array([1, 1, 1]), interpolate=True, lineColor=array([1., 1., 1.]), lineColorSpace='rgb', lineRGB=array([1, 1, 1]), lineWidth=5.0, name='hor_line_precue', opacity=1, ori=-45.0, pos=array([0., 0.]), size=array([0.35, 0.35]), units='height', vertices=array([[-0.5, -0.5],
       [ 0.5,  0.5]]), win=Window(...), windingRule=None)
13.5396 	EXP 	Created ver_line_precue = Line(__class__=<class 'psychopy.visual.line.Line'>, anchor=('center', 'center'), autoDraw=False, autoLog=True, closeShape=False, color=array([1., 1., 1.]), colorSpace='rgb', contrast=None, depth=-1.0, draggable=False, fillColor=array([1, 1, 1]), fillColorSpace='rgb', fillRGB=array([1, 1, 1]), interpolate=True, lineColor=array([1., 1., 1.]), lineColorSpace='rgb', lineRGB=array([1, 1, 1]), lineWidth=5.0, name='ver_line_precue', opacity=1, ori=45.0, pos=array([0., 0.]), size=array([0.35, 0.35]), units='height', vertices=array([[-0.5, -0.5],
       [ 0.5,  0.5]]), win=Window(...), windingRule=None)
13.5421 	EXP 	Created rot_line_precue = Line(__class__=<class 'psychopy.visual.line.Line'>, anchor=('center', 'center'), autoDraw=False, autoLog=True, closeShape=False, color=array([1., 1., 1.]), colorSpace='rgb', contrast=None, depth=-2.0, draggable=False, fillColor=array([1, 1, 1]), fillColorSpace='rgb', fillRGB=array([1, 1, 1]), interpolate=True, lineColor=array([1., 1., 1.]), lineColorSpace='rgb', lineRGB=array([1, 1, 1]), lineWidth=5.0, name='rot_line_precue', opacity=1, ori=1.0, pos=array([0., 0.]), size=array([0.35, 0.35]), units='height', vertices=array([[-0.5, -0.5],
       [ 0.5,  0.5]]), win=Window(...), windingRule=None)
13.5469 	EXP 	Created point_left = ShapeStim(__class__=<class 'psychopy.visual.shape.ShapeStim'>, anchor=('center', 'center'), autoDraw=False, autoLog=True, closeShape=True, color=method-wrapper(...), colorSpace='rgb', contrast=None, depth=-4.0, draggable=False, fillColor=array([-1.    , -1.    ,  0.0902]), fillColorSpace='rgb', fillRGB=array([-1.    , -1.    ,  0.0902]), interpolate=True, lineColor=array([-1.    , -1.    ,  0.0902]), lineColorSpace='rgb', lineRGB=array([-1.    , -1.    ,  0.0902]), lineWidth=1.0, name='point_left', opacity=1, ori=0.0, pos=array([-0.25,  0.  ]), size=array([0.02, 0.02]), units='height', vertices=ndarray(...), win=Window(...), windingRule=None)
13.5519 	EXP 	Created point_right = ShapeStim(__class__=<class 'psychopy.visual.shape.ShapeStim'>, anchor=('center', 'center'), autoDraw=False, autoLog=True, closeShape=True, color=method-wrapper(...), colorSpace='rgb', contrast=None, depth=-5.0, draggable=False, fillColor=array([-1.    , -1.    ,  0.0902]), fillColorSpace='rgb', fillRGB=array([-1.    , -1.    ,  0.0902]), interpolate=True, lineColor=array([-1.    , -1.    ,  0.0902]), lineColorSpace='rgb', lineRGB=array([-1.    , -1.    ,  0.0902]), lineWidth=1.0, name='point_right', opacity=1, ori=0.0, pos=array([0.25, 0.  ]), size=array([0.02, 0.02]), units='height', vertices=ndarray(...), win=Window(...), windingRule=None)
13.5576 	EXP 	Created dot_precue = ShapeStim(__class__=<class 'psychopy.visual.shape.ShapeStim'>, anchor=('center', 'center'), autoDraw=False, autoLog=True, closeShape=True, color=method-wrapper(...), colorSpace='rgb', contrast=None, depth=-6.0, draggable=False, fillColor=array([1, 1, 1]), fillColorSpace='rgb', fillRGB=array([1, 1, 1]), interpolate=True, lineColor=array([1., 1., 1.]), lineColorSpace='rgb', lineRGB=array([1, 1, 1]), lineWidth=1.0, name='dot_precue', opacity=1, ori=0.0, pos=array([0., 0.]), size=array([0.02, 0.02]), units='height', vertices=ndarray(...), win=Window(...), windingRule=None)
13.5701 	EXP 	Created text = TextStim(__class__=<class 'psychopy.visual.text.TextStim'>, alignHoriz=method-wrapper(...), alignText='center', alignVert=method-wrapper(...), anchorHoriz='center', anchorVert='center', antialias=True, autoDraw=False, autoLog=True, bold=False, color=array([1., 1., 1.]), colorSpace='rgb', contrast=1.0, depth=0.0, draggable=False, flipHoriz=False, flipVert=False, font='Arial', fontFiles=[], height=np.float64(0.05), italic=False, languageStyle='LTR', name='text', opacity=1, ori=0.0, pos=array([0., 0.]), rgb=UNKNOWN, text='Run Finished', units='height', win=Window(...), wrapWidth=1)
13.5838 	EXP 	Created text_post_run = TextStim(__class__=<class 'psychopy.visual.text.TextStim'>, alignHoriz=method-wrapper(...), alignText='center', alignVert=method-wrapper(...), anchorHoriz='center', anchorVert='center', antialias=True, autoDraw=False, autoLog=True, bold=False, color=array([1., 1., 1.]), colorSpace='rgb', contrast=1.0, depth=0.0, draggable=False, flipHoriz=False, flipVert=False, font='Open Sans', fontFiles=[], height=np.float64(0.05), italic=False, languageStyle='LTR', name='text_post_run', opacity=1, ori=0.0, pos=array([0., 0.]), rgb=UNKNOWN, text='Block Finished. Yuhu!', units='height', win=Window(...), wrapWidth=1)
0.0186 	EXP 	rot_line_precue: ori = 0
0.0250 	EXP 	text_pre_block: autoDraw = True
0.2969 	EXP 	Device response: <KeyPress from None: t=0.28605919999972684, value=space, duration=None>
0.2982 	EXP 	New trial (rep=0, index=0): <Trial 0 (0 in rep 0) data={'thisN': 0, 'thisTrialN': 0, 'thisRepN': 0}>
0.3018 	DATA 	Keypress: space
0.3051 	EXP 	text_pre_block: autoDraw = False
0.3051 	EXP 	text_2: autoDraw = True
0.3382 	EXP 	Device response: <KeyPress from None: t=0.28605919999972684, value=space, duration=0.04456390000268584>
3.2994 	EXP 	Imported classes.csv as conditions, 3 conditions, 2 params
3.3001 	EXP 	New trial (rep=0, index=0): <Trial 0 (0 in rep 0) data={'pic_name': 'pics/feet.JPG', 'class_mi': 'feet', 'thisN': 0, 'thisTrialN': 0, 'thisRepN': 0}>
3.3098 	EXP 	text_2: autoDraw = False
3.3098 	EXP 	text_2: autoDraw = False
3.3098 	EXP 	hor_line_precue: autoDraw = True
3.3098 	EXP 	ver_line_precue: autoDraw = True
3.3098 	EXP 	rot_line_precue: autoDraw = True
3.3098 	EXP 	rot_line_precue: ori = 0.6905106733158577
3.3098 	EXP 	point_left: autoDraw = True
3.3098 	EXP 	point_right: autoDraw = True
3.3098 	EXP 	dot_precue: autoDraw = True
3.3164 	EXP 	rot_line_precue: ori = 1.0725460330778924
3.3221 	EXP 	rot_line_precue: ori = 1.3992847059682552
3.3299 	EXP 	rot_line_precue: ori = 1.7277624541155006
3.3382 	EXP 	rot_line_precue: ori = 2.129308276979927
3.3467 	EXP 	rot_line_precue: ori = 2.4714318809043814
3.3549 	EXP 	rot_line_precue: ori = 2.9314661448028803
3.3628 	EXP 	rot_line_precue: ori = 3.2372725717332527
3.3710 	EXP 	rot_line_precue: ori = 3.5349549018531614
3.3792 	EXP 	rot_line_precue: ori = 3.89366742496194
3.3875 	EXP 	rot_line_precue: ori = 4.294615304538894
3.3958 	EXP 	rot_line_precue: ori = 4.607480408123902
3.4040 	EXP 	rot_line_precue: ori = 5.047379646749458
3.4126 	EXP 	rot_line_precue: ori = 5.543550511572789
3.4208 	EXP 	rot_line_precue: ori = 6.011665506223688
3.4291 	EXP 	rot_line_precue: ori = 6.314554996101669
3.4377 	EXP 	rot_line_precue: ori = 6.622931066684764
3.4457 	EXP 	rot_line_precue: ori = 6.961863911363164
3.4542 	EXP 	rot_line_precue: ori = 7.459666385181786
3.4628 	EXP 	rot_line_precue: ori = 7.912718262205193
3.4706 	EXP 	rot_line_precue: ori = 8.514384971847166
3.4788 	EXP 	rot_line_precue: ori = 8.879882267732551
3.4872 	EXP 	rot_line_precue: ori = 9.188715086647555
3.4960 	EXP 	rot_line_precue: ori = 9.49191499068584
3.5039 	EXP 	rot_line_precue: ori = 9.92149319626904
3.5121 	EXP 	rot_line_precue: ori = 10.221726254756968
3.5208 	EXP 	rot_line_precue: ori = 10.73483637799001
3.5289 	EXP 	rot_line_precue: ori = 11.08621153045064
3.5375 	EXP 	rot_line_precue: ori = 11.468947282734089
3.5459 	EXP 	rot_line_precue: ori = 11.995199130206743
3.5545 	EXP 	rot_line_precue: ori = 12.376235249931355
3.5628 	EXP 	rot_line_precue: ori = 12.749256700059778
3.5712 	EXP 	rot_line_precue: ori = 13.175316849913163
3.5798 	EXP 	rot_line_precue: ori = 13.490718770023406
3.5878 	EXP 	rot_line_precue: ori = 13.788666635180798
3.5964 	EXP 	rot_line_precue: ori = 14.160252235877145
3.6048 	EXP 	rot_line_precue: ori = 14.484072171792022
3.6135 	EXP 	rot_line_precue: ori = 14.912937695870996
3.6213 	EXP 	rot_line_precue: ori = 15.545818358560167
3.6295 	EXP 	rot_line_precue: ori = 16.112286355181958
3.6374 	EXP 	rot_line_precue: ori = 16.430568451350247
3.6456 	EXP 	rot_line_precue: ori = 16.735654563451394
3.6543 	EXP 	rot_line_precue: ori = 17.202833213461105
3.6627 	EXP 	rot_line_precue: ori = 17.754501468277944
3.6707 	EXP 	rot_line_precue: ori = 18.126366813435297
3.6790 	EXP 	rot_line_precue: ori = 18.545327395607234
3.6873 	EXP 	rot_line_precue: ori = 18.938181424529358
3.6955 	EXP 	rot_line_precue: ori = 19.27494545325086
3.7043 	EXP 	rot_line_precue: ori = 19.602696160881788
3.7123 	EXP 	rot_line_precue: ori = 20.102317820075587
3.7215 	EXP 	rot_line_precue: ori = 20.433111560790586
3.7290 	EXP 	rot_line_precue: ori = 21.115162713500023
3.7376 	EXP 	rot_line_precue: ori = 21.902648956317805
3.7455 	EXP 	rot_line_precue: ori = 22.218326687044474
3.7539 	EXP 	rot_line_precue: ori = 22.54518615768293
3.7625 	EXP 	rot_line_precue: ori = 22.843820397048884
3.7703 	EXP 	rot_line_precue: ori = 23.47878488041075
3.7791 	EXP 	rot_line_precue: ori = 23.811228204563843
3.7878 	EXP 	rot_line_precue: ori = 24.157555073855118
3.7960 	EXP 	rot_line_precue: ori = 24.66943109003724
3.8048 	EXP 	rot_line_precue: ori = 24.990260331373882
3.8132 	EXP 	rot_line_precue: ori = 25.31130167018238
3.8218 	EXP 	rot_line_precue: ori = 25.702768111148195
3.8304 	EXP 	rot_line_precue: ori = 26.16531804123789
3.8392 	EXP 	rot_line_precue: ori = 26.81377911869962
3.8471 	EXP 	rot_line_precue: ori = 27.28514844756689
3.8550 	EXP 	rot_line_precue: ori = 27.604684915694857
3.8628 	EXP 	rot_line_precue: ori = 28.062181347437438
3.8707 	EXP 	rot_line_precue: ori = 28.467247114216907
3.8792 	EXP 	rot_line_precue: ori = 28.912928187228957
3.8876 	EXP 	rot_line_precue: ori = 29.330135596376273
3.8961 	EXP 	rot_line_precue: ori = 29.688201572718373
3.9044 	EXP 	rot_line_precue: ori = 30.047111844871583
3.9125 	EXP 	rot_line_precue: ori = 30.352208084915283
3.9208 	EXP 	rot_line_precue: ori = 30.77015243935658
3.9291 	EXP 	rot_line_precue: ori = 31.340294448898934
3.9377 	EXP 	rot_line_precue: ori = 31.647898479017197
3.9454 	EXP 	rot_line_precue: ori = 32.13743148528814
3.9541 	EXP 	rot_line_precue: ori = 32.88595304286551
3.9621 	EXP 	rot_line_precue: ori = 33.20843943664555
3.9709 	EXP 	rot_line_precue: ori = 33.53829402727174
3.9788 	EXP 	rot_line_precue: ori = 33.98104561199276
3.9871 	EXP 	rot_line_precue: ori = 34.41631903653068
3.9958 	EXP 	rot_line_precue: ori = 34.72179620131549
4.0039 	EXP 	rot_line_precue: ori = 35.05947767000365
4.0122 	EXP 	rot_line_precue: ori = 35.355130671563195
4.0211 	EXP 	rot_line_precue: ori = 36.07688949281939
4.0290 	EXP 	rot_line_precue: ori = 36.38048022407353
4.0379 	EXP 	rot_line_precue: ori = 36.780278980711365
4.0461 	EXP 	rot_line_precue: ori = 37.12289495074369
4.0545 	EXP 	rot_line_precue: ori = 37.45376035974178
4.0630 	EXP 	rot_line_precue: ori = 37.80553196658278
4.0713 	EXP 	rot_line_precue: ori = 38.31031051233172
4.0799 	EXP 	rot_line_precue: ori = 38.8663367248324
4.0883 	EXP 	rot_line_precue: ori = 39.217642899669386
4.0963 	EXP 	rot_line_precue: ori = 39.64368537749354
4.1043 	EXP 	rot_line_precue: ori = 40.0291642108344
4.1128 	EXP 	rot_line_precue: ori = 40.54771252218828
4.1211 	EXP 	rot_line_precue: ori = 40.88383210578187
4.1295 	EXP 	rot_line_precue: ori = 41.453946933424106
4.1379 	EXP 	rot_line_precue: ori = 41.76856388951017
4.1459 	EXP 	rot_line_precue: ori = 42.16178793883262
4.1544 	EXP 	rot_line_precue: ori = 42.80044466905812
4.1625 	EXP 	rot_line_precue: ori = 43.118036339889336
4.1706 	EXP 	rot_line_precue: ori = 43.42622450843675
4.1796 	EXP 	rot_line_precue: ori = 43.84165065149859
4.1873 	EXP 	rot_line_precue: ori = 44.401808097280195
4.1955 	EXP 	rot_line_precue: ori = 44.89335065653164
4.2044 	EXP 	rot_line_precue: ori = 45.191179037753535
4.2146 	EXP 	rot_line_precue: ori = 45.48778094140949
4.2230 	EXP 	rot_line_precue: ori = 45.821674491426485
4.2302 	EXP 	rot_line_precue: ori = 46.211267774398095
4.2376 	EXP 	rot_line_precue: ori = 46.514965603983434
4.2457 	EXP 	rot_line_precue: ori = 46.93645955693964
4.2543 	EXP 	rot_line_precue: ori = 47.49656108652065
4.2624 	EXP 	rot_line_precue: ori = 47.825282581617465
4.2708 	EXP 	rot_line_precue: ori = 48.13698216314045
4.2794 	EXP 	rot_line_precue: ori = 48.52791077425588
4.2878 	EXP 	rot_line_precue: ori = 48.82444824126903
4.2961 	EXP 	rot_line_precue: ori = 49.136986408492646
4.3045 	EXP 	rot_line_precue: ori = 49.45487144168919
4.3130 	EXP 	rot_line_precue: ori = 49.78855160421539
4.3212 	EXP 	rot_line_precue: ori = 50.085480880509735
4.3295 	EXP 	rot_line_precue: ori = 50.47728079072477
4.3379 	EXP 	rot_line_precue: ori = 50.84083053561952
4.3458 	EXP 	rot_line_precue: ori = 51.20558044017882
4.3545 	EXP 	rot_line_precue: ori = 51.98413539658274
4.3626 	EXP 	rot_line_precue: ori = 52.30609703987902
4.3707 	EXP 	rot_line_precue: ori = 52.663626642142475
4.3791 	EXP 	rot_line_precue: ori = 52.968436264737164
4.3878 	EXP 	rot_line_precue: ori = 53.28452655864653
4.3958 	EXP 	rot_line_precue: ori = 53.60362144811845
4.4041 	EXP 	rot_line_precue: ori = 53.98097756528528
4.4128 	EXP 	rot_line_precue: ori = 54.73329518520351
4.4209 	EXP 	rot_line_precue: ori = 55.31454524786491
4.4290 	EXP 	rot_line_precue: ori = 56.085990030213836
4.4374 	EXP 	rot_line_precue: ori = 56.42676548969925
4.4457 	EXP 	rot_line_precue: ori = 56.770942356511746
4.4539 	EXP 	rot_line_precue: ori = 57.08691996407853
4.4628 	EXP 	rot_line_precue: ori = 57.59273075942362
4.4707 	EXP 	rot_line_precue: ori = 58.01395689149799
4.4790 	EXP 	rot_line_precue: ori = 58.41780542131098
4.4878 	EXP 	rot_line_precue: ori = 58.7274759118053
4.4956 	EXP 	rot_line_precue: ori = 59.04645824236221
4.5043 	EXP 	rot_line_precue: ori = 59.3739385657204
4.5126 	EXP 	rot_line_precue: ori = 59.68278198443348
4.5210 	EXP 	rot_line_precue: ori = 60.09111689741807
4.5299 	EXP 	rot_line_precue: ori = 60.410376540749226
4.5385 	EXP 	rot_line_precue: ori = 60.75166782513632
4.5467 	EXP 	rot_line_precue: ori = 61.08597492563031
4.5547 	EXP 	rot_line_precue: ori = 61.48727804114128
4.5628 	EXP 	rot_line_precue: ori = 61.785763686843936
4.5715 	EXP 	rot_line_precue: ori = 62.17204596529809
4.5804 	EXP 	rot_line_precue: ori = 62.4682886625479
4.5886 	EXP 	rot_line_precue: ori = 62.95983750030041
4.5968 	EXP 	rot_line_precue: ori = 63.27354127313563
4.6050 	EXP 	rot_line_precue: ori = 63.5713437566742
4.6142 	EXP 	rot_line_precue: ori = 64.02331424644615
4.6226 	EXP 	rot_line_precue: ori = 64.33176502721618
4.6303 	EXP 	rot_line_precue: ori = 64.85155100541155
4.6378 	EXP 	rot_line_precue: ori = 65.39825710578377
4.6460 	EXP 	rot_line_precue: ori = 65.99317198796803
4.6543 	EXP 	rot_line_precue: ori = 66.42945997013305
4.6624 	EXP 	rot_line_precue: ori = 66.83390354923772
4.6705 	EXP 	rot_line_precue: ori = 67.18129462771135
4.6792 	EXP 	rot_line_precue: ori = 67.48687614498762
4.6875 	EXP 	rot_line_precue: ori = 67.7953136455652
4.6955 	EXP 	rot_line_precue: ori = 68.20446888452891
4.7044 	EXP 	rot_line_precue: ori = 68.5467506512329
4.7124 	EXP 	rot_line_precue: ori = 68.93430376357854
4.7213 	EXP 	rot_line_precue: ori = 69.2325046853894
4.7290 	EXP 	rot_line_precue: ori = 69.62161702153077
4.7373 	EXP 	rot_line_precue: ori = 70.13738173271413
4.7457 	EXP 	rot_line_precue: ori = 70.9395237042214
4.7543 	EXP 	rot_line_precue: ori = 71.25045715719484
4.7627 	EXP 	rot_line_precue: ori = 71.5713035834464
4.7711 	EXP 	rot_line_precue: ori = 71.92836156583728
4.7797 	EXP 	rot_line_precue: ori = 72.69186554975745
4.7878 	EXP 	rot_line_precue: ori = 73.03328328012849
4.7958 	EXP 	rot_line_precue: ori = 73.33390162312499
4.8045 	EXP 	rot_line_precue: ori = 73.72193347358905
4.8134 	EXP 	rot_line_precue: ori = 74.19480833932293
4.8217 	EXP 	rot_line_precue: ori = 74.53723460557356
4.8301 	EXP 	rot_line_precue: ori = 75.1521341620863
4.8389 	EXP 	rot_line_precue: ori = 75.46335804368825
4.8472 	EXP 	rot_line_precue: ori = 75.7671622855861
4.8550 	EXP 	rot_line_precue: ori = 76.12435116575584
4.8629 	EXP 	rot_line_precue: ori = 76.47590328110935
4.8708 	EXP 	rot_line_precue: ori = 76.87957621656601
4.8792 	EXP 	rot_line_precue: ori = 77.28299576576846
4.8875 	EXP 	rot_line_precue: ori = 77.97125882443551
4.8961 	EXP 	rot_line_precue: ori = 78.31911839639106
4.9044 	EXP 	rot_line_precue: ori = 78.79022864348751
4.9126 	EXP 	rot_line_precue: ori = 79.09243641368015
4.9208 	EXP 	rot_line_precue: ori = 79.60333633662559
4.9290 	EXP 	rot_line_precue: ori = 80.00512522870034
4.9377 	EXP 	rot_line_precue: ori = 80.56765382214564
4.9456 	EXP 	rot_line_precue: ori = 80.92794083281393
4.9540 	EXP 	rot_line_precue: ori = 81.33278980228626
4.9623 	EXP 	rot_line_precue: ori = 81.77823620238797
4.9709 	EXP 	rot_line_precue: ori = 82.10289685210417
4.9791 	EXP 	rot_line_precue: ori = 82.40488856130344
4.9876 	EXP 	rot_line_precue: ori = 82.71867541586509
4.9958 	EXP 	rot_line_precue: ori = 83.13212191256193
5.0045 	EXP 	rot_line_precue: ori = 83.65202774919112
5.0127 	EXP 	rot_line_precue: ori = 83.96437779794186
5.0208 	EXP 	rot_line_precue: ori = 84.27438502337938
5.0291 	EXP 	rot_line_precue: ori = 84.57383953789551
5.0379 	EXP 	rot_line_precue: ori = 85.226326208624
5.0464 	EXP 	rot_line_precue: ori = 85.65806087588703
5.0547 	EXP 	rot_line_precue: ori = 86.24686373387836
5.0632 	EXP 	rot_line_precue: ori = 86.57644032698163
5.0714 	EXP 	rot_line_precue: ori = 86.87925918687465
5.0798 	EXP 	rot_line_precue: ori = 87.36308958870067
5.0886 	EXP 	rot_line_precue: ori = 87.89718013300147
5.0965 	EXP 	rot_line_precue: ori = 88.26014631258354
5.1042 	EXP 	rot_line_precue: ori = 88.6515516210158
5.1123 	EXP 	rot_line_precue: ori = 89.1946960622042
5.1206 	EXP 	rot_line_precue: ori = 89.67909077032014
5.1290 	EXP 	rot_line_precue: ori = 90.07149382435908
5.1374 	EXP 	rot_line_precue: ori = 90.70852529013231
5.1456 	EXP 	rot_line_precue: ori = 91.04269867224257
5.1540 	EXP 	rot_line_precue: ori = 91.38389029809619
5.1622 	EXP 	rot_line_precue: ori = 91.81453756827884
5.1710 	EXP 	rot_line_precue: ori = 92.29248790006574
5.1790 	EXP 	rot_line_precue: ori = 93.0844422650336
5.1874 	EXP 	rot_line_precue: ori = 93.70231646579896
5.1954 	EXP 	rot_line_precue: ori = 94.30396019319916
5.2044 	EXP 	rot_line_precue: ori = 94.61834814810182
5.2126 	EXP 	rot_line_precue: ori = 94.974785999125
5.2218 	EXP 	rot_line_precue: ori = 95.38582144453079
5.2299 	EXP 	rot_line_precue: ori = 95.7211490519114
5.2387 	EXP 	rot_line_precue: ori = 96.03878732010135
5.2482 	EXP 	rot_line_precue: ori = 96.74920035322644
5.2557 	EXP 	rot_line_precue: ori = 97.25960231019108
5.2631 	EXP 	rot_line_precue: ori = 97.56245675436826
5.2710 	EXP 	rot_line_precue: ori = 97.95295364182309
5.2797 	EXP 	rot_line_precue: ori = 98.69783458055643
5.2881 	EXP 	rot_line_precue: ori = 99.05359969614396
5.2971 	EXP 	rot_line_precue: ori = 99.45180706915714
5.2993 	EXP 	New trial (rep=1, index=1): <Trial 1 (1 in rep 1) data={'pic_name': 'pics/feet.JPG', 'class_mi': 'feet', 'thisN': 1, 'thisTrialN': 1, 'thisRepN': 1}>
5.3069 	EXP 	hor_line_precue: autoDraw = False
5.3069 	EXP 	ver_line_precue: autoDraw = False
5.3069 	EXP 	rot_line_precue: autoDraw = False
5.3069 	EXP 	rot_line_precue: ori = 99.76890794269259
5.3069 	EXP 	point_left: autoDraw = False
5.3069 	EXP 	point_right: autoDraw = False
5.3069 	EXP 	dot_precue: autoDraw = False
5.3069 	EXP 	hor_line_precue: autoDraw = False
5.3069 	EXP 	ver_line_precue: autoDraw = False
5.3069 	EXP 	rot_line_precue: autoDraw = False
5.3069 	EXP 	point_left: autoDraw = False
5.3069 	EXP 	point_right: autoDraw = False
5.3069 	EXP 	dot_precue: autoDraw = False
5.3069 	EXP 	hor_line_precue: autoDraw = True
5.3069 	EXP 	ver_line_precue: autoDraw = True
5.3069 	EXP 	rot_line_precue: autoDraw = True
5.3069 	EXP 	rot_line_precue: ori = 100.46873356200759
5.3069 	EXP 	point_left: autoDraw = True
5.3069 	EXP 	point_right: autoDraw = True
5.3069 	EXP 	dot_precue: autoDraw = True
5.3137 	EXP 	rot_line_precue: ori = 100.98345728073205
5.3211 	EXP 	rot_line_precue: ori = 101.53697618615824
5.3296 	EXP 	rot_line_precue: ori = 101.8826580193093
5.3375 	EXP 	rot_line_precue: ori = 102.4429916513017
5.3462 	EXP 	rot_line_precue: ori = 102.83203315930292
5.3542 	EXP 	rot_line_precue: ori = 103.1385000625548
5.3623 	EXP 	rot_line_precue: ori = 103.54878887633733
5.3706 	EXP 	rot_line_precue: ori = 103.87070587908036
5.3789 	EXP 	rot_line_precue: ori = 104.58629212624092
5.3877 	EXP 	rot_line_precue: ori = 105.05252718995143
5.3958 	EXP 	rot_line_precue: ori = 105.38230932836039
5.4041 	EXP 	rot_line_precue: ori = 105.68786501301969
5.4126 	EXP 	rot_line_precue: ori = 106.02008447087076
5.4207 	EXP 	rot_line_precue: ori = 106.32510656890102
5.4290 	EXP 	rot_line_precue: ori = 106.62171713098883
5.4380 	EXP 	rot_line_precue: ori = 107.0687255516212
5.4460 	EXP 	rot_line_precue: ori = 107.36451164597631
5.4543 	EXP 	rot_line_precue: ori = 107.66948700779845
5.4626 	EXP 	rot_line_precue: ori = 107.96902643990425
5.4711 	EXP 	rot_line_precue: ori = 108.76236922879635
5.4798 	EXP 	rot_line_precue: ori = 109.24913020318331
5.4876 	EXP 	rot_line_precue: ori = 109.82996124960427
5.4957 	EXP 	rot_line_precue: ori = 110.14598467107315
5.5044 	EXP 	rot_line_precue: ori = 110.5830923866214
5.5127 	EXP 	rot_line_precue: ori = 111.22148024305535
5.5211 	EXP 	rot_line_precue: ori = 111.67478709132092
5.5294 	EXP 	rot_line_precue: ori = 112.07461254867862
5.5384 	EXP 	rot_line_precue: ori = 112.4396942328904
5.5474 	EXP 	rot_line_precue: ori = 112.74074026688204
5.5548 	EXP 	rot_line_precue: ori = 113.07229105224151
5.5627 	EXP 	rot_line_precue: ori = 113.56420629962749
5.5706 	EXP 	rot_line_precue: ori = 114.01620161972396
5.5793 	EXP 	rot_line_precue: ori = 114.350758693076
5.5872 	EXP 	rot_line_precue: ori = 114.65806667726659
5.5961 	EXP 	rot_line_precue: ori = 114.99901385353984
5.6041 	EXP 	rot_line_precue: ori = 115.3104541271882
5.6130 	EXP 	rot_line_precue: ori = 116.11054931794548
5.6208 	EXP 	rot_line_precue: ori = 116.44958112306267
5.6293 	EXP 	rot_line_precue: ori = 116.82200595492064
5.6373 	EXP 	rot_line_precue: ori = 117.32689004953512
5.6463 	EXP 	rot_line_precue: ori = 117.72778181977355
5.6542 	EXP 	rot_line_precue: ori = 118.02588436644896
5.6622 	EXP 	rot_line_precue: ori = 118.62348616810121
5.6705 	EXP 	rot_line_precue: ori = 118.94446347346118
5.6791 	EXP 	rot_line_precue: ori = 119.3400990681279
5.6877 	EXP 	rot_line_precue: ori = 119.84848492208586
5.6959 	EXP 	rot_line_precue: ori = 120.17313362292573
5.7044 	EXP 	rot_line_precue: ori = 120.48653983812248
5.7128 	EXP 	rot_line_precue: ori = 121.06596839118322
5.7207 	EXP 	rot_line_precue: ori = 121.64050558943208
5.7295 	EXP 	rot_line_precue: ori = 121.96948632006973
5.7384 	EXP 	rot_line_precue: ori = 122.33384101598797
5.7474 	EXP 	rot_line_precue: ori = 122.69117233097168
5.7557 	EXP 	rot_line_precue: ori = 123.02049693961213
5.7639 	EXP 	rot_line_precue: ori = 123.36459798566041
5.7723 	EXP 	rot_line_precue: ori = 123.67990429276773
5.7809 	EXP 	rot_line_precue: ori = 124.12293030543769
5.7890 	EXP 	rot_line_precue: ori = 124.44429334745223
5.7959 	EXP 	rot_line_precue: ori = 124.74788463892615
5.8042 	EXP 	rot_line_precue: ori = 125.08270048086582
5.8122 	EXP 	rot_line_precue: ori = 125.64125891470889
5.8206 	EXP 	rot_line_precue: ori = 126.3177445037283
5.8288 	EXP 	rot_line_precue: ori = 126.61331190668534
5.8377 	EXP 	rot_line_precue: ori = 126.92295232472887
5.8467 	EXP 	rot_line_precue: ori = 127.29569765103
5.8541 	EXP 	rot_line_precue: ori = 127.6233606609346
5.8622 	EXP 	rot_line_precue: ori = 127.96168571910763
5.8706 	EXP 	rot_line_precue: ori = 128.2752861588906
5.8789 	EXP 	rot_line_precue: ori = 128.5945062678007
5.8876 	EXP 	rot_line_precue: ori = 129.19316185747738
5.8955 	EXP 	rot_line_precue: ori = 129.64784118050656
5.9045 	EXP 	rot_line_precue: ori = 130.0205796563031
5.9127 	EXP 	rot_line_precue: ori = 130.6117290586578
5.9209 	EXP 	rot_line_precue: ori = 130.93027030623742
5.9295 	EXP 	rot_line_precue: ori = 131.47174805104757
5.9382 	EXP 	rot_line_precue: ori = 131.78409156195053
5.9462 	EXP 	rot_line_precue: ori = 132.2389033222119
5.9544 	EXP 	rot_line_precue: ori = 132.6267851560181
5.9631 	EXP 	rot_line_precue: ori = 133.05478934317338
5.9714 	EXP 	rot_line_precue: ori = 133.35094180912367
5.9796 	EXP 	rot_line_precue: ori = 133.9753144194491
5.9881 	EXP 	rot_line_precue: ori = 134.48452906930447
5.9962 	EXP 	rot_line_precue: ori = 134.89736172685284
6.0048 	EXP 	rot_line_precue: ori = 135.20849439443293
6.0134 	EXP 	rot_line_precue: ori = 135.79426752618053
6.0212 	EXP 	rot_line_precue: ori = 136.10588995489195
6.0297 	EXP 	rot_line_precue: ori = 136.56437366913656
6.0374 	EXP 	rot_line_precue: ori = 136.8729915113053
6.0459 	EXP 	rot_line_precue: ori = 137.17237850692797
6.0543 	EXP 	rot_line_precue: ori = 137.64496185990734
6.0633 	EXP 	rot_line_precue: ori = 137.94419687037478
6.0707 	EXP 	rot_line_precue: ori = 138.32987431138562
6.0793 	EXP 	rot_line_precue: ori = 139.04005802521607
6.0874 	EXP 	rot_line_precue: ori = 139.40241162894108
6.0956 	EXP 	rot_line_precue: ori = 139.72858213370924
6.1041 	EXP 	rot_line_precue: ori = 140.06461421909677
6.1125 	EXP 	rot_line_precue: ori = 140.38345643272464
6.1205 	EXP 	rot_line_precue: ori = 140.69806839779
6.1294 	EXP 	rot_line_precue: ori = 141.07470289142756
6.1372 	EXP 	rot_line_precue: ori = 141.4852084792568
6.1462 	EXP 	rot_line_precue: ori = 141.79005258242594
6.1544 	EXP 	rot_line_precue: ori = 142.14391525257577
6.1628 	EXP 	rot_line_precue: ori = 142.52979035771347
6.1713 	EXP 	rot_line_precue: ori = 143.04028586497265
6.1795 	EXP 	rot_line_precue: ori = 143.39706859045316
6.1880 	EXP 	rot_line_precue: ori = 143.72033622346638
6.1958 	EXP 	rot_line_precue: ori = 144.25894391680097
6.2044 	EXP 	rot_line_precue: ori = 144.5689573673349
6.2127 	EXP 	rot_line_precue: ori = 144.87144341108473
6.2215 	EXP 	rot_line_precue: ori = 145.32415731525336
6.2295 	EXP 	rot_line_precue: ori = 145.69247779132962
6.2383 	EXP 	rot_line_precue: ori = 145.98886364837557
6.2464 	EXP 	rot_line_precue: ori = 146.6713919204392
6.2548 	EXP 	rot_line_precue: ori = 147.09581998342904
6.2630 	EXP 	rot_line_precue: ori = 147.39119726540198
6.2717 	EXP 	rot_line_precue: ori = 148.01305671290828
6.2792 	EXP 	rot_line_precue: ori = 148.3623744805164
6.2872 	EXP 	rot_line_precue: ori = 148.77243868130694
6.2960 	EXP 	rot_line_precue: ori = 149.2235931046566
6.3041 	EXP 	rot_line_precue: ori = 149.75958923929443
6.3128 	EXP 	rot_line_precue: ori = 150.07653921601573
6.3211 	EXP 	rot_line_precue: ori = 150.47792537889967
6.3291 	EXP 	rot_line_precue: ori = 150.85538042736906
6.3373 	EXP 	rot_line_precue: ori = 151.18939266723285
6.3454 	EXP 	rot_line_precue: ori = 151.58718502405844
6.3539 	EXP 	rot_line_precue: ori = 151.8935326869828
6.3624 	EXP 	rot_line_precue: ori = 152.3157039137595
6.3708 	EXP 	rot_line_precue: ori = 152.74561913455602
6.3791 	EXP 	rot_line_precue: ori = 153.05586048555358
6.3875 	EXP 	rot_line_precue: ori = 153.47437279171925
6.3967 	EXP 	rot_line_precue: ori = 153.79691772230575
6.4051 	EXP 	rot_line_precue: ori = 154.1164056076794
6.4138 	EXP 	rot_line_precue: ori = 154.57052111510126
6.4220 	EXP 	rot_line_precue: ori = 154.99202425754544
6.4293 	EXP 	rot_line_precue: ori = 155.34136090832297
6.4373 	EXP 	rot_line_precue: ori = 155.7267555422347
6.4463 	EXP 	rot_line_precue: ori = 156.0311066907006
6.4546 	EXP 	rot_line_precue: ori = 156.3410189736877
6.4634 	EXP 	rot_line_precue: ori = 156.73897480427982
6.4714 	EXP 	rot_line_precue: ori = 157.07750267398924
6.4795 	EXP 	rot_line_precue: ori = 157.4173579202347
6.4880 	EXP 	rot_line_precue: ori = 157.74482753395816
6.4959 	EXP 	rot_line_precue: ori = 158.0629420159055
6.5044 	EXP 	rot_line_precue: ori = 158.3778541369743
6.5125 	EXP 	rot_line_precue: ori = 158.69029031856084
6.5207 	EXP 	rot_line_precue: ori = 159.00923556467427
6.5293 	EXP 	rot_line_precue: ori = 159.42410849101609
6.5378 	EXP 	rot_line_precue: ori = 159.83292311172514
6.5460 	EXP 	rot_line_precue: ori = 160.13110054909174
6.5540 	EXP 	rot_line_precue: ori = 160.50192987684886
6.5623 	EXP 	rot_line_precue: ori = 160.79722446370815
6.5709 	EXP 	rot_line_precue: ori = 161.29416321239086
6.5789 	EXP 	rot_line_precue: ori = 161.60974972061155
6.5872 	EXP 	rot_line_precue: ori = 162.11979359217906
6.5959 	EXP 	rot_line_precue: ori = 162.41920084383153
6.6040 	EXP 	rot_line_precue: ori = 162.76520270102367
6.6124 	EXP 	rot_line_precue: ori = 163.17944702459283
6.6207 	EXP 	rot_line_precue: ori = 163.49133147302496
6.6293 	EXP 	rot_line_precue: ori = 164.09801975389442
6.6377 	EXP 	rot_line_precue: ori = 164.75844504436813
6.6460 	EXP 	rot_line_precue: ori = 165.16699067788784
6.6543 	EXP 	rot_line_precue: ori = 165.60263569059532
6.6623 	EXP 	rot_line_precue: ori = 166.08619894539186
6.6710 	EXP 	rot_line_precue: ori = 166.40758768122558
6.6795 	EXP 	rot_line_precue: ori = 166.73545242156763
6.6887 	EXP 	rot_line_precue: ori = 167.09505228182107
6.6968 	EXP 	rot_line_precue: ori = 167.4893479546393
6.7050 	EXP 	rot_line_precue: ori = 167.79117612266754
6.7133 	EXP 	rot_line_precue: ori = 168.2716230233089
6.7214 	EXP 	rot_line_precue: ori = 168.56985631879473
6.7294 	EXP 	rot_line_precue: ori = 169.05978914624296
6.7377 	EXP 	rot_line_precue: ori = 169.57907736850504
6.7455 	EXP 	rot_line_precue: ori = 169.94837705588452
6.7542 	EXP 	rot_line_precue: ori = 170.3720929231515
6.7623 	EXP 	rot_line_precue: ori = 170.70216525252943
6.7706 	EXP 	rot_line_precue: ori = 171.11331605750988
6.7798 	EXP 	rot_line_precue: ori = 171.8911693535495
6.7879 	EXP 	rot_line_precue: ori = 172.263277652157
6.7957 	EXP 	rot_line_precue: ori = 173.0160498118095
6.8044 	EXP 	rot_line_precue: ori = 173.3194991011975
6.8124 	EXP 	rot_line_precue: ori = 173.82114061382566
6.8206 	EXP 	rot_line_precue: ori = 174.23683763963183
6.8289 	EXP 	rot_line_precue: ori = 174.64059422330965
6.8376 	EXP 	rot_line_precue: ori = 175.07730090817313
6.8457 	EXP 	rot_line_precue: ori = 175.41282299651405
6.8543 	EXP 	rot_line_precue: ori = 175.7182941879744
6.8628 	EXP 	rot_line_precue: ori = 176.06998027909097
6.8712 	EXP 	rot_line_precue: ori = 176.48966726154217
6.8795 	EXP 	rot_line_precue: ori = 176.8159877283579
6.8876 	EXP 	rot_line_precue: ori = 177.20512748314877
6.8958 	EXP 	rot_line_precue: ori = 177.60363813069733
6.9045 	EXP 	rot_line_precue: ori = 178.16947406221098
6.9129 	EXP 	rot_line_precue: ori = 178.53996116009927
6.9216 	EXP 	rot_line_precue: ori = 178.86729437711526
6.9301 	EXP 	rot_line_precue: ori = 179.232856035542
6.9382 	EXP 	rot_line_precue: ori = 179.53640687844117
6.9465 	EXP 	rot_line_precue: ori = 179.8880188519048
6.9547 	EXP 	rot_line_precue: ori = 180.21062235688393
6.9634 	EXP 	rot_line_precue: ori = 180.728169011621
6.9707 	EXP 	rot_line_precue: ori = 181.090223091894
6.9790 	EXP 	rot_line_precue: ori = 181.46230416391307
6.9876 	EXP 	rot_line_precue: ori = 181.7926499485855
6.9957 	EXP 	rot_line_precue: ori = 182.1800470519827
7.0040 	EXP 	rot_line_precue: ori = 182.5642176565602
7.0130 	EXP 	rot_line_precue: ori = 182.9433829185492
7.0208 	EXP 	rot_line_precue: ori = 183.34327190770537
7.0291 	EXP 	rot_line_precue: ori = 183.68496398691465
7.0377 	EXP 	rot_line_precue: ori = 184.00585823144243
7.0457 	EXP 	rot_line_precue: ori = 184.34375077986087
7.0539 	EXP 	rot_line_precue: ori = 184.65519336770134
7.0627 	EXP 	rot_line_precue: ori = 184.9511472675726
7.0717 	EXP 	rot_line_precue: ori = 185.28799415112854
7.0811 	EXP 	rot_line_precue: ori = 185.60462313772908
7.0893 	EXP 	rot_line_precue: ori = 186.2344789864359
7.0973 	EXP 	rot_line_precue: ori = 186.55298016742725
7.1047 	EXP 	rot_line_precue: ori = 186.84929355013185
7.1132 	EXP 	rot_line_precue: ori = 187.45719189392224
7.1207 	EXP 	rot_line_precue: ori = 187.81282476305964
7.1291 	EXP 	rot_line_precue: ori = 188.34319088251473
7.1374 	EXP 	rot_line_precue: ori = 188.75071728590484
7.1462 	EXP 	rot_line_precue: ori = 189.15966943532953
7.1547 	EXP 	rot_line_precue: ori = 189.48317903917086
7.1631 	EXP 	rot_line_precue: ori = 190.02541034349593
7.1718 	EXP 	rot_line_precue: ori = 190.32223697790434
7.1796 	EXP 	rot_line_precue: ori = 190.7417098157868
7.1883 	EXP 	rot_line_precue: ori = 191.20693209652975
7.1963 	EXP 	rot_line_precue: ori = 191.841597227547
7.2044 	EXP 	rot_line_precue: ori = 192.1438934761559
7.2124 	EXP 	rot_line_precue: ori = 192.6306249102972
7.2210 	EXP 	rot_line_precue: ori = 193.15557044090508
7.2298 	EXP 	rot_line_precue: ori = 193.4989158637136
7.2376 	EXP 	rot_line_precue: ori = 193.83307436183114
7.2460 	EXP 	rot_line_precue: ori = 194.1757623984681
7.2542 	EXP 	rot_line_precue: ori = 194.49377093746722
7.2625 	EXP 	rot_line_precue: ori = 194.85207407334332
7.2705 	EXP 	rot_line_precue: ori = 195.4347769544902
7.2793 	EXP 	rot_line_precue: ori = 195.8768176740909
7.2874 	EXP 	rot_line_precue: ori = 196.35173834445962
7.2956 	EXP 	rot_line_precue: ori = 196.82560277049868
7.2973 	EXP 	New trial (rep=0, index=2): <Trial 2 (2 in rep 0) data={'pic_name': 'pics/left_hand.JPG', 'class_mi': 'left_hand', 'thisN': 2, 'thisTrialN': 2, 'thisRepN': 0}>
7.3048 	EXP 	hor_line_precue: autoDraw = False
7.3048 	EXP 	ver_line_precue: autoDraw = False
7.3048 	EXP 	rot_line_precue: autoDraw = False
7.3048 	EXP 	rot_line_precue: ori = 197.12513293877217
7.3048 	EXP 	point_left: autoDraw = False
7.3048 	EXP 	point_right: autoDraw = False
7.3048 	EXP 	dot_precue: autoDraw = False
7.3048 	EXP 	hor_line_precue: autoDraw = False
7.3048 	EXP 	ver_line_precue: autoDraw = False
7.3048 	EXP 	rot_line_precue: autoDraw = False
7.3048 	EXP 	point_left: autoDraw = False
7.3048 	EXP 	point_right: autoDraw = False
7.3048 	EXP 	dot_precue: autoDraw = False
7.3048 	EXP 	hor_line_precue: autoDraw = True
7.3048 	EXP 	ver_line_precue: autoDraw = True
7.3048 	EXP 	rot_line_precue: autoDraw = True
7.3048 	EXP 	rot_line_precue: ori = 197.6041167918619
7.3048 	EXP 	point_left: autoDraw = True
7.3048 	EXP 	point_right: autoDraw = True
7.3048 	EXP 	dot_precue: autoDraw = True
7.3132 	EXP 	rot_line_precue: ori = 197.90048924574245
7.3213 	EXP 	rot_line_precue: ori = 198.21844399549525
7.3296 	EXP 	rot_line_precue: ori = 198.93315975613277
7.3380 	EXP 	rot_line_precue: ori = 199.24851192551682
7.3420 	DATA 	Keypress: escape
7.3467 	EXP 	rot_line_precue: ori = 199.84945372357754
7.3481 	EXP 	Device response: <KeyPress from None: t=7.340715899998031, value=escape, duration=None>
7.3541 	EXP 	rot_line_precue: ori = 200.32180440582752
7.3625 	EXP 	rot_line_precue: ori = 200.68292580349873
7.3641 	EXP 	Device response: <KeyPress from None: t=7.340715899998031, value=escape, duration=0.014696700003696606>
7.3642 	EXP 	bci_racingteam: status = STOPPED
7.3708 	EXP 	rot_line_precue: ori = 201.13573595435147
7.3708 	EXP 	hor_line_precue: autoDraw = False
7.3708 	EXP 	ver_line_precue: autoDraw = False
7.3708 	EXP 	rot_line_precue: autoDraw = False
7.3708 	EXP 	point_left: autoDraw = False
7.3708 	EXP 	point_right: autoDraw = False
7.3708 	EXP 	dot_precue: autoDraw = False
7.3710 	EXP 	bci_racingteam: status = STOPPED
