2.8151 	INFO 	Loaded monitor calibration from ['2025_05_09 18:17']
2.8248 	WARNING 	User requested fullscreen with size [1024  768], but screen is actually [2560, 1600]. Using actual size
2.9385 	INFO 	Using renderer 'AMD Radeon(TM) Graphics' for graphics
2.9385 	INFO 	OpenGL version supported by driver is 4..
3.0327 	EXP 	Created window1 = Window(allowGUI=False, allowStencil=False, autoLog=True, backendConf=UNKNOWN, backgroundFit=<method-wrapper '__getattribute__' of attributeSetter object at 0x00000269D629AB00>, backgroundImage=<method-wrapper '__getattribute__' of attributeSetter object at 0x00000269D629AAA0>, bitsMode=UNKNOWN, blendMode='avg', bpc=(8, 8, 8), color=array([0, 0, 0]), colorSpace='rgb', depthBits=8, fullscr=True, gamma=None, gammaErrorPolicy='raise', infoMsg=UNKNOWN, lms=UNKNOWN, monitor=<psychopy.monitors.calibTools.Monitor object at 0x00000269D638BAC0>, multiSample=False, name='window1', numSamples=2, pos=[np.float64(0.0), np.float64(0.0)], screen=0, size=array([2560, 1600]), stencilBits=0, stereo=False, title='PsychoPy', units='height', useFBO=True, useRetina=False, viewOri=0.0, viewPos=None, viewScale=None, waitBlanking=True, winType='pyglet')
3.0328 	EXP 	window1: backgroundImage = ''
3.0328 	EXP 	window1: backgroundFit = 'none'
3.4057 	EXP 	window1: Attempting to measure frame rate of screen (0) ...
3.4058 	EXP 	window1: recordFrameIntervals = False
3.5453 	EXP 	window1: recordFrameIntervals = True
4.3791 	EXP 	window1: recordFrameIntervals = False
4.3791 	EXP 	Screen (0) actual frame rate measured at 119.50Hz
4.5467 	INFO 	keyboard.Keyboard is using ptb backend.
4.5468 	EXP 	bci_circle: status = STARTED
4.5842 	EXP 	Created text_pre_block = TextStim(__class__=<class 'psychopy.visual.text.TextStim'>, alignHoriz=method-wrapper(...), alignText='center', alignVert=method-wrapper(...), anchorHoriz='center', anchorVert='center', antialias=True, autoDraw=False, autoLog=True, bold=False, color=array([1., 1., 1.]), colorSpace='rgb', contrast=1.0, depth=0.0, draggable=False, flipHoriz=False, flipVert=False, font='Arial', fontFiles=[], height=np.float64(0.05), italic=False, languageStyle='LTR', name='text_pre_block', opacity=1, ori=0.0, pos=array([0., 0.]), rgb=UNKNOWN, text='Press any key to start ...', units='height', win=Window(...), wrapWidth=1)
4.5852 	EXP 	Created text_wait_screen = TextStim(__class__=<class 'psychopy.visual.text.TextStim'>, alignHoriz=method-wrapper(...), alignText='center', alignVert=method-wrapper(...), anchorHoriz='center', anchorVert='center', antialias=True, autoDraw=False, autoLog=True, bold=False, color=array([1., 1., 1.]), colorSpace='rgb', contrast=1.0, depth=0.0, draggable=False, flipHoriz=False, flipVert=False, font='Arial', fontFiles=[], height=np.float64(0.05), italic=False, languageStyle='LTR', name='text_wait_screen', opacity=1, ori=0.0, pos=array([0., 0.]), rgb=UNKNOWN, text='', units='height', win=Window(...), wrapWidth=1)
4.5883 	EXP 	Created move_circle = ShapeStim(__class__=<class 'psychopy.visual.shape.ShapeStim'>, anchor=('center', 'center'), autoDraw=False, autoLog=True, closeShape=True, color=method-wrapper(...), colorSpace='rgb', contrast=None, depth=0.0, draggable=False, fillColor=array([1, 1, 1]), fillColorSpace='rgb', fillRGB=array([1, 1, 1]), interpolate=True, lineColor=array([1., 1., 1.]), lineColorSpace='rgb', lineRGB=array([1, 1, 1]), lineWidth=1.0, name='move_circle', opacity=1, ori=0.0, pos=array([0., 0.]), size=array([1., 1.]), units='height', vertices=ndarray(...), win=Window(...), windingRule=None)
4.5903 	EXP 	Created mi_circle = ShapeStim(__class__=<class 'psychopy.visual.shape.ShapeStim'>, anchor=('center', 'center'), autoDraw=False, autoLog=True, closeShape=True, color=method-wrapper(...), colorSpace='rgb', contrast=None, depth=-1.0, draggable=False, fillColor=array([0., 0., 0.]), fillColorSpace='rgb', fillRGB=array([0., 0., 0.]), interpolate=True, lineColor=array([ 0.7647, -1.    , -1.    ]), lineColorSpace='rgb', lineRGB=array([ 0.7647, -1.    , -1.    ]), lineWidth=3.0, name='mi_circle', opacity=1, ori=0.0, pos=array([0., 0.]), size=array([0.25, 0.25]), units='height', vertices=ndarray(...), win=Window(...), windingRule=None)
4.5952 	EXP 	Created text_run_break = TextStim(__class__=<class 'psychopy.visual.text.TextStim'>, alignHoriz=method-wrapper(...), alignText='center', alignVert=method-wrapper(...), anchorHoriz='center', anchorVert='center', antialias=True, autoDraw=False, autoLog=True, bold=False, color=array([1., 1., 1.]), colorSpace='rgb', contrast=1.0, depth=0.0, draggable=False, flipHoriz=False, flipVert=False, font='Arial', fontFiles=[], height=np.float64(0.05), italic=False, languageStyle='LTR', name='text_run_break', opacity=1, ori=0.0, pos=array([0., 0.]), rgb=UNKNOWN, text='Trial finished!', units='height', win=Window(...), wrapWidth=1)
4.5989 	EXP 	Created text_post_run = TextStim(__class__=<class 'psychopy.visual.text.TextStim'>, alignHoriz=method-wrapper(...), alignText='center', alignVert=method-wrapper(...), anchorHoriz='center', anchorVert='center', antialias=True, autoDraw=False, autoLog=True, bold=False, color=array([1., 1., 1.]), colorSpace='rgb', contrast=1.0, depth=0.0, draggable=False, flipHoriz=False, flipVert=False, font='Arial', fontFiles=[], height=np.float64(0.05), italic=False, languageStyle='LTR', name='text_post_run', opacity=1, ori=0.0, pos=array([0., 0.]), rgb=UNKNOWN, text='Run finished. Yupii!!', units='height', win=Window(...), wrapWidth=1)
0.0298 	INFO 	Keyboard events cleared
0.0297 	EXP 	text_pre_block: autoDraw = True
0.7168 	EXP 	Device response: <KeyPress from None: t=0.7084540000068955, value=space, duration=None>
0.7171 	EXP 	New trial (rep=0, index=0): <Trial 0 (0 in rep 0) data={'thisN': 0, 'thisTrialN': 0, 'thisRepN': 0}>
0.7184 	DATA 	Keypress: space
0.7224 	EXP 	text_pre_block: autoDraw = False
0.7224 	EXP 	text_wait_screen: autoDraw = True
0.7566 	EXP 	Device response: <KeyPress from None: t=0.7084540000068955, value=space, duration=0.043915599992033094>
3.7124 	EXP 	Imported classes.csv as conditions, 4 conditions, 2 params
3.7128 	EXP 	New trial (rep=0, index=0): <Trial 0 (0 in rep 0) data={'pic_name': 'pics/none.JPG', 'class_mi': 'rest', 'thisN': 0, 'thisTrialN': 0, 'thisRepN': 0}>
3.7301 	EXP 	text_wait_screen: autoDraw = False
3.7301 	EXP 	text_wait_screen: autoDraw = False
3.7301 	EXP 	move_circle: autoDraw = True
3.7301 	EXP 	mi_circle: autoDraw = True
5.3032 	EXP 	Device response: <KeyPress from None: t=5.300105400005123, value=escape, duration=None>
5.3039 	DATA 	Keypress: escape
5.3861 	EXP 	Device response: <KeyPress from None: t=5.300105400005123, value=escape, duration=0.07807839999441057>
5.3862 	EXP 	bci_circle: status = STOPPED
5.3944 	EXP 	move_circle: autoDraw = False
5.3944 	EXP 	mi_circle: autoDraw = False
5.3945 	EXP 	bci_circle: status = STOPPED
5.4015 	INFO 	saved data to 'D:\\STUDIUM\\TU\\Mirage91\\Brain-Computer Interface Conference\\Code\\data\\285011_bci_circle_2026-06-17_15h46.33.061.csv'
5.4025 	INFO 	saved data to D:\STUDIUM\TU\Mirage91\Brain-Computer Interface Conference\Code\data\285011_bci_circle_2026-06-17_15h46.33.061.psydat
5.6060 	WARNING 	Stopping key buffers but this could be dangerous ifother keyboards rely on the same.
