2.5203 	WARNING 	Requested an unavailable screen number - using first available.
2.5224 	WARNING 	User requested fullscreen with size [1920 1080], but screen is actually [1707, 1067]. Using actual size
2.7387 	EXP 	Created window1 = Window(allowGUI=False, allowStencil=False, autoLog=True, backendConf=UNKNOWN, backgroundFit=<method-wrapper '__getattribute__' of attributeSetter object at 0x00000215B95A6350>, backgroundImage=<method-wrapper '__getattribute__' of attributeSetter object at 0x00000215B95A62F0>, bitsMode=UNKNOWN, blendMode='avg', bpc=(8, 8, 8), color=array([0, 0, 0]), colorSpace='rgb', depthBits=8, fullscr=True, gamma=None, gammaErrorPolicy='raise', infoMsg=UNKNOWN, lms=UNKNOWN, monitor=<psychopy.monitors.calibTools.Monitor object at 0x00000215B97E7040>, multiSample=False, name='window1', numSamples=2, pos=[np.float64(0.0), np.float64(0.0)], screen=1, size=array([1707, 1067]), stencilBits=0, stereo=False, title='PsychoPy', units='height', useFBO=True, useRetina=False, viewOri=0.0, viewPos=None, viewScale=None, waitBlanking=True, winType='pyglet')
2.7387 	EXP 	window1: backgroundImage = ''
2.7387 	EXP 	window1: backgroundFit = 'none'
3.0835 	EXP 	window1: Attempting to measure frame rate of screen (1) ...
3.0835 	EXP 	window1: recordFrameIntervals = False
3.1666 	EXP 	window1: recordFrameIntervals = True
4.0005 	EXP 	window1: recordFrameIntervals = False
4.0005 	EXP 	Screen (1) actual frame rate measured at 120.18Hz
6.4137 	EXP 	bci_racingteam: status = STARTED
6.5046 	EXP 	Created text_pre_block = TextStim(__class__=<class 'psychopy.visual.text.TextStim'>, alignHoriz=method-wrapper(...), alignText='center', alignVert=method-wrapper(...), anchorHoriz='center', anchorVert='center', antialias=True, autoDraw=False, autoLog=True, bold=False, color=array([1., 1., 1.]), colorSpace='rgb', contrast=1.0, depth=0.0, draggable=False, flipHoriz=False, flipVert=False, font='Open Sans', fontFiles=[], height=np.float64(0.05), italic=False, languageStyle='LTR', name='text_pre_block', opacity=1, ori=0.0, pos=array([0., 0.]), rgb=UNKNOWN, text='Press any key to start ...', units='height', win=Window(...), wrapWidth=1)
6.5058 	EXP 	Created text_2 = TextStim(__class__=<class 'psychopy.visual.text.TextStim'>, alignHoriz=method-wrapper(...), alignText='center', alignVert=method-wrapper(...), anchorHoriz='center', anchorVert='center', antialias=True, autoDraw=False, autoLog=True, bold=False, color=array([1., 1., 1.]), colorSpace='rgb', contrast=1.0, depth=0.0, draggable=False, flipHoriz=False, flipVert=False, font='Arial', fontFiles=[], height=np.float64(0.05), italic=False, languageStyle='LTR', name='text_2', opacity=1, ori=0.0, pos=array([0., 0.]), rgb=UNKNOWN, text='', units='height', win=Window(...), wrapWidth=1)
6.5080 	EXP 	Created hor_line_precue = Line(__class__=<class 'psychopy.visual.line.Line'>, anchor=('center', 'center'), autoDraw=False, autoLog=True, closeShape=False, color=array([1., 1., 1.]), colorSpace='rgb', contrast=None, depth=0.0, draggable=False, fillColor=array([1, 1, 1]), fillColorSpace='rgb', fillRGB=array([1, 1, 1]), interpolate=True, lineColor=array([1., 1., 1.]), lineColorSpace='rgb', lineRGB=array([1, 1, 1]), lineWidth=5.0, name='hor_line_precue', opacity=1, ori=-45.0, pos=array([0., 0.]), size=array([0.35, 0.35]), units='height', vertices=array([[-0.5, -0.5],
       [ 0.5,  0.5]]), win=Window(...), windingRule=None)
6.5091 	EXP 	Created ver_line_precue = Line(__class__=<class 'psychopy.visual.line.Line'>, anchor=('center', 'center'), autoDraw=False, autoLog=True, closeShape=False, color=array([1., 1., 1.]), colorSpace='rgb', contrast=None, depth=-1.0, draggable=False, fillColor=array([1, 1, 1]), fillColorSpace='rgb', fillRGB=array([1, 1, 1]), interpolate=True, lineColor=array([1., 1., 1.]), lineColorSpace='rgb', lineRGB=array([1, 1, 1]), lineWidth=5.0, name='ver_line_precue', opacity=1, ori=45.0, pos=array([0., 0.]), size=array([0.35, 0.35]), units='height', vertices=array([[-0.5, -0.5],
       [ 0.5,  0.5]]), win=Window(...), windingRule=None)
6.5102 	EXP 	Created rot_line_precue = Line(__class__=<class 'psychopy.visual.line.Line'>, anchor=('center', 'center'), autoDraw=False, autoLog=True, closeShape=False, color=array([1., 1., 1.]), colorSpace='rgb', contrast=None, depth=-2.0, draggable=False, fillColor=array([1, 1, 1]), fillColorSpace='rgb', fillRGB=array([1, 1, 1]), interpolate=True, lineColor=array([1., 1., 1.]), lineColorSpace='rgb', lineRGB=array([1, 1, 1]), lineWidth=5.0, name='rot_line_precue', opacity=1, ori=1.0, pos=array([0., 0.]), size=array([0.35, 0.35]), units='height', vertices=array([[-0.5, -0.5],
       [ 0.5,  0.5]]), win=Window(...), windingRule=None)
6.5137 	EXP 	Created image = ImageStim(__class__=<class 'psychopy.visual.image.ImageStim'>, anchor=('center', 'center'), autoLog=True, color=array([1., 1., 1.]), colorSpace='rgb', contrast=1.0, depth=-4.0, draggable=False, flipHoriz=np.False_, flipVert=np.False_, image='default.png', interpolate=True, mask=None, maskParams=None, name='image', opacity=1, ori=0.0, pos=array([0.5, 0. ]), size=array([0.2, 0.2]), texRes=128.0, units='height', win=Window(...))
6.5184 	EXP 	Created text = TextStim(__class__=<class 'psychopy.visual.text.TextStim'>, alignHoriz=method-wrapper(...), alignText='center', alignVert=method-wrapper(...), anchorHoriz='center', anchorVert='center', antialias=True, autoDraw=False, autoLog=True, bold=False, color=array([1., 1., 1.]), colorSpace='rgb', contrast=1.0, depth=0.0, draggable=False, flipHoriz=False, flipVert=False, font='Arial', fontFiles=[], height=np.float64(0.05), italic=False, languageStyle='LTR', name='text', opacity=1, ori=0.0, pos=array([0., 0.]), rgb=UNKNOWN, text='Run Finished', units='height', win=Window(...), wrapWidth=1)
6.5222 	EXP 	Created text_post_run = TextStim(__class__=<class 'psychopy.visual.text.TextStim'>, alignHoriz=method-wrapper(...), alignText='center', alignVert=method-wrapper(...), anchorHoriz='center', anchorVert='center', antialias=True, autoDraw=False, autoLog=True, bold=False, color=array([1., 1., 1.]), colorSpace='rgb', contrast=1.0, depth=0.0, draggable=False, flipHoriz=False, flipVert=False, font='Open Sans', fontFiles=[], height=np.float64(0.05), italic=False, languageStyle='LTR', name='text_post_run', opacity=1, ori=0.0, pos=array([0., 0.]), rgb=UNKNOWN, text='Block Finished. Yuhu!', units='height', win=Window(...), wrapWidth=1)
0.0186 	EXP 	rot_line_precue: ori = 0
0.0230 	EXP 	text_pre_block: autoDraw = True
3.9492 	EXP 	Device response: <KeyPress from None: t=3.941014099997119, value=space, duration=None>
3.9498 	EXP 	New trial (rep=0, index=0): <Trial 0 (0 in rep 0) data={'thisN': 0, 'thisTrialN': 0, 'thisRepN': 0}>
3.9514 	DATA 	Keypress: space
3.9542 	EXP 	text_pre_block: autoDraw = False
3.9542 	EXP 	text_2: autoDraw = True
3.9950 	EXP 	Device response: <KeyPress from None: t=3.941014099997119, value=space, duration=0.046895600004063454>
6.9428 	EXP 	Imported classes.csv as conditions, 4 conditions, 2 params
6.9431 	EXP 	New trial (rep=0, index=0): <Trial 0 (0 in rep 0) data={'pic_name': 'pics/feet.JPG', 'class_mi': 'feet', 'thisN': 0, 'thisTrialN': 0, 'thisRepN': 0}>
6.9505 	EXP 	text_2: autoDraw = False
6.9505 	EXP 	text_2: autoDraw = False
6.9505 	EXP 	image: image = 'pics/feet.JPG'
6.9505 	EXP 	hor_line_precue: autoDraw = True
6.9505 	EXP 	ver_line_precue: autoDraw = True
6.9505 	EXP 	rot_line_precue: autoDraw = True
6.9505 	EXP 	rot_line_precue: ori = np.float64(0.49420670215771334)
6.9505 	EXP 	image: autoDraw = True
6.9537 	EXP 	rot_line_precue: ori = np.float64(0.8185896783122955)
6.9613 	EXP 	rot_line_precue: ori = np.float64(1.121490919515223)
6.9703 	EXP 	rot_line_precue: ori = np.float64(1.5468725723539758)
6.9787 	EXP 	rot_line_precue: ori = np.float64(2.2085111610614785)
6.9872 	EXP 	rot_line_precue: ori = np.float64(2.505170133007868)
6.9954 	EXP 	rot_line_precue: ori = np.float64(2.838589139985062)
7.0035 	EXP 	rot_line_precue: ori = np.float64(3.356520162607443)
7.0115 	EXP 	rot_line_precue: ori = np.float64(3.6804532174271722)
7.0204 	EXP 	rot_line_precue: ori = np.float64(4.039790670487687)
7.0286 	EXP 	rot_line_precue: ori = np.float64(4.342298910352172)
7.0367 	EXP 	rot_line_precue: ori = np.float64(4.67075045071957)
7.0456 	EXP 	rot_line_precue: ori = np.float64(4.9864879985623)
7.0538 	EXP 	rot_line_precue: ori = np.float64(5.740421323925376)
7.0616 	EXP 	rot_line_precue: ori = np.float64(6.040227047112077)
7.0705 	EXP 	rot_line_precue: ori = np.float64(6.337383194785738)
7.0786 	EXP 	rot_line_precue: ori = np.float64(6.791434712092436)
7.0867 	EXP 	rot_line_precue: ori = np.float64(7.087360130439837)
7.0955 	EXP 	rot_line_precue: ori = np.float64(7.41153454443262)
7.1038 	EXP 	rot_line_precue: ori = np.float64(7.720403383512633)
7.1117 	EXP 	rot_line_precue: ori = np.float64(8.055039182924618)
7.1198 	EXP 	rot_line_precue: ori = np.float64(8.395650795042508)
7.1287 	EXP 	rot_line_precue: ori = np.float64(8.690983090898067)
7.1368 	EXP 	rot_line_precue: ori = np.float64(9.036107003995108)
7.1446 	EXP 	rot_line_precue: ori = np.float64(9.33776783046823)
7.1536 	EXP 	rot_line_precue: ori = np.float64(9.679119718341912)
7.1618 	EXP 	rot_line_precue: ori = np.float64(10.315987122365517)
7.1699 	EXP 	rot_line_precue: ori = np.float64(10.679192317688512)
7.1788 	EXP 	rot_line_precue: ori = np.float64(11.039036536086392)
7.1868 	EXP 	rot_line_precue: ori = np.float64(11.60179789970798)
7.1949 	EXP 	rot_line_precue: ori = np.float64(11.948149648489805)
7.2038 	EXP 	rot_line_precue: ori = np.float64(12.26353940497289)
7.2119 	EXP 	rot_line_precue: ori = np.float64(12.590159726472539)
7.2200 	EXP 	rot_line_precue: ori = np.float64(13.139317023282462)
7.2290 	EXP 	rot_line_precue: ori = np.float64(13.454093083611177)
7.2370 	EXP 	rot_line_precue: ori = np.float64(13.78484740232594)
7.2449 	EXP 	rot_line_precue: ori = np.float64(14.09490440948294)
7.2538 	EXP 	rot_line_precue: ori = np.float64(14.61333149088677)
7.2620 	EXP 	rot_line_precue: ori = np.float64(14.935802845191022)
7.2702 	EXP 	rot_line_precue: ori = np.float64(15.232962768408855)
7.2790 	EXP 	rot_line_precue: ori = np.float64(15.544561155891543)
7.2870 	EXP 	rot_line_precue: ori = np.float64(16.05761734930417)
7.2951 	EXP 	rot_line_precue: ori = np.float64(16.424503252551325)
7.3032 	EXP 	rot_line_precue: ori = np.float64(16.755898950970348)
7.3120 	EXP 	rot_line_precue: ori = np.float64(17.074898030133284)
7.3201 	EXP 	rot_line_precue: ori = np.float64(17.535104148817553)
7.3282 	EXP 	rot_line_precue: ori = np.float64(17.913576291796897)
7.3370 	EXP 	rot_line_precue: ori = np.float64(18.485465071175234)
7.3452 	EXP 	rot_line_precue: ori = np.float64(18.823168423776163)
7.3531 	EXP 	rot_line_precue: ori = np.float64(19.245955241018578)
7.3621 	EXP 	rot_line_precue: ori = np.float64(19.5834725982455)
7.3703 	EXP 	rot_line_precue: ori = np.float64(19.87953147808143)
7.3785 	EXP 	rot_line_precue: ori = np.float64(20.235811229462296)
7.3873 	EXP 	rot_line_precue: ori = np.float64(20.579987503812887)
7.3956 	EXP 	rot_line_precue: ori = np.float64(20.89442611223379)
7.4043 	EXP 	rot_line_precue: ori = np.float64(21.206180068217243)
7.4122 	EXP 	rot_line_precue: ori = np.float64(21.543784249311404)
7.4203 	EXP 	rot_line_precue: ori = np.float64(21.866999718301223)
7.4284 	EXP 	rot_line_precue: ori = np.float64(22.216003159001563)
7.4373 	EXP 	rot_line_precue: ori = np.float64(22.703773250143627)
7.4454 	EXP 	rot_line_precue: ori = np.float64(22.999835707764877)
7.4536 	EXP 	rot_line_precue: ori = np.float64(23.320932171793544)
7.4614 	EXP 	rot_line_precue: ori = np.float64(23.700154916848874)
7.4702 	EXP 	rot_line_precue: ori = np.float64(24.152259341930765)
7.4785 	EXP 	rot_line_precue: ori = np.float64(24.46468420306111)
7.4863 	EXP 	rot_line_precue: ori = np.float64(24.762925879913432)
7.4953 	EXP 	rot_line_precue: ori = np.float64(25.08632376030794)
7.5035 	EXP 	rot_line_precue: ori = np.float64(25.45455769044243)
7.5113 	EXP 	rot_line_precue: ori = np.float64(25.9505640931343)
7.5203 	EXP 	rot_line_precue: ori = np.float64(26.374121137648746)
7.5286 	EXP 	rot_line_precue: ori = np.float64(26.730533288872124)
7.5366 	EXP 	rot_line_precue: ori = np.float64(27.046381367683093)
7.5454 	EXP 	rot_line_precue: ori = np.float64(27.34356382264788)
7.5537 	EXP 	rot_line_precue: ori = np.float64(27.687465767305596)
7.5617 	EXP 	rot_line_precue: ori = np.float64(28.078656745706564)
7.5706 	EXP 	rot_line_precue: ori = np.float64(28.845364989721887)
7.5788 	EXP 	rot_line_precue: ori = np.float64(29.168305001044857)
7.5867 	EXP 	rot_line_precue: ori = np.float64(29.492614718075647)
7.5955 	EXP 	rot_line_precue: ori = np.float64(29.79440640414017)
7.6036 	EXP 	rot_line_precue: ori = np.float64(30.091370932359222)
7.6118 	EXP 	rot_line_precue: ori = np.float64(30.393572826718714)
7.6205 	EXP 	rot_line_precue: ori = np.float64(30.729966254457086)
7.6287 	EXP 	rot_line_precue: ori = np.float64(31.243955396637684)
7.6367 	EXP 	rot_line_precue: ori = np.float64(31.54888765156981)
7.6449 	EXP 	rot_line_precue: ori = np.float64(31.995330248585276)
7.6538 	EXP 	rot_line_precue: ori = np.float64(32.41274147822818)
7.6619 	EXP 	rot_line_precue: ori = np.float64(32.73732941532483)
7.6706 	EXP 	rot_line_precue: ori = np.float64(33.05254473591084)
7.6788 	EXP 	rot_line_precue: ori = np.float64(33.372771627216466)
7.6868 	EXP 	rot_line_precue: ori = np.float64(33.67838603786021)
7.6948 	EXP 	rot_line_precue: ori = np.float64(34.07261610846826)
7.7038 	EXP 	rot_line_precue: ori = np.float64(34.47792921161435)
7.7120 	EXP 	rot_line_precue: ori = np.float64(34.77501874081025)
7.7198 	EXP 	rot_line_precue: ori = np.float64(35.54873374089401)
7.7288 	EXP 	rot_line_precue: ori = np.float64(35.88149729174396)
7.7370 	EXP 	rot_line_precue: ori = np.float64(36.22681695774687)
7.7450 	EXP 	rot_line_precue: ori = np.float64(36.563379494934914)
7.7541 	EXP 	rot_line_precue: ori = np.float64(36.87330035454355)
7.7619 	EXP 	rot_line_precue: ori = np.float64(37.24385273616403)
7.7701 	EXP 	rot_line_precue: ori = np.float64(37.65216943427155)
7.7788 	EXP 	rot_line_precue: ori = np.float64(37.9903951195675)
7.7871 	EXP 	rot_line_precue: ori = np.float64(38.372978973305905)
7.7951 	EXP 	rot_line_precue: ori = np.float64(38.74330699555316)
7.8030 	EXP 	rot_line_precue: ori = np.float64(39.10740583744189)
7.8119 	EXP 	rot_line_precue: ori = np.float64(39.49809559599638)
7.8202 	EXP 	rot_line_precue: ori = np.float64(39.803749457319086)
7.8291 	EXP 	rot_line_precue: ori = np.float64(40.15576982944617)
7.8372 	EXP 	rot_line_precue: ori = np.float64(40.47909088096026)
7.8452 	EXP 	rot_line_precue: ori = np.float64(40.904014050848176)
7.8542 	EXP 	rot_line_precue: ori = np.float64(41.31537082982201)
7.8621 	EXP 	rot_line_precue: ori = np.float64(41.80393195548519)
7.8702 	EXP 	rot_line_precue: ori = np.float64(42.210215823167886)
7.8783 	EXP 	rot_line_precue: ori = np.float64(42.507824337302274)
7.8871 	EXP 	rot_line_precue: ori = np.float64(43.039431834079735)
7.8953 	EXP 	rot_line_precue: ori = np.float64(43.35296990631599)
7.9032 	EXP 	rot_line_precue: ori = np.float64(43.66410731388154)
7.9122 	EXP 	rot_line_precue: ori = np.float64(43.97949974194775)
7.9204 	EXP 	rot_line_precue: ori = np.float64(44.36709184609512)
7.9293 	EXP 	rot_line_precue: ori = np.float64(45.097622044522964)
7.9372 	EXP 	rot_line_precue: ori = np.float64(45.41051575108957)
7.9453 	EXP 	rot_line_precue: ori = np.float64(46.003425255320145)
7.9534 	EXP 	rot_line_precue: ori = np.float64(46.561374843650704)
7.9622 	EXP 	rot_line_precue: ori = np.float64(46.87220786287582)
7.9704 	EXP 	rot_line_precue: ori = np.float64(47.310576910732166)
7.9784 	EXP 	rot_line_precue: ori = np.float64(47.97325703031967)
7.9864 	EXP 	rot_line_precue: ori = np.float64(48.286143304023305)
7.9953 	EXP 	rot_line_precue: ori = np.float64(48.729628082931384)
8.0037 	EXP 	rot_line_precue: ori = np.float64(49.043873836439204)
8.0125 	EXP 	rot_line_precue: ori = np.float64(49.348767902840436)
8.0208 	EXP 	rot_line_precue: ori = np.float64(49.72113928723504)
8.0286 	EXP 	rot_line_precue: ori = np.float64(50.02965071616736)
8.0375 	EXP 	rot_line_precue: ori = np.float64(50.371555461331745)
8.0455 	EXP 	rot_line_precue: ori = np.float64(51.014749465303325)
8.0536 	EXP 	rot_line_precue: ori = np.float64(51.31989813373593)
8.0614 	EXP 	rot_line_precue: ori = np.float64(51.71424617797849)
8.0705 	EXP 	rot_line_precue: ori = np.float64(52.06654459252034)
8.0787 	EXP 	rot_line_precue: ori = np.float64(52.70391869241412)
8.0866 	EXP 	rot_line_precue: ori = np.float64(53.221213378008095)
8.0956 	EXP 	rot_line_precue: ori = np.float64(53.640284469919685)
8.1037 	EXP 	rot_line_precue: ori = np.float64(54.0693996543543)
8.1117 	EXP 	rot_line_precue: ori = np.float64(54.45215767136298)
8.1206 	EXP 	rot_line_precue: ori = np.float64(54.81085169205201)
8.1288 	EXP 	rot_line_precue: ori = np.float64(55.16579613780431)
8.1367 	EXP 	rot_line_precue: ori = np.float64(55.497063998435365)
8.1448 	EXP 	rot_line_precue: ori = np.float64(55.848549879088075)
8.1536 	EXP 	rot_line_precue: ori = np.float64(56.598493766671254)
8.1617 	EXP 	rot_line_precue: ori = np.float64(57.00710531525565)
8.1706 	EXP 	rot_line_precue: ori = np.float64(57.507879864177205)
8.1787 	EXP 	rot_line_precue: ori = np.float64(57.85602593886552)
8.1867 	EXP 	rot_line_precue: ori = np.float64(58.401455843040196)
8.1947 	EXP 	rot_line_precue: ori = np.float64(58.85943911589629)
8.2037 	EXP 	rot_line_precue: ori = np.float64(59.218626915263414)
8.2118 	EXP 	rot_line_precue: ori = np.float64(59.79267324524495)
8.2197 	EXP 	rot_line_precue: ori = np.float64(60.11690961904386)
8.2287 	EXP 	rot_line_precue: ori = np.float64(60.4187790433893)
8.2371 	EXP 	rot_line_precue: ori = np.float64(60.74072233646643)
8.2449 	EXP 	rot_line_precue: ori = np.float64(61.449428670017646)
8.2539 	EXP 	rot_line_precue: ori = np.float64(61.83327520389148)
8.2620 	EXP 	rot_line_precue: ori = np.float64(62.54781481445865)
8.2699 	EXP 	rot_line_precue: ori = np.float64(62.849609714564934)
8.2788 	EXP 	rot_line_precue: ori = np.float64(63.311300555373165)
8.2869 	EXP 	rot_line_precue: ori = np.float64(63.64105374486926)
8.2951 	EXP 	rot_line_precue: ori = np.float64(63.938955006457434)
8.3038 	EXP 	rot_line_precue: ori = np.float64(64.23520823367764)
8.3120 	EXP 	rot_line_precue: ori = np.float64(64.54457351239319)
8.3200 	EXP 	rot_line_precue: ori = np.float64(64.91045575918409)
8.3281 	EXP 	rot_line_precue: ori = np.float64(65.38637300875877)
8.3370 	EXP 	rot_line_precue: ori = np.float64(65.69963063964278)
8.3452 	EXP 	rot_line_precue: ori = np.float64(66.37368000914613)
8.3532 	EXP 	rot_line_precue: ori = np.float64(67.03216522116533)
8.3620 	EXP 	rot_line_precue: ori = np.float64(67.33511484263734)
8.3702 	EXP 	rot_line_precue: ori = np.float64(67.70692932605238)
8.3781 	EXP 	rot_line_precue: ori = np.float64(68.03942620729693)
8.3871 	EXP 	rot_line_precue: ori = np.float64(68.43612133370154)
8.3952 	EXP 	rot_line_precue: ori = np.float64(68.96273334119279)
8.4033 	EXP 	rot_line_precue: ori = np.float64(69.29339360759371)
8.4122 	EXP 	rot_line_precue: ori = np.float64(69.74131526957831)
8.4204 	EXP 	rot_line_precue: ori = np.float64(70.05178950221122)
8.4293 	EXP 	rot_line_precue: ori = np.float64(70.76849891858191)
8.4373 	EXP 	rot_line_precue: ori = np.float64(71.2169474637131)
8.4456 	EXP 	rot_line_precue: ori = np.float64(71.55902802498066)
8.4534 	EXP 	rot_line_precue: ori = np.float64(71.88804481035912)
8.4622 	EXP 	rot_line_precue: ori = np.float64(72.3938984711538)
8.4704 	EXP 	rot_line_precue: ori = np.float64(72.73601917578064)
8.4785 	EXP 	rot_line_precue: ori = np.float64(73.24799095721143)
8.4873 	EXP 	rot_line_precue: ori = np.float64(73.60999675801119)
8.4954 	EXP 	rot_line_precue: ori = np.float64(74.11474596926097)
8.5035 	EXP 	rot_line_precue: ori = np.float64(74.43135079689621)
8.5113 	EXP 	rot_line_precue: ori = np.float64(74.85300991496747)
8.5203 	EXP 	rot_line_precue: ori = np.float64(75.19179711409939)
8.5285 	EXP 	rot_line_precue: ori = np.float64(75.5107384997601)
8.5365 	EXP 	rot_line_precue: ori = np.float64(75.95916980271342)
8.5453 	EXP 	rot_line_precue: ori = np.float64(76.31369913917128)
8.5536 	EXP 	rot_line_precue: ori = np.float64(77.09338033947719)
8.5614 	EXP 	rot_line_precue: ori = np.float64(77.39382948344566)
8.5704 	EXP 	rot_line_precue: ori = np.float64(77.73658417433347)
8.5786 	EXP 	rot_line_precue: ori = np.float64(78.1759649192691)
8.5867 	EXP 	rot_line_precue: ori = np.float64(78.5063243238294)
8.5956 	EXP 	rot_line_precue: ori = np.float64(78.86378112896847)
8.6038 	EXP 	rot_line_precue: ori = np.float64(79.18779297762464)
8.6117 	EXP 	rot_line_precue: ori = np.float64(79.50045237094898)
8.6206 	EXP 	rot_line_precue: ori = np.float64(79.88532461988163)
8.6287 	EXP 	rot_line_precue: ori = np.float64(80.39981366467103)
8.6366 	EXP 	rot_line_precue: ori = np.float64(81.08084301872867)
8.6455 	EXP 	rot_line_precue: ori = np.float64(81.57722688381602)
8.6537 	EXP 	rot_line_precue: ori = np.float64(82.04754074450435)
8.6617 	EXP 	rot_line_precue: ori = np.float64(82.53003952047517)
8.6698 	EXP 	rot_line_precue: ori = np.float64(83.09211116197848)
8.6787 	EXP 	rot_line_precue: ori = np.float64(83.3926674421705)
8.6867 	EXP 	rot_line_precue: ori = np.float64(83.79035713695347)
8.6947 	EXP 	rot_line_precue: ori = np.float64(84.11052136501947)
8.7036 	EXP 	rot_line_precue: ori = np.float64(84.41031776344182)
8.7118 	EXP 	rot_line_precue: ori = np.float64(84.84409617500249)
8.7199 	EXP 	rot_line_precue: ori = np.float64(85.16363917988939)
8.7288 	EXP 	rot_line_precue: ori = np.float64(85.49626980093755)
8.7369 	EXP 	rot_line_precue: ori = np.float64(85.90308429210606)
8.7449 	EXP 	rot_line_precue: ori = np.float64(86.29532280963188)
8.7540 	EXP 	rot_line_precue: ori = np.float64(86.59716795987103)
8.7620 	EXP 	rot_line_precue: ori = np.float64(86.93031999390558)
8.7710 	EXP 	rot_line_precue: ori = np.float64(87.2366563380723)
8.7790 	EXP 	rot_line_precue: ori = np.float64(87.54446975901261)
8.7870 	EXP 	rot_line_precue: ori = np.float64(87.90527594701977)
8.7951 	EXP 	rot_line_precue: ori = np.float64(88.2143345890712)
8.8040 	EXP 	rot_line_precue: ori = np.float64(88.57297328346434)
8.8120 	EXP 	rot_line_precue: ori = np.float64(88.88923350404059)
8.8200 	EXP 	rot_line_precue: ori = np.float64(89.20995187379302)
8.8290 	EXP 	rot_line_precue: ori = np.float64(89.85751336172432)
8.8370 	EXP 	rot_line_precue: ori = np.float64(90.26700813851036)
8.8451 	EXP 	rot_line_precue: ori = np.float64(90.596787417626)
8.8532 	EXP 	rot_line_precue: ori = np.float64(90.91518315483866)
8.8622 	EXP 	rot_line_precue: ori = np.float64(91.57959540927271)
8.8702 	EXP 	rot_line_precue: ori = np.float64(91.9162350882419)
8.8782 	EXP 	rot_line_precue: ori = np.float64(92.27278315897473)
8.8870 	EXP 	rot_line_precue: ori = np.float64(92.81336304538063)
8.8952 	EXP 	rot_line_precue: ori = np.float64(93.19642892667873)
8.9032 	EXP 	rot_line_precue: ori = np.float64(93.50078185300092)
8.9121 	EXP 	rot_line_precue: ori = np.float64(93.81133466113319)
8.9203 	EXP 	rot_line_precue: ori = np.float64(94.19607064690167)
8.9284 	EXP 	rot_line_precue: ori = np.float64(94.61852942123924)
8.9373 	EXP 	rot_line_precue: ori = np.float64(95.16496515197676)
8.9454 	EXP 	hor_line_precue: autoDraw = False
8.9454 	EXP 	ver_line_precue: autoDraw = False
8.9454 	EXP 	rot_line_precue: autoDraw = False
8.9454 	EXP 	rot_line_precue: ori = np.float64(95.49526431863836)
8.9542 	EXP 	rot_line_precue: ori = np.float64(95.81848544791734)
8.9622 	EXP 	rot_line_precue: ori = np.float64(96.11598052202137)
8.9703 	EXP 	rot_line_precue: ori = np.float64(96.46743604589673)
8.9784 	EXP 	rot_line_precue: ori = np.float64(96.97322246211233)
8.9874 	EXP 	rot_line_precue: ori = np.float64(97.29829620375834)
8.9954 	EXP 	rot_line_precue: ori = np.float64(97.59857288101917)
9.0039 	EXP 	rot_line_precue: ori = np.float64(98.07928637627707)
9.0123 	EXP 	rot_line_precue: ori = np.float64(98.44893490638)
9.0205 	EXP 	rot_line_precue: ori = np.float64(98.76523259940637)
9.0285 	EXP 	rot_line_precue: ori = np.float64(99.09911190945654)
9.0365 	EXP 	rot_line_precue: ori = np.float64(99.85367491167383)
9.0453 	EXP 	rot_line_precue: ori = np.float64(100.4204860328543)
9.0535 	EXP 	rot_line_precue: ori = np.float64(100.88158567851082)
9.0613 	EXP 	rot_line_precue: ori = np.float64(101.53018242831558)
9.0703 	EXP 	rot_line_precue: ori = np.float64(102.03436092581052)
9.0786 	EXP 	rot_line_precue: ori = np.float64(102.33584593099495)
9.0864 	EXP 	rot_line_precue: ori = np.float64(102.64526194341225)
9.0954 	EXP 	rot_line_precue: ori = np.float64(103.07994844892812)
9.1037 	EXP 	rot_line_precue: ori = np.float64(103.3994670575347)
9.1126 	EXP 	rot_line_precue: ori = np.float64(103.84653025166007)
9.1207 	EXP 	rot_line_precue: ori = np.float64(104.15017738200908)
9.1287 	EXP 	rot_line_precue: ori = np.float64(104.51761882781877)
9.1368 	EXP 	rot_line_precue: ori = np.float64(105.13571925620408)
9.1455 	EXP 	rot_line_precue: ori = np.float64(105.49926271323707)
9.1538 	EXP 	rot_line_precue: ori = np.float64(106.07663637067301)
9.1617 	EXP 	rot_line_precue: ori = np.float64(106.3927681851475)
9.1705 	EXP 	rot_line_precue: ori = np.float64(106.72745415360964)
9.1786 	EXP 	rot_line_precue: ori = np.float64(107.40129078067272)
9.1867 	EXP 	rot_line_precue: ori = np.float64(108.16008271515217)
9.1947 	EXP 	rot_line_precue: ori = np.float64(108.85347863059937)
9.2036 	EXP 	rot_line_precue: ori = np.float64(109.18221152285193)
9.2118 	EXP 	rot_line_precue: ori = np.float64(109.48205980049228)
9.2199 	EXP 	rot_line_precue: ori = np.float64(109.95954386610236)
9.2287 	EXP 	rot_line_precue: ori = np.float64(110.25892895314975)
9.2370 	EXP 	rot_line_precue: ori = np.float64(110.60395414016055)
9.2449 	EXP 	rot_line_precue: ori = np.float64(110.98761717398965)
9.2538 	EXP 	rot_line_precue: ori = np.float64(111.28679780766036)
9.2619 	EXP 	rot_line_precue: ori = np.float64(112.01101290681217)
9.2701 	EXP 	rot_line_precue: ori = np.float64(112.33567170535333)
9.2790 	EXP 	rot_line_precue: ori = np.float64(112.6645749466811)
9.2871 	EXP 	rot_line_precue: ori = np.float64(112.99122753429437)
9.2960 	EXP 	rot_line_precue: ori = np.float64(113.48542256716)
9.3039 	EXP 	rot_line_precue: ori = np.float64(113.78891457284091)
9.3119 	EXP 	rot_line_precue: ori = np.float64(114.0942369444824)
9.3200 	EXP 	rot_line_precue: ori = np.float64(114.41296457718472)
9.3291 	EXP 	rot_line_precue: ori = np.float64(114.78752888251461)
9.3369 	EXP 	rot_line_precue: ori = np.float64(115.10498677139901)
9.3451 	EXP 	rot_line_precue: ori = np.float64(115.61371525495123)
9.3532 	EXP 	rot_line_precue: ori = np.float64(115.93226074372947)
9.3620 	EXP 	rot_line_precue: ori = np.float64(116.51980465868834)
9.3702 	EXP 	rot_line_precue: ori = np.float64(117.12392209371598)
9.3792 	EXP 	rot_line_precue: ori = np.float64(117.45797872594562)
9.3870 	EXP 	rot_line_precue: ori = np.float64(118.08859349002296)
9.3952 	EXP 	rot_line_precue: ori = np.float64(118.39820347018721)
9.4032 	EXP 	rot_line_precue: ori = np.float64(118.74488532621757)
9.4121 	EXP 	rot_line_precue: ori = np.float64(119.16215995040056)
9.4202 	EXP 	rot_line_precue: ori = np.float64(119.48143305463532)
9.4283 	EXP 	rot_line_precue: ori = np.float64(120.09688178954934)
9.4371 	EXP 	rot_line_precue: ori = np.float64(120.51533098154403)
9.4453 	EXP 	rot_line_precue: ori = np.float64(120.88994291616616)
9.4533 	EXP 	rot_line_precue: ori = np.float64(121.33411206686348)
9.4625 	EXP 	rot_line_precue: ori = np.float64(121.6308237995449)
9.4705 	EXP 	rot_line_precue: ori = np.float64(121.94283026623825)
9.4785 	EXP 	rot_line_precue: ori = np.float64(122.33005781530477)
9.4873 	EXP 	rot_line_precue: ori = np.float64(122.69646028321658)
9.4954 	EXP 	rot_line_precue: ori = np.float64(123.10337078909762)
9.5033 	EXP 	rot_line_precue: ori = np.float64(123.49465663832945)
9.5123 	EXP 	rot_line_precue: ori = np.float64(123.80168324855553)
9.5210 	EXP 	rot_line_precue: ori = np.float64(124.17458459558146)
9.5285 	EXP 	rot_line_precue: ori = np.float64(124.53092180846475)
9.5363 	EXP 	rot_line_precue: ori = np.float64(124.98677748799552)
9.5454 	EXP 	rot_line_precue: ori = np.float64(125.3162928645235)
9.5535 	EXP 	rot_line_precue: ori = np.float64(125.84409144698678)
9.5615 	EXP 	rot_line_precue: ori = np.float64(126.16568470469043)
9.5703 	EXP 	rot_line_precue: ori = np.float64(126.56252433069838)
9.5786 	EXP 	rot_line_precue: ori = np.float64(127.03560518098818)
9.5865 	EXP 	rot_line_precue: ori = np.float64(127.64200331287142)
9.5954 	EXP 	rot_line_precue: ori = np.float64(127.99176051358319)
9.6036 	EXP 	rot_line_precue: ori = np.float64(128.32899305835082)
9.6116 	EXP 	rot_line_precue: ori = np.float64(128.84533929588605)
9.6204 	EXP 	rot_line_precue: ori = np.float64(129.63248606224894)
9.6288 	EXP 	rot_line_precue: ori = np.float64(129.94834969779524)
9.6367 	EXP 	rot_line_precue: ori = np.float64(130.46877253958988)
9.6456 	EXP 	rot_line_precue: ori = np.float64(130.84754054634166)
9.6538 	EXP 	rot_line_precue: ori = np.float64(131.2147749362339)
9.6616 	EXP 	rot_line_precue: ori = np.float64(131.88682119206504)
9.6705 	EXP 	rot_line_precue: ori = np.float64(132.64592517947113)
9.6786 	EXP 	rot_line_precue: ori = np.float64(133.00344405578457)
9.6867 	EXP 	rot_line_precue: ori = np.float64(133.34257422242587)
9.6955 	EXP 	rot_line_precue: ori = np.float64(133.89281793999444)
9.7036 	EXP 	rot_line_precue: ori = np.float64(134.25822666501307)
9.7117 	EXP 	rot_line_precue: ori = np.float64(134.57819836081129)
9.7197 	EXP 	rot_line_precue: ori = np.float64(134.87879107405024)
9.7286 	EXP 	rot_line_precue: ori = np.float64(135.25018368967372)
9.7367 	EXP 	rot_line_precue: ori = np.float64(135.58300749824417)
9.7449 	EXP 	rot_line_precue: ori = np.float64(136.0588348667224)
9.7537 	EXP 	rot_line_precue: ori = np.float64(136.38267630572872)
9.7618 	EXP 	rot_line_precue: ori = np.float64(137.02453113637668)
9.7699 	EXP 	rot_line_precue: ori = np.float64(137.49517448381616)
9.7788 	EXP 	rot_line_precue: ori = np.float64(137.7977279281785)
9.7870 	EXP 	rot_line_precue: ori = np.float64(138.1379497761044)
9.7950 	EXP 	rot_line_precue: ori = np.float64(138.50078041171125)
9.8040 	EXP 	rot_line_precue: ori = np.float64(139.05649431719974)
9.8121 	EXP 	rot_line_precue: ori = np.float64(139.60989684808075)
9.8210 	EXP 	rot_line_precue: ori = np.float64(140.0161341459388)
9.8290 	EXP 	rot_line_precue: ori = np.float64(140.40284124617276)
9.8370 	EXP 	rot_line_precue: ori = np.float64(141.08631384396202)
9.8451 	EXP 	rot_line_precue: ori = np.float64(141.43439890880012)
9.8540 	EXP 	rot_line_precue: ori = np.float64(141.88252852426257)
9.8620 	EXP 	rot_line_precue: ori = np.float64(142.2234816280666)
9.8701 	EXP 	rot_line_precue: ori = np.float64(142.69705229236237)
9.8782 	EXP 	rot_line_precue: ori = np.float64(143.0133827778487)
9.8870 	EXP 	rot_line_precue: ori = np.float64(143.32424133701164)
9.8951 	EXP 	rot_line_precue: ori = np.float64(143.66541034334827)
9.9032 	EXP 	rot_line_precue: ori = np.float64(144.0611979110507)
9.9121 	EXP 	rot_line_precue: ori = np.float64(144.7376999806324)
9.9202 	EXP 	rot_line_precue: ori = np.float64(145.2030282424463)
9.9282 	EXP 	rot_line_precue: ori = np.float64(145.60036000955185)
9.9371 	EXP 	rot_line_precue: ori = np.float64(145.9248514919999)
9.9453 	EXP 	rot_line_precue: ori = np.float64(146.3126383901099)
9.9533 	EXP 	rot_line_precue: ori = np.float64(146.62376984142338)
9.9621 	EXP 	rot_line_precue: ori = np.float64(147.14134669003664)
9.9703 	EXP 	rot_line_precue: ori = np.float64(147.61544859540246)
9.9793 	EXP 	rot_line_precue: ori = np.float64(147.9663552405868)
9.9873 	EXP 	rot_line_precue: ori = np.float64(148.2761142522877)
9.9955 	EXP 	rot_line_precue: ori = np.float64(148.95504600937386)
10.0034 	EXP 	rot_line_precue: ori = np.float64(149.35669703027813)
10.0122 	EXP 	rot_line_precue: ori = np.float64(150.1227818766956)
10.0206 	EXP 	rot_line_precue: ori = np.float64(150.447178167809)
10.0283 	EXP 	rot_line_precue: ori = np.float64(150.8449818663112)
10.0373 	EXP 	rot_line_precue: ori = np.float64(151.2866999348055)
10.0454 	EXP 	rot_line_precue: ori = np.float64(151.95676795699853)
10.0535 	EXP 	rot_line_precue: ori = np.float64(152.2555538681776)
10.0614 	EXP 	rot_line_precue: ori = np.float64(152.95284382692566)
10.0704 	EXP 	rot_line_precue: ori = np.float64(153.31492429400996)
10.0785 	EXP 	rot_line_precue: ori = np.float64(153.79303357751002)
10.0865 	EXP 	rot_line_precue: ori = np.float64(154.36279069294298)
10.0953 	EXP 	rot_line_precue: ori = np.float64(154.66079307950645)
10.1035 	EXP 	rot_line_precue: ori = np.float64(155.01711992743935)
10.1115 	EXP 	rot_line_precue: ori = np.float64(155.32460657933734)
10.1203 	EXP 	rot_line_precue: ori = np.float64(155.67909364435252)
10.1285 	EXP 	rot_line_precue: ori = np.float64(156.02355132739146)
10.1366 	EXP 	rot_line_precue: ori = np.float64(156.34985968921794)
10.1454 	EXP 	rot_line_precue: ori = np.float64(156.6707240407954)
10.1536 	EXP 	rot_line_precue: ori = np.float64(157.16221185622368)
10.1618 	EXP 	rot_line_precue: ori = np.float64(157.48663845563843)
10.1706 	EXP 	rot_line_precue: ori = np.float64(157.96283492183792)
10.1786 	EXP 	rot_line_precue: ori = np.float64(158.3055064719815)
10.1875 	EXP 	rot_line_precue: ori = np.float64(158.6909565059388)
10.1957 	EXP 	rot_line_precue: ori = np.float64(159.0957493706093)
10.2038 	EXP 	rot_line_precue: ori = np.float64(159.40549090011118)
10.2117 	EXP 	rot_line_precue: ori = np.float64(159.8251568831684)
10.2197 	EXP 	rot_line_precue: ori = np.float64(160.12834626258146)
10.2286 	EXP 	rot_line_precue: ori = np.float64(160.53411798686855)
10.2367 	EXP 	rot_line_precue: ori = np.float64(161.2407184733654)
10.2447 	EXP 	rot_line_precue: ori = np.float64(161.8709564265275)
10.2536 	EXP 	rot_line_precue: ori = np.float64(162.38935472561684)
10.2618 	EXP 	rot_line_precue: ori = np.float64(162.6878295477465)
10.2698 	EXP 	rot_line_precue: ori = np.float64(163.04966869421682)
10.2787 	EXP 	rot_line_precue: ori = np.float64(163.36306114215566)
10.2868 	EXP 	rot_line_precue: ori = np.float64(163.8108679586195)
10.2949 	EXP 	rot_line_precue: ori = np.float64(164.14525493723173)
10.3038 	EXP 	rot_line_precue: ori = np.float64(164.44442070406092)
10.3119 	EXP 	rot_line_precue: ori = np.float64(164.79098083899706)
10.3201 	EXP 	rot_line_precue: ori = np.float64(165.40302044548142)
10.3289 	EXP 	rot_line_precue: ori = np.float64(165.77143693255454)
10.3371 	EXP 	rot_line_precue: ori = np.float64(166.09846017402683)
10.3450 	EXP 	rot_line_precue: ori = np.float64(166.42619280039736)
10.3540 	EXP 	rot_line_precue: ori = np.float64(166.90426685714414)
10.3620 	EXP 	rot_line_precue: ori = np.float64(167.23361211619576)
10.3701 	EXP 	rot_line_precue: ori = np.float64(167.69776418764948)
10.3789 	EXP 	rot_line_precue: ori = np.float64(168.03141927165174)
10.3871 	EXP 	rot_line_precue: ori = np.float64(168.55184741028805)
10.3951 	EXP 	rot_line_precue: ori = np.float64(168.9194807732265)
10.4032 	EXP 	rot_line_precue: ori = np.float64(169.51293256045193)
10.4120 	EXP 	rot_line_precue: ori = np.float64(170.02148148500848)
10.4202 	EXP 	rot_line_precue: ori = np.float64(170.3172534927497)
10.4280 	EXP 	rot_line_precue: ori = np.float64(170.62104662076183)
10.4370 	EXP 	rot_line_precue: ori = np.float64(170.95938416057365)
10.4453 	EXP 	rot_line_precue: ori = np.float64(171.42872368329108)
10.4540 	EXP 	rot_line_precue: ori = np.float64(171.90066086574953)
10.4621 	EXP 	rot_line_precue: ori = np.float64(172.26491021172592)
10.4703 	EXP 	rot_line_precue: ori = np.float64(172.6004999154621)
10.4783 	EXP 	rot_line_precue: ori = np.float64(172.95713648461506)
10.4872 	EXP 	rot_line_precue: ori = np.float64(173.27741876792726)
10.4954 	EXP 	rot_line_precue: ori = np.float64(173.581298980352)
10.5035 	EXP 	rot_line_precue: ori = np.float64(173.88587481817137)
10.5123 	EXP 	rot_line_precue: ori = np.float64(174.18195043861027)
10.5205 	EXP 	rot_line_precue: ori = np.float64(174.51053836305022)
10.5284 	EXP 	rot_line_precue: ori = np.float64(175.05528847886032)
10.5372 	EXP 	rot_line_precue: ori = np.float64(175.37477620912406)
10.5454 	EXP 	rot_line_precue: ori = np.float64(175.69486371437227)
10.5534 	EXP 	rot_line_precue: ori = np.float64(176.2358131592488)
10.5622 	EXP 	rot_line_precue: ori = np.float64(176.6227788377865)
10.5703 	EXP 	rot_line_precue: ori = np.float64(176.92124311299494)
10.5784 	EXP 	rot_line_precue: ori = np.float64(177.40201795204047)
10.5865 	EXP 	rot_line_precue: ori = np.float64(177.77445548369812)
10.5953 	EXP 	rot_line_precue: ori = np.float64(178.1056888372997)
10.6034 	EXP 	rot_line_precue: ori = np.float64(178.4480102307124)
10.6113 	EXP 	rot_line_precue: ori = np.float64(178.84265544742797)
10.6203 	EXP 	rot_line_precue: ori = np.float64(179.16734673489427)
10.6285 	EXP 	rot_line_precue: ori = np.float64(179.51248938646066)
10.6366 	EXP 	rot_line_precue: ori = np.float64(179.90111124239723)
10.6456 	EXP 	rot_line_precue: ori = np.float64(180.23820494379407)
10.6535 	EXP 	rot_line_precue: ori = np.float64(180.59865445202223)
10.6616 	EXP 	rot_line_precue: ori = np.float64(180.93951754331212)
10.6695 	EXP 	rot_line_precue: ori = np.float64(181.23491596915775)
10.6786 	EXP 	rot_line_precue: ori = np.float64(181.61049171900095)
10.6866 	EXP 	rot_line_precue: ori = np.float64(181.90596947429833)
10.6956 	EXP 	rot_line_precue: ori = np.float64(182.249828538755)
10.7041 	EXP 	rot_line_precue: ori = np.float64(182.61943376374876)
10.7125 	EXP 	rot_line_precue: ori = np.float64(183.01842054711128)
10.7205 	EXP 	rot_line_precue: ori = np.float64(183.57216941205394)
10.7287 	EXP 	rot_line_precue: ori = np.float64(184.02552352961197)
10.7368 	EXP 	rot_line_precue: ori = np.float64(184.32088075898733)
10.7456 	EXP 	rot_line_precue: ori = np.float64(184.63190624662622)
10.7536 	EXP 	rot_line_precue: ori = np.float64(185.08174772923397)
10.7617 	EXP 	rot_line_precue: ori = np.float64(185.40438573792485)
10.7697 	EXP 	rot_line_precue: ori = np.float64(185.8209662065233)
10.7786 	EXP 	rot_line_precue: ori = np.float64(186.1331276787615)
10.7868 	EXP 	rot_line_precue: ori = np.float64(186.51386015656112)
10.7947 	EXP 	rot_line_precue: ori = np.float64(187.26823801264513)
10.8037 	EXP 	rot_line_precue: ori = np.float64(187.6406798092832)
10.8119 	EXP 	rot_line_precue: ori = np.float64(188.08192172476103)
10.8200 	EXP 	rot_line_precue: ori = np.float64(188.39700155911436)
10.8287 	EXP 	rot_line_precue: ori = np.float64(188.73992614802972)
10.8369 	EXP 	rot_line_precue: ori = np.float64(189.09435031459407)
10.8450 	EXP 	rot_line_precue: ori = np.float64(189.54600675684895)
10.8540 	EXP 	rot_line_precue: ori = np.float64(189.84945231772184)
10.8621 	EXP 	rot_line_precue: ori = np.float64(190.20696554280877)
10.8702 	EXP 	rot_line_precue: ori = np.float64(190.86795302553443)
10.8791 	EXP 	rot_line_precue: ori = np.float64(191.16372181755355)
10.8870 	EXP 	rot_line_precue: ori = np.float64(191.52347479917282)
10.8951 	EXP 	rot_line_precue: ori = np.float64(191.87602548051572)
10.9040 	EXP 	rot_line_precue: ori = np.float64(192.18751762524641)
10.9121 	EXP 	rot_line_precue: ori = np.float64(192.7438865092015)
10.9200 	EXP 	rot_line_precue: ori = np.float64(193.09804280836403)
10.9281 	EXP 	rot_line_precue: ori = np.float64(193.5156558537729)
10.9369 	EXP 	rot_line_precue: ori = np.float64(193.96555346187975)
10.9451 	EXP 	rot_line_precue: ori = np.float64(194.27879011149338)
10.9532 	EXP 	rot_line_precue: ori = np.float64(194.6200464896169)
10.9620 	EXP 	rot_line_precue: ori = np.float64(194.96050638199335)
10.9701 	EXP 	rot_line_precue: ori = np.float64(195.46087750264167)
10.9782 	EXP 	rot_line_precue: ori = np.float64(195.7561495482732)
10.9870 	EXP 	rot_line_precue: ori = np.float64(196.30917890398993)
10.9952 	EXP 	rot_line_precue: ori = np.float64(196.6288247781123)
11.0033 	EXP 	rot_line_precue: ori = np.float64(196.97531751876468)
11.0121 	EXP 	rot_line_precue: ori = np.float64(197.57818621209032)
11.0202 	EXP 	rot_line_precue: ori = np.float64(197.93866027772373)
11.0291 	EXP 	rot_line_precue: ori = np.float64(198.25237077825386)
11.0373 	EXP 	rot_line_precue: ori = np.float64(198.83023862198476)
11.0455 	EXP 	rot_line_precue: ori = np.float64(199.16930423166272)
11.0534 	EXP 	rot_line_precue: ori = np.float64(199.72989304362173)
11.0623 	EXP 	rot_line_precue: ori = np.float64(200.03726261634938)
11.0704 	EXP 	rot_line_precue: ori = np.float64(200.3481288554988)
11.0785 	EXP 	rot_line_precue: ori = np.float64(200.7335818354946)
11.0873 	EXP 	rot_line_precue: ori = np.float64(201.0535354162862)
11.0954 	EXP 	rot_line_precue: ori = np.float64(201.56060447178132)
11.1035 	EXP 	rot_line_precue: ori = np.float64(201.86043873183522)
11.1115 	EXP 	rot_line_precue: ori = np.float64(202.27669435383365)
11.1203 	EXP 	rot_line_precue: ori = np.float64(202.78405113452197)
11.1286 	EXP 	rot_line_precue: ori = np.float64(203.08476216430245)
11.1365 	EXP 	rot_line_precue: ori = np.float64(203.41142784037748)
11.1454 	EXP 	rot_line_precue: ori = np.float64(203.85728630929276)
11.1535 	EXP 	rot_line_precue: ori = np.float64(204.17573763901822)
11.1614 	EXP 	rot_line_precue: ori = np.float64(204.67401838253613)
11.1704 	EXP 	rot_line_precue: ori = np.float64(204.97358318190166)
11.1785 	EXP 	rot_line_precue: ori = np.float64(205.32888485953538)
11.1875 	EXP 	rot_line_precue: ori = np.float64(205.63181265914412)
11.1956 	EXP 	rot_line_precue: ori = np.float64(206.2570711597222)
11.2038 	EXP 	rot_line_precue: ori = np.float64(206.59981387529515)
11.2126 	EXP 	rot_line_precue: ori = np.float64(206.95744682636462)
11.2208 	EXP 	rot_line_precue: ori = np.float64(207.25926722028882)
11.2287 	EXP 	rot_line_precue: ori = np.float64(207.73085041355307)
11.2367 	EXP 	rot_line_precue: ori = np.float64(208.18661382178294)
11.2456 	EXP 	rot_line_precue: ori = np.float64(208.5926170713437)
11.2539 	EXP 	rot_line_precue: ori = np.float64(209.09714996268266)
11.2618 	EXP 	rot_line_precue: ori = np.float64(209.6584155466557)
11.2697 	EXP 	rot_line_precue: ori = np.float64(210.01028821485951)
11.2786 	EXP 	rot_line_precue: ori = np.float64(210.4092830303886)
11.2870 	EXP 	rot_line_precue: ori = np.float64(210.9187939169414)
11.2949 	EXP 	rot_line_precue: ori = np.float64(211.7223602699842)
11.3037 	EXP 	rot_line_precue: ori = np.float64(212.10241863544078)
11.3118 	EXP 	rot_line_precue: ori = np.float64(212.4765360794128)
11.3199 	EXP 	rot_line_precue: ori = np.float64(212.82485452766258)
11.3289 	EXP 	rot_line_precue: ori = np.float64(213.15671609289103)
11.3369 	EXP 	rot_line_precue: ori = np.float64(213.4991866970949)
11.3448 	EXP 	rot_line_precue: ori = np.float64(213.79590353318127)
11.3539 	EXP 	rot_line_precue: ori = np.float64(214.18294269880042)
11.3619 	EXP 	rot_line_precue: ori = np.float64(214.52740387534791)
11.3701 	EXP 	rot_line_precue: ori = np.float64(214.8613121138754)
11.3790 	EXP 	rot_line_precue: ori = np.float64(215.3118198055823)
11.3871 	EXP 	rot_line_precue: ori = np.float64(215.6969801240531)
11.3952 	EXP 	rot_line_precue: ori = np.float64(216.03679411930065)
11.4041 	EXP 	rot_line_precue: ori = np.float64(216.3940303382712)
11.4121 	EXP 	rot_line_precue: ori = np.float64(216.98974271162265)
11.4201 	EXP 	rot_line_precue: ori = np.float64(217.70261662070644)
11.4290 	EXP 	rot_line_precue: ori = np.float64(218.0009409288258)
11.4370 	EXP 	rot_line_precue: ori = np.float64(218.3168688019842)
11.4376 	EXP 	New trial (rep=0, index=1): <Trial 1 (1 in rep 0) data={'pic_name': 'pics/none.JPG', 'class_mi': 'rest', 'thisN': 1, 'thisTrialN': 1, 'thisRepN': 0}>
11.4451 	EXP 	rot_line_precue: ori = np.float64(218.65682547920727)
11.4451 	EXP 	image: autoDraw = False
11.4451 	EXP 	hor_line_precue: autoDraw = False
11.4451 	EXP 	ver_line_precue: autoDraw = False
11.4451 	EXP 	rot_line_precue: autoDraw = False
11.4451 	EXP 	image: autoDraw = False
11.4451 	EXP 	image: image = 'pics/none.JPG'
11.4451 	EXP 	hor_line_precue: autoDraw = True
11.4451 	EXP 	ver_line_precue: autoDraw = True
11.4451 	EXP 	rot_line_precue: autoDraw = True
11.4451 	EXP 	rot_line_precue: ori = np.float64(219.1540715219223)
11.4451 	EXP 	image: autoDraw = True
11.4532 	EXP 	rot_line_precue: ori = np.float64(219.5240749841168)
11.4620 	EXP 	rot_line_precue: ori = np.float64(219.95503368012578)
11.4702 	EXP 	rot_line_precue: ori = np.float64(220.28660538807378)
11.4783 	EXP 	rot_line_precue: ori = np.float64(220.76222774114245)
11.4871 	EXP 	rot_line_precue: ori = np.float64(221.18693990214553)
11.4952 	EXP 	rot_line_precue: ori = np.float64(221.68633263783158)
11.5031 	EXP 	rot_line_precue: ori = np.float64(221.98193603134553)
11.5121 	EXP 	rot_line_precue: ori = np.float64(222.54282623758)
11.5203 	EXP 	rot_line_precue: ori = np.float64(222.96265475048796)
11.5284 	EXP 	rot_line_precue: ori = np.float64(223.26983708759127)
11.5372 	EXP 	rot_line_precue: ori = np.float64(223.60723702319416)
11.5454 	EXP 	rot_line_precue: ori = np.float64(224.02704014396645)
11.5535 	EXP 	rot_line_precue: ori = np.float64(224.82616002676997)
11.5623 	EXP 	rot_line_precue: ori = np.float64(225.2275911480006)
11.5705 	EXP 	rot_line_precue: ori = np.float64(225.78874590043736)
11.5783 	EXP 	rot_line_precue: ori = np.float64(226.10616666829776)
11.5872 	EXP 	rot_line_precue: ori = np.float64(226.54746281421006)
11.5955 	EXP 	rot_line_precue: ori = np.float64(226.8430235938416)
11.6035 	EXP 	rot_line_precue: ori = np.float64(227.50574991827315)
11.6123 	EXP 	rot_line_precue: ori = np.float64(227.84384659906974)
11.6204 	EXP 	rot_line_precue: ori = np.float64(228.17164772014286)
11.6285 	EXP 	rot_line_precue: ori = np.float64(228.55206210332472)
11.6363 	EXP 	rot_line_precue: ori = np.float64(228.8882546178077)
11.6454 	EXP 	rot_line_precue: ori = np.float64(229.24032814315703)
11.6536 	EXP 	rot_line_precue: ori = np.float64(229.84985327711448)
11.6616 	EXP 	rot_line_precue: ori = np.float64(230.22592389207787)
11.6704 	EXP 	rot_line_precue: ori = np.float64(230.83902865623827)
11.6786 	EXP 	rot_line_precue: ori = np.float64(231.14838265794586)
11.6867 	EXP 	rot_line_precue: ori = np.float64(231.70282968840533)
11.6954 	EXP 	rot_line_precue: ori = np.float64(232.42807473826315)
11.7037 	EXP 	rot_line_precue: ori = np.float64(232.76388289486405)
11.7117 	EXP 	rot_line_precue: ori = np.float64(233.19579797107178)
11.7207 	EXP 	rot_line_precue: ori = np.float64(233.59741842534373)
11.7287 	EXP 	rot_line_precue: ori = np.float64(234.12076350038018)
11.7366 	EXP 	rot_line_precue: ori = np.float64(234.54268817936156)
11.7457 	EXP 	rot_line_precue: ori = np.float64(234.8515681206045)
11.7539 	EXP 	rot_line_precue: ori = np.float64(235.58159786035395)
11.7618 	EXP 	rot_line_precue: ori = np.float64(235.97840909736473)
11.7706 	EXP 	rot_line_precue: ori = np.float64(236.32421351939504)
11.7788 	EXP 	rot_line_precue: ori = np.float64(236.70248731932526)
11.7869 	EXP 	rot_line_precue: ori = np.float64(236.99977778044862)
11.7956 	EXP 	rot_line_precue: ori = np.float64(237.52508120055455)
11.8038 	EXP 	rot_line_precue: ori = np.float64(238.1103045467714)
11.8118 	EXP 	rot_line_precue: ori = np.float64(238.6229658287088)
11.8200 	EXP 	rot_line_precue: ori = np.float64(239.07005447632193)
11.8291 	EXP 	rot_line_precue: ori = np.float64(239.39829514023893)
11.8369 	EXP 	rot_line_precue: ori = np.float64(239.70181945401018)
11.8449 	EXP 	rot_line_precue: ori = np.float64(240.0997218385848)
11.8539 	EXP 	rot_line_precue: ori = np.float64(240.44980769389772)
11.8619 	EXP 	rot_line_precue: ori = np.float64(240.7471985167819)
11.8698 	EXP 	rot_line_precue: ori = np.float64(241.20437556630438)
11.8789 	EXP 	rot_line_precue: ori = np.float64(241.7088516012123)
11.8869 	EXP 	rot_line_precue: ori = np.float64(242.28315694130788)
11.8948 	EXP 	rot_line_precue: ori = np.float64(242.66284419232053)
11.9040 	EXP 	rot_line_precue: ori = np.float64(243.02277483738143)
11.9122 	EXP 	rot_line_precue: ori = np.float64(243.37864910756602)
11.9201 	EXP 	rot_line_precue: ori = np.float64(244.10847602662344)
11.9290 	EXP 	rot_line_precue: ori = np.float64(244.6610428902654)
11.9370 	EXP 	rot_line_precue: ori = np.float64(244.98547556039182)
11.9451 	EXP 	rot_line_precue: ori = np.float64(245.29726887597218)
11.9540 	EXP 	rot_line_precue: ori = np.float64(245.71055830853916)
11.9621 	EXP 	rot_line_precue: ori = np.float64(246.0119633869562)
11.9702 	EXP 	rot_line_precue: ori = np.float64(246.3222515730631)
11.9782 	EXP 	rot_line_precue: ori = np.float64(246.65657483235807)
11.9871 	EXP 	rot_line_precue: ori = np.float64(247.1754647398507)
11.9952 	EXP 	rot_line_precue: ori = np.float64(247.5711515256765)
12.0036 	EXP 	rot_line_precue: ori = np.float64(247.91034343431943)
12.0121 	EXP 	rot_line_precue: ori = np.float64(248.2434525917562)
12.0202 	EXP 	rot_line_precue: ori = np.float64(248.54792751264299)
12.0281 	EXP 	rot_line_precue: ori = np.float64(248.8504646262982)
12.0371 	EXP 	rot_line_precue: ori = np.float64(249.59066114959123)
12.0453 	EXP 	rot_line_precue: ori = np.float64(249.9366607079282)
12.0535 	EXP 	rot_line_precue: ori = np.float64(250.66065178656405)
12.0622 	EXP 	rot_line_precue: ori = np.float64(251.00726668095663)
12.0704 	EXP 	rot_line_precue: ori = np.float64(251.4496396158624)
12.0783 	EXP 	rot_line_precue: ori = np.float64(251.8147053780779)
12.0874 	EXP 	rot_line_precue: ori = np.float64(252.12663681748202)
12.0955 	EXP 	rot_line_precue: ori = np.float64(252.42967280447328)
12.1035 	EXP 	rot_line_precue: ori = np.float64(252.97258770425907)
12.1123 	EXP 	rot_line_precue: ori = np.float64(253.48450438902574)
12.1204 	EXP 	rot_line_precue: ori = np.float64(253.84146780632898)
12.1285 	EXP 	rot_line_precue: ori = np.float64(254.22255032576444)
12.1375 	EXP 	rot_line_precue: ori = np.float64(254.5269509563172)
12.1454 	EXP 	rot_line_precue: ori = np.float64(254.88486758313692)
12.1536 	EXP 	rot_line_precue: ori = np.float64(255.25602735032876)
12.1614 	EXP 	rot_line_precue: ori = np.float64(255.6458883435111)
12.1704 	EXP 	rot_line_precue: ori = np.float64(256.1949315318951)
12.1786 	EXP 	rot_line_precue: ori = np.float64(256.5411815632423)
12.1864 	EXP 	rot_line_precue: ori = np.float64(256.8916093798457)
12.1956 	EXP 	rot_line_precue: ori = np.float64(257.1901537092096)
12.2036 	EXP 	rot_line_precue: ori = np.float64(257.59974542451897)
12.2116 	EXP 	rot_line_precue: ori = np.float64(258.1582356490503)
12.2204 	EXP 	rot_line_precue: ori = np.float64(258.63926990648014)
12.2287 	EXP 	rot_line_precue: ori = np.float64(259.25566695520297)
12.2367 	EXP 	rot_line_precue: ori = np.float64(259.6410128781583)
12.2455 	EXP 	rot_line_precue: ori = np.float64(260.0369487752535)
12.2539 	EXP 	rot_line_precue: ori = np.float64(260.4354160622734)
12.2627 	EXP 	rot_line_precue: ori = np.float64(260.8807589666679)
12.2708 	EXP 	rot_line_precue: ori = np.float64(261.2719515759473)
12.2787 	EXP 	rot_line_precue: ori = np.float64(261.58174750679984)
12.2868 	EXP 	rot_line_precue: ori = np.float64(261.8849700289653)
12.2957 	EXP 	rot_line_precue: ori = np.float64(262.1863115919116)
12.3038 	EXP 	rot_line_precue: ori = np.float64(262.8595630602391)
12.3118 	EXP 	rot_line_precue: ori = np.float64(263.40488478216247)
12.3199 	EXP 	rot_line_precue: ori = np.float64(263.91000493161147)
12.3288 	EXP 	rot_line_precue: ori = np.float64(264.3872437792055)
12.3368 	EXP 	rot_line_precue: ori = np.float64(264.7810782344874)
12.3449 	EXP 	rot_line_precue: ori = np.float64(265.47056671075944)
12.3538 	EXP 	rot_line_precue: ori = np.float64(265.7698040625729)
12.3619 	EXP 	rot_line_precue: ori = np.float64(266.09329685773366)
12.3700 	EXP 	rot_line_precue: ori = np.float64(266.6451625786033)
12.3790 	EXP 	rot_line_precue: ori = np.float64(266.9726791031659)
12.3870 	EXP 	rot_line_precue: ori = np.float64(267.3553000389324)
12.3960 	EXP 	rot_line_precue: ori = np.float64(267.723507607655)
12.4039 	EXP 	rot_line_precue: ori = np.float64(268.05826572467623)
12.4120 	EXP 	rot_line_precue: ori = np.float64(268.66099988437344)
12.4200 	EXP 	rot_line_precue: ori = np.float64(268.9702606864815)
12.4291 	EXP 	rot_line_precue: ori = np.float64(269.31753303315367)
12.4371 	EXP 	rot_line_precue: ori = np.float64(269.7335428268351)
12.4452 	EXP 	rot_line_precue: ori = np.float64(270.04591954894676)
12.4539 	EXP 	rot_line_precue: ori = np.float64(270.35829952609623)
12.4620 	EXP 	rot_line_precue: ori = np.float64(270.6822110841363)
12.4702 	EXP 	rot_line_precue: ori = np.float64(271.07124741179416)
12.4791 	EXP 	rot_line_precue: ori = np.float64(271.49629754277987)
12.4871 	EXP 	rot_line_precue: ori = np.float64(272.1869863018088)
12.4953 	EXP 	rot_line_precue: ori = np.float64(272.51105833444984)
12.5041 	EXP 	rot_line_precue: ori = np.float64(273.1968594002077)
12.5121 	EXP 	rot_line_precue: ori = np.float64(273.57739786283815)
12.5202 	EXP 	rot_line_precue: ori = np.float64(274.059012244243)
12.5284 	EXP 	rot_line_precue: ori = np.float64(274.39570140601046)
12.5374 	EXP 	rot_line_precue: ori = np.float64(274.70681328634174)
12.5453 	EXP 	rot_line_precue: ori = np.float64(275.00903656930126)
12.5532 	EXP 	rot_line_precue: ori = np.float64(275.3446486982736)
12.5620 	EXP 	rot_line_precue: ori = np.float64(275.67361565778987)
12.5702 	EXP 	rot_line_precue: ori = np.float64(276.0368759586271)
12.5783 	EXP 	rot_line_precue: ori = np.float64(276.48992877923223)
12.5871 	EXP 	rot_line_precue: ori = np.float64(276.83345688860254)
12.5953 	EXP 	rot_line_precue: ori = np.float64(277.1520239641556)
12.6035 	EXP 	rot_line_precue: ori = np.float64(277.45835960693245)
12.6123 	EXP 	rot_line_precue: ori = np.float64(277.8183442019833)
12.6205 	EXP 	rot_line_precue: ori = np.float64(278.1800110700727)
12.6284 	EXP 	rot_line_precue: ori = np.float64(278.4956019743129)
12.6374 	EXP 	rot_line_precue: ori = np.float64(279.1052360230021)
12.6454 	EXP 	rot_line_precue: ori = np.float64(279.44469380231277)
12.6535 	EXP 	rot_line_precue: ori = np.float64(279.8809781549755)
12.6623 	EXP 	rot_line_precue: ori = np.float64(280.3034050343966)
12.6704 	EXP 	rot_line_precue: ori = np.float64(280.62554573884427)
12.6786 	EXP 	rot_line_precue: ori = np.float64(281.147471674544)
12.6864 	EXP 	rot_line_precue: ori = np.float64(281.54471370885557)
12.6954 	EXP 	rot_line_precue: ori = np.float64(281.8408085186141)
12.7036 	EXP 	rot_line_precue: ori = np.float64(282.1531900260162)
12.7114 	EXP 	rot_line_precue: ori = np.float64(282.82830396949413)
12.7204 	EXP 	rot_line_precue: ori = np.float64(283.2342520520309)
12.7286 	EXP 	rot_line_precue: ori = np.float64(283.6675230831572)
12.7366 	EXP 	rot_line_precue: ori = np.float64(284.1972078551566)
12.7456 	EXP 	rot_line_precue: ori = np.float64(284.6145224995954)
12.7537 	EXP 	rot_line_precue: ori = np.float64(284.9689129460189)
12.7616 	EXP 	rot_line_precue: ori = np.float64(285.3026871157112)
12.7705 	EXP 	rot_line_precue: ori = np.float64(285.65009394330457)
12.7788 	EXP 	rot_line_precue: ori = np.float64(286.0400566260424)
12.7869 	EXP 	rot_line_precue: ori = np.float64(286.3522923200143)
12.7959 	EXP 	rot_line_precue: ori = np.float64(286.822419114869)
12.7968 	EXP 	Device response: <KeyPress from None: t=12.79554189999908, value=escape, duration=None>
12.7975 	DATA 	Keypress: escape
12.8039 	EXP 	rot_line_precue: ori = np.float64(287.5100195479072)
12.8120 	EXP 	rot_line_precue: ori = np.float64(287.84125863079385)
12.8207 	EXP 	rot_line_precue: ori = np.float64(288.14805085891305)
12.8289 	EXP 	rot_line_precue: ori = np.float64(288.5381903045246)
12.8370 	EXP 	rot_line_precue: ori = np.float64(289.19481839445695)
12.8457 	EXP 	rot_line_precue: ori = np.float64(289.491018309111)
12.8539 	EXP 	rot_line_precue: ori = np.float64(289.8244692521002)
12.8618 	EXP 	rot_line_precue: ori = np.float64(290.13731995525825)
12.8624 	EXP 	Device response: <KeyPress from None: t=12.79554189999908, value=escape, duration=0.06222669999988284>
12.8624 	EXP 	bci_racingteam: status = STOPPED
12.8709 	EXP 	rot_line_precue: ori = np.float64(290.8083948535971)
12.8709 	EXP 	hor_line_precue: autoDraw = False
12.8709 	EXP 	ver_line_precue: autoDraw = False
12.8709 	EXP 	rot_line_precue: autoDraw = False
12.8709 	EXP 	image: autoDraw = False
12.8709 	EXP 	bci_racingteam: status = STOPPED
