8.6154 	WARNING 	Requested an unavailable screen number - using first available.
8.6167 	WARNING 	User requested fullscreen with size [1920 1080], but screen is actually [1707, 1067]. Using actual size
8.9069 	EXP 	Created window1 = Window(allowGUI=False, allowStencil=False, autoLog=True, backendConf=UNKNOWN, backgroundFit=<method-wrapper '__getattribute__' of attributeSetter object at 0x000001AEEF812440>, backgroundImage=<method-wrapper '__getattribute__' of attributeSetter object at 0x000001AEEF8123E0>, bitsMode=UNKNOWN, blendMode='avg', bpc=(8, 8, 8), color=array([0, 0, 0]), colorSpace='rgb', depthBits=8, fullscr=True, gamma=None, gammaErrorPolicy='raise', infoMsg=UNKNOWN, lms=UNKNOWN, monitor=<psychopy.monitors.calibTools.Monitor object at 0x000001AEEFA53130>, multiSample=False, name='window1', numSamples=2, pos=[np.float64(0.0), np.float64(0.0)], screen=1, size=array([1707, 1067]), stencilBits=0, stereo=False, title='PsychoPy', units='height', useFBO=True, useRetina=False, viewOri=0.0, viewPos=None, viewScale=None, waitBlanking=True, winType='pyglet')
8.9069 	EXP 	window1: backgroundImage = ''
8.9069 	EXP 	window1: backgroundFit = 'none'
9.2465 	EXP 	window1: Attempting to measure frame rate of screen (1) ...
9.2466 	EXP 	window1: recordFrameIntervals = False
9.3394 	EXP 	window1: recordFrameIntervals = True
10.1718 	EXP 	window1: recordFrameIntervals = False
10.1719 	EXP 	Screen (1) actual frame rate measured at 120.22Hz
12.7800 	EXP 	bci_racingteam: status = STARTED
12.9013 	EXP 	Created text_pre_block = TextStim(__class__=<class 'psychopy.visual.text.TextStim'>, alignHoriz=method-wrapper(...), alignText='center', alignVert=method-wrapper(...), anchorHoriz='center', anchorVert='center', antialias=True, autoDraw=False, autoLog=True, bold=False, color=array([1., 1., 1.]), colorSpace='rgb', contrast=1.0, depth=0.0, draggable=False, flipHoriz=False, flipVert=False, font='Open Sans', fontFiles=[], height=np.float64(0.05), italic=False, languageStyle='LTR', name='text_pre_block', opacity=1, ori=0.0, pos=array([0., 0.]), rgb=UNKNOWN, text='Press any key to start ...', units='height', win=Window(...), wrapWidth=1)
12.9024 	EXP 	Created text_2 = TextStim(__class__=<class 'psychopy.visual.text.TextStim'>, alignHoriz=method-wrapper(...), alignText='center', alignVert=method-wrapper(...), anchorHoriz='center', anchorVert='center', antialias=True, autoDraw=False, autoLog=True, bold=False, color=array([1., 1., 1.]), colorSpace='rgb', contrast=1.0, depth=0.0, draggable=False, flipHoriz=False, flipVert=False, font='Arial', fontFiles=[], height=np.float64(0.05), italic=False, languageStyle='LTR', name='text_2', opacity=1, ori=0.0, pos=array([0., 0.]), rgb=UNKNOWN, text='', units='height', win=Window(...), wrapWidth=1)
12.9049 	EXP 	Created hor_line_precue = Line(__class__=<class 'psychopy.visual.line.Line'>, anchor=('center', 'center'), autoDraw=False, autoLog=True, closeShape=False, color=array([1., 1., 1.]), colorSpace='rgb', contrast=None, depth=0.0, draggable=False, fillColor=array([1, 1, 1]), fillColorSpace='rgb', fillRGB=array([1, 1, 1]), interpolate=True, lineColor=array([1., 1., 1.]), lineColorSpace='rgb', lineRGB=array([1, 1, 1]), lineWidth=5.0, name='hor_line_precue', opacity=1, ori=-45.0, pos=array([0., 0.]), size=array([0.35, 0.35]), units='height', vertices=array([[-0.5, -0.5],
       [ 0.5,  0.5]]), win=Window(...), windingRule=None)
12.9060 	EXP 	Created ver_line_precue = Line(__class__=<class 'psychopy.visual.line.Line'>, anchor=('center', 'center'), autoDraw=False, autoLog=True, closeShape=False, color=array([1., 1., 1.]), colorSpace='rgb', contrast=None, depth=-1.0, draggable=False, fillColor=array([1, 1, 1]), fillColorSpace='rgb', fillRGB=array([1, 1, 1]), interpolate=True, lineColor=array([1., 1., 1.]), lineColorSpace='rgb', lineRGB=array([1, 1, 1]), lineWidth=5.0, name='ver_line_precue', opacity=1, ori=45.0, pos=array([0., 0.]), size=array([0.35, 0.35]), units='height', vertices=array([[-0.5, -0.5],
       [ 0.5,  0.5]]), win=Window(...), windingRule=None)
12.9071 	EXP 	Created rot_line_precue = Line(__class__=<class 'psychopy.visual.line.Line'>, anchor=('center', 'center'), autoDraw=False, autoLog=True, closeShape=False, color=array([1., 1., 1.]), colorSpace='rgb', contrast=None, depth=-2.0, draggable=False, fillColor=array([1, 1, 1]), fillColorSpace='rgb', fillRGB=array([1, 1, 1]), interpolate=True, lineColor=array([1., 1., 1.]), lineColorSpace='rgb', lineRGB=array([1, 1, 1]), lineWidth=5.0, name='rot_line_precue', opacity=1, ori=1.0, pos=array([0., 0.]), size=array([0.35, 0.35]), units='height', vertices=array([[-0.5, -0.5],
       [ 0.5,  0.5]]), win=Window(...), windingRule=None)
12.9228 	EXP 	Created image = ImageStim(__class__=<class 'psychopy.visual.image.ImageStim'>, anchor=('center', 'center'), autoLog=True, color=array([1., 1., 1.]), colorSpace='rgb', contrast=1.0, depth=-4.0, draggable=False, flipHoriz=np.False_, flipVert=np.False_, image='default.png', interpolate=True, mask=None, maskParams=None, name='image', opacity=1, ori=0.0, pos=array([0., 0.]), size=array([0.5, 0.5]), texRes=128.0, units='height', win=Window(...))
12.9280 	EXP 	Created text = TextStim(__class__=<class 'psychopy.visual.text.TextStim'>, alignHoriz=method-wrapper(...), alignText='center', alignVert=method-wrapper(...), anchorHoriz='center', anchorVert='center', antialias=True, autoDraw=False, autoLog=True, bold=False, color=array([1., 1., 1.]), colorSpace='rgb', contrast=1.0, depth=0.0, draggable=False, flipHoriz=False, flipVert=False, font='Arial', fontFiles=[], height=np.float64(0.05), italic=False, languageStyle='LTR', name='text', opacity=1, ori=0.0, pos=array([0., 0.]), rgb=UNKNOWN, text='Run Finished', units='height', win=Window(...), wrapWidth=1)
12.9321 	EXP 	Created text_post_run = TextStim(__class__=<class 'psychopy.visual.text.TextStim'>, alignHoriz=method-wrapper(...), alignText='center', alignVert=method-wrapper(...), anchorHoriz='center', anchorVert='center', antialias=True, autoDraw=False, autoLog=True, bold=False, color=array([1., 1., 1.]), colorSpace='rgb', contrast=1.0, depth=0.0, draggable=False, flipHoriz=False, flipVert=False, font='Open Sans', fontFiles=[], height=np.float64(0.05), italic=False, languageStyle='LTR', name='text_post_run', opacity=1, ori=0.0, pos=array([0., 0.]), rgb=UNKNOWN, text='Block Finished. Yuhu!', units='height', win=Window(...), wrapWidth=1)
0.0216 	EXP 	rot_line_precue: ori = 0
0.0259 	EXP 	text_pre_block: autoDraw = True
1.3748 	EXP 	Device response: <KeyPress from None: t=1.3214478000008967, value=space, duration=None>
1.3754 	EXP 	New trial (rep=0, index=0): <Trial 0 (0 in rep 0) data={'thisN': 0, 'thisTrialN': 0, 'thisRepN': 0}>
1.3771 	DATA 	Keypress: space
1.3804 	EXP 	text_pre_block: autoDraw = False
1.3804 	EXP 	text_2: autoDraw = True
1.3812 	EXP 	Device response: <KeyPress from None: t=1.3214478000008967, value=space, duration=0.059147300002223346>
4.3712 	EXP 	Imported classes.csv as conditions, 4 conditions, 2 params
4.3715 	EXP 	New trial (rep=0, index=0): <Trial 0 (0 in rep 0) data={'pic_name': 'pics/left_hand.JPG', 'class_mi': 'left_hand', 'thisN': 0, 'thisTrialN': 0, 'thisRepN': 0}>
4.3798 	EXP 	text_2: autoDraw = False
4.3798 	EXP 	text_2: autoDraw = False
4.3798 	EXP 	image: image = 'pics/left_hand.JPG'
4.3798 	EXP 	hor_line_precue: autoDraw = True
4.3798 	EXP 	ver_line_precue: autoDraw = True
4.3798 	EXP 	rot_line_precue: autoDraw = True
4.3798 	EXP 	rot_line_precue: ori = 0.41306184207176255
4.3798 	EXP 	image: autoDraw = True
4.3835 	EXP 	rot_line_precue: ori = 0.778939160329499
4.3898 	EXP 	rot_line_precue: ori = 1.1737427572890875
4.3985 	EXP 	rot_line_precue: ori = 1.5451298533680822
4.4064 	EXP 	rot_line_precue: ori = 1.912634083005447
4.4155 	EXP 	rot_line_precue: ori = 2.2568011079530725
4.4235 	EXP 	rot_line_precue: ori = 2.6211643269589135
4.4314 	EXP 	rot_line_precue: ori = 2.954427313894243
4.4395 	EXP 	rot_line_precue: ori = 3.259860270947772
4.4485 	EXP 	rot_line_precue: ori = 3.6886588897634898
4.4565 	EXP 	rot_line_precue: ori = 4.084728502467996
4.4646 	EXP 	rot_line_precue: ori = 4.438094421088277
4.4735 	EXP 	rot_line_precue: ori = 4.780482385979791
4.4815 	EXP 	rot_line_precue: ori = 5.099744290956347
4.4897 	EXP 	rot_line_precue: ori = 5.701934750948146
4.4985 	EXP 	rot_line_precue: ori = 6.362504049850582
4.5067 	EXP 	rot_line_precue: ori = 6.716094171443458
4.5147 	EXP 	rot_line_precue: ori = 7.034632788709715
4.5237 	EXP 	rot_line_precue: ori = 7.35345718890035
4.5316 	EXP 	rot_line_precue: ori = 7.924716019996243
4.5398 	EXP 	rot_line_precue: ori = 8.288929379007019
4.5487 	EXP 	rot_line_precue: ori = 8.739941294539083
4.5568 	EXP 	rot_line_precue: ori = 9.123961614908614
4.5648 	EXP 	rot_line_precue: ori = 9.58664324509092
4.5738 	EXP 	rot_line_precue: ori = 9.902099518160943
4.5817 	EXP 	rot_line_precue: ori = 10.349591451851184
4.5899 	EXP 	rot_line_precue: ori = 10.75529581642581
4.5988 	EXP 	rot_line_precue: ori = 11.184900374375873
4.6067 	EXP 	rot_line_precue: ori = 11.69739300944663
4.6149 	EXP 	rot_line_precue: ori = 12.234772378256075
4.6229 	EXP 	rot_line_precue: ori = 12.664856972777773
4.6317 	EXP 	rot_line_precue: ori = 12.976397788999595
4.6399 	EXP 	rot_line_precue: ori = 13.565684584079424
4.6480 	EXP 	rot_line_precue: ori = 14.014526181411334
4.6568 	EXP 	rot_line_precue: ori = 14.35681152026976
4.6650 	EXP 	rot_line_precue: ori = 14.695679470775353
4.6730 	EXP 	rot_line_precue: ori = 14.99326166741918
4.6820 	EXP 	rot_line_precue: ori = 15.324599974887988
4.6900 	EXP 	rot_line_precue: ori = 15.812979392970234
4.6980 	EXP 	rot_line_precue: ori = 16.134999992830853
4.7069 	EXP 	rot_line_precue: ori = 16.542795906369598
4.7161 	EXP 	rot_line_precue: ori = 17.159969047232384
4.7241 	EXP 	rot_line_precue: ori = 17.45831961757989
4.7321 	EXP 	rot_line_precue: ori = 17.76452203910651
4.7401 	EXP 	rot_line_precue: ori = 18.147759829632633
4.7482 	EXP 	rot_line_precue: ori = 18.62707969837822
4.7570 	EXP 	rot_line_precue: ori = 18.936947323555177
4.7651 	EXP 	rot_line_precue: ori = 19.239202958647724
4.7731 	EXP 	rot_line_precue: ori = 19.66010683920914
4.7810 	EXP 	rot_line_precue: ori = 19.960446165669794
4.7901 	EXP 	rot_line_precue: ori = 20.723451345093537
4.7982 	EXP 	rot_line_precue: ori = 21.117464654663486
4.8063 	EXP 	rot_line_precue: ori = 21.897847955069977
4.8151 	EXP 	rot_line_precue: ori = 22.20255224926471
4.8233 	EXP 	rot_line_precue: ori = 22.54452305664451
4.8315 	EXP 	rot_line_precue: ori = 23.0581781719173
4.8404 	EXP 	rot_line_precue: ori = 23.530295554282606
4.8485 	EXP 	rot_line_precue: ori = 23.841346226739315
4.8565 	EXP 	rot_line_precue: ori = 24.25659786675632
4.8653 	EXP 	rot_line_precue: ori = 24.583408042926695
4.8733 	EXP 	rot_line_precue: ori = 25.015602031845212
4.8815 	EXP 	rot_line_precue: ori = 25.330154351974468
4.8904 	EXP 	rot_line_precue: ori = 25.66240678724776
4.8985 	EXP 	rot_line_precue: ori = 25.992089728579796
4.9065 	EXP 	rot_line_precue: ori = 26.349609980673968
4.9153 	EXP 	rot_line_precue: ori = 26.677290195521252
4.9234 	EXP 	rot_line_precue: ori = 27.10691083077719
4.9315 	EXP 	rot_line_precue: ori = 27.422827586861
4.9394 	EXP 	rot_line_precue: ori = 27.733356305983193
4.9484 	EXP 	rot_line_precue: ori = 28.03412115525543
4.9565 	EXP 	rot_line_precue: ori = 28.36608658586763
4.9646 	EXP 	rot_line_precue: ori = 29.14472111071744
4.9735 	EXP 	rot_line_precue: ori = 29.759086727995815
4.9815 	EXP 	rot_line_precue: ori = 30.063048198080367
4.9899 	EXP 	rot_line_precue: ori = 30.661457071680058
4.9986 	EXP 	rot_line_precue: ori = 31.068514407058398
5.0067 	EXP 	rot_line_precue: ori = 31.429507725270817
5.0147 	EXP 	rot_line_precue: ori = 31.754158343353822
5.0235 	EXP 	rot_line_precue: ori = 32.17457144832124
5.0316 	EXP 	rot_line_precue: ori = 32.54933208775701
5.0398 	EXP 	rot_line_precue: ori = 32.85738905142235
5.0488 	EXP 	rot_line_precue: ori = 33.25625943491518
5.0568 	EXP 	rot_line_precue: ori = 33.635654450239414
5.0647 	EXP 	rot_line_precue: ori = 34.004609122542526
5.0737 	EXP 	rot_line_precue: ori = 34.416588078739004
5.0817 	EXP 	rot_line_precue: ori = 34.825836399397055
5.0898 	EXP 	rot_line_precue: ori = 35.13138958869525
5.0977 	EXP 	rot_line_precue: ori = 35.70484833926457
5.1067 	EXP 	rot_line_precue: ori = 36.03084787393199
5.1149 	EXP 	rot_line_precue: ori = 36.33206707829813
5.1228 	EXP 	rot_line_precue: ori = 36.6741772512575
5.1317 	EXP 	rot_line_precue: ori = 37.11902739482305
5.1399 	EXP 	rot_line_precue: ori = 37.49848413000278
5.1480 	EXP 	rot_line_precue: ori = 38.05877454854949
5.1569 	EXP 	rot_line_precue: ori = 38.44075154781325
5.1651 	EXP 	rot_line_precue: ori = 38.742162685015906
5.1739 	EXP 	rot_line_precue: ori = 39.09427649511552
5.1818 	EXP 	rot_line_precue: ori = 39.41606190638888
5.1904 	EXP 	rot_line_precue: ori = 39.75069451650596
5.1982 	EXP 	rot_line_precue: ori = 40.13302405300537
5.2071 	EXP 	rot_line_precue: ori = 40.64634533263077
5.2151 	EXP 	rot_line_precue: ori = 41.01423226926325
5.2231 	EXP 	rot_line_precue: ori = 41.35410197145952
5.2319 	EXP 	rot_line_precue: ori = 41.86975953514729
5.2400 	EXP 	rot_line_precue: ori = 42.65745152145146
5.2481 	EXP 	rot_line_precue: ori = 43.03742050241769
5.2569 	EXP 	rot_line_precue: ori = 43.38494078707802
5.2651 	EXP 	rot_line_precue: ori = 43.69833234532049
5.2731 	EXP 	rot_line_precue: ori = 44.00793854763147
5.2810 	EXP 	rot_line_precue: ori = 44.35932486717728
5.2901 	EXP 	rot_line_precue: ori = 44.662951506032485
5.2982 	EXP 	rot_line_precue: ori = 45.238665630170146
5.3062 	EXP 	rot_line_precue: ori = 45.58590344033832
5.3153 	EXP 	rot_line_precue: ori = 46.06057911603615
5.3233 	EXP 	rot_line_precue: ori = 46.457966097013745
5.3323 	EXP 	rot_line_precue: ori = 46.785563130956945
5.3403 	EXP 	rot_line_precue: ori = 47.29996013152996
5.3487 	EXP 	rot_line_precue: ori = 47.693172632994056
5.3573 	EXP 	rot_line_precue: ori = 48.0150225996358
5.3655 	EXP 	rot_line_precue: ori = 48.79003915286204
5.3735 	EXP 	rot_line_precue: ori = 49.13173722919275
5.3823 	EXP 	rot_line_precue: ori = 49.59088389155852
5.3903 	EXP 	rot_line_precue: ori = 50.0248481004644
5.3983 	EXP 	rot_line_precue: ori = 50.32025419511272
5.4064 	EXP 	rot_line_precue: ori = 50.68773322616807
5.4155 	EXP 	rot_line_precue: ori = 51.33621244155589
5.4234 	EXP 	rot_line_precue: ori = 51.638547192982976
5.4313 	EXP 	rot_line_precue: ori = 51.962224374398104
5.4393 	EXP 	rot_line_precue: ori = 52.318077323906905
5.4484 	EXP 	rot_line_precue: ori = 52.665656239260514
5.4564 	EXP 	rot_line_precue: ori = 53.20356094546788
5.4644 	EXP 	rot_line_precue: ori = 53.5027426294422
5.4734 	EXP 	rot_line_precue: ori = 53.842221983460036
5.4815 	EXP 	rot_line_precue: ori = 54.139258457276775
5.4897 	EXP 	rot_line_precue: ori = 54.773910575986726
5.4986 	EXP 	rot_line_precue: ori = 55.120783885230125
5.5067 	EXP 	rot_line_precue: ori = 55.565442338934304
5.5156 	EXP 	rot_line_precue: ori = 56.03189707089417
5.5237 	EXP 	rot_line_precue: ori = 56.510632769483585
5.5317 	EXP 	rot_line_precue: ori = 57.2249059177897
5.5407 	EXP 	rot_line_precue: ori = 57.59389671301565
5.5487 	EXP 	rot_line_precue: ori = 58.26051581051838
5.5566 	EXP 	rot_line_precue: ori = 58.57348040994005
5.5648 	EXP 	rot_line_precue: ori = 59.18624432741093
5.5739 	EXP 	rot_line_precue: ori = 59.51803801804032
5.5817 	EXP 	rot_line_precue: ori = 59.82627732289095
5.5898 	EXP 	rot_line_precue: ori = 60.33792749842716
5.5977 	EXP 	rot_line_precue: ori = 60.75107363207196
5.6066 	EXP 	rot_line_precue: ori = 61.057926869282525
5.6148 	EXP 	rot_line_precue: ori = 61.42240020124355
5.6228 	EXP 	rot_line_precue: ori = 62.09187254842691
5.6318 	EXP 	rot_line_precue: ori = 62.55254384463109
5.6398 	EXP 	rot_line_precue: ori = 62.90399334691996
5.6479 	EXP 	rot_line_precue: ori = 63.305652705720334
5.6569 	EXP 	rot_line_precue: ori = 63.75811638750371
5.6652 	EXP 	rot_line_precue: ori = 64.09512161715045
5.6739 	EXP 	rot_line_precue: ori = 64.4528963950965
5.6818 	EXP 	rot_line_precue: ori = 64.7962019037616
5.6899 	EXP 	rot_line_precue: ori = 65.14978868304767
5.6981 	EXP 	rot_line_precue: ori = 65.57205436308577
5.7079 	EXP 	rot_line_precue: ori = 66.18197700669451
5.7151 	EXP 	rot_line_precue: ori = 66.73751951307062
5.7232 	EXP 	rot_line_precue: ori = 67.14091180240264
5.7319 	EXP 	rot_line_precue: ori = 67.44586931920581
5.7400 	EXP 	rot_line_precue: ori = 67.74648770260666
5.7481 	EXP 	rot_line_precue: ori = 68.26385443428758
5.7569 	EXP 	rot_line_precue: ori = 68.6488732031077
5.7650 	EXP 	rot_line_precue: ori = 69.30808474535766
5.7732 	EXP 	rot_line_precue: ori = 69.66844465414296
5.7820 	EXP 	rot_line_precue: ori = 69.98362238744919
5.7903 	EXP 	rot_line_precue: ori = 70.34371720690984
5.7981 	EXP 	rot_line_precue: ori = 70.70047807446778
5.8072 	EXP 	rot_line_precue: ori = 71.00240140555091
5.8152 	EXP 	rot_line_precue: ori = 71.33664000570288
5.8234 	EXP 	rot_line_precue: ori = 71.9989015677568
5.8321 	EXP 	rot_line_precue: ori = 72.35954940784582
5.8401 	EXP 	rot_line_precue: ori = 73.09835379741624
5.8483 	EXP 	rot_line_precue: ori = 73.88365140169297
5.8572 	EXP 	rot_line_precue: ori = 74.30439121508542
5.8653 	EXP 	rot_line_precue: ori = 74.61924073551532
5.8734 	EXP 	rot_line_precue: ori = 74.93091624407275
5.8814 	EXP 	rot_line_precue: ori = 75.36848026812609
5.8903 	EXP 	rot_line_precue: ori = 75.96092161936618
5.8983 	EXP 	rot_line_precue: ori = 76.48939258830922
5.9063 	EXP 	rot_line_precue: ori = 76.80654934559361
5.9153 	EXP 	rot_line_precue: ori = 77.33465585058407
5.9233 	EXP 	rot_line_precue: ori = 77.65074503244506
5.9314 	EXP 	rot_line_precue: ori = 77.98817602707484
5.9393 	EXP 	rot_line_precue: ori = 78.37872313583455
5.9484 	EXP 	rot_line_precue: ori = 78.9907887009718
5.9564 	EXP 	rot_line_precue: ori = 79.6259957948021
5.9655 	EXP 	rot_line_precue: ori = 80.05857536379372
5.9736 	EXP 	rot_line_precue: ori = 80.81879374192724
5.9816 	EXP 	rot_line_precue: ori = 81.16500061854079
5.9904 	EXP 	rot_line_precue: ori = 81.47086669082579
5.9985 	EXP 	rot_line_precue: ori = 81.77791456958212
6.0065 	EXP 	rot_line_precue: ori = 82.31158386348095
6.0155 	EXP 	rot_line_precue: ori = 82.88681943664196
6.0237 	EXP 	rot_line_precue: ori = 83.20575695084345
6.0317 	EXP 	rot_line_precue: ori = 83.54222460593643
6.0397 	EXP 	rot_line_precue: ori = 84.19646350777262
6.0486 	EXP 	rot_line_precue: ori = 84.88729181180862
6.0566 	EXP 	rot_line_precue: ori = 85.1840047174324
6.0646 	EXP 	rot_line_precue: ori = 85.78971297050566
6.0736 	EXP 	rot_line_precue: ori = 86.2366481798427
6.0816 	EXP 	rot_line_precue: ori = 86.55218283222862
6.0898 	EXP 	rot_line_precue: ori = 86.87960592867485
6.0988 	EXP 	rot_line_precue: ori = 87.57323031730265
6.1067 	EXP 	rot_line_precue: ori = 88.07455289645863
6.1149 	EXP 	rot_line_precue: ori = 88.4280407501315
6.1238 	EXP 	rot_line_precue: ori = 89.0322337703692
6.1318 	EXP 	rot_line_precue: ori = 89.47984747312321
6.1399 	EXP 	rot_line_precue: ori = 89.9810425041195
6.1489 	EXP 	rot_line_precue: ori = 90.42813922684786
6.1568 	EXP 	rot_line_precue: ori = 90.72370754829046
6.1650 	EXP 	rot_line_precue: ori = 91.22588990916492
6.1739 	EXP 	rot_line_precue: ori = 91.71469417387874
6.1819 	EXP 	rot_line_precue: ori = 92.05479078031148
6.1901 	EXP 	rot_line_precue: ori = 92.37779633305661
6.1980 	EXP 	rot_line_precue: ori = 92.77392380292399
6.2068 	EXP 	rot_line_precue: ori = 93.1739399147949
6.2150 	EXP 	rot_line_precue: ori = 93.47011553348838
6.2229 	EXP 	rot_line_precue: ori = 93.89087480611919
6.2318 	EXP 	rot_line_precue: ori = 94.20679052385924
6.2399 	EXP 	rot_line_precue: ori = 94.53793442504902
6.2483 	EXP 	rot_line_precue: ori = 94.85315680761636
6.2568 	EXP 	rot_line_precue: ori = 95.16594279635133
6.2650 	EXP 	rot_line_precue: ori = 95.71330809402936
6.2731 	EXP 	rot_line_precue: ori = 96.28815926162312
6.2809 	EXP 	rot_line_precue: ori = 96.88790309799856
6.2902 	EXP 	rot_line_precue: ori = 97.20098206217453
6.2983 	EXP 	rot_line_precue: ori = 97.55155890286682
6.3072 	EXP 	rot_line_precue: ori = 98.04611296675947
6.3152 	EXP 	rot_line_precue: ori = 98.34970489366324
6.3233 	EXP 	rot_line_precue: ori = 98.6729620308858
6.3322 	EXP 	rot_line_precue: ori = 98.98356546684316
6.3403 	EXP 	rot_line_precue: ori = 99.29572955443109
6.3484 	EXP 	rot_line_precue: ori = 99.69888547572783
6.3571 	EXP 	rot_line_precue: ori = 100.41905036666874
6.3653 	EXP 	rot_line_precue: ori = 101.10737875623765
6.3735 	EXP 	hor_line_precue: autoDraw = False
6.3735 	EXP 	ver_line_precue: autoDraw = False
6.3735 	EXP 	rot_line_precue: autoDraw = False
6.3735 	EXP 	rot_line_precue: ori = 101.45857827684489
6.3812 	EXP 	rot_line_precue: ori = 101.89501223774064
6.3902 	EXP 	rot_line_precue: ori = 102.27558408052334
6.3983 	EXP 	rot_line_precue: ori = 102.64414926726023
6.4063 	EXP 	rot_line_precue: ori = 103.20018300416639
6.4155 	EXP 	rot_line_precue: ori = 103.516458514421
6.4233 	EXP 	rot_line_precue: ori = 103.82215945426864
6.4314 	EXP 	rot_line_precue: ori = 104.17603628691047
6.4393 	EXP 	rot_line_precue: ori = 104.49516667039398
6.4483 	EXP 	rot_line_precue: ori = 105.01980494616666
6.4564 	EXP 	rot_line_precue: ori = 105.34500694738742
6.4655 	EXP 	rot_line_precue: ori = 105.6596363992043
6.4735 	EXP 	rot_line_precue: ori = 106.02554152472119
6.4816 	EXP 	rot_line_precue: ori = 106.34287130260044
6.4904 	EXP 	rot_line_precue: ori = 106.7049310777244
6.4986 	EXP 	rot_line_precue: ori = 107.22044591960108
6.5068 	EXP 	rot_line_precue: ori = 107.62474543003594
6.5156 	EXP 	rot_line_precue: ori = 108.0699137621962
6.5236 	EXP 	rot_line_precue: ori = 108.38624809312924
6.5315 	EXP 	rot_line_precue: ori = 108.78910158014926
6.5396 	EXP 	rot_line_precue: ori = 109.10771322362913
6.5485 	EXP 	rot_line_precue: ori = 109.40438290926798
6.5566 	EXP 	rot_line_precue: ori = 109.70485808065968
6.5647 	EXP 	rot_line_precue: ori = 110.04788531838003
6.5735 	EXP 	rot_line_precue: ori = 110.3716485312954
6.5815 	EXP 	rot_line_precue: ori = 110.69230281089101
6.5895 	EXP 	rot_line_precue: ori = 111.34875460989481
6.5978 	EXP 	rot_line_precue: ori = 111.66647549645204
6.6066 	EXP 	rot_line_precue: ori = 112.01263456229846
6.6147 	EXP 	rot_line_precue: ori = 112.42367205773648
6.6237 	EXP 	rot_line_precue: ori = 112.74103360085678
6.6318 	EXP 	rot_line_precue: ori = 113.11231842341972
6.6398 	EXP 	rot_line_precue: ori = 113.50803115575627
6.6488 	EXP 	rot_line_precue: ori = 113.94237367764816
6.6567 	EXP 	rot_line_precue: ori = 114.3208053230352
6.6650 	EXP 	rot_line_precue: ori = 114.743184016348
6.6739 	EXP 	rot_line_precue: ori = 115.10059946937523
6.6819 	EXP 	rot_line_precue: ori = 115.40417499521847
6.6901 	EXP 	rot_line_precue: ori = 115.70544590238012
6.6980 	EXP 	rot_line_precue: ori = 116.259382805787
6.7068 	EXP 	rot_line_precue: ori = 116.56046586767984
6.7149 	EXP 	rot_line_precue: ori = 117.06878265989657
6.7229 	EXP 	rot_line_precue: ori = 117.37945789049157
6.7318 	EXP 	rot_line_precue: ori = 117.88069225429213
6.7399 	EXP 	rot_line_precue: ori = 118.18859728915227
6.7480 	EXP 	rot_line_precue: ori = 118.51645389249272
6.7559 	EXP 	rot_line_precue: ori = 118.8328953207951
6.7649 	EXP 	rot_line_precue: ori = 119.33928467038534
6.7731 	EXP 	rot_line_precue: ori = 119.7197131682743
6.7820 	EXP 	rot_line_precue: ori = 120.06319870441244
6.7901 	EXP 	rot_line_precue: ori = 120.41547526269467
6.7981 	EXP 	rot_line_precue: ori = 120.89593899179904
6.8070 	EXP 	rot_line_precue: ori = 121.30339968783446
6.8151 	EXP 	rot_line_precue: ori = 121.6869214067473
6.8233 	EXP 	rot_line_precue: ori = 122.15458295990402
6.8321 	EXP 	rot_line_precue: ori = 122.46909167173567
6.8402 	EXP 	rot_line_precue: ori = 122.86984689568521
6.8482 	EXP 	rot_line_precue: ori = 123.17816350487563
6.8570 	EXP 	rot_line_precue: ori = 123.5603204467205
6.8652 	EXP 	rot_line_precue: ori = 124.19970390205661
6.8732 	EXP 	rot_line_precue: ori = 124.51137460945785
6.8811 	EXP 	rot_line_precue: ori = 124.91685410129362
6.8902 	EXP 	rot_line_precue: ori = 125.50351170851415
6.8982 	EXP 	rot_line_precue: ori = 125.85669885023368
6.9063 	EXP 	rot_line_precue: ori = 126.17656047137419
6.9153 	EXP 	rot_line_precue: ori = 126.61628144391452
6.9233 	EXP 	rot_line_precue: ori = 127.24037654824002
6.9313 	EXP 	rot_line_precue: ori = 127.56715169340465
6.9404 	EXP 	rot_line_precue: ori = 128.12889640900082
6.9486 	EXP 	rot_line_precue: ori = 128.51186634747754
6.9563 	EXP 	rot_line_precue: ori = 129.2313599487378
6.9654 	EXP 	rot_line_precue: ori = 129.55042814794433
6.9734 	EXP 	rot_line_precue: ori = 129.85123642869925
6.9816 	EXP 	rot_line_precue: ori = 130.3012179390361
6.9905 	EXP 	rot_line_precue: ori = 130.74088168569557
6.9986 	EXP 	rot_line_precue: ori = 131.34811972079385
7.0065 	EXP 	rot_line_precue: ori = 131.7140713714937
7.0154 	EXP 	rot_line_precue: ori = 132.1656871274538
7.0235 	EXP 	rot_line_precue: ori = 132.56024423578535
7.0315 	EXP 	rot_line_precue: ori = 132.8579757226772
7.0395 	EXP 	rot_line_precue: ori = 133.3378076667313
7.0485 	EXP 	rot_line_precue: ori = 133.69019498152556
7.0566 	EXP 	rot_line_precue: ori = 134.32814197566327
7.0646 	EXP 	rot_line_precue: ori = 134.6805109544046
7.0735 	EXP 	rot_line_precue: ori = 135.1673813583056
7.0815 	EXP 	rot_line_precue: ori = 135.51852231785188
7.0898 	EXP 	rot_line_precue: ori = 136.0120625862108
7.0987 	EXP 	rot_line_precue: ori = 136.35533189951167
7.1068 	EXP 	rot_line_precue: ori = 136.87533126675442
7.1148 	EXP 	rot_line_precue: ori = 137.21330772593555
7.1236 	EXP 	rot_line_precue: ori = 137.51098435374422
7.1317 	EXP 	rot_line_precue: ori = 137.92505942968995
7.1399 	EXP 	rot_line_precue: ori = 138.5451117707844
7.1488 	EXP 	rot_line_precue: ori = 138.90529480891882
7.1568 	EXP 	rot_line_precue: ori = 139.22723304680733
7.1648 	EXP 	rot_line_precue: ori = 139.7735330377089
7.1729 	EXP 	rot_line_precue: ori = 140.4158345999459
7.1817 	EXP 	rot_line_precue: ori = 140.9755202889303
7.1899 	EXP 	rot_line_precue: ori = 141.2763258934151
7.1981 	EXP 	rot_line_precue: ori = 141.78676816715307
7.2067 	EXP 	rot_line_precue: ori = 142.25667387064613
7.2149 	EXP 	rot_line_precue: ori = 142.75499719846462
7.2228 	EXP 	rot_line_precue: ori = 143.10426291246714
7.2318 	EXP 	rot_line_precue: ori = 143.4223310299542
7.2400 	EXP 	rot_line_precue: ori = 143.72726910701974
7.2480 	EXP 	rot_line_precue: ori = 144.02533063870717
7.2570 	EXP 	rot_line_precue: ori = 144.7036420431965
7.2650 	EXP 	rot_line_precue: ori = 145.25615485216125
7.2741 	EXP 	rot_line_precue: ori = 145.66626787233494
7.2819 	EXP 	rot_line_precue: ori = 146.05258238030876
7.2900 	EXP 	rot_line_precue: ori = 146.36920281272526
7.2981 	EXP 	rot_line_precue: ori = 146.66680103586174
7.3070 	EXP 	rot_line_precue: ori = 147.14541066113625
7.3151 	EXP 	rot_line_precue: ori = 147.50830208705128
7.3233 	EXP 	rot_line_precue: ori = 147.83994930380388
7.3320 	EXP 	rot_line_precue: ori = 148.23094628857334
7.3401 	EXP 	rot_line_precue: ori = 148.97456211413626
7.3482 	EXP 	rot_line_precue: ori = 149.28928269919703
7.3570 	EXP 	rot_line_precue: ori = 149.6056026991975
7.3651 	EXP 	rot_line_precue: ori = 149.92408635704587
7.3733 	EXP 	rot_line_precue: ori = 150.66501383042905
7.3814 	EXP 	rot_line_precue: ori = 151.0552417954893
7.3902 	EXP 	rot_line_precue: ori = 151.41629463438565
7.3983 	EXP 	rot_line_precue: ori = 151.80881806929798
7.4063 	EXP 	rot_line_precue: ori = 152.55393270713
7.4153 	EXP 	rot_line_precue: ori = 153.05666447256846
7.4234 	EXP 	rot_line_precue: ori = 153.36598564464236
7.4323 	EXP 	rot_line_precue: ori = 153.9015135773514
7.4404 	EXP 	rot_line_precue: ori = 154.19759263227036
7.4483 	EXP 	rot_line_precue: ori = 154.69314834317493
7.4563 	EXP 	rot_line_precue: ori = 154.99962382215963
7.4655 	EXP 	rot_line_precue: ori = 155.31949607220392
7.4736 	EXP 	rot_line_precue: ori = 155.6632525239829
7.4816 	EXP 	rot_line_precue: ori = 155.97097891634243
7.4904 	EXP 	rot_line_precue: ori = 156.35457811699476
7.4984 	EXP 	rot_line_precue: ori = 156.68109808052714
7.5065 	EXP 	rot_line_precue: ori = 157.05281962241085
7.5154 	EXP 	rot_line_precue: ori = 157.36501891068266
7.5234 	EXP 	rot_line_precue: ori = 157.66727710115677
7.5315 	EXP 	rot_line_precue: ori = 158.41465051922918
7.5395 	EXP 	rot_line_precue: ori = 159.08264289400145
7.5485 	EXP 	rot_line_precue: ori = 159.59253904594814
7.5565 	EXP 	rot_line_precue: ori = 159.90287806405908
7.5645 	EXP 	rot_line_precue: ori = 160.24146461177693
7.5735 	EXP 	rot_line_precue: ori = 160.54184657006698
7.5816 	EXP 	rot_line_precue: ori = 160.9196094271534
7.5898 	EXP 	rot_line_precue: ori = 161.2409587068086
7.5987 	EXP 	rot_line_precue: ori = 161.62421662951164
7.6067 	EXP 	rot_line_precue: ori = 162.06823441574366
7.6148 	EXP 	rot_line_precue: ori = 162.4275327387919
7.6236 	EXP 	rot_line_precue: ori = 162.77377912505298
7.6316 	EXP 	rot_line_precue: ori = 163.25634332186664
7.6399 	EXP 	rot_line_precue: ori = 163.80029420095633
7.6488 	EXP 	rot_line_precue: ori = 164.13120605471454
7.6568 	EXP 	rot_line_precue: ori = 164.7252239078331
7.6651 	EXP 	rot_line_precue: ori = 165.33244582981243
7.6737 	EXP 	rot_line_precue: ori = 165.64822324155628
7.6817 	EXP 	rot_line_precue: ori = 165.97446967868032
7.6899 	EXP 	rot_line_precue: ori = 166.35878301614025
7.6977 	EXP 	rot_line_precue: ori = 166.67295367905248
7.7067 	EXP 	rot_line_precue: ori = 167.04689681847208
7.7149 	EXP 	rot_line_precue: ori = 167.52151523662613
7.7228 	EXP 	rot_line_precue: ori = 167.82039149841643
7.7317 	EXP 	rot_line_precue: ori = 168.15370279313782
7.7400 	EXP 	rot_line_precue: ori = 168.50239402348913
7.7489 	EXP 	rot_line_precue: ori = 168.822294385652
7.7570 	EXP 	rot_line_precue: ori = 169.2752913034823
7.7651 	EXP 	rot_line_precue: ori = 169.59699905258333
7.7730 	EXP 	rot_line_precue: ori = 170.04646021020164
7.7819 	EXP 	rot_line_precue: ori = 170.40881405215416
7.7901 	EXP 	rot_line_precue: ori = 170.75987082662257
7.7990 	EXP 	rot_line_precue: ori = 171.1348678681944
7.8070 	EXP 	rot_line_precue: ori = 171.44736848597947
7.8151 	EXP 	rot_line_precue: ori = 171.94447684439396
7.8230 	EXP 	rot_line_precue: ori = 172.2476083099926
7.8320 	EXP 	rot_line_precue: ori = 172.60795602455954
7.8401 	EXP 	rot_line_precue: ori = 173.07159157335445
7.8481 	EXP 	rot_line_precue: ori = 173.3932998485218
7.8560 	EXP 	rot_line_precue: ori = 173.7451062253239
7.8651 	EXP 	rot_line_precue: ori = 174.30865425109343
7.8732 	EXP 	rot_line_precue: ori = 174.7376381429693
7.8812 	EXP 	rot_line_precue: ori = 175.2591297053433
7.8901 	EXP 	rot_line_precue: ori = 175.58609182309874
7.8984 	EXP 	rot_line_precue: ori = 176.11703603102006
7.9073 	EXP 	rot_line_precue: ori = 176.70584268463855
7.9154 	EXP 	rot_line_precue: ori = 177.00675455993382
7.9233 	EXP 	rot_line_precue: ori = 177.3392937279774
7.9313 	EXP 	rot_line_precue: ori = 177.8764691276082
7.9402 	EXP 	rot_line_precue: ori = 178.19097157038914
7.9485 	EXP 	rot_line_precue: ori = 178.5577189590155
7.9573 	EXP 	rot_line_precue: ori = 178.85925065695756
7.9654 	EXP 	rot_line_precue: ori = 179.1626824151187
7.9734 	EXP 	rot_line_precue: ori = 179.8049736390132
7.9814 	EXP 	rot_line_precue: ori = 180.27453819631518
7.9903 	EXP 	rot_line_precue: ori = 180.64905491430144
7.9985 	EXP 	rot_line_precue: ori = 181.20080481116912
8.0064 	EXP 	rot_line_precue: ori = 181.51507398784054
8.0143 	EXP 	rot_line_precue: ori = 181.8623586986435
8.0235 	EXP 	rot_line_precue: ori = 182.1953636466851
8.0314 	EXP 	rot_line_precue: ori = 182.55848025509846
8.0394 	EXP 	rot_line_precue: ori = 183.09703720291796
8.0484 	EXP 	rot_line_precue: ori = 183.40247467661382
8.0568 	EXP 	rot_line_precue: ori = 183.74356501424475
8.0644 	EXP 	rot_line_precue: ori = 184.05449363735258
8.0736 	EXP 	rot_line_precue: ori = 184.36571326650804
8.0817 	EXP 	rot_line_precue: ori = 184.99503942304963
8.0906 	EXP 	rot_line_precue: ori = 185.29585024478712
8.0987 	EXP 	rot_line_precue: ori = 185.69778307797606
8.1067 	EXP 	rot_line_precue: ori = 186.13705648653763
8.1157 	EXP 	rot_line_precue: ori = 186.43851466223967
8.1238 	EXP 	rot_line_precue: ori = 186.76846492298304
8.1317 	EXP 	rot_line_precue: ori = 187.14921522746369
8.1397 	EXP 	rot_line_precue: ori = 187.78569478033722
8.1487 	EXP 	rot_line_precue: ori = 188.08483867432838
8.1567 	EXP 	rot_line_precue: ori = 188.6179590027168
8.1648 	EXP 	rot_line_precue: ori = 188.96900301689183
8.1727 	EXP 	rot_line_precue: ori = 189.7678352419014
8.1817 	EXP 	rot_line_precue: ori = 190.20070327391565
8.1898 	EXP 	rot_line_precue: ori = 190.72618495296274
8.1977 	EXP 	rot_line_precue: ori = 191.1557531388932
8.2067 	EXP 	rot_line_precue: ori = 191.47309691914325
8.2148 	EXP 	rot_line_precue: ori = 191.85599600025716
8.2229 	EXP 	rot_line_precue: ori = 192.59404638785972
8.2318 	EXP 	rot_line_precue: ori = 193.1341538793234
8.2400 	EXP 	rot_line_precue: ori = 193.46729074573102
8.2489 	EXP 	rot_line_precue: ori = 193.94472543469837
8.2568 	EXP 	rot_line_precue: ori = 194.2592742933528
8.2659 	EXP 	rot_line_precue: ori = 194.82815011736835
8.2730 	EXP 	rot_line_precue: ori = 195.34024038134132
8.2820 	EXP 	rot_line_precue: ori = 195.7359886727552
8.2901 	EXP 	rot_line_precue: ori = 196.38513158909566
8.2989 	EXP 	rot_line_precue: ori = 196.71101529006447
8.3070 	EXP 	rot_line_precue: ori = 197.09206863540817
8.3151 	EXP 	rot_line_precue: ori = 197.3943311149891
8.3241 	EXP 	rot_line_precue: ori = 198.13147395987116
8.3321 	EXP 	rot_line_precue: ori = 198.48419117497326
8.3401 	EXP 	rot_line_precue: ori = 198.85264387615956
8.3482 	EXP 	rot_line_precue: ori = 199.52098721951262
8.3570 	EXP 	rot_line_precue: ori = 199.83939201933276
8.3651 	EXP 	rot_line_precue: ori = 200.15927341550352
8.3732 	EXP 	rot_line_precue: ori = 200.6421594918043
8.3810 	EXP 	rot_line_precue: ori = 200.94256204748882
8.3902 	EXP 	rot_line_precue: ori = 201.328535264223
8.3982 	EXP 	rot_line_precue: ori = 201.67194238387663
8.4072 	EXP 	rot_line_precue: ori = 202.0467850879373
8.4156 	EXP 	rot_line_precue: ori = 202.625369479373
8.4233 	EXP 	rot_line_precue: ori = 203.27478537453226
8.4314 	EXP 	rot_line_precue: ori = 203.5763358052072
8.4403 	EXP 	rot_line_precue: ori = 203.89392089248815
8.4484 	EXP 	rot_line_precue: ori = 204.25753225490587
8.4573 	EXP 	rot_line_precue: ori = 204.55953472528284
8.4653 	EXP 	rot_line_precue: ori = 204.95374427338433
8.4734 	EXP 	rot_line_precue: ori = 205.26081107803293
8.4812 	EXP 	rot_line_precue: ori = 205.55628014270567
8.4903 	EXP 	rot_line_precue: ori = 205.95317265396986
8.4984 	EXP 	rot_line_precue: ori = 206.2541686489472
8.5064 	EXP 	rot_line_precue: ori = 206.58414348256238
8.5153 	EXP 	rot_line_precue: ori = 206.8828861170105
8.5235 	EXP 	rot_line_precue: ori = 207.23215931491947
8.5314 	EXP 	rot_line_precue: ori = 207.8065173683922
8.5395 	EXP 	rot_line_precue: ori = 208.13676694391285
8.5485 	EXP 	rot_line_precue: ori = 208.6085480082862
8.5565 	EXP 	rot_line_precue: ori = 208.93060831775273
8.5655 	EXP 	rot_line_precue: ori = 209.22901564601037
8.5735 	EXP 	rot_line_precue: ori = 209.61794635985473
8.5816 	EXP 	rot_line_precue: ori = 210.1116165003725
8.5905 	EXP 	rot_line_precue: ori = 210.4412572213445
8.5986 	EXP 	rot_line_precue: ori = 210.830519255763
8.6065 	EXP 	rot_line_precue: ori = 211.15039135890962
8.6156 	EXP 	rot_line_precue: ori = 211.46731386967164
8.6238 	EXP 	rot_line_precue: ori = 211.81651828212267
8.6316 	EXP 	rot_line_precue: ori = 212.22514858526543
8.6398 	EXP 	rot_line_precue: ori = 212.54474761890353
8.6487 	EXP 	rot_line_precue: ori = 212.9057167829878
8.6566 	EXP 	rot_line_precue: ori = 213.2265119071514
8.6646 	EXP 	rot_line_precue: ori = 213.57139140598608
8.6726 	EXP 	rot_line_precue: ori = 213.87413206302529
8.6816 	EXP 	rot_line_precue: ori = 214.2378460492526
8.6898 	EXP 	rot_line_precue: ori = 214.65546067665744
8.6988 	EXP 	rot_line_precue: ori = 214.99139043398603
8.7068 	EXP 	rot_line_precue: ori = 215.71361387305728
8.7149 	EXP 	rot_line_precue: ori = 216.02939505946634
8.7238 	EXP 	rot_line_precue: ori = 216.34114589718368
8.7318 	EXP 	rot_line_precue: ori = 216.812564784695
8.7401 	EXP 	rot_line_precue: ori = 217.259615825176
8.7490 	EXP 	rot_line_precue: ori = 217.6829623695404
8.7569 	EXP 	rot_line_precue: ori = 218.13486103916657
8.7649 	EXP 	rot_line_precue: ori = 218.51031735137727
8.7735 	EXP 	rot_line_precue: ori = 219.31032590976335
8.7819 	EXP 	rot_line_precue: ori = 219.7115320433979
8.7901 	EXP 	rot_line_precue: ori = 220.35070900812795
8.7990 	EXP 	rot_line_precue: ori = 221.03661637478527
8.8069 	EXP 	rot_line_precue: ori = 221.36460899952627
8.8150 	EXP 	rot_line_precue: ori = 221.66438349978495
8.8231 	EXP 	rot_line_precue: ori = 222.18923823208368
8.8319 	EXP 	rot_line_precue: ori = 222.57751955509013
8.8400 	EXP 	rot_line_precue: ori = 223.37715930077775
8.8481 	EXP 	rot_line_precue: ori = 223.6830927440611
8.8570 	EXP 	rot_line_precue: ori = 223.996265167678
8.8652 	EXP 	rot_line_precue: ori = 224.5233736881374
8.8658 	EXP 	New trial (rep=0, index=1): <Trial 1 (1 in rep 0) data={'pic_name': 'pics/feet.JPG', 'class_mi': 'feet', 'thisN': 1, 'thisTrialN': 1, 'thisRepN': 0}>
8.8739 	EXP 	rot_line_precue: ori = 224.92679661851574
8.8739 	EXP 	image: autoDraw = False
8.8739 	EXP 	hor_line_precue: autoDraw = False
8.8739 	EXP 	ver_line_precue: autoDraw = False
8.8739 	EXP 	rot_line_precue: autoDraw = False
8.8739 	EXP 	image: autoDraw = False
8.8739 	EXP 	image: image = 'pics/feet.JPG'
8.8739 	EXP 	hor_line_precue: autoDraw = True
8.8739 	EXP 	ver_line_precue: autoDraw = True
8.8739 	EXP 	rot_line_precue: autoDraw = True
8.8739 	EXP 	rot_line_precue: ori = 225.23732708931283
8.8739 	EXP 	image: autoDraw = True
8.8820 	EXP 	rot_line_precue: ori = 225.58356329113786
8.8901 	EXP 	rot_line_precue: ori = 225.89078327036214
8.8982 	EXP 	rot_line_precue: ori = 226.27833689743397
8.9071 	EXP 	rot_line_precue: ori = 226.63801489276108
8.9152 	EXP 	rot_line_precue: ori = 226.94083527741762
8.9232 	EXP 	rot_line_precue: ori = 227.2363366678469
8.9314 	EXP 	rot_line_precue: ori = 227.70152736670715
8.9403 	EXP 	rot_line_precue: ori = 228.1671097257445
8.9484 	EXP 	rot_line_precue: ori = 228.48837067010047
8.9572 	EXP 	rot_line_precue: ori = 228.7897418298735
8.9653 	EXP 	rot_line_precue: ori = 229.0894861156847
8.9734 	EXP 	rot_line_precue: ori = 229.40379644647973
8.9822 	EXP 	rot_line_precue: ori = 229.7404559605458
8.9903 	EXP 	rot_line_precue: ori = 230.0507414803269
8.9983 	EXP 	rot_line_precue: ori = 230.37608480733172
9.0063 	EXP 	rot_line_precue: ori = 230.7036605979137
9.0145 	EXP 	rot_line_precue: ori = 231.11273165705967
9.0234 	EXP 	rot_line_precue: ori = 231.49127522860925
9.0314 	EXP 	rot_line_precue: ori = 232.0082285974548
9.0406 	EXP 	rot_line_precue: ori = 232.3149059440002
9.0485 	EXP 	rot_line_precue: ori = 232.915093787894
9.0563 	EXP 	rot_line_precue: ori = 233.2289378986056
9.0655 	EXP 	rot_line_precue: ori = 233.7662254156873
9.0735 	EXP 	rot_line_precue: ori = 234.13781795957587
9.0813 	EXP 	rot_line_precue: ori = 234.47690308403187
9.0894 	EXP 	rot_line_precue: ori = 234.8436220837658
9.0985 	EXP 	rot_line_precue: ori = 235.16785489709213
9.1066 	EXP 	rot_line_precue: ori = 235.48303034141327
9.1156 	EXP 	rot_line_precue: ori = 235.85003618678704
9.1237 	EXP 	rot_line_precue: ori = 236.19681261718378
9.1315 	EXP 	rot_line_precue: ori = 236.51552918689518
9.1397 	EXP 	rot_line_precue: ori = 236.8337386186606
9.1486 	EXP 	rot_line_precue: ori = 237.1708188738267
9.1566 	EXP 	rot_line_precue: ori = 237.47815737678127
9.1645 	EXP 	rot_line_precue: ori = 237.77868890257378
9.1736 	EXP 	rot_line_precue: ori = 238.3119793150992
9.1817 	EXP 	rot_line_precue: ori = 238.64430378021495
9.1907 	EXP 	rot_line_precue: ori = 238.94665431108592
9.1988 	EXP 	rot_line_precue: ori = 239.40575044696487
9.2067 	EXP 	rot_line_precue: ori = 239.71461602047185
9.2148 	EXP 	rot_line_precue: ori = 240.08809889682365
9.2237 	EXP 	rot_line_precue: ori = 240.43197990262524
9.2317 	EXP 	rot_line_precue: ori = 240.75260391630647
9.2399 	EXP 	rot_line_precue: ori = 241.06306817789397
9.2478 	EXP 	rot_line_precue: ori = 241.37438614888265
9.2567 	EXP 	rot_line_precue: ori = 241.67304640905496
9.2650 	EXP 	rot_line_precue: ori = 242.020594578864
9.2739 	EXP 	rot_line_precue: ori = 242.42183521210032
9.2818 	EXP 	rot_line_precue: ori = 242.7270753265496
9.2899 	EXP 	rot_line_precue: ori = 243.02975386682053
9.2988 	EXP 	rot_line_precue: ori = 243.3562479495449
9.3069 	EXP 	rot_line_precue: ori = 243.8422955386074
9.3150 	EXP 	rot_line_precue: ori = 244.1524632341301
9.3230 	EXP 	rot_line_precue: ori = 244.7613297490434
9.3318 	EXP 	rot_line_precue: ori = 245.1141449084408
9.3401 	EXP 	rot_line_precue: ori = 245.56443014453882
9.3482 	EXP 	rot_line_precue: ori = 245.87121769806154
9.3570 	EXP 	rot_line_precue: ori = 246.19775176845056
9.3651 	EXP 	rot_line_precue: ori = 246.58172592236346
9.3732 	EXP 	rot_line_precue: ori = 246.90943214599292
9.3820 	EXP 	rot_line_precue: ori = 247.2078400418859
9.3901 	EXP 	rot_line_precue: ori = 247.5697878628315
9.3982 	EXP 	rot_line_precue: ori = 247.8709366308765
9.4061 	EXP 	rot_line_precue: ori = 248.33621158366847
9.4152 	EXP 	rot_line_precue: ori = 248.6490135516609
9.4232 	EXP 	rot_line_precue: ori = 249.01464698810244
9.4322 	EXP 	rot_line_precue: ori = 249.3156339818739
9.4339 	DATA 	Keypress: escape
9.4403 	EXP 	rot_line_precue: ori = 249.83648203576865
9.4411 	EXP 	Device response: <KeyPress from None: t=9.433247400003893, value=escape, duration=None>
9.4483 	EXP 	rot_line_precue: ori = 250.14197886429437
9.4571 	EXP 	rot_line_precue: ori = 250.87793616255917
9.4652 	EXP 	rot_line_precue: ori = 251.2735537882831
9.4733 	EXP 	rot_line_precue: ori = 251.61739675317568
9.4813 	EXP 	rot_line_precue: ori = 252.14806915056826
9.4908 	EXP 	rot_line_precue: ori = 252.47353279197964
9.4918 	EXP 	Device response: <KeyPress from None: t=9.433247400003893, value=escape, duration=0.057531799997377675>
9.4918 	EXP 	bci_racingteam: status = STOPPED
9.4985 	EXP 	rot_line_precue: ori = 253.03468126280947
9.4985 	EXP 	hor_line_precue: autoDraw = False
9.4985 	EXP 	ver_line_precue: autoDraw = False
9.4985 	EXP 	rot_line_precue: autoDraw = False
9.4985 	EXP 	image: autoDraw = False
9.4986 	EXP 	bci_racingteam: status = STOPPED
