4.0547 	INFO 	Loaded monitor calibration from ['2025_05_09 18:17']
4.0637 	WARNING 	User requested fullscreen with size [1024  768], but screen is actually [2560, 1600]. Using actual size
4.1726 	INFO 	Using renderer 'AMD Radeon(TM) Graphics' for graphics
4.1726 	INFO 	OpenGL version supported by driver is 4..
4.2627 	EXP 	Created window1 = Window(allowGUI=False, allowStencil=False, autoLog=True, backendConf=UNKNOWN, backgroundFit=<method-wrapper '__getattribute__' of attributeSetter object at 0x000002A9187BCC70>, backgroundImage=<method-wrapper '__getattribute__' of attributeSetter object at 0x000002A9187BCC10>, bitsMode=UNKNOWN, blendMode='avg', bpc=(8, 8, 8), color=array([0, 0, 0]), colorSpace='rgb', depthBits=8, fullscr=True, gamma=None, gammaErrorPolicy='raise', infoMsg=UNKNOWN, lms=UNKNOWN, monitor=<psychopy.monitors.calibTools.Monitor object at 0x000002A91889DC30>, multiSample=False, name='window1', numSamples=2, pos=[np.float64(0.0), np.float64(0.0)], screen=0, size=array([2560, 1600]), stencilBits=0, stereo=False, title='PsychoPy', units='height', useFBO=True, useRetina=False, viewOri=0.0, viewPos=None, viewScale=None, waitBlanking=True, winType='pyglet')
4.2628 	EXP 	window1: backgroundImage = ''
4.2628 	EXP 	window1: backgroundFit = 'none'
4.6500 	EXP 	window1: Attempting to measure frame rate of screen (0) ...
4.6501 	EXP 	window1: recordFrameIntervals = False
4.7947 	EXP 	window1: recordFrameIntervals = True
5.6285 	EXP 	window1: recordFrameIntervals = False
5.6285 	EXP 	Screen (0) actual frame rate measured at 119.51Hz
5.7948 	INFO 	keyboard.Keyboard is using ptb backend.
5.7949 	EXP 	bci_circle: status = STARTED
5.9608 	EXP 	Created text_pre_block = TextStim(__class__=<class 'psychopy.visual.text.TextStim'>, alignHoriz=method-wrapper(...), alignText='center', alignVert=method-wrapper(...), anchorHoriz='center', anchorVert='center', antialias=True, autoDraw=False, autoLog=True, bold=False, color=array([1., 1., 1.]), colorSpace='rgb', contrast=1.0, depth=0.0, draggable=False, flipHoriz=False, flipVert=False, font='Arial', fontFiles=[], height=np.float64(0.05), italic=False, languageStyle='LTR', name='text_pre_block', opacity=1, ori=0.0, pos=array([0., 0.]), rgb=UNKNOWN, text='Press any key to start ...', units='height', win=Window(...), wrapWidth=1)
5.9618 	EXP 	Created text_wait_screen = TextStim(__class__=<class 'psychopy.visual.text.TextStim'>, alignHoriz=method-wrapper(...), alignText='center', alignVert=method-wrapper(...), anchorHoriz='center', anchorVert='center', antialias=True, autoDraw=False, autoLog=True, bold=False, color=array([1., 1., 1.]), colorSpace='rgb', contrast=1.0, depth=0.0, draggable=False, flipHoriz=False, flipVert=False, font='Arial', fontFiles=[], height=np.float64(0.05), italic=False, languageStyle='LTR', name='text_wait_screen', opacity=1, ori=0.0, pos=array([0., 0.]), rgb=UNKNOWN, text='', units='height', win=Window(...), wrapWidth=1)
5.9650 	EXP 	Created move_circle = ShapeStim(__class__=<class 'psychopy.visual.shape.ShapeStim'>, anchor=('center', 'center'), autoDraw=False, autoLog=True, closeShape=True, color=method-wrapper(...), colorSpace='rgb', contrast=None, depth=0.0, draggable=False, fillColor=array([0.9216, 0.9216, 0.9216]), fillColorSpace='rgb', fillRGB=array([0.9216, 0.9216, 0.9216]), interpolate=True, lineColor=array([1., 1., 1.]), lineColorSpace='rgb', lineRGB=array([1, 1, 1]), lineWidth=1.0, name='move_circle', opacity=1, ori=0.0, pos=array([0., 0.]), size=array([1., 1.]), units='height', vertices=ndarray(...), win=Window(...), windingRule=None)
5.9676 	EXP 	Created mi_circle = ShapeStim(__class__=<class 'psychopy.visual.shape.ShapeStim'>, anchor=('center', 'center'), autoDraw=False, autoLog=True, closeShape=True, color=method-wrapper(...), colorSpace='rgb', contrast=None, depth=-1.0, draggable=False, fillColor=array([0, 0, 0]), fillColorSpace='rgb', fillRGB=array([0, 0, 0]), interpolate=True, lineColor=array([ 0.0902, -1.    , -1.    ]), lineColorSpace='rgb', lineRGB=array([ 0.0902, -1.    , -1.    ]), lineWidth=8.0, name='mi_circle', opacity=1, ori=0.0, pos=array([0., 0.]), size=array([0.15, 0.15]), units='height', vertices=ndarray(...), win=Window(...), windingRule=None)
5.9711 	EXP 	Created image_mi = ImageStim(__class__=<class 'psychopy.visual.image.ImageStim'>, anchor=('center', 'center'), autoLog=True, color=array([1., 1., 1.]), colorSpace='rgb', contrast=1.0, depth=-3.0, draggable=False, flipHoriz=np.False_, flipVert=np.False_, image='default.png', interpolate=True, mask=None, maskParams=None, name='image_mi', opacity=1.0, ori=0.0, pos=array([0., 0.]), size=array([0.5, 0.5]), texRes=128.0, units='height', win=Window(...))
5.9762 	EXP 	Created text_run_break = TextStim(__class__=<class 'psychopy.visual.text.TextStim'>, alignHoriz=method-wrapper(...), alignText='center', alignVert=method-wrapper(...), anchorHoriz='center', anchorVert='center', antialias=True, autoDraw=False, autoLog=True, bold=False, color=array([1., 1., 1.]), colorSpace='rgb', contrast=1.0, depth=0.0, draggable=False, flipHoriz=False, flipVert=False, font='Arial', fontFiles=[], height=np.float64(0.05), italic=False, languageStyle='LTR', name='text_run_break', opacity=1, ori=0.0, pos=array([0., 0.]), rgb=UNKNOWN, text='Trial finished!', units='height', win=Window(...), wrapWidth=1)
5.9799 	EXP 	Created text_post_run = TextStim(__class__=<class 'psychopy.visual.text.TextStim'>, alignHoriz=method-wrapper(...), alignText='center', alignVert=method-wrapper(...), anchorHoriz='center', anchorVert='center', antialias=True, autoDraw=False, autoLog=True, bold=False, color=array([1., 1., 1.]), colorSpace='rgb', contrast=1.0, depth=0.0, draggable=False, flipHoriz=False, flipVert=False, font='Arial', fontFiles=[], height=np.float64(0.05), italic=False, languageStyle='LTR', name='text_post_run', opacity=1, ori=0.0, pos=array([0., 0.]), rgb=UNKNOWN, text='Run finished. Yupii!!', units='height', win=Window(...), wrapWidth=1)
0.0314 	INFO 	Keyboard events cleared
0.0314 	EXP 	text_pre_block: autoDraw = True
0.6530 	EXP 	Device response: <KeyPress from None: t=0.6420552999479696, value=space, duration=None>
0.6532 	EXP 	New trial (rep=0, index=0): <Trial 0 (0 in rep 0) data={'thisN': 0, 'thisTrialN': 0, 'thisRepN': 0}>
0.6542 	DATA 	Keypress: space
0.6581 	EXP 	text_pre_block: autoDraw = False
0.6581 	EXP 	text_wait_screen: autoDraw = True
0.7260 	EXP 	Device response: <KeyPress from None: t=0.6420552999479696, value=space, duration=0.08324240002548322>
3.6483 	EXP 	Imported classes.csv as conditions, 4 conditions, 2 params
3.6487 	EXP 	New trial (rep=0, index=0): <Trial 0 (0 in rep 0) data={'pic_name': 'pics/feet.JPG', 'class_mi': 'feet', 'thisN': 0, 'thisTrialN': 0, 'thisRepN': 0}>
3.6636 	EXP 	text_wait_screen: autoDraw = False
3.6636 	EXP 	text_wait_screen: autoDraw = False
3.6636 	EXP 	image_mi: image = 'pics/feet.JPG'
3.6636 	EXP 	move_circle: autoDraw = True
3.6636 	EXP 	mi_circle: autoDraw = True
3.6636 	EXP 	image_mi: autoDraw = True
8.1503 	EXP 	New trial (rep=0, index=1): <Trial 1 (1 in rep 0) data={'pic_name': 'pics/right_hand.JPG', 'class_mi': ' right_hand', 'thisN': 1, 'thisTrialN': 1, 'thisRepN': 0}>
8.1577 	EXP 	move_circle: autoDraw = False
8.1577 	EXP 	mi_circle: autoDraw = False
8.1577 	EXP 	image_mi: autoDraw = False
8.1577 	EXP 	move_circle: autoDraw = False
8.1577 	EXP 	mi_circle: autoDraw = False
8.1577 	EXP 	image_mi: autoDraw = False
8.1577 	EXP 	image_mi: image = 'pics/right_hand.JPG'
8.1577 	EXP 	move_circle: autoDraw = True
8.1577 	EXP 	mi_circle: autoDraw = True
8.1577 	EXP 	image_mi: autoDraw = True
12.6423 	EXP 	New trial (rep=0, index=2): <Trial 2 (2 in rep 0) data={'pic_name': 'pics/none.JPG', 'class_mi': 'rest', 'thisN': 2, 'thisTrialN': 2, 'thisRepN': 0}>
12.6628 	EXP 	move_circle: autoDraw = False
12.6628 	EXP 	mi_circle: autoDraw = False
12.6628 	EXP 	image_mi: autoDraw = False
12.6628 	EXP 	move_circle: autoDraw = False
12.6628 	EXP 	mi_circle: autoDraw = False
12.6628 	EXP 	image_mi: autoDraw = False
12.6628 	EXP 	image_mi: image = 'pics/none.JPG'
12.6628 	EXP 	move_circle: autoDraw = True
12.6628 	EXP 	mi_circle: autoDraw = True
12.6628 	EXP 	image_mi: autoDraw = True
17.1511 	EXP 	New trial (rep=1, index=3): <Trial 3 (3 in rep 1) data={'pic_name': 'pics/right_hand.JPG', 'class_mi': ' right_hand', 'thisN': 3, 'thisTrialN': 3, 'thisRepN': 1}>
17.1586 	EXP 	move_circle: autoDraw = False
17.1586 	EXP 	mi_circle: autoDraw = False
17.1586 	EXP 	image_mi: autoDraw = False
17.1586 	EXP 	move_circle: autoDraw = False
17.1586 	EXP 	mi_circle: autoDraw = False
17.1586 	EXP 	image_mi: autoDraw = False
17.1586 	EXP 	image_mi: image = 'pics/right_hand.JPG'
17.1586 	EXP 	move_circle: autoDraw = True
17.1586 	EXP 	mi_circle: autoDraw = True
17.1586 	EXP 	image_mi: autoDraw = True
21.6416 	EXP 	New trial (rep=1, index=4): <Trial 4 (4 in rep 1) data={'pic_name': 'pics/feet.JPG', 'class_mi': 'feet', 'thisN': 4, 'thisTrialN': 4, 'thisRepN': 1}>
21.6494 	EXP 	move_circle: autoDraw = False
21.6494 	EXP 	mi_circle: autoDraw = False
21.6494 	EXP 	image_mi: autoDraw = False
21.6494 	EXP 	move_circle: autoDraw = False
21.6494 	EXP 	mi_circle: autoDraw = False
21.6494 	EXP 	image_mi: autoDraw = False
21.6494 	EXP 	image_mi: image = 'pics/feet.JPG'
21.6494 	EXP 	move_circle: autoDraw = True
21.6494 	EXP 	mi_circle: autoDraw = True
21.6494 	EXP 	image_mi: autoDraw = True
22.6836 	EXP 	Device response: <KeyPress from None: t=22.680694499984384, value=escape, duration=None>
22.6844 	DATA 	Keypress: escape
22.7837 	EXP 	Device response: <KeyPress from None: t=22.680694499984384, value=escape, duration=0.10118009999860078>
22.7837 	EXP 	bci_circle: status = STOPPED
22.7915 	EXP 	move_circle: autoDraw = False
22.7915 	EXP 	mi_circle: autoDraw = False
22.7915 	EXP 	image_mi: autoDraw = False
22.7916 	EXP 	bci_circle: status = STOPPED
22.7990 	INFO 	saved data to 'D:\\STUDIUM\\TU\\Mirage91\\Brain-Computer Interface Conference\\Code\\data\\381338_bci_circle_2026-06-19_22h39.29.523.csv'
22.7998 	INFO 	saved data to D:\STUDIUM\TU\Mirage91\Brain-Computer Interface Conference\Code\data\381338_bci_circle_2026-06-19_22h39.29.523.psydat
22.9394 	WARNING 	Stopping key buffers but this could be dangerous ifother keyboards rely on the same.
