4.4376 	INFO 	Loaded monitor calibration from ['2025_05_09 18:17']
4.4443 	WARNING 	User requested fullscreen with size [1024  768], but screen is actually [2560, 1600]. Using actual size
4.6085 	INFO 	Using renderer 'AMD Radeon(TM) Graphics' for graphics
4.6085 	INFO 	OpenGL version supported by driver is 4..
4.7666 	EXP 	Created window1 = Window(allowGUI=False, allowStencil=False, autoLog=True, backendConf=UNKNOWN, backgroundFit=<method-wrapper '__getattribute__' of attributeSetter object at 0x0000024D8352C700>, backgroundImage=<method-wrapper '__getattribute__' of attributeSetter object at 0x0000024D8352C6A0>, bitsMode=UNKNOWN, blendMode='avg', bpc=(8, 8, 8), color=array([0, 0, 0]), colorSpace='rgb', depthBits=8, fullscr=True, gamma=None, gammaErrorPolicy='raise', infoMsg=UNKNOWN, lms=UNKNOWN, monitor=<psychopy.monitors.calibTools.Monitor object at 0x0000024D836116C0>, multiSample=False, name='window1', numSamples=2, pos=[np.float64(0.0), np.float64(0.0)], screen=0, size=array([2560, 1600]), stencilBits=0, stereo=False, title='PsychoPy', units='height', useFBO=True, useRetina=False, viewOri=0.0, viewPos=None, viewScale=None, waitBlanking=True, winType='pyglet')
4.7667 	EXP 	window1: backgroundImage = ''
4.7668 	EXP 	window1: backgroundFit = 'none'
5.2706 	EXP 	window1: Attempting to measure frame rate of screen (0) ...
5.2706 	EXP 	window1: recordFrameIntervals = False
5.4634 	EXP 	window1: recordFrameIntervals = True
6.6166 	EXP 	window1: recordFrameIntervals = False
6.6167 	EXP 	Screen (0) actual frame rate measured at 111.15Hz
6.8173 	INFO 	keyboard.Keyboard is using ptb backend.
6.8174 	EXP 	bci_circle: status = STARTED
6.8786 	EXP 	Created text_pre_block = TextStim(__class__=<class 'psychopy.visual.text.TextStim'>, alignHoriz=method-wrapper(...), alignText='center', alignVert=method-wrapper(...), anchorHoriz='center', anchorVert='center', antialias=True, autoDraw=False, autoLog=True, bold=False, color=array([1., 1., 1.]), colorSpace='rgb', contrast=1.0, depth=0.0, draggable=False, flipHoriz=False, flipVert=False, font='Arial', fontFiles=[], height=np.float64(0.05), italic=False, languageStyle='LTR', name='text_pre_block', opacity=1, ori=0.0, pos=array([0., 0.]), rgb=UNKNOWN, text='Press any key to start ...', units='height', win=Window(...), wrapWidth=1)
6.8802 	EXP 	Created text_wait_screen = TextStim(__class__=<class 'psychopy.visual.text.TextStim'>, alignHoriz=method-wrapper(...), alignText='center', alignVert=method-wrapper(...), anchorHoriz='center', anchorVert='center', antialias=True, autoDraw=False, autoLog=True, bold=False, color=array([1., 1., 1.]), colorSpace='rgb', contrast=1.0, depth=0.0, draggable=False, flipHoriz=False, flipVert=False, font='Arial', fontFiles=[], height=np.float64(0.05), italic=False, languageStyle='LTR', name='text_wait_screen', opacity=1, ori=0.0, pos=array([0., 0.]), rgb=UNKNOWN, text='', units='height', win=Window(...), wrapWidth=1)
6.8863 	EXP 	Created move_circle = ShapeStim(__class__=<class 'psychopy.visual.shape.ShapeStim'>, anchor=('center', 'center'), autoDraw=False, autoLog=True, closeShape=True, color=method-wrapper(...), colorSpace='rgb', contrast=None, depth=0.0, draggable=False, fillColor=array([0.9216, 0.9216, 0.9216]), fillColorSpace='rgb', fillRGB=array([0.9216, 0.9216, 0.9216]), interpolate=True, lineColor=array([1., 1., 1.]), lineColorSpace='rgb', lineRGB=array([1, 1, 1]), lineWidth=1.0, name='move_circle', opacity=1, ori=0.0, pos=array([0., 0.]), size=array([1., 1.]), units='height', vertices=ndarray(...), win=Window(...), windingRule=None)
6.8922 	EXP 	Created mi_circle = ShapeStim(__class__=<class 'psychopy.visual.shape.ShapeStim'>, anchor=('center', 'center'), autoDraw=False, autoLog=True, closeShape=True, color=method-wrapper(...), colorSpace='rgb', contrast=None, depth=-1.0, draggable=False, fillColor=array([0, 0, 0]), fillColorSpace='rgb', fillRGB=array([0, 0, 0]), interpolate=True, lineColor=array([ 0.0902, -1.    , -1.    ]), lineColorSpace='rgb', lineRGB=array([ 0.0902, -1.    , -1.    ]), lineWidth=8.0, name='mi_circle', opacity=1, ori=0.0, pos=array([0., 0.]), size=array([0.15, 0.15]), units='height', vertices=ndarray(...), win=Window(...), windingRule=None)
6.8981 	EXP 	Created image_mi = ImageStim(__class__=<class 'psychopy.visual.image.ImageStim'>, anchor=('center', 'center'), autoLog=True, color=array([1., 1., 1.]), colorSpace='rgb', contrast=1.0, depth=-3.0, draggable=False, flipHoriz=np.False_, flipVert=np.False_, image='default.png', interpolate=True, mask=None, maskParams=None, name='image_mi', opacity=1.0, ori=0.0, pos=array([0., 0.]), size=array([0.5, 0.5]), texRes=128.0, units='height', win=Window(...))
6.9086 	EXP 	Created text_run_break = TextStim(__class__=<class 'psychopy.visual.text.TextStim'>, alignHoriz=method-wrapper(...), alignText='center', alignVert=method-wrapper(...), anchorHoriz='center', anchorVert='center', antialias=True, autoDraw=False, autoLog=True, bold=False, color=array([1., 1., 1.]), colorSpace='rgb', contrast=1.0, depth=0.0, draggable=False, flipHoriz=False, flipVert=False, font='Arial', fontFiles=[], height=np.float64(0.05), italic=False, languageStyle='LTR', name='text_run_break', opacity=1, ori=0.0, pos=array([0., 0.]), rgb=UNKNOWN, text='Trial finished!', units='height', win=Window(...), wrapWidth=1)
6.9165 	EXP 	Created text_post_run = TextStim(__class__=<class 'psychopy.visual.text.TextStim'>, alignHoriz=method-wrapper(...), alignText='center', alignVert=method-wrapper(...), anchorHoriz='center', anchorVert='center', antialias=True, autoDraw=False, autoLog=True, bold=False, color=array([1., 1., 1.]), colorSpace='rgb', contrast=1.0, depth=0.0, draggable=False, flipHoriz=False, flipVert=False, font='Arial', fontFiles=[], height=np.float64(0.05), italic=False, languageStyle='LTR', name='text_post_run', opacity=1, ori=0.0, pos=array([0., 0.]), rgb=UNKNOWN, text='Run finished. Yupii!!', units='height', win=Window(...), wrapWidth=1)
0.0262 	INFO 	Keyboard events cleared
0.0261 	EXP 	text_pre_block: autoDraw = True
2.8082 	EXP 	Device response: <KeyPress from None: t=2.796928099996876, value=space, duration=None>
2.8087 	EXP 	New trial (rep=0, index=0): <Trial 0 (0 in rep 0) data={'thisN': 0, 'thisTrialN': 0, 'thisRepN': 0}>
2.8104 	DATA 	Keypress: space
2.8218 	EXP 	text_pre_block: autoDraw = False
2.8218 	EXP 	text_wait_screen: autoDraw = True
2.9393 	EXP 	Device response: <KeyPress from None: t=2.796928099996876, value=space, duration=0.13848379999399185>
5.8140 	EXP 	Imported classes.csv as conditions, 4 conditions, 2 params
5.8145 	EXP 	New trial (rep=0, index=0): <Trial 0 (0 in rep 0) data={'pic_name': 'pics/right_hand.JPG', 'class_mi': ' right_hand', 'thisN': 0, 'thisTrialN': 0, 'thisRepN': 0}>
5.8263 	EXP 	text_wait_screen: autoDraw = False
5.8263 	EXP 	text_wait_screen: autoDraw = False
5.8263 	EXP 	image_mi: image = 'pics/right_hand.JPG'
5.8263 	EXP 	move_circle: autoDraw = True
5.8263 	EXP 	mi_circle: autoDraw = True
5.8263 	EXP 	image_mi: autoDraw = True
11.1131 	DATA 	Keypress: escape
11.1209 	EXP 	Device response: <KeyPress from None: t=11.111985699972138, value=escape, duration=None>
11.2124 	EXP 	Device response: <KeyPress from None: t=11.111985699972138, value=escape, duration=0.0950907000224106>
11.2124 	EXP 	bci_circle: status = STOPPED
11.2201 	EXP 	move_circle: autoDraw = False
11.2201 	EXP 	mi_circle: autoDraw = False
11.2201 	EXP 	image_mi: autoDraw = False
11.2202 	EXP 	bci_circle: status = STOPPED
11.2269 	INFO 	saved data to 'D:\\STUDIUM\\TU\\Mirage91\\Brain-Computer Interface Conference\\Code\\data\\400457_bci_circle_2026-06-19_09h33.17.568.csv'
11.2282 	INFO 	saved data to D:\STUDIUM\TU\Mirage91\Brain-Computer Interface Conference\Code\data\400457_bci_circle_2026-06-19_09h33.17.568.psydat
11.4620 	WARNING 	Stopping key buffers but this could be dangerous ifother keyboards rely on the same.
