2.7132 	INFO 	Loaded monitor calibration from ['2025_05_09 18:17']
2.7188 	WARNING 	User requested fullscreen with size [1024  768], but screen is actually [2560, 1600]. Using actual size
2.8289 	INFO 	Using renderer 'AMD Radeon(TM) Graphics' for graphics
2.8289 	INFO 	OpenGL version supported by driver is 4..
2.9226 	EXP 	Created window1 = Window(allowGUI=False, allowStencil=False, autoLog=True, backendConf=UNKNOWN, backgroundFit=<method-wrapper '__getattribute__' of attributeSetter object at 0x000001C4E2A6FCD0>, backgroundImage=<method-wrapper '__getattribute__' of attributeSetter object at 0x000001C4E2A6FC70>, bitsMode=UNKNOWN, blendMode='avg', bpc=(8, 8, 8), color=array([0, 0, 0]), colorSpace='rgb', depthBits=8, fullscr=True, gamma=None, gammaErrorPolicy='raise', infoMsg=UNKNOWN, lms=UNKNOWN, monitor=<psychopy.monitors.calibTools.Monitor object at 0x000001C4E2B74CD0>, multiSample=False, name='window1', numSamples=2, pos=[np.float64(0.0), np.float64(0.0)], screen=0, size=array([2560, 1600]), stencilBits=0, stereo=False, title='PsychoPy', units='height', useFBO=True, useRetina=False, viewOri=0.0, viewPos=None, viewScale=None, waitBlanking=True, winType='pyglet')
2.9226 	EXP 	window1: backgroundImage = ''
2.9226 	EXP 	window1: backgroundFit = 'none'
3.3044 	EXP 	window1: Attempting to measure frame rate of screen (0) ...
3.3044 	EXP 	window1: recordFrameIntervals = False
3.4440 	EXP 	window1: recordFrameIntervals = True
4.2774 	EXP 	window1: recordFrameIntervals = False
4.2774 	EXP 	Screen (0) actual frame rate measured at 119.91Hz
4.4446 	INFO 	keyboard.Keyboard is using ptb backend.
4.4446 	EXP 	bci_circle: status = STARTED
4.4836 	EXP 	Created text_pre_block = TextStim(__class__=<class 'psychopy.visual.text.TextStim'>, alignHoriz=method-wrapper(...), alignText='center', alignVert=method-wrapper(...), anchorHoriz='center', anchorVert='center', antialias=True, autoDraw=False, autoLog=True, bold=False, color=array([1., 1., 1.]), colorSpace='rgb', contrast=1.0, depth=0.0, draggable=False, flipHoriz=False, flipVert=False, font='Arial', fontFiles=[], height=np.float64(0.05), italic=False, languageStyle='LTR', name='text_pre_block', opacity=1, ori=0.0, pos=array([0., 0.]), rgb=UNKNOWN, text='Press any key to start ...', units='height', win=Window(...), wrapWidth=1)
4.4846 	EXP 	Created text_wait_screen = TextStim(__class__=<class 'psychopy.visual.text.TextStim'>, alignHoriz=method-wrapper(...), alignText='center', alignVert=method-wrapper(...), anchorHoriz='center', anchorVert='center', antialias=True, autoDraw=False, autoLog=True, bold=False, color=array([1., 1., 1.]), colorSpace='rgb', contrast=1.0, depth=0.0, draggable=False, flipHoriz=False, flipVert=False, font='Arial', fontFiles=[], height=np.float64(0.05), italic=False, languageStyle='LTR', name='text_wait_screen', opacity=1, ori=0.0, pos=array([0., 0.]), rgb=UNKNOWN, text='', units='height', win=Window(...), wrapWidth=1)
4.4878 	EXP 	Created move_circle = ShapeStim(__class__=<class 'psychopy.visual.shape.ShapeStim'>, anchor=('center', 'center'), autoDraw=False, autoLog=True, closeShape=True, color=method-wrapper(...), colorSpace='rgb', contrast=None, depth=0.0, draggable=False, fillColor=array([0.9216, 0.9216, 0.9216]), fillColorSpace='rgb', fillRGB=array([0.9216, 0.9216, 0.9216]), interpolate=True, lineColor=array([1., 1., 1.]), lineColorSpace='rgb', lineRGB=array([1, 1, 1]), lineWidth=1.0, name='move_circle', opacity=1, ori=0.0, pos=array([0., 0.]), size=array([1., 1.]), units='height', vertices=ndarray(...), win=Window(...), windingRule=None)
4.4904 	EXP 	Created mi_circle = ShapeStim(__class__=<class 'psychopy.visual.shape.ShapeStim'>, anchor=('center', 'center'), autoDraw=False, autoLog=True, closeShape=True, color=method-wrapper(...), colorSpace='rgb', contrast=None, depth=-1.0, draggable=False, fillColor=array([0, 0, 0]), fillColorSpace='rgb', fillRGB=array([0, 0, 0]), interpolate=True, lineColor=array([ 0.0902, -1.    , -1.    ]), lineColorSpace='rgb', lineRGB=array([ 0.0902, -1.    , -1.    ]), lineWidth=8.0, name='mi_circle', opacity=1, ori=0.0, pos=array([0., 0.]), size=array([0.15, 0.15]), units='height', vertices=ndarray(...), win=Window(...), windingRule=None)
4.4939 	EXP 	Created image_mi = ImageStim(__class__=<class 'psychopy.visual.image.ImageStim'>, anchor=('center', 'center'), autoLog=True, color=array([1., 1., 1.]), colorSpace='rgb', contrast=1.0, depth=-3.0, draggable=False, flipHoriz=np.False_, flipVert=np.False_, image='default.png', interpolate=True, mask=None, maskParams=None, name='image_mi', opacity=1.0, ori=0.0, pos=array([0., 0.]), size=array([0.5, 0.5]), texRes=128.0, units='height', win=Window(...))
4.4989 	EXP 	Created text_run_break = TextStim(__class__=<class 'psychopy.visual.text.TextStim'>, alignHoriz=method-wrapper(...), alignText='center', alignVert=method-wrapper(...), anchorHoriz='center', anchorVert='center', antialias=True, autoDraw=False, autoLog=True, bold=False, color=array([1., 1., 1.]), colorSpace='rgb', contrast=1.0, depth=0.0, draggable=False, flipHoriz=False, flipVert=False, font='Arial', fontFiles=[], height=np.float64(0.05), italic=False, languageStyle='LTR', name='text_run_break', opacity=1, ori=0.0, pos=array([0., 0.]), rgb=UNKNOWN, text='Trial finished!', units='height', win=Window(...), wrapWidth=1)
4.5028 	EXP 	Created text_post_run = TextStim(__class__=<class 'psychopy.visual.text.TextStim'>, alignHoriz=method-wrapper(...), alignText='center', alignVert=method-wrapper(...), anchorHoriz='center', anchorVert='center', antialias=True, autoDraw=False, autoLog=True, bold=False, color=array([1., 1., 1.]), colorSpace='rgb', contrast=1.0, depth=0.0, draggable=False, flipHoriz=False, flipVert=False, font='Arial', fontFiles=[], height=np.float64(0.05), italic=False, languageStyle='LTR', name='text_post_run', opacity=1, ori=0.0, pos=array([0., 0.]), rgb=UNKNOWN, text='Run finished. Yupii!!', units='height', win=Window(...), wrapWidth=1)
0.0161 	INFO 	Keyboard events cleared
0.0160 	EXP 	text_pre_block: autoDraw = True
0.4785 	EXP 	Device response: <KeyPress from None: t=0.4702811999595724, value=space, duration=None>
0.4788 	EXP 	New trial (rep=0, index=0): <Trial 0 (0 in rep 0) data={'thisN': 0, 'thisTrialN': 0, 'thisRepN': 0}>
0.4796 	DATA 	Keypress: space
0.4834 	EXP 	text_pre_block: autoDraw = False
0.4834 	EXP 	text_wait_screen: autoDraw = True
0.5092 	EXP 	Device response: <KeyPress from None: t=0.4702811999595724, value=space, duration=0.03540270001394674>
3.4732 	EXP 	Imported classes.csv as conditions, 4 conditions, 2 params
3.4736 	EXP 	New trial (rep=0, index=0): <Trial 0 (0 in rep 0) data={'pic_name': 'pics/none.JPG', 'class_mi': 'rest', 'thisN': 0, 'thisTrialN': 0, 'thisRepN': 0}>
3.4879 	EXP 	text_wait_screen: autoDraw = False
3.4879 	EXP 	text_wait_screen: autoDraw = False
3.4879 	EXP 	image_mi: image = 'pics/none.JPG'
3.4879 	EXP 	move_circle: autoDraw = True
3.4879 	EXP 	mi_circle: autoDraw = True
3.4879 	EXP 	image_mi: autoDraw = True
10.1390 	EXP 	New trial (rep=0, index=1): <Trial 1 (1 in rep 0) data={'pic_name': 'pics/left_hand.JPG', 'class_mi': 'left_hand', 'thisN': 1, 'thisTrialN': 1, 'thisRepN': 0}>
10.1463 	EXP 	move_circle: autoDraw = False
10.1463 	EXP 	mi_circle: autoDraw = False
10.1463 	EXP 	image_mi: autoDraw = False
10.1463 	EXP 	image_mi: image = 'pics/left_hand.JPG'
10.1463 	EXP 	move_circle: autoDraw = True
10.1463 	EXP 	mi_circle: autoDraw = True
10.1463 	EXP 	image_mi: autoDraw = True
16.7970 	EXP 	New trial (rep=1, index=2): <Trial 2 (2 in rep 1) data={'pic_name': 'pics/none.JPG', 'class_mi': 'rest', 'thisN': 2, 'thisTrialN': 2, 'thisRepN': 1}>
16.8050 	EXP 	move_circle: autoDraw = False
16.8050 	EXP 	mi_circle: autoDraw = False
16.8050 	EXP 	image_mi: autoDraw = False
16.8050 	EXP 	image_mi: image = 'pics/none.JPG'
16.8050 	EXP 	move_circle: autoDraw = True
16.8050 	EXP 	mi_circle: autoDraw = True
16.8050 	EXP 	image_mi: autoDraw = True
23.5100 	EXP 	New trial (rep=0, index=3): <Trial 3 (3 in rep 0) data={'pic_name': 'pics/right_hand.JPG', 'class_mi': ' right_hand', 'thisN': 3, 'thisTrialN': 3, 'thisRepN': 0}>
23.5173 	EXP 	move_circle: autoDraw = False
23.5173 	EXP 	mi_circle: autoDraw = False
23.5173 	EXP 	image_mi: autoDraw = False
23.5173 	EXP 	image_mi: image = 'pics/right_hand.JPG'
23.5173 	EXP 	move_circle: autoDraw = True
23.5173 	EXP 	mi_circle: autoDraw = True
23.5173 	EXP 	image_mi: autoDraw = True
29.0275 	DATA 	Keypress: escape
29.0350 	EXP 	Device response: <KeyPress from None: t=29.026573100010864, value=escape, duration=None>
29.1098 	EXP 	Device response: <KeyPress from None: t=29.026573100010864, value=escape, duration=0.0818542999913916>
29.1098 	EXP 	bci_circle: status = STOPPED
29.1182 	EXP 	move_circle: autoDraw = False
29.1182 	EXP 	mi_circle: autoDraw = False
29.1182 	EXP 	image_mi: autoDraw = False
29.1183 	EXP 	bci_circle: status = STOPPED
29.1250 	INFO 	saved data to 'D:\\STUDIUM\\TU\\Mirage91\\Brain-Computer Interface Conference\\Code\\data\\407756_bci_circle_2026-06-20_16h50.17.543.csv'
29.1258 	INFO 	saved data to D:\STUDIUM\TU\Mirage91\Brain-Computer Interface Conference\Code\data\407756_bci_circle_2026-06-20_16h50.17.543.psydat
29.2544 	WARNING 	Stopping key buffers but this could be dangerous ifother keyboards rely on the same.
