3.3884 	WARNING 	Requested an unavailable screen number - using first available.
3.3904 	WARNING 	User requested fullscreen with size [1920 1080], but screen is actually [1707, 1067]. Using actual size
3.6585 	EXP 	Created window1 = Window(allowGUI=False, allowStencil=False, autoLog=True, backendConf=UNKNOWN, backgroundFit=<method-wrapper '__getattribute__' of attributeSetter object at 0x00000228927F62C0>, backgroundImage=<method-wrapper '__getattribute__' of attributeSetter object at 0x00000228927F6260>, bitsMode=UNKNOWN, blendMode='avg', bpc=(8, 8, 8), color=array([0, 0, 0]), colorSpace='rgb', depthBits=8, fullscr=True, gamma=None, gammaErrorPolicy='raise', infoMsg=UNKNOWN, lms=UNKNOWN, monitor=<psychopy.monitors.calibTools.Monitor object at 0x0000022892A36FB0>, multiSample=False, name='window1', numSamples=2, pos=[np.float64(0.0), np.float64(0.0)], screen=1, size=array([1707, 1067]), stencilBits=0, stereo=False, title='PsychoPy', units='height', useFBO=True, useRetina=False, viewOri=0.0, viewPos=None, viewScale=None, waitBlanking=True, winType='pyglet')
3.6586 	EXP 	window1: backgroundImage = ''
3.6586 	EXP 	window1: backgroundFit = 'none'
4.1404 	EXP 	window1: Attempting to measure frame rate of screen (1) ...
4.1405 	EXP 	window1: recordFrameIntervals = False
4.2357 	EXP 	window1: recordFrameIntervals = True
5.0687 	EXP 	window1: recordFrameIntervals = False
5.0688 	EXP 	Screen (1) actual frame rate measured at 120.81Hz
8.2139 	EXP 	bci_racingteam: status = STARTED
8.3263 	EXP 	Created text_pre_block = TextStim(__class__=<class 'psychopy.visual.text.TextStim'>, alignHoriz=method-wrapper(...), alignText='center', alignVert=method-wrapper(...), anchorHoriz='center', anchorVert='center', antialias=True, autoDraw=False, autoLog=True, bold=False, color=array([1., 1., 1.]), colorSpace='rgb', contrast=1.0, depth=0.0, draggable=False, flipHoriz=False, flipVert=False, font='Open Sans', fontFiles=[], height=np.float64(0.05), italic=False, languageStyle='LTR', name='text_pre_block', opacity=1, ori=0.0, pos=array([0., 0.]), rgb=UNKNOWN, text='Press any key to start ...', units='height', win=Window(...), wrapWidth=1)
8.3278 	EXP 	Created text_2 = TextStim(__class__=<class 'psychopy.visual.text.TextStim'>, alignHoriz=method-wrapper(...), alignText='center', alignVert=method-wrapper(...), anchorHoriz='center', anchorVert='center', antialias=True, autoDraw=False, autoLog=True, bold=False, color=array([1., 1., 1.]), colorSpace='rgb', contrast=1.0, depth=0.0, draggable=False, flipHoriz=False, flipVert=False, font='Arial', fontFiles=[], height=np.float64(0.05), italic=False, languageStyle='LTR', name='text_2', opacity=1, ori=0.0, pos=array([0., 0.]), rgb=UNKNOWN, text='', units='height', win=Window(...), wrapWidth=1)
8.3309 	EXP 	Created hor_line_precue = Line(__class__=<class 'psychopy.visual.line.Line'>, anchor=('center', 'center'), autoDraw=False, autoLog=True, closeShape=False, color=array([1., 1., 1.]), colorSpace='rgb', contrast=None, depth=0.0, draggable=False, fillColor=array([1, 1, 1]), fillColorSpace='rgb', fillRGB=array([1, 1, 1]), interpolate=True, lineColor=array([1., 1., 1.]), lineColorSpace='rgb', lineRGB=array([1, 1, 1]), lineWidth=5.0, name='hor_line_precue', opacity=1, ori=-45.0, pos=array([0., 0.]), size=array([0.35, 0.35]), units='height', vertices=array([[-0.5, -0.5],
       [ 0.5,  0.5]]), win=Window(...), windingRule=None)
8.3326 	EXP 	Created ver_line_precue = Line(__class__=<class 'psychopy.visual.line.Line'>, anchor=('center', 'center'), autoDraw=False, autoLog=True, closeShape=False, color=array([1., 1., 1.]), colorSpace='rgb', contrast=None, depth=-1.0, draggable=False, fillColor=array([1, 1, 1]), fillColorSpace='rgb', fillRGB=array([1, 1, 1]), interpolate=True, lineColor=array([1., 1., 1.]), lineColorSpace='rgb', lineRGB=array([1, 1, 1]), lineWidth=5.0, name='ver_line_precue', opacity=1, ori=45.0, pos=array([0., 0.]), size=array([0.35, 0.35]), units='height', vertices=array([[-0.5, -0.5],
       [ 0.5,  0.5]]), win=Window(...), windingRule=None)
8.3342 	EXP 	Created rot_line_precue = Line(__class__=<class 'psychopy.visual.line.Line'>, anchor=('center', 'center'), autoDraw=False, autoLog=True, closeShape=False, color=array([1., 1., 1.]), colorSpace='rgb', contrast=None, depth=-2.0, draggable=False, fillColor=array([1, 1, 1]), fillColorSpace='rgb', fillRGB=array([1, 1, 1]), interpolate=True, lineColor=array([1., 1., 1.]), lineColorSpace='rgb', lineRGB=array([1, 1, 1]), lineWidth=5.0, name='rot_line_precue', opacity=1, ori=1.0, pos=array([0., 0.]), size=array([0.35, 0.35]), units='height', vertices=array([[-0.5, -0.5],
       [ 0.5,  0.5]]), win=Window(...), windingRule=None)
8.3373 	EXP 	Created point_left = ShapeStim(__class__=<class 'psychopy.visual.shape.ShapeStim'>, anchor=('center', 'center'), autoDraw=False, autoLog=True, closeShape=True, color=method-wrapper(...), colorSpace='rgb', contrast=None, depth=-4.0, draggable=False, fillColor=array([-1.    , -1.    ,  0.0902]), fillColorSpace='rgb', fillRGB=array([-1.    , -1.    ,  0.0902]), interpolate=True, lineColor=array([-1.    , -1.    ,  0.0902]), lineColorSpace='rgb', lineRGB=array([-1.    , -1.    ,  0.0902]), lineWidth=1.0, name='point_left', opacity=1, ori=0.0, pos=array([-0.2,  0. ]), size=array([0.001, 0.001]), units='height', vertices=ndarray(...), win=Window(...), windingRule=None)
8.3463 	EXP 	Created text = TextStim(__class__=<class 'psychopy.visual.text.TextStim'>, alignHoriz=method-wrapper(...), alignText='center', alignVert=method-wrapper(...), anchorHoriz='center', anchorVert='center', antialias=True, autoDraw=False, autoLog=True, bold=False, color=array([1., 1., 1.]), colorSpace='rgb', contrast=1.0, depth=0.0, draggable=False, flipHoriz=False, flipVert=False, font='Arial', fontFiles=[], height=np.float64(0.05), italic=False, languageStyle='LTR', name='text', opacity=1, ori=0.0, pos=array([0., 0.]), rgb=UNKNOWN, text='Run Finished', units='height', win=Window(...), wrapWidth=1)
8.3540 	EXP 	Created text_post_run = TextStim(__class__=<class 'psychopy.visual.text.TextStim'>, alignHoriz=method-wrapper(...), alignText='center', alignVert=method-wrapper(...), anchorHoriz='center', anchorVert='center', antialias=True, autoDraw=False, autoLog=True, bold=False, color=array([1., 1., 1.]), colorSpace='rgb', contrast=1.0, depth=0.0, draggable=False, flipHoriz=False, flipVert=False, font='Open Sans', fontFiles=[], height=np.float64(0.05), italic=False, languageStyle='LTR', name='text_post_run', opacity=1, ori=0.0, pos=array([0., 0.]), rgb=UNKNOWN, text='Block Finished. Yuhu!', units='height', win=Window(...), wrapWidth=1)
0.0032 	EXP 	rot_line_precue: ori = 0
0.0077 	EXP 	text_pre_block: autoDraw = True
0.5274 	EXP 	Device response: <KeyPress from None: t=0.5199608999973862, value=space, duration=None>
0.5281 	EXP 	New trial (rep=0, index=0): <Trial 0 (0 in rep 0) data={'thisN': 0, 'thisTrialN': 0, 'thisRepN': 0}>
0.5305 	DATA 	Keypress: space
0.5333 	EXP 	text_pre_block: autoDraw = False
0.5333 	EXP 	text_2: autoDraw = True
0.5988 	EXP 	Device response: <KeyPress from None: t=0.5199608999973862, value=space, duration=0.07054490000155056>
3.5306 	EXP 	Imported classes.csv as conditions, 3 conditions, 2 params
3.5309 	EXP 	New trial (rep=0, index=0): <Trial 0 (0 in rep 0) data={'pic_name': 'pics/feet.JPG', 'class_mi': 'feet', 'thisN': 0, 'thisTrialN': 0, 'thisRepN': 0}>
3.5359 	EXP 	text_2: autoDraw = False
3.5359 	EXP 	text_2: autoDraw = False
3.5359 	EXP 	hor_line_precue: autoDraw = True
3.5359 	EXP 	ver_line_precue: autoDraw = True
3.5359 	EXP 	rot_line_precue: autoDraw = True
3.5359 	EXP 	rot_line_precue: ori = np.float64(0.6321626188069385)
3.5359 	EXP 	point_left: autoDraw = True
3.5403 	EXP 	rot_line_precue: ori = np.float64(1.033855186487825)
3.5484 	EXP 	rot_line_precue: ori = np.float64(1.7875470383610925)
3.5565 	EXP 	rot_line_precue: ori = np.float64(2.2166591997765877)
3.5648 	EXP 	rot_line_precue: ori = np.float64(2.51657731837535)
3.5731 	EXP 	rot_line_precue: ori = np.float64(2.8131475322631716)
3.5816 	EXP 	rot_line_precue: ori = np.float64(3.3425614713394376)
3.5906 	EXP 	rot_line_precue: ori = np.float64(3.659666704014865)
3.5994 	EXP 	rot_line_precue: ori = np.float64(3.977605359599754)
3.6066 	EXP 	rot_line_precue: ori = np.float64(4.465893338812128)
3.6149 	EXP 	rot_line_precue: ori = np.float64(5.139954293574989)
3.6230 	EXP 	rot_line_precue: ori = np.float64(5.634180583723456)
3.6316 	EXP 	rot_line_precue: ori = np.float64(6.150764901515354)
3.6399 	EXP 	rot_line_precue: ori = np.float64(6.495540909449059)
3.6486 	EXP 	rot_line_precue: ori = np.float64(6.941150561187582)
3.6569 	EXP 	rot_line_precue: ori = np.float64(7.40852291946794)
3.6651 	EXP 	rot_line_precue: ori = np.float64(7.879991498570216)
3.6736 	EXP 	rot_line_precue: ori = np.float64(8.179193204724065)
3.6817 	EXP 	rot_line_precue: ori = np.float64(8.485069720769058)
3.6902 	EXP 	rot_line_precue: ori = np.float64(8.82662699655781)
3.6982 	EXP 	rot_line_precue: ori = np.float64(9.29034683837262)
3.7068 	EXP 	rot_line_precue: ori = np.float64(9.610443881512806)
3.7150 	EXP 	rot_line_precue: ori = np.float64(9.909061479336838)
3.7232 	EXP 	rot_line_precue: ori = np.float64(10.537921604487394)
3.7314 	EXP 	rot_line_precue: ori = np.float64(11.024999742264722)
3.7399 	EXP 	rot_line_precue: ori = np.float64(11.326365879895006)
3.7481 	EXP 	rot_line_precue: ori = np.float64(11.663499783216068)
3.7567 	EXP 	rot_line_precue: ori = np.float64(11.962165712063921)
3.7650 	EXP 	rot_line_precue: ori = np.float64(12.27550428557273)
3.7732 	EXP 	rot_line_precue: ori = np.float64(12.762537615482971)
3.7819 	EXP 	rot_line_precue: ori = np.float64(13.085254315142526)
3.7897 	EXP 	rot_line_precue: ori = np.float64(13.382425569642526)
3.7982 	EXP 	rot_line_precue: ori = np.float64(13.696166587550447)
3.8064 	EXP 	rot_line_precue: ori = np.float64(14.021371002690335)
3.8150 	EXP 	rot_line_precue: ori = np.float64(14.361103820364105)
3.8241 	EXP 	rot_line_precue: ori = np.float64(14.828236057669661)
3.8319 	EXP 	rot_line_precue: ori = np.float64(15.255799678707977)
3.8402 	EXP 	rot_line_precue: ori = np.float64(15.557103920034805)
3.8484 	EXP 	rot_line_precue: ori = np.float64(15.882830778359107)
3.8565 	EXP 	rot_line_precue: ori = np.float64(16.217088721908574)
3.8651 	EXP 	rot_line_precue: ori = np.float64(16.64929368271619)
3.8733 	EXP 	rot_line_precue: ori = np.float64(16.9864916138794)
3.8815 	EXP 	rot_line_precue: ori = np.float64(17.332727180372512)
3.8901 	EXP 	rot_line_precue: ori = np.float64(17.663805689190443)
3.8982 	EXP 	rot_line_precue: ori = np.float64(18.043039134529174)
3.9064 	EXP 	rot_line_precue: ori = np.float64(18.464239978242386)
3.9147 	EXP 	rot_line_precue: ori = np.float64(18.862503143003693)
3.9232 	EXP 	rot_line_precue: ori = np.float64(19.31718179572897)
3.9314 	EXP 	rot_line_precue: ori = np.float64(19.6382740083482)
3.9397 	EXP 	rot_line_precue: ori = np.float64(20.051223544899283)
3.9482 	EXP 	rot_line_precue: ori = np.float64(20.558909874854937)
3.9564 	EXP 	rot_line_precue: ori = np.float64(20.94986618501545)
3.9648 	EXP 	rot_line_precue: ori = np.float64(21.298858671843583)
3.9733 	EXP 	rot_line_precue: ori = np.float64(21.859027474937115)
3.9814 	EXP 	rot_line_precue: ori = np.float64(22.296516295072557)
3.9897 	EXP 	rot_line_precue: ori = np.float64(22.64233418934511)
3.9983 	EXP 	rot_line_precue: ori = np.float64(22.995099524284587)
4.0072 	EXP 	rot_line_precue: ori = np.float64(23.33601581673003)
4.0155 	EXP 	rot_line_precue: ori = np.float64(23.63543823196181)
4.0235 	EXP 	rot_line_precue: ori = np.float64(24.050511107292994)
4.0319 	EXP 	rot_line_precue: ori = np.float64(24.404924680258983)
4.0398 	EXP 	rot_line_precue: ori = np.float64(24.744825642938736)
4.0486 	EXP 	rot_line_precue: ori = np.float64(25.10471458254625)
4.0566 	EXP 	rot_line_precue: ori = np.float64(25.45302260686566)
4.0654 	EXP 	rot_line_precue: ori = np.float64(25.829430912425984)
4.0734 	EXP 	rot_line_precue: ori = np.float64(26.292242334574954)
4.0815 	EXP 	rot_line_precue: ori = np.float64(26.881269963734248)
4.0899 	EXP 	rot_line_precue: ori = np.float64(27.3251410089461)
4.0980 	EXP 	rot_line_precue: ori = np.float64(27.99368815398665)
4.1067 	EXP 	rot_line_precue: ori = np.float64(28.407265220868673)
4.1158 	EXP 	rot_line_precue: ori = np.float64(28.884231531666146)
4.1229 	EXP 	rot_line_precue: ori = np.float64(29.315355271125163)
4.1316 	EXP 	rot_line_precue: ori = np.float64(29.614990286519635)
4.1398 	EXP 	rot_line_precue: ori = np.float64(29.944490832251297)
4.1482 	EXP 	rot_line_precue: ori = np.float64(30.28831239700129)
4.1567 	EXP 	rot_line_precue: ori = np.float64(30.732896690828998)
4.1649 	EXP 	rot_line_precue: ori = np.float64(31.154011939337085)
4.1731 	EXP 	rot_line_precue: ori = np.float64(31.64156299028698)
4.1816 	EXP 	rot_line_precue: ori = np.float64(32.21163749044273)
4.1900 	EXP 	rot_line_precue: ori = np.float64(32.50778068731376)
4.1988 	EXP 	rot_line_precue: ori = np.float64(32.84596171264519)
4.2072 	EXP 	rot_line_precue: ori = np.float64(33.243938827776255)
4.2153 	EXP 	rot_line_precue: ori = np.float64(33.551992690388516)
4.2237 	EXP 	rot_line_precue: ori = np.float64(33.88340607627165)
4.2318 	EXP 	rot_line_precue: ori = np.float64(34.272672906872316)
4.2400 	EXP 	rot_line_precue: ori = np.float64(34.57402984012606)
4.2487 	EXP 	rot_line_precue: ori = np.float64(35.01982081803058)
4.2569 	EXP 	rot_line_precue: ori = np.float64(35.52192914706266)
4.2651 	EXP 	rot_line_precue: ori = np.float64(35.941740973647654)
4.2731 	EXP 	rot_line_precue: ori = np.float64(36.24496637713736)
4.2812 	EXP 	rot_line_precue: ori = np.float64(36.78383533230775)
4.2899 	EXP 	rot_line_precue: ori = np.float64(37.327241266097964)
4.2981 	EXP 	rot_line_precue: ori = np.float64(37.738946539014044)
4.3064 	EXP 	rot_line_precue: ori = np.float64(38.336698090921054)
4.3149 	EXP 	rot_line_precue: ori = np.float64(38.692261298910985)
4.3231 	EXP 	rot_line_precue: ori = np.float64(39.279443912147194)
4.3314 	EXP 	rot_line_precue: ori = np.float64(39.923228097699855)
4.3400 	EXP 	rot_line_precue: ori = np.float64(40.33091713201099)
4.3482 	EXP 	rot_line_precue: ori = np.float64(40.66457152262869)
4.3564 	EXP 	rot_line_precue: ori = np.float64(41.038539336732725)
4.3650 	EXP 	rot_line_precue: ori = np.float64(41.38846500497038)
4.3732 	EXP 	rot_line_precue: ori = np.float64(42.18395870456115)
4.3821 	EXP 	rot_line_precue: ori = np.float64(42.49276947034745)
4.3902 	EXP 	rot_line_precue: ori = np.float64(43.175327338414874)
4.3986 	EXP 	rot_line_precue: ori = np.float64(43.482008855906685)
4.4071 	EXP 	rot_line_precue: ori = np.float64(44.098042193291185)
4.4151 	EXP 	rot_line_precue: ori = np.float64(44.39524660051022)
4.4234 	EXP 	rot_line_precue: ori = np.float64(44.92238881818566)
4.4315 	EXP 	rot_line_precue: ori = np.float64(45.36059377071599)
4.4409 	EXP 	rot_line_precue: ori = np.float64(45.76740704321074)
4.4485 	EXP 	rot_line_precue: ori = np.float64(46.0928631709274)
4.4566 	EXP 	rot_line_precue: ori = np.float64(46.419253086753926)
4.4652 	EXP 	rot_line_precue: ori = np.float64(47.122699015886155)
4.4732 	EXP 	rot_line_precue: ori = np.float64(47.41996401509474)
4.4815 	EXP 	rot_line_precue: ori = np.float64(47.78968355030369)
4.4898 	EXP 	rot_line_precue: ori = np.float64(48.09981527209096)
4.4986 	EXP 	rot_line_precue: ori = np.float64(48.84300256747986)
4.5065 	EXP 	rot_line_precue: ori = np.float64(49.184351951285265)
4.5157 	EXP 	rot_line_precue: ori = np.float64(49.593228199830754)
4.5232 	EXP 	rot_line_precue: ori = np.float64(50.19552533998495)
4.5315 	EXP 	rot_line_precue: ori = np.float64(50.975746813146415)
4.5399 	EXP 	rot_line_precue: ori = np.float64(51.687017392014276)
4.5484 	EXP 	rot_line_precue: ori = np.float64(52.1506877363783)
4.5567 	EXP 	rot_line_precue: ori = np.float64(52.48651483263818)
4.5654 	EXP 	rot_line_precue: ori = np.float64(52.78345340746851)
4.5738 	EXP 	rot_line_precue: ori = np.float64(53.210749986984744)
4.5818 	EXP 	rot_line_precue: ori = np.float64(53.51937839862866)
4.5913 	EXP 	rot_line_precue: ori = np.float64(54.15655142870119)
4.5988 	EXP 	rot_line_precue: ori = np.float64(54.566733313178915)
4.6067 	EXP 	rot_line_precue: ori = np.float64(54.8648832605382)
4.6150 	EXP 	rot_line_precue: ori = np.float64(55.336160881037024)
4.6235 	EXP 	rot_line_precue: ori = np.float64(55.66214154841736)
4.6317 	EXP 	rot_line_precue: ori = np.float64(56.07896418225049)
4.6398 	EXP 	rot_line_precue: ori = np.float64(56.56655875637281)
4.6481 	EXP 	rot_line_precue: ori = np.float64(57.12028282785446)
4.6566 	EXP 	rot_line_precue: ori = np.float64(57.48861735887868)
4.6649 	EXP 	rot_line_precue: ori = np.float64(57.884376441240455)
4.6740 	EXP 	rot_line_precue: ori = np.float64(58.450010630241735)
4.6816 	EXP 	rot_line_precue: ori = np.float64(58.757327028257485)
4.6898 	EXP 	rot_line_precue: ori = np.float64(59.071518415611685)
4.6981 	EXP 	rot_line_precue: ori = np.float64(59.38601163440097)
4.7067 	EXP 	rot_line_precue: ori = np.float64(59.71824743873925)
4.7149 	EXP 	rot_line_precue: ori = np.float64(60.02947478684122)
4.7232 	EXP 	rot_line_precue: ori = np.float64(60.40145799107815)
4.7321 	EXP 	rot_line_precue: ori = np.float64(60.711291021380376)
4.7403 	EXP 	rot_line_precue: ori = np.float64(61.0836285445531)
4.7488 	EXP 	rot_line_precue: ori = np.float64(61.522876664861556)
4.7569 	EXP 	rot_line_precue: ori = np.float64(61.96968505409397)
4.7653 	EXP 	rot_line_precue: ori = np.float64(62.349377074855994)
4.7731 	EXP 	rot_line_precue: ori = np.float64(62.734272843186886)
4.7818 	EXP 	rot_line_precue: ori = np.float64(63.232162010156294)
4.7901 	EXP 	rot_line_precue: ori = np.float64(63.7049979692375)
4.7981 	EXP 	rot_line_precue: ori = np.float64(64.18724157914076)
4.8068 	EXP 	rot_line_precue: ori = np.float64(64.54536749243455)
4.8150 	EXP 	rot_line_precue: ori = np.float64(64.97546875021135)
4.8231 	EXP 	rot_line_precue: ori = np.float64(65.31936938553942)
4.8315 	EXP 	rot_line_precue: ori = np.float64(65.8573841834316)
4.8399 	EXP 	rot_line_precue: ori = np.float64(66.21345366584463)
4.8482 	EXP 	rot_line_precue: ori = np.float64(66.52518657357619)
4.8564 	EXP 	rot_line_precue: ori = np.float64(66.83883293882124)
4.8650 	EXP 	rot_line_precue: ori = np.float64(67.18682778769498)
4.8732 	EXP 	rot_line_precue: ori = np.float64(67.62300551003489)
4.8822 	EXP 	rot_line_precue: ori = np.float64(68.12872107839712)
4.8898 	EXP 	rot_line_precue: ori = np.float64(68.5238373726425)
4.8984 	EXP 	rot_line_precue: ori = np.float64(68.9201243119417)
4.9070 	EXP 	rot_line_precue: ori = np.float64(69.2609777208981)
4.9153 	EXP 	rot_line_precue: ori = np.float64(69.79586550086997)
4.9236 	EXP 	rot_line_precue: ori = np.float64(70.09962164612357)
4.9320 	EXP 	rot_line_precue: ori = np.float64(70.43197207171204)
4.9405 	EXP 	rot_line_precue: ori = np.float64(70.75754190738876)
4.9485 	EXP 	rot_line_precue: ori = np.float64(71.07905857079345)
4.9571 	EXP 	rot_line_precue: ori = np.float64(71.54398950858436)
4.9652 	EXP 	rot_line_precue: ori = np.float64(71.88055637132192)
4.9733 	EXP 	rot_line_precue: ori = np.float64(72.2273806578219)
4.9816 	EXP 	rot_line_precue: ori = np.float64(72.711214169443)
4.9898 	EXP 	rot_line_precue: ori = np.float64(73.2295144419614)
4.9982 	EXP 	rot_line_precue: ori = np.float64(73.81531383157974)
5.0065 	EXP 	rot_line_precue: ori = np.float64(74.26209358287444)
5.0152 	EXP 	rot_line_precue: ori = np.float64(74.55742107671605)
5.0233 	EXP 	rot_line_precue: ori = np.float64(75.02771392796016)
5.0315 	EXP 	rot_line_precue: ori = np.float64(75.36621488228577)
5.0398 	EXP 	rot_line_precue: ori = np.float64(75.69507234774764)
5.0482 	EXP 	rot_line_precue: ori = np.float64(76.22220747282608)
5.0565 	EXP 	rot_line_precue: ori = np.float64(76.5898840393658)
5.0648 	EXP 	rot_line_precue: ori = np.float64(77.03748021833026)
5.0742 	EXP 	rot_line_precue: ori = np.float64(77.41859499507781)
5.0819 	EXP 	rot_line_precue: ori = np.float64(77.79559039387398)
5.0905 	EXP 	rot_line_precue: ori = np.float64(78.41162757619635)
5.0987 	EXP 	rot_line_precue: ori = np.float64(78.77439011301404)
5.1069 	EXP 	rot_line_precue: ori = np.float64(79.08156619898685)
5.1155 	EXP 	rot_line_precue: ori = np.float64(79.42635732578691)
5.1235 	EXP 	rot_line_precue: ori = np.float64(79.76876437483361)
5.1318 	EXP 	rot_line_precue: ori = np.float64(80.11254385278538)
5.1400 	EXP 	rot_line_precue: ori = np.float64(80.517630553399)
5.1484 	EXP 	rot_line_precue: ori = np.float64(80.86633744036742)
5.1566 	EXP 	rot_line_precue: ori = np.float64(81.24877499233325)
5.1649 	EXP 	rot_line_precue: ori = np.float64(81.57772624706685)
5.1732 	EXP 	rot_line_precue: ori = np.float64(82.08742907872515)
5.1821 	EXP 	rot_line_precue: ori = np.float64(82.42737176019916)
5.1899 	EXP 	rot_line_precue: ori = np.float64(82.85541144268839)
5.1988 	EXP 	rot_line_precue: ori = np.float64(83.21783138292342)
5.2064 	EXP 	rot_line_precue: ori = np.float64(83.57913024961697)
5.2157 	EXP 	rot_line_precue: ori = np.float64(83.99807003938955)
5.2231 	EXP 	rot_line_precue: ori = np.float64(84.2963481717641)
5.2321 	EXP 	rot_line_precue: ori = np.float64(84.61648792003358)
5.2399 	EXP 	rot_line_precue: ori = np.float64(84.92485335979896)
5.2482 	EXP 	rot_line_precue: ori = np.float64(85.46621767603258)
5.2568 	EXP 	rot_line_precue: ori = np.float64(85.87756230498773)
5.2652 	EXP 	rot_line_precue: ori = np.float64(86.18979839688001)
5.2737 	EXP 	rot_line_precue: ori = np.float64(86.49722542127812)
5.2819 	EXP 	rot_line_precue: ori = np.float64(86.80958819127295)
5.2902 	EXP 	rot_line_precue: ori = np.float64(87.11998791159404)
5.2982 	EXP 	rot_line_precue: ori = np.float64(87.4675146770014)
5.3069 	EXP 	rot_line_precue: ori = np.float64(87.7754747446941)
5.3152 	EXP 	rot_line_precue: ori = np.float64(88.1602893561127)
5.3238 	EXP 	rot_line_precue: ori = np.float64(88.52176928132246)
5.3318 	EXP 	rot_line_precue: ori = np.float64(88.83845991098538)
5.3400 	EXP 	rot_line_precue: ori = np.float64(89.14240649166864)
5.3482 	EXP 	rot_line_precue: ori = np.float64(89.49584092070928)
5.3565 	EXP 	rot_line_precue: ori = np.float64(89.85250508732523)
5.3651 	EXP 	rot_line_precue: ori = np.float64(90.14858625139347)
5.3732 	EXP 	rot_line_precue: ori = np.float64(90.4812187991958)
5.3822 	EXP 	rot_line_precue: ori = np.float64(90.85896733736882)
5.3900 	EXP 	rot_line_precue: ori = np.float64(91.30053445644202)
5.3982 	EXP 	rot_line_precue: ori = np.float64(91.83319442989055)
5.4064 	EXP 	rot_line_precue: ori = np.float64(92.15564942368856)
5.4150 	EXP 	rot_line_precue: ori = np.float64(92.46197900206559)
5.4234 	EXP 	rot_line_precue: ori = np.float64(92.97630984980266)
5.4321 	EXP 	rot_line_precue: ori = np.float64(93.28806812459351)
5.4404 	EXP 	rot_line_precue: ori = np.float64(93.59278411840576)
5.4487 	EXP 	rot_line_precue: ori = np.float64(93.89736591717066)
5.4572 	EXP 	rot_line_precue: ori = np.float64(94.4865599064018)
5.4654 	EXP 	rot_line_precue: ori = np.float64(95.12089783527439)
5.4736 	EXP 	rot_line_precue: ori = np.float64(95.52977669442696)
5.4821 	EXP 	rot_line_precue: ori = np.float64(95.9195965509066)
5.4901 	EXP 	rot_line_precue: ori = np.float64(96.24120661518835)
5.4984 	EXP 	rot_line_precue: ori = np.float64(96.59534122906577)
5.5066 	EXP 	rot_line_precue: ori = np.float64(97.01278645986103)
5.5148 	EXP 	rot_line_precue: ori = np.float64(97.30881081044696)
5.5237 	EXP 	rot_line_precue: ori = np.float64(97.98592444431634)
5.5245 	EXP 	New trial (rep=0, index=1): <Trial 1 (1 in rep 0) data={'pic_name': 'pics/left_hand.JPG', 'class_mi': 'left_hand', 'thisN': 1, 'thisTrialN': 1, 'thisRepN': 0}>
5.5315 	EXP 	hor_line_precue: autoDraw = False
5.5315 	EXP 	ver_line_precue: autoDraw = False
5.5315 	EXP 	rot_line_precue: autoDraw = False
5.5315 	EXP 	rot_line_precue: ori = np.float64(98.28994148316264)
5.5315 	EXP 	point_left: autoDraw = False
5.5315 	EXP 	hor_line_precue: autoDraw = False
5.5315 	EXP 	ver_line_precue: autoDraw = False
5.5315 	EXP 	rot_line_precue: autoDraw = False
5.5315 	EXP 	point_left: autoDraw = False
5.5315 	EXP 	hor_line_precue: autoDraw = True
5.5315 	EXP 	ver_line_precue: autoDraw = True
5.5315 	EXP 	rot_line_precue: autoDraw = True
5.5315 	EXP 	rot_line_precue: ori = np.float64(98.5917633612708)
5.5315 	EXP 	point_left: autoDraw = True
5.5399 	EXP 	rot_line_precue: ori = np.float64(98.94946980172075)
5.5483 	EXP 	rot_line_precue: ori = np.float64(99.30179279370952)
5.5565 	EXP 	rot_line_precue: ori = np.float64(99.60218866049411)
5.5648 	EXP 	rot_line_precue: ori = np.float64(100.10389656045162)
5.5738 	EXP 	rot_line_precue: ori = np.float64(100.44742384983799)
5.5816 	EXP 	rot_line_precue: ori = np.float64(100.88953116546568)
5.5905 	EXP 	rot_line_precue: ori = np.float64(101.19087991289219)
5.5996 	EXP 	rot_line_precue: ori = np.float64(101.67530712997929)
5.6072 	EXP 	rot_line_precue: ori = np.float64(102.00256818345984)
5.6154 	EXP 	rot_line_precue: ori = np.float64(102.38639485822668)
5.6236 	EXP 	rot_line_precue: ori = np.float64(102.68474304659345)
5.6320 	EXP 	rot_line_precue: ori = np.float64(103.12596489570173)
5.6405 	EXP 	rot_line_precue: ori = np.float64(103.44633627879526)
5.6486 	EXP 	rot_line_precue: ori = np.float64(103.74358157475376)
5.6570 	EXP 	rot_line_precue: ori = np.float64(104.0555509818034)
5.6650 	EXP 	rot_line_precue: ori = np.float64(104.379507550269)
5.6743 	EXP 	rot_line_precue: ori = np.float64(104.80423231875997)
5.6819 	EXP 	rot_line_precue: ori = np.float64(105.58266539262347)
5.6900 	EXP 	rot_line_precue: ori = np.float64(105.89057779273512)
5.6985 	EXP 	rot_line_precue: ori = np.float64(106.22135338319708)
5.7066 	EXP 	rot_line_precue: ori = np.float64(106.99198279387981)
5.7149 	EXP 	rot_line_precue: ori = np.float64(107.33604045603498)
5.7231 	EXP 	rot_line_precue: ori = np.float64(107.71547843625704)
5.7316 	EXP 	rot_line_precue: ori = np.float64(108.02132699864009)
5.7399 	EXP 	rot_line_precue: ori = np.float64(108.31873987226967)
5.7481 	EXP 	rot_line_precue: ori = np.float64(108.95943656479285)
5.7571 	EXP 	rot_line_precue: ori = np.float64(109.25573394880216)
5.7649 	EXP 	rot_line_precue: ori = np.float64(109.68969731354365)
5.7739 	EXP 	rot_line_precue: ori = np.float64(110.07696626300798)
5.7815 	EXP 	rot_line_precue: ori = np.float64(110.4250136145588)
5.7901 	EXP 	rot_line_precue: ori = np.float64(110.7322102772725)
5.7989 	EXP 	rot_line_precue: ori = np.float64(111.11109495741982)
5.8074 	EXP 	rot_line_precue: ori = np.float64(111.65502063191103)
5.8152 	EXP 	rot_line_precue: ori = np.float64(112.02251615467436)
5.8239 	EXP 	rot_line_precue: ori = np.float64(112.50597800588109)
5.8322 	EXP 	rot_line_precue: ori = np.float64(112.81196562784427)
5.8402 	EXP 	rot_line_precue: ori = np.float64(113.3965632378671)
5.8488 	EXP 	rot_line_precue: ori = np.float64(113.7988027656599)
5.8570 	EXP 	rot_line_precue: ori = np.float64(114.09985315870736)
5.8654 	EXP 	rot_line_precue: ori = np.float64(114.7617167189185)
5.8740 	EXP 	rot_line_precue: ori = np.float64(115.18237183401415)
5.8820 	EXP 	rot_line_precue: ori = np.float64(115.47852210565851)
5.8900 	EXP 	rot_line_precue: ori = np.float64(115.78387341512232)
5.8982 	EXP 	rot_line_precue: ori = np.float64(116.11733833788404)
5.9064 	EXP 	rot_line_precue: ori = np.float64(116.5159911613494)
5.9150 	EXP 	rot_line_precue: ori = np.float64(116.92957277986577)
5.9232 	EXP 	rot_line_precue: ori = np.float64(117.31752621342031)
5.9314 	EXP 	rot_line_precue: ori = np.float64(117.9628542588743)
5.9400 	EXP 	rot_line_precue: ori = np.float64(118.27714432407245)
5.9482 	EXP 	rot_line_precue: ori = np.float64(118.99919892761736)
5.9564 	EXP 	rot_line_precue: ori = np.float64(119.3153343793893)
5.9648 	EXP 	rot_line_precue: ori = np.float64(119.65827313237834)
5.9734 	EXP 	rot_line_precue: ori = np.float64(120.00448981876089)
5.9818 	EXP 	rot_line_precue: ori = np.float64(120.34845653684138)
5.9903 	EXP 	rot_line_precue: ori = np.float64(120.65343951241795)
5.9985 	EXP 	rot_line_precue: ori = np.float64(121.16528126537037)
6.0067 	EXP 	rot_line_precue: ori = np.float64(121.47634481869866)
6.0155 	EXP 	rot_line_precue: ori = np.float64(121.81685490830405)
6.0236 	EXP 	rot_line_precue: ori = np.float64(122.31719924936041)
6.0322 	EXP 	rot_line_precue: ori = np.float64(122.66392336493935)
6.0402 	EXP 	rot_line_precue: ori = np.float64(122.9704667570873)
6.0485 	EXP 	rot_line_precue: ori = np.float64(123.71125782267546)
6.0566 	EXP 	rot_line_precue: ori = np.float64(124.05811614898842)
6.0649 	EXP 	rot_line_precue: ori = np.float64(124.4250820047272)
6.0733 	EXP 	rot_line_precue: ori = np.float64(124.84259307831226)
6.0815 	EXP 	rot_line_precue: ori = np.float64(125.20673657505175)
6.0898 	EXP 	rot_line_precue: ori = np.float64(125.83975931706846)
6.0983 	EXP 	rot_line_precue: ori = np.float64(126.19564655765585)
6.1065 	EXP 	rot_line_precue: ori = np.float64(126.52129029971037)
6.1148 	EXP 	rot_line_precue: ori = np.float64(127.09887472947887)
6.1233 	EXP 	rot_line_precue: ori = np.float64(127.75082101314786)
6.1316 	EXP 	rot_line_precue: ori = np.float64(128.35509910120518)
6.1412 	EXP 	rot_line_precue: ori = np.float64(128.7422866186537)
6.1485 	EXP 	rot_line_precue: ori = np.float64(129.07824696291246)
6.1570 	EXP 	rot_line_precue: ori = np.float64(129.66604692777605)
6.1655 	EXP 	rot_line_precue: ori = np.float64(129.9782121668443)
6.1737 	EXP 	rot_line_precue: ori = np.float64(130.5411911765916)
6.1819 	EXP 	rot_line_precue: ori = np.float64(130.84486745055042)
6.1900 	EXP 	rot_line_precue: ori = np.float64(131.30397774476592)
6.1986 	EXP 	rot_line_precue: ori = np.float64(131.60227241845035)
6.2068 	EXP 	rot_line_precue: ori = np.float64(131.91992256063472)
6.2150 	EXP 	rot_line_precue: ori = np.float64(132.32482230502902)
6.2234 	EXP 	rot_line_precue: ori = np.float64(132.87323358876492)
6.2316 	EXP 	rot_line_precue: ori = np.float64(133.24776062032066)
6.2400 	EXP 	rot_line_precue: ori = np.float64(133.58903190849398)
6.2481 	EXP 	rot_line_precue: ori = np.float64(134.03390617288795)
6.2566 	EXP 	rot_line_precue: ori = np.float64(134.37891040455082)
6.2649 	EXP 	rot_line_precue: ori = np.float64(134.97927341990018)
6.2732 	EXP 	rot_line_precue: ori = np.float64(135.52426693391305)
6.2817 	EXP 	rot_line_precue: ori = np.float64(135.99610485985954)
6.2900 	EXP 	rot_line_precue: ori = np.float64(136.3854927045727)
6.2982 	EXP 	rot_line_precue: ori = np.float64(136.6900771667866)
6.3066 	EXP 	rot_line_precue: ori = np.float64(137.02773179243334)
6.3152 	EXP 	rot_line_precue: ori = np.float64(137.37343002149862)
6.3238 	EXP 	rot_line_precue: ori = np.float64(137.8173021999535)
6.3319 	EXP 	rot_line_precue: ori = np.float64(138.36247254760667)
6.3402 	EXP 	rot_line_precue: ori = np.float64(138.6689163496253)
6.3488 	EXP 	rot_line_precue: ori = np.float64(139.31960956273178)
6.3571 	EXP 	rot_line_precue: ori = np.float64(139.86060814605406)
6.3652 	EXP 	rot_line_precue: ori = np.float64(140.57507880880425)
6.3738 	EXP 	rot_line_precue: ori = np.float64(140.90307894392552)
6.3817 	EXP 	rot_line_precue: ori = np.float64(141.30282268211494)
6.3901 	EXP 	rot_line_precue: ori = np.float64(141.6147369693893)
6.3983 	EXP 	rot_line_precue: ori = np.float64(142.06436722972023)
6.4066 	EXP 	rot_line_precue: ori = np.float64(142.76288377906624)
6.4150 	EXP 	rot_line_precue: ori = np.float64(143.10741991500345)
6.4232 	EXP 	rot_line_precue: ori = np.float64(143.40783457045316)
6.4315 	EXP 	rot_line_precue: ori = np.float64(143.71919940554776)
6.4400 	EXP 	rot_line_precue: ori = np.float64(144.02481533615733)
6.4482 	EXP 	rot_line_precue: ori = np.float64(144.3741303462881)
6.4566 	EXP 	rot_line_precue: ori = np.float64(144.76293092508834)
6.4648 	EXP 	rot_line_precue: ori = np.float64(145.15894273669937)
6.4732 	EXP 	rot_line_precue: ori = np.float64(145.6096164551421)
6.4831 	EXP 	rot_line_precue: ori = np.float64(146.38613330003324)
6.4909 	EXP 	rot_line_precue: ori = np.float64(146.81304603286316)
6.4990 	EXP 	rot_line_precue: ori = np.float64(147.16803085821053)
6.5072 	EXP 	rot_line_precue: ori = np.float64(147.46972791209504)
6.5153 	EXP 	rot_line_precue: ori = np.float64(147.84425839092026)
6.5243 	EXP 	rot_line_precue: ori = np.float64(148.14362213894773)
6.5328 	EXP 	rot_line_precue: ori = np.float64(148.70027403146403)
6.5401 	EXP 	rot_line_precue: ori = np.float64(149.01144775508163)
6.5485 	EXP 	rot_line_precue: ori = np.float64(149.51149244418067)
6.5567 	EXP 	rot_line_precue: ori = np.float64(149.96220589620748)
6.5652 	EXP 	rot_line_precue: ori = np.float64(150.60865569269222)
6.5733 	EXP 	rot_line_precue: ori = np.float64(150.91811587167496)
6.5815 	EXP 	rot_line_precue: ori = np.float64(151.2341104646679)
6.5899 	EXP 	rot_line_precue: ori = np.float64(151.63462064231584)
6.5983 	EXP 	rot_line_precue: ori = np.float64(152.2982820899118)
6.6066 	EXP 	rot_line_precue: ori = np.float64(152.71504756626413)
6.6149 	EXP 	rot_line_precue: ori = np.float64(153.2281405335163)
6.6233 	EXP 	rot_line_precue: ori = np.float64(153.59538473739968)
6.6316 	EXP 	rot_line_precue: ori = np.float64(153.90287300075775)
6.6398 	EXP 	rot_line_precue: ori = np.float64(154.22315400784845)
6.6488 	EXP 	rot_line_precue: ori = np.float64(154.77850611362524)
6.6565 	EXP 	rot_line_precue: ori = np.float64(155.09809075792617)
6.6649 	EXP 	rot_line_precue: ori = np.float64(155.42184762779803)
6.6745 	EXP 	rot_line_precue: ori = np.float64(155.7281139565724)
6.6816 	EXP 	rot_line_precue: ori = np.float64(156.09301045767975)
6.6901 	EXP 	rot_line_precue: ori = np.float64(156.6798585879484)
6.6988 	EXP 	rot_line_precue: ori = np.float64(156.98555191408502)
6.7068 	EXP 	rot_line_precue: ori = np.float64(157.44810107306472)
6.7150 	EXP 	rot_line_precue: ori = np.float64(157.76425840553495)
6.7236 	EXP 	rot_line_precue: ori = np.float64(158.0724371748577)
6.7325 	EXP 	rot_line_precue: ori = np.float64(158.4323171373598)
6.7400 	EXP 	rot_line_precue: ori = np.float64(158.77167908809704)
6.7481 	EXP 	rot_line_precue: ori = np.float64(159.23198778283435)
6.7566 	EXP 	rot_line_precue: ori = np.float64(159.59917482820825)
6.7649 	EXP 	rot_line_precue: ori = np.float64(160.16782010511233)
6.7731 	EXP 	rot_line_precue: ori = np.float64(160.70902998542863)
6.7816 	EXP 	rot_line_precue: ori = np.float64(161.02828189972527)
6.7898 	EXP 	rot_line_precue: ori = np.float64(161.338294183648)
6.7982 	EXP 	rot_line_precue: ori = np.float64(161.70085102365928)
6.8066 	EXP 	rot_line_precue: ori = np.float64(162.00219926458257)
6.8149 	EXP 	rot_line_precue: ori = np.float64(162.49085858830054)
6.8231 	EXP 	rot_line_precue: ori = np.float64(162.79900897636875)
6.8316 	EXP 	rot_line_precue: ori = np.float64(163.11454992791042)
6.8399 	EXP 	rot_line_precue: ori = np.float64(163.52308421701775)
6.8488 	EXP 	rot_line_precue: ori = np.float64(164.12957834841407)
6.8575 	EXP 	rot_line_precue: ori = np.float64(164.4489780197098)
6.8652 	EXP 	rot_line_precue: ori = np.float64(164.75334043172313)
6.8739 	EXP 	rot_line_precue: ori = np.float64(165.21478177614185)
6.8822 	EXP 	rot_line_precue: ori = np.float64(165.54191496039226)
6.8903 	EXP 	rot_line_precue: ori = np.float64(165.90947138322093)
6.8985 	EXP 	rot_line_precue: ori = np.float64(166.2468797113176)
6.9069 	EXP 	rot_line_precue: ori = np.float64(166.56169162348027)
6.9153 	EXP 	rot_line_precue: ori = np.float64(166.9773723525538)
6.9235 	EXP 	rot_line_precue: ori = np.float64(167.31113963860003)
6.9316 	EXP 	rot_line_precue: ori = np.float64(167.62357071145166)
6.9400 	EXP 	rot_line_precue: ori = np.float64(168.124968154101)
6.9482 	EXP 	rot_line_precue: ori = np.float64(168.43586218131668)
6.9564 	EXP 	rot_line_precue: ori = np.float64(168.99981763841444)
6.9650 	EXP 	rot_line_precue: ori = np.float64(169.3213163126757)
6.9732 	EXP 	rot_line_precue: ori = np.float64(169.63216958339297)
6.9815 	EXP 	rot_line_precue: ori = np.float64(169.92751010340618)
6.9898 	EXP 	rot_line_precue: ori = np.float64(170.2562986789767)
6.9982 	EXP 	rot_line_precue: ori = np.float64(170.5914878199049)
7.0065 	EXP 	rot_line_precue: ori = np.float64(170.89831358346768)
7.0151 	EXP 	rot_line_precue: ori = np.float64(171.51345673209855)
7.0232 	EXP 	rot_line_precue: ori = np.float64(171.82301158157367)
7.0315 	EXP 	rot_line_precue: ori = np.float64(172.26493884979615)
7.0397 	EXP 	rot_line_precue: ori = np.float64(172.63682400395737)
7.0487 	EXP 	rot_line_precue: ori = np.float64(172.9592052323321)
7.0567 	EXP 	rot_line_precue: ori = np.float64(173.3079116796944)
7.0656 	EXP 	rot_line_precue: ori = np.float64(173.61546283077422)
7.0736 	EXP 	rot_line_precue: ori = np.float64(173.9586340775344)
7.0822 	EXP 	rot_line_precue: ori = np.float64(174.30259875011947)
7.0902 	EXP 	rot_line_precue: ori = np.float64(174.97356091131306)
7.0986 	EXP 	rot_line_precue: ori = np.float64(175.2975059899455)
7.1067 	EXP 	rot_line_precue: ori = np.float64(175.66727998474207)
7.1153 	EXP 	rot_line_precue: ori = np.float64(175.96606512389928)
7.1235 	EXP 	rot_line_precue: ori = np.float64(176.27991455318394)
7.1316 	EXP 	rot_line_precue: ori = np.float64(176.64011408277347)
7.1399 	EXP 	rot_line_precue: ori = np.float64(176.9490069667947)
7.1483 	EXP 	rot_line_precue: ori = np.float64(177.30620917313766)
7.1566 	EXP 	rot_line_precue: ori = np.float64(177.6547050008797)
7.1649 	EXP 	rot_line_precue: ori = np.float64(178.05463903918607)
7.1734 	EXP 	rot_line_precue: ori = np.float64(178.49732893943474)
7.1816 	EXP 	rot_line_precue: ori = np.float64(179.15560720462642)
7.1899 	EXP 	rot_line_precue: ori = np.float64(179.49136704070833)
7.1982 	EXP 	rot_line_precue: ori = np.float64(179.81310909681574)
7.2074 	EXP 	rot_line_precue: ori = np.float64(180.16378487031983)
7.2149 	EXP 	rot_line_precue: ori = np.float64(180.50197737223607)
7.2232 	EXP 	rot_line_precue: ori = np.float64(181.06660369901817)
7.2317 	EXP 	rot_line_precue: ori = np.float64(181.4012621263283)
7.2405 	EXP 	rot_line_precue: ori = np.float64(181.74141632693912)
7.2488 	EXP 	rot_line_precue: ori = np.float64(182.20853248194874)
7.2571 	EXP 	rot_line_precue: ori = np.float64(182.55607541505535)
7.2656 	EXP 	rot_line_precue: ori = np.float64(182.88271669253697)
7.2737 	EXP 	rot_line_precue: ori = np.float64(183.2747534344638)
7.2819 	EXP 	rot_line_precue: ori = np.float64(183.6011717529638)
7.2902 	EXP 	rot_line_precue: ori = np.float64(183.93222379384218)
7.2987 	EXP 	rot_line_precue: ori = np.float64(184.26803322318736)
7.3070 	EXP 	rot_line_precue: ori = np.float64(184.6587795830144)
7.3150 	EXP 	rot_line_precue: ori = np.float64(185.1800946252972)
7.3231 	EXP 	rot_line_precue: ori = np.float64(185.4761688165891)
7.3314 	EXP 	rot_line_precue: ori = np.float64(185.94638983645206)
7.3399 	EXP 	rot_line_precue: ori = np.float64(186.3061121210318)
7.3482 	EXP 	rot_line_precue: ori = np.float64(186.6036273370492)
7.3568 	EXP 	rot_line_precue: ori = np.float64(186.932428715041)
7.3652 	EXP 	rot_line_precue: ori = np.float64(187.2771291950372)
7.3737 	EXP 	rot_line_precue: ori = np.float64(187.9584979067275)
7.3820 	EXP 	rot_line_precue: ori = np.float64(188.48185847323606)
7.3904 	EXP 	rot_line_precue: ori = np.float64(188.95713702746986)
7.3983 	EXP 	rot_line_precue: ori = np.float64(189.33447916541792)
7.4077 	EXP 	rot_line_precue: ori = np.float64(190.07706595623074)
7.4154 	EXP 	rot_line_precue: ori = np.float64(190.6145263493825)
7.4240 	EXP 	rot_line_precue: ori = np.float64(190.98873832893202)
7.4321 	EXP 	rot_line_precue: ori = np.float64(191.63981402095186)
7.4404 	EXP 	rot_line_precue: ori = np.float64(192.0442271305786)
7.4489 	EXP 	rot_line_precue: ori = np.float64(192.81997303798516)
7.4577 	EXP 	rot_line_precue: ori = np.float64(193.33541074739463)
7.4658 	EXP 	rot_line_precue: ori = np.float64(193.68721611534693)
7.4741 	EXP 	rot_line_precue: ori = np.float64(194.022680660101)
7.4819 	EXP 	rot_line_precue: ori = np.float64(194.33253794384697)
7.4901 	EXP 	rot_line_precue: ori = np.float64(194.6549312946322)
7.4985 	EXP 	rot_line_precue: ori = np.float64(194.97827820953654)
7.5065 	EXP 	rot_line_precue: ori = np.float64(195.36536595027243)
7.5150 	EXP 	rot_line_precue: ori = np.float64(195.74163022247657)
7.5157 	EXP 	New trial (rep=1, index=2): <Trial 2 (2 in rep 1) data={'pic_name': 'pics/feet.JPG', 'class_mi': 'feet', 'thisN': 2, 'thisTrialN': 2, 'thisRepN': 1}>
7.5233 	EXP 	hor_line_precue: autoDraw = False
7.5233 	EXP 	ver_line_precue: autoDraw = False
7.5233 	EXP 	rot_line_precue: autoDraw = False
7.5233 	EXP 	rot_line_precue: ori = np.float64(196.22349732332276)
7.5233 	EXP 	point_left: autoDraw = False
7.5233 	EXP 	hor_line_precue: autoDraw = False
7.5233 	EXP 	ver_line_precue: autoDraw = False
7.5233 	EXP 	rot_line_precue: autoDraw = False
7.5233 	EXP 	point_left: autoDraw = False
7.5233 	EXP 	hor_line_precue: autoDraw = True
7.5233 	EXP 	ver_line_precue: autoDraw = True
7.5233 	EXP 	rot_line_precue: autoDraw = True
7.5233 	EXP 	rot_line_precue: ori = np.float64(196.65712691105335)
7.5233 	EXP 	point_left: autoDraw = True
7.5315 	EXP 	rot_line_precue: ori = np.float64(196.97324867553496)
7.5398 	EXP 	rot_line_precue: ori = np.float64(197.43074651501126)
7.5483 	EXP 	rot_line_precue: ori = np.float64(198.01541255414338)
7.5565 	EXP 	rot_line_precue: ori = np.float64(198.4292704097762)
7.5649 	EXP 	rot_line_precue: ori = np.float64(198.77173219749807)
7.5733 	EXP 	rot_line_precue: ori = np.float64(199.19127840910915)
7.5815 	EXP 	rot_line_precue: ori = np.float64(199.78363981128902)
7.5902 	EXP 	rot_line_precue: ori = np.float64(200.20129840239093)
7.5985 	EXP 	rot_line_precue: ori = np.float64(200.55654153428014)
7.6081 	EXP 	rot_line_precue: ori = np.float64(201.23259120475248)
7.6155 	EXP 	rot_line_precue: ori = np.float64(201.60967476078125)
7.6236 	EXP 	rot_line_precue: ori = np.float64(202.15182721636083)
7.6317 	EXP 	rot_line_precue: ori = np.float64(202.47066394522975)
7.6411 	EXP 	rot_line_precue: ori = np.float64(202.95949758974896)
7.6492 	EXP 	rot_line_precue: ori = np.float64(203.31497374063886)
7.6568 	EXP 	rot_line_precue: ori = np.float64(203.6153291510434)
7.6654 	EXP 	rot_line_precue: ori = np.float64(203.95209588628677)
7.6737 	EXP 	rot_line_precue: ori = np.float64(204.30439683894662)
7.6818 	EXP 	rot_line_precue: ori = np.float64(204.64599781837026)
7.6900 	EXP 	rot_line_precue: ori = np.float64(205.1810154134708)
7.6984 	EXP 	rot_line_precue: ori = np.float64(205.62341435076002)
7.7066 	EXP 	rot_line_precue: ori = np.float64(206.25179961451252)
7.7150 	EXP 	rot_line_precue: ori = np.float64(206.6135168258691)
7.7235 	EXP 	rot_line_precue: ori = np.float64(206.99174748493644)
7.7317 	EXP 	rot_line_precue: ori = np.float64(207.41989497177016)
7.7400 	EXP 	rot_line_precue: ori = np.float64(207.8014033998565)
7.7482 	EXP 	rot_line_precue: ori = np.float64(208.39428910463863)
7.7566 	EXP 	rot_line_precue: ori = np.float64(208.69609525776423)
7.7651 	EXP 	rot_line_precue: ori = np.float64(209.20150678155971)
7.7738 	EXP 	rot_line_precue: ori = np.float64(209.5116581773718)
7.7820 	EXP 	rot_line_precue: ori = np.float64(210.2874860327475)
7.7902 	EXP 	rot_line_precue: ori = np.float64(210.65265433350086)
7.7988 	EXP 	rot_line_precue: ori = np.float64(210.96984303895312)
7.8072 	EXP 	rot_line_precue: ori = np.float64(211.27917503670662)
7.8157 	EXP 	rot_line_precue: ori = np.float64(212.02784373265965)
7.8238 	EXP 	rot_line_precue: ori = np.float64(212.54019751975218)
7.8320 	EXP 	rot_line_precue: ori = np.float64(213.0514339536336)
7.8399 	EXP 	rot_line_precue: ori = np.float64(213.40910933378126)
7.8486 	EXP 	rot_line_precue: ori = np.float64(213.73234051827586)
7.8568 	EXP 	rot_line_precue: ori = np.float64(214.02794671943073)
7.8651 	EXP 	rot_line_precue: ori = np.float64(214.82607407543205)
7.8733 	EXP 	rot_line_precue: ori = np.float64(215.13305094539606)
7.8817 	EXP 	rot_line_precue: ori = np.float64(215.43061195364737)
7.8900 	EXP 	rot_line_precue: ori = np.float64(215.72645084937534)
7.8982 	EXP 	rot_line_precue: ori = np.float64(216.0965095702268)
7.9065 	EXP 	rot_line_precue: ori = np.float64(216.42432021915027)
7.9150 	EXP 	rot_line_precue: ori = np.float64(216.77792374017542)
7.9239 	EXP 	rot_line_precue: ori = np.float64(217.39763907856863)
7.9318 	EXP 	rot_line_precue: ori = np.float64(217.8944236830514)
7.9409 	EXP 	rot_line_precue: ori = np.float64(218.2655872937811)
7.9484 	EXP 	rot_line_precue: ori = np.float64(218.57127524201618)
7.9571 	EXP 	rot_line_precue: ori = np.float64(218.9159831710022)
7.9653 	EXP 	rot_line_precue: ori = np.float64(219.62657362365667)
7.9734 	EXP 	rot_line_precue: ori = np.float64(219.92492675971363)
7.9820 	EXP 	rot_line_precue: ori = np.float64(220.6892176255542)
7.9909 	EXP 	rot_line_precue: ori = np.float64(221.10956829280954)
7.9983 	EXP 	rot_line_precue: ori = np.float64(221.4205649224141)
8.0071 	EXP 	rot_line_precue: ori = np.float64(221.7520410284922)
8.0152 	EXP 	rot_line_precue: ori = np.float64(222.06265372387486)
8.0233 	EXP 	rot_line_precue: ori = np.float64(222.36536087319539)
8.0316 	EXP 	rot_line_precue: ori = np.float64(222.66993171863484)
8.0408 	EXP 	rot_line_precue: ori = np.float64(222.99374237164392)
8.0484 	EXP 	rot_line_precue: ori = np.float64(223.35476541480156)
8.0565 	EXP 	rot_line_precue: ori = np.float64(223.87622703934926)
8.0651 	EXP 	rot_line_precue: ori = np.float64(224.21809423257272)
8.0732 	EXP 	rot_line_precue: ori = np.float64(224.58185767631392)
8.0815 	EXP 	rot_line_precue: ori = np.float64(224.9928187521738)
8.0902 	EXP 	rot_line_precue: ori = np.float64(225.44356911918615)
8.0985 	EXP 	rot_line_precue: ori = np.float64(225.7864578647295)
8.1066 	EXP 	rot_line_precue: ori = np.float64(226.1046798262481)
8.1149 	EXP 	rot_line_precue: ori = np.float64(226.44330521477136)
8.1235 	EXP 	rot_line_precue: ori = np.float64(226.8097734906756)
8.1318 	EXP 	rot_line_precue: ori = np.float64(227.17052375642228)
8.1404 	EXP 	rot_line_precue: ori = np.float64(227.4840425697063)
8.1486 	EXP 	rot_line_precue: ori = np.float64(227.79594343125808)
8.1574 	EXP 	rot_line_precue: ori = np.float64(228.10792689260234)
8.1661 	EXP 	rot_line_precue: ori = np.float64(228.42138675117118)
8.1738 	EXP 	rot_line_precue: ori = np.float64(228.75567703120237)
8.1819 	EXP 	rot_line_precue: ori = np.float64(229.16820183936224)
8.1900 	EXP 	rot_line_precue: ori = np.float64(229.5284894363494)
8.1992 	EXP 	rot_line_precue: ori = np.float64(229.83014075084583)
8.2067 	EXP 	rot_line_precue: ori = np.float64(230.24638100432597)
8.2150 	EXP 	rot_line_precue: ori = np.float64(230.54258448932077)
8.2234 	EXP 	rot_line_precue: ori = np.float64(230.9710899930281)
8.2317 	EXP 	rot_line_precue: ori = np.float64(231.43044874589123)
8.2399 	EXP 	rot_line_precue: ori = np.float64(231.80911173895066)
8.2482 	EXP 	rot_line_precue: ori = np.float64(232.1120074602059)
8.2571 	EXP 	rot_line_precue: ori = np.float64(232.43971585341012)
8.2650 	EXP 	rot_line_precue: ori = np.float64(232.8142201879787)
8.2746 	EXP 	rot_line_precue: ori = np.float64(233.3562817175845)
8.2817 	EXP 	rot_line_precue: ori = np.float64(233.8655026701563)
8.2900 	EXP 	rot_line_precue: ori = np.float64(234.6180449095706)
8.2987 	EXP 	rot_line_precue: ori = np.float64(234.9551243335293)
8.3069 	EXP 	rot_line_precue: ori = np.float64(235.32619012117914)
8.3152 	EXP 	rot_line_precue: ori = np.float64(235.66517831481698)
8.3236 	EXP 	rot_line_precue: ori = np.float64(235.96944021302346)
8.3319 	EXP 	rot_line_precue: ori = np.float64(236.38018445273661)
8.3402 	EXP 	rot_line_precue: ori = np.float64(236.95724842695455)
8.3487 	EXP 	rot_line_precue: ori = np.float64(237.27040967158652)
8.3570 	EXP 	rot_line_precue: ori = np.float64(237.64492297169068)
8.3650 	EXP 	rot_line_precue: ori = np.float64(237.9974697714902)
8.3733 	EXP 	rot_line_precue: ori = np.float64(238.36486927915237)
8.3818 	EXP 	rot_line_precue: ori = np.float64(239.01162019533348)
8.3902 	EXP 	rot_line_precue: ori = np.float64(239.32556783770855)
8.3983 	EXP 	rot_line_precue: ori = np.float64(239.7025623764023)
8.4067 	EXP 	rot_line_precue: ori = np.float64(240.07976966769326)
8.4150 	EXP 	rot_line_precue: ori = np.float64(240.37569918487173)
8.4233 	EXP 	rot_line_precue: ori = np.float64(240.7857147101278)
8.4324 	EXP 	rot_line_precue: ori = np.float64(241.10070691823708)
8.4400 	EXP 	rot_line_precue: ori = np.float64(241.55877871835062)
8.4489 	EXP 	rot_line_precue: ori = np.float64(241.85581045338404)
8.4568 	EXP 	rot_line_precue: ori = np.float64(242.27985348301328)
8.4650 	EXP 	rot_line_precue: ori = np.float64(242.81308520686008)
8.4735 	EXP 	rot_line_precue: ori = np.float64(243.45879330428153)
8.4821 	EXP 	rot_line_precue: ori = np.float64(243.91649262252187)
8.4903 	EXP 	rot_line_precue: ori = np.float64(244.29955079953052)
8.4990 	EXP 	rot_line_precue: ori = np.float64(245.06324072635476)
8.5071 	EXP 	rot_line_precue: ori = np.float64(245.3760080017456)
8.5155 	EXP 	rot_line_precue: ori = np.float64(245.85781511506565)
8.5236 	EXP 	rot_line_precue: ori = np.float64(246.33311362615657)
8.5321 	EXP 	rot_line_precue: ori = np.float64(246.85490566469372)
8.5401 	EXP 	rot_line_precue: ori = np.float64(247.4989789961416)
8.5484 	EXP 	rot_line_precue: ori = np.float64(247.81186048071322)
8.5565 	EXP 	rot_line_precue: ori = np.float64(248.133546456128)
8.5651 	EXP 	rot_line_precue: ori = np.float64(248.86612359823008)
8.5733 	EXP 	rot_line_precue: ori = np.float64(249.30758903729176)
8.5815 	EXP 	rot_line_precue: ori = np.float64(249.95190761695918)
8.5901 	EXP 	rot_line_precue: ori = np.float64(250.25760447719352)
8.5982 	EXP 	rot_line_precue: ori = np.float64(250.55941628481548)
8.6066 	EXP 	rot_line_precue: ori = np.float64(250.95717315512155)
8.6153 	EXP 	rot_line_precue: ori = np.float64(251.36170419903456)
8.6235 	EXP 	rot_line_precue: ori = np.float64(251.98770981524834)
8.6316 	EXP 	rot_line_precue: ori = np.float64(252.29703821706357)
8.6400 	EXP 	rot_line_precue: ori = np.float64(252.8149749920451)
8.6484 	EXP 	rot_line_precue: ori = np.float64(253.11068693782497)
8.6567 	EXP 	rot_line_precue: ori = np.float64(253.84270464539853)
8.6655 	EXP 	rot_line_precue: ori = np.float64(254.5574047501917)
8.6736 	EXP 	rot_line_precue: ori = np.float64(254.88364840827032)
8.6818 	EXP 	rot_line_precue: ori = np.float64(255.19774948238322)
8.6904 	EXP 	rot_line_precue: ori = np.float64(255.54155446631464)
8.6988 	EXP 	rot_line_precue: ori = np.float64(256.19516680901773)
8.7068 	EXP 	rot_line_precue: ori = np.float64(256.94034783755336)
8.7154 	EXP 	rot_line_precue: ori = np.float64(257.2658075429977)
8.7235 	EXP 	rot_line_precue: ori = np.float64(257.68546380896106)
8.7317 	EXP 	rot_line_precue: ori = np.float64(258.26954903467345)
8.7400 	EXP 	rot_line_precue: ori = np.float64(258.5760525665469)
8.7484 	EXP 	rot_line_precue: ori = np.float64(258.87717060472886)
8.7566 	EXP 	rot_line_precue: ori = np.float64(259.1776686846583)
8.7650 	EXP 	rot_line_precue: ori = np.float64(259.4859526040539)
8.7739 	EXP 	rot_line_precue: ori = np.float64(259.897800574659)
8.7823 	EXP 	rot_line_precue: ori = np.float64(260.2817636972561)
8.7900 	EXP 	rot_line_precue: ori = np.float64(260.80348089000427)
8.7983 	EXP 	rot_line_precue: ori = np.float64(261.3557182030999)
8.8071 	EXP 	rot_line_precue: ori = np.float64(261.99246388329124)
8.8150 	EXP 	rot_line_precue: ori = np.float64(262.29182952402664)
8.8236 	EXP 	rot_line_precue: ori = np.float64(262.6573440606614)
8.8319 	EXP 	rot_line_precue: ori = np.float64(262.98739471665937)
8.8402 	EXP 	rot_line_precue: ori = np.float64(263.3745839999577)
8.8488 	EXP 	rot_line_precue: ori = np.float64(263.8119847765785)
8.8569 	EXP 	rot_line_precue: ori = np.float64(264.1193125949341)
8.8657 	EXP 	rot_line_precue: ori = np.float64(264.5141058850125)
8.8738 	EXP 	rot_line_precue: ori = np.float64(264.8668829822881)
8.8824 	EXP 	rot_line_precue: ori = np.float64(265.3051955412263)
8.8907 	EXP 	rot_line_precue: ori = np.float64(265.6796502587477)
8.8987 	EXP 	rot_line_precue: ori = np.float64(266.08571191949466)
8.9069 	EXP 	rot_line_precue: ori = np.float64(266.83859189446144)
8.9157 	EXP 	rot_line_precue: ori = np.float64(267.27010034849366)
8.9233 	EXP 	rot_line_precue: ori = np.float64(267.61930925276505)
8.9317 	EXP 	rot_line_precue: ori = np.float64(267.9168351715004)
8.9409 	EXP 	rot_line_precue: ori = np.float64(268.30663807789676)
8.9483 	EXP 	rot_line_precue: ori = np.float64(268.801165474311)
8.9574 	EXP 	rot_line_precue: ori = np.float64(269.0997651982681)
8.9650 	EXP 	rot_line_precue: ori = np.float64(269.4014682394101)
8.9732 	EXP 	rot_line_precue: ori = np.float64(269.80248685635286)
8.9816 	EXP 	rot_line_precue: ori = np.float64(270.1293504747238)
8.9900 	EXP 	rot_line_precue: ori = np.float64(270.7018102082793)
8.9985 	EXP 	rot_line_precue: ori = np.float64(271.01429036798015)
9.0071 	EXP 	rot_line_precue: ori = np.float64(271.3475975557935)
9.0153 	EXP 	rot_line_precue: ori = np.float64(271.8166364307284)
9.0240 	EXP 	rot_line_precue: ori = np.float64(272.2272376560192)
9.0321 	EXP 	rot_line_precue: ori = np.float64(272.5301029106805)
9.0406 	EXP 	rot_line_precue: ori = np.float64(272.86622139159755)
9.0485 	EXP 	rot_line_precue: ori = np.float64(273.17250116600246)
9.0571 	EXP 	rot_line_precue: ori = np.float64(273.57516168167143)
9.0653 	EXP 	rot_line_precue: ori = np.float64(273.9110811693794)
9.0735 	EXP 	rot_line_precue: ori = np.float64(274.26160469803864)
9.0820 	EXP 	rot_line_precue: ori = np.float64(274.61166463104)
9.0902 	EXP 	rot_line_precue: ori = np.float64(275.10314371792987)
9.0983 	EXP 	rot_line_precue: ori = np.float64(275.4960716235892)
9.1066 	EXP 	rot_line_precue: ori = np.float64(275.7988302909333)
9.1149 	EXP 	rot_line_precue: ori = np.float64(276.1549944288477)
9.1234 	EXP 	rot_line_precue: ori = np.float64(276.5162186618661)
9.1315 	EXP 	rot_line_precue: ori = np.float64(276.99791713751495)
9.1399 	EXP 	rot_line_precue: ori = np.float64(277.5808638714072)
9.1484 	EXP 	rot_line_precue: ori = np.float64(277.9000359254118)
9.1565 	EXP 	rot_line_precue: ori = np.float64(278.35538846689093)
9.1649 	EXP 	rot_line_precue: ori = np.float64(278.6886015595773)
9.1737 	EXP 	rot_line_precue: ori = np.float64(278.9935849368179)
9.1823 	EXP 	rot_line_precue: ori = np.float64(279.3219403238714)
9.1905 	EXP 	rot_line_precue: ori = np.float64(279.7056083444475)
9.1988 	EXP 	rot_line_precue: ori = np.float64(280.0209810841398)
9.2073 	EXP 	rot_line_precue: ori = np.float64(280.4334474484947)
9.2156 	EXP 	rot_line_precue: ori = np.float64(280.836002009695)
9.2236 	EXP 	rot_line_precue: ori = np.float64(281.18757107367327)
9.2319 	EXP 	rot_line_precue: ori = np.float64(281.8823076332595)
9.2406 	EXP 	rot_line_precue: ori = np.float64(282.20580291202594)
9.2484 	EXP 	rot_line_precue: ori = np.float64(282.86253090462094)
9.2567 	EXP 	rot_line_precue: ori = np.float64(283.3830909669094)
9.2649 	EXP 	rot_line_precue: ori = np.float64(283.791630755546)
9.2734 	EXP 	rot_line_precue: ori = np.float64(284.0962571546261)
9.2816 	EXP 	rot_line_precue: ori = np.float64(284.3998840203099)
9.2899 	EXP 	rot_line_precue: ori = np.float64(284.695238394059)
9.2982 	EXP 	rot_line_precue: ori = np.float64(285.037122994846)
9.3066 	EXP 	rot_line_precue: ori = np.float64(285.357879670188)
9.3149 	EXP 	rot_line_precue: ori = np.float64(285.7924756686853)
9.3232 	EXP 	rot_line_precue: ori = np.float64(286.11750661318524)
9.3317 	EXP 	rot_line_precue: ori = np.float64(286.5171244543048)
9.3399 	EXP 	rot_line_precue: ori = np.float64(287.0423495499311)
9.3488 	EXP 	rot_line_precue: ori = np.float64(287.52494391402354)
9.3569 	EXP 	rot_line_precue: ori = np.float64(288.016490037825)
9.3653 	EXP 	rot_line_precue: ori = np.float64(288.32728742935114)
9.3740 	EXP 	rot_line_precue: ori = np.float64(288.6348063847865)
9.3820 	EXP 	rot_line_precue: ori = np.float64(288.97686216406373)
9.3902 	EXP 	rot_line_precue: ori = np.float64(289.3556895781104)
9.3987 	EXP 	rot_line_precue: ori = np.float64(289.7750470267417)
9.4068 	EXP 	rot_line_precue: ori = np.float64(290.07998008807647)
9.4077 	EXP 	Device response: <KeyPress from None: t=9.401471400000446, value=escape, duration=None>
9.4085 	DATA 	Keypress: escape
9.4159 	EXP 	rot_line_precue: ori = np.float64(290.3862074967481)
9.4232 	EXP 	rot_line_precue: ori = np.float64(290.6924848623974)
9.4319 	EXP 	rot_line_precue: ori = np.float64(291.2868168100401)
9.4400 	EXP 	rot_line_precue: ori = np.float64(291.6141332848256)
9.4483 	EXP 	rot_line_precue: ori = np.float64(292.0474965125748)
9.4566 	EXP 	rot_line_precue: ori = np.float64(292.35732418471133)
9.4651 	EXP 	rot_line_precue: ori = np.float64(292.8635305853508)
9.4657 	EXP 	Device response: <KeyPress from None: t=9.401471400000446, value=escape, duration=0.0558108999975957>
9.4658 	EXP 	bci_racingteam: status = STOPPED
9.4733 	EXP 	rot_line_precue: ori = np.float64(293.1673977986136)
9.4733 	EXP 	hor_line_precue: autoDraw = False
9.4733 	EXP 	ver_line_precue: autoDraw = False
9.4733 	EXP 	rot_line_precue: autoDraw = False
9.4733 	EXP 	point_left: autoDraw = False
9.4734 	EXP 	bci_racingteam: status = STOPPED
