3.1173 	INFO 	Loaded monitor calibration from ['2025_05_09 18:17']
3.1208 	WARNING 	User requested fullscreen with size [1024  768], but screen is actually [2560, 1600]. Using actual size
3.2693 	INFO 	Using renderer 'AMD Radeon(TM) Graphics' for graphics
3.2693 	INFO 	OpenGL version supported by driver is 4..
3.3763 	EXP 	Created window1 = Window(allowGUI=False, allowStencil=False, autoLog=True, backendConf=UNKNOWN, backgroundFit=<method-wrapper '__getattribute__' of attributeSetter object at 0x0000018E13C97CD0>, backgroundImage=<method-wrapper '__getattribute__' of attributeSetter object at 0x0000018E13C97C70>, bitsMode=UNKNOWN, blendMode='avg', bpc=(8, 8, 8), color=array([0, 0, 0]), colorSpace='rgb', depthBits=8, fullscr=True, gamma=None, gammaErrorPolicy='raise', infoMsg=UNKNOWN, lms=UNKNOWN, monitor=<psychopy.monitors.calibTools.Monitor object at 0x0000018E13DA4CD0>, multiSample=False, name='window1', numSamples=2, pos=[np.float64(0.0), np.float64(0.0)], screen=0, size=array([2560, 1600]), stencilBits=0, stereo=False, title='PsychoPy', units='height', useFBO=True, useRetina=False, viewOri=0.0, viewPos=None, viewScale=None, waitBlanking=True, winType='pyglet')
3.3763 	EXP 	window1: backgroundImage = ''
3.3764 	EXP 	window1: backgroundFit = 'none'
3.7835 	EXP 	window1: Attempting to measure frame rate of screen (0) ...
3.7835 	EXP 	window1: recordFrameIntervals = False
3.9740 	EXP 	window1: recordFrameIntervals = True
4.2873 	WARNING 	t of last frame was 20.35ms (=1/49)
4.4553 	WARNING 	t of last frame was 21.24ms (=1/47)
4.9324 	EXP 	window1: recordFrameIntervals = False
4.9324 	EXP 	Screen (0) actual frame rate measured at 118.78Hz
5.0971 	INFO 	keyboard.Keyboard is using ptb backend.
5.0971 	EXP 	bci_circle: status = STARTED
5.1388 	EXP 	Created text_pre_block = TextStim(__class__=<class 'psychopy.visual.text.TextStim'>, alignHoriz=method-wrapper(...), alignText='center', alignVert=method-wrapper(...), anchorHoriz='center', anchorVert='center', antialias=True, autoDraw=False, autoLog=True, bold=False, color=array([1., 1., 1.]), colorSpace='rgb', contrast=1.0, depth=0.0, draggable=False, flipHoriz=False, flipVert=False, font='Arial', fontFiles=[], height=np.float64(0.05), italic=False, languageStyle='LTR', name='text_pre_block', opacity=1, ori=0.0, pos=array([0., 0.]), rgb=UNKNOWN, text='Press any key to start ...', units='height', win=Window(...), wrapWidth=1)
5.1397 	EXP 	Created text_wait_screen = TextStim(__class__=<class 'psychopy.visual.text.TextStim'>, alignHoriz=method-wrapper(...), alignText='center', alignVert=method-wrapper(...), anchorHoriz='center', anchorVert='center', antialias=True, autoDraw=False, autoLog=True, bold=False, color=array([1., 1., 1.]), colorSpace='rgb', contrast=1.0, depth=0.0, draggable=False, flipHoriz=False, flipVert=False, font='Arial', fontFiles=[], height=np.float64(0.05), italic=False, languageStyle='LTR', name='text_wait_screen', opacity=1, ori=0.0, pos=array([0., 0.]), rgb=UNKNOWN, text='', units='height', win=Window(...), wrapWidth=1)
5.1429 	EXP 	Created move_circle = ShapeStim(__class__=<class 'psychopy.visual.shape.ShapeStim'>, anchor=('center', 'center'), autoDraw=False, autoLog=True, closeShape=True, color=method-wrapper(...), colorSpace='rgb', contrast=None, depth=0.0, draggable=False, fillColor=array([0.9216, 0.9216, 0.9216]), fillColorSpace='rgb', fillRGB=array([0.9216, 0.9216, 0.9216]), interpolate=True, lineColor=array([1., 1., 1.]), lineColorSpace='rgb', lineRGB=array([1, 1, 1]), lineWidth=1.0, name='move_circle', opacity=1, ori=0.0, pos=array([0., 0.]), size=array([1., 1.]), units='height', vertices=ndarray(...), win=Window(...), windingRule=None)
5.1455 	EXP 	Created mi_circle = ShapeStim(__class__=<class 'psychopy.visual.shape.ShapeStim'>, anchor=('center', 'center'), autoDraw=False, autoLog=True, closeShape=True, color=method-wrapper(...), colorSpace='rgb', contrast=None, depth=-1.0, draggable=False, fillColor=array([0, 0, 0]), fillColorSpace='rgb', fillRGB=array([0, 0, 0]), interpolate=True, lineColor=array([ 1., -1., -1.]), lineColorSpace='rgb', lineRGB=array([ 1., -1., -1.]), lineWidth=8.0, name='mi_circle', opacity=1, ori=0.0, pos=array([0., 0.]), size=array([0.15, 0.15]), units='height', vertices=ndarray(...), win=Window(...), windingRule=None)
5.1487 	EXP 	Created image_mi = ImageStim(__class__=<class 'psychopy.visual.image.ImageStim'>, anchor=('center', 'center'), autoLog=True, color=array([1., 1., 1.]), colorSpace='rgb', contrast=1.0, depth=-3.0, draggable=False, flipHoriz=np.False_, flipVert=np.False_, image='default.png', interpolate=True, mask=None, maskParams=None, name='image_mi', opacity=1.0, ori=0.0, pos=array([0., 0.]), size=array([0.5, 0.5]), texRes=128.0, units='height', win=Window(...))
5.1552 	EXP 	Created text_run_break = TextStim(__class__=<class 'psychopy.visual.text.TextStim'>, alignHoriz=method-wrapper(...), alignText='center', alignVert=method-wrapper(...), anchorHoriz='center', anchorVert='center', antialias=True, autoDraw=False, autoLog=True, bold=False, color=array([1., 1., 1.]), colorSpace='rgb', contrast=1.0, depth=0.0, draggable=False, flipHoriz=False, flipVert=False, font='Arial', fontFiles=[], height=np.float64(0.05), italic=False, languageStyle='LTR', name='text_run_break', opacity=1, ori=0.0, pos=array([0., 0.]), rgb=UNKNOWN, text='Trial finished!', units='height', win=Window(...), wrapWidth=1)
5.1600 	EXP 	Created text_post_run = TextStim(__class__=<class 'psychopy.visual.text.TextStim'>, alignHoriz=method-wrapper(...), alignText='center', alignVert=method-wrapper(...), anchorHoriz='center', anchorVert='center', antialias=True, autoDraw=False, autoLog=True, bold=False, color=array([1., 1., 1.]), colorSpace='rgb', contrast=1.0, depth=0.0, draggable=False, flipHoriz=False, flipVert=False, font='Arial', fontFiles=[], height=np.float64(0.05), italic=False, languageStyle='LTR', name='text_post_run', opacity=1, ori=0.0, pos=array([0., 0.]), rgb=UNKNOWN, text='Run finished. Yupii!!', units='height', win=Window(...), wrapWidth=1)
0.0221 	INFO 	Keyboard events cleared
0.0220 	EXP 	text_pre_block: autoDraw = True
1.2338 	EXP 	Device response: <KeyPress from None: t=1.2187644999939948, value=space, duration=None>
1.2342 	EXP 	New trial (rep=0, index=0): <Trial 0 (0 in rep 0) data={'thisN': 0, 'thisTrialN': 0, 'thisRepN': 0}>
1.2351 	DATA 	Keypress: space
1.2468 	EXP 	text_pre_block: autoDraw = False
1.2468 	EXP 	text_wait_screen: autoDraw = True
1.2838 	EXP 	Device response: <KeyPress from None: t=1.2187644999939948, value=space, duration=0.0613259999663569>
4.2527 	EXP 	Imported classes.csv as conditions, 4 conditions, 2 params
4.2530 	EXP 	New trial (rep=0, index=0): <Trial 0 (0 in rep 0) data={'pic_name': 'pics/right_hand.JPG', 'class_mi': ' right_hand', 'thisN': 0, 'thisTrialN': 0, 'thisRepN': 0}>
4.2708 	EXP 	text_wait_screen: autoDraw = False
4.2708 	EXP 	image_mi: image = 'pics/right_hand.JPG'
4.2708 	EXP 	move_circle: autoDraw = True
4.2708 	EXP 	mi_circle: autoDraw = True
4.2708 	EXP 	image_mi: autoDraw = True
12.4345 	EXP 	New trial (rep=0, index=1): <Trial 1 (1 in rep 0) data={'pic_name': 'pics/none.JPG', 'class_mi': 'rest', 'thisN': 1, 'thisTrialN': 1, 'thisRepN': 0}>
12.4441 	EXP 	move_circle: autoDraw = False
12.4441 	EXP 	mi_circle: autoDraw = False
12.4441 	EXP 	image_mi: autoDraw = False
12.4441 	EXP 	image_mi: image = 'pics/none.JPG'
12.4441 	EXP 	move_circle: autoDraw = True
12.4441 	EXP 	mi_circle: autoDraw = True
12.4441 	EXP 	image_mi: autoDraw = True
20.4522 	EXP 	New trial (rep=0, index=2): <Trial 2 (2 in rep 0) data={'pic_name': 'pics/left_hand.JPG', 'class_mi': 'left_hand', 'thisN': 2, 'thisTrialN': 2, 'thisRepN': 0}>
20.4608 	EXP 	move_circle: autoDraw = False
20.4608 	EXP 	mi_circle: autoDraw = False
20.4608 	EXP 	image_mi: autoDraw = False
20.4608 	EXP 	image_mi: image = 'pics/left_hand.JPG'
20.4608 	EXP 	move_circle: autoDraw = True
20.4608 	EXP 	mi_circle: autoDraw = True
20.4608 	EXP 	image_mi: autoDraw = True
26.6252 	EXP 	Device response: <KeyPress from None: t=26.62254849995952, value=escape, duration=None>
26.6259 	DATA 	Keypress: escape
26.7172 	EXP 	Device response: <KeyPress from None: t=26.62254849995952, value=escape, duration=0.09401300002355129>
26.7172 	EXP 	bci_circle: status = STOPPED
26.7247 	EXP 	move_circle: autoDraw = False
26.7247 	EXP 	mi_circle: autoDraw = False
26.7247 	EXP 	image_mi: autoDraw = False
26.7248 	EXP 	bci_circle: status = STOPPED
26.7320 	INFO 	saved data to 'D:\\STUDIUM\\TU\\Mirage91\\Brain-Computer Interface Conference\\Code\\data\\427876_bci_circle_2026-06-20_17h08.28.130.csv'
26.7328 	INFO 	saved data to D:\STUDIUM\TU\Mirage91\Brain-Computer Interface Conference\Code\data\427876_bci_circle_2026-06-20_17h08.28.130.psydat
26.9131 	WARNING 	Stopping key buffers but this could be dangerous ifother keyboards rely on the same.
