2.5228 	WARNING 	Requested an unavailable screen number - using first available.
2.5241 	WARNING 	User requested fullscreen with size [1920 1080], but screen is actually [1707, 1067]. Using actual size
2.7407 	EXP 	Created window1 = Window(allowGUI=False, allowStencil=False, autoLog=True, backendConf=UNKNOWN, backgroundFit=<method-wrapper '__getattribute__' of attributeSetter object at 0x000001BD00052470>, backgroundImage=<method-wrapper '__getattribute__' of attributeSetter object at 0x000001BD00052410>, bitsMode=UNKNOWN, blendMode='avg', bpc=(8, 8, 8), color=array([0, 0, 0]), colorSpace='rgb', depthBits=8, fullscr=True, gamma=None, gammaErrorPolicy='raise', infoMsg=UNKNOWN, lms=UNKNOWN, monitor=<psychopy.monitors.calibTools.Monitor object at 0x000001BD00383160>, multiSample=False, name='window1', numSamples=2, pos=[np.float64(0.0), np.float64(0.0)], screen=1, size=array([1707, 1067]), stencilBits=0, stereo=False, title='PsychoPy', units='height', useFBO=True, useRetina=False, viewOri=0.0, viewPos=None, viewScale=None, waitBlanking=True, winType='pyglet')
2.7407 	EXP 	window1: backgroundImage = ''
2.7408 	EXP 	window1: backgroundFit = 'none'
3.0811 	EXP 	window1: Attempting to measure frame rate of screen (1) ...
3.0811 	EXP 	window1: recordFrameIntervals = False
3.1557 	EXP 	window1: recordFrameIntervals = True
3.9887 	EXP 	window1: recordFrameIntervals = False
3.9888 	EXP 	Screen (1) actual frame rate measured at 119.93Hz
6.3908 	EXP 	bci_racingteam: status = STARTED
6.4830 	EXP 	Created text_pre_block = TextStim(__class__=<class 'psychopy.visual.text.TextStim'>, alignHoriz=method-wrapper(...), alignText='center', alignVert=method-wrapper(...), anchorHoriz='center', anchorVert='center', antialias=True, autoDraw=False, autoLog=True, bold=False, color=array([1., 1., 1.]), colorSpace='rgb', contrast=1.0, depth=0.0, draggable=False, flipHoriz=False, flipVert=False, font='Open Sans', fontFiles=[], height=np.float64(0.05), italic=False, languageStyle='LTR', name='text_pre_block', opacity=1, ori=0.0, pos=array([0., 0.]), rgb=UNKNOWN, text='Press any key to start ...', units='height', win=Window(...), wrapWidth=1)
6.4841 	EXP 	Created text_2 = TextStim(__class__=<class 'psychopy.visual.text.TextStim'>, alignHoriz=method-wrapper(...), alignText='center', alignVert=method-wrapper(...), anchorHoriz='center', anchorVert='center', antialias=True, autoDraw=False, autoLog=True, bold=False, color=array([1., 1., 1.]), colorSpace='rgb', contrast=1.0, depth=0.0, draggable=False, flipHoriz=False, flipVert=False, font='Arial', fontFiles=[], height=np.float64(0.05), italic=False, languageStyle='LTR', name='text_2', opacity=1, ori=0.0, pos=array([0., 0.]), rgb=UNKNOWN, text='', units='height', win=Window(...), wrapWidth=1)
6.4864 	EXP 	Created hor_line_precue = Line(__class__=<class 'psychopy.visual.line.Line'>, anchor=('center', 'center'), autoDraw=False, autoLog=True, closeShape=False, color=array([1., 1., 1.]), colorSpace='rgb', contrast=None, depth=0.0, draggable=False, fillColor=array([1, 1, 1]), fillColorSpace='rgb', fillRGB=array([1, 1, 1]), interpolate=True, lineColor=array([1., 1., 1.]), lineColorSpace='rgb', lineRGB=array([1, 1, 1]), lineWidth=5.0, name='hor_line_precue', opacity=1, ori=-45.0, pos=array([0., 0.]), size=array([0.35, 0.35]), units='height', vertices=array([[-0.5, -0.5],
       [ 0.5,  0.5]]), win=Window(...), windingRule=None)
6.4876 	EXP 	Created ver_line_precue = Line(__class__=<class 'psychopy.visual.line.Line'>, anchor=('center', 'center'), autoDraw=False, autoLog=True, closeShape=False, color=array([1., 1., 1.]), colorSpace='rgb', contrast=None, depth=-1.0, draggable=False, fillColor=array([1, 1, 1]), fillColorSpace='rgb', fillRGB=array([1, 1, 1]), interpolate=True, lineColor=array([1., 1., 1.]), lineColorSpace='rgb', lineRGB=array([1, 1, 1]), lineWidth=5.0, name='ver_line_precue', opacity=1, ori=45.0, pos=array([0., 0.]), size=array([0.35, 0.35]), units='height', vertices=array([[-0.5, -0.5],
       [ 0.5,  0.5]]), win=Window(...), windingRule=None)
6.4888 	EXP 	Created rot_line_precue = Line(__class__=<class 'psychopy.visual.line.Line'>, anchor=('center', 'center'), autoDraw=False, autoLog=True, closeShape=False, color=array([1., 1., 1.]), colorSpace='rgb', contrast=None, depth=-2.0, draggable=False, fillColor=array([1, 1, 1]), fillColorSpace='rgb', fillRGB=array([1, 1, 1]), interpolate=True, lineColor=array([1., 1., 1.]), lineColorSpace='rgb', lineRGB=array([1, 1, 1]), lineWidth=5.0, name='rot_line_precue', opacity=1, ori=1.0, pos=array([0., 0.]), size=array([0.35, 0.35]), units='height', vertices=array([[-0.5, -0.5],
       [ 0.5,  0.5]]), win=Window(...), windingRule=None)
6.4925 	EXP 	Created image = ImageStim(__class__=<class 'psychopy.visual.image.ImageStim'>, anchor=('center', 'center'), autoLog=True, color=array([1., 1., 1.]), colorSpace='rgb', contrast=1.0, depth=-4.0, draggable=False, flipHoriz=np.False_, flipVert=np.False_, image='default.png', interpolate=True, mask=None, maskParams=None, name='image', opacity=1, ori=0.0, pos=array([0.5, 0. ]), size=array([0.2, 0.2]), texRes=128.0, units='height', win=Window(...))
6.4978 	EXP 	Created text = TextStim(__class__=<class 'psychopy.visual.text.TextStim'>, alignHoriz=method-wrapper(...), alignText='center', alignVert=method-wrapper(...), anchorHoriz='center', anchorVert='center', antialias=True, autoDraw=False, autoLog=True, bold=False, color=array([1., 1., 1.]), colorSpace='rgb', contrast=1.0, depth=0.0, draggable=False, flipHoriz=False, flipVert=False, font='Arial', fontFiles=[], height=np.float64(0.05), italic=False, languageStyle='LTR', name='text', opacity=1, ori=0.0, pos=array([0., 0.]), rgb=UNKNOWN, text='Run Finished', units='height', win=Window(...), wrapWidth=1)
6.5022 	EXP 	Created text_post_run = TextStim(__class__=<class 'psychopy.visual.text.TextStim'>, alignHoriz=method-wrapper(...), alignText='center', alignVert=method-wrapper(...), anchorHoriz='center', anchorVert='center', antialias=True, autoDraw=False, autoLog=True, bold=False, color=array([1., 1., 1.]), colorSpace='rgb', contrast=1.0, depth=0.0, draggable=False, flipHoriz=False, flipVert=False, font='Open Sans', fontFiles=[], height=np.float64(0.05), italic=False, languageStyle='LTR', name='text_post_run', opacity=1, ori=0.0, pos=array([0., 0.]), rgb=UNKNOWN, text='Block Finished. Yuhu!', units='height', win=Window(...), wrapWidth=1)
0.0183 	EXP 	rot_line_precue: ori = 0
0.0225 	EXP 	text_pre_block: autoDraw = True
0.5655 	EXP 	Device response: <KeyPress from None: t=0.5597801000039908, value=space, duration=None>
0.5660 	EXP 	New trial (rep=0, index=0): <Trial 0 (0 in rep 0) data={'thisN': 0, 'thisTrialN': 0, 'thisRepN': 0}>
0.5676 	DATA 	Keypress: space
0.5705 	EXP 	text_pre_block: autoDraw = False
0.5705 	EXP 	text_2: autoDraw = True
0.6368 	EXP 	Device response: <KeyPress from None: t=0.5597801000039908, value=space, duration=0.07564229999843519>
3.5583 	EXP 	Imported classes.csv as conditions, 4 conditions, 2 params
3.5586 	EXP 	New trial (rep=0, index=0): <Trial 0 (0 in rep 0) data={'pic_name': 'pics/left_hand.JPG', 'class_mi': 'left_hand', 'thisN': 0, 'thisTrialN': 0, 'thisRepN': 0}>
3.5636 	EXP 	text_2: autoDraw = False
3.5636 	EXP 	text_2: autoDraw = False
3.5636 	EXP 	hor_line_precue: autoDraw = True
3.5636 	EXP 	ver_line_precue: autoDraw = True
3.5636 	EXP 	rot_line_precue: autoDraw = True
3.5636 	EXP 	rot_line_precue: ori = 0.2962944542962717
3.5636 	EXP 	image: autoDraw = True
3.5691 	EXP 	rot_line_precue: ori = 0.696508158143671
3.5780 	EXP 	rot_line_precue: ori = 1.015112043329851
3.5869 	EXP 	rot_line_precue: ori = 1.4080336526989568
3.5950 	EXP 	rot_line_precue: ori = 2.1834700185606546
3.6040 	EXP 	rot_line_precue: ori = 2.487868873648644
3.6111 	EXP 	rot_line_precue: ori = 2.854251688997888
3.6200 	EXP 	rot_line_precue: ori = 3.22401793929918
3.6291 	EXP 	rot_line_precue: ori = 3.523075405455716
3.6361 	EXP 	rot_line_precue: ori = 3.8376375408875245
3.6451 	EXP 	rot_line_precue: ori = 4.219154468967037
3.6531 	EXP 	rot_line_precue: ori = 4.575003557809165
3.6620 	EXP 	rot_line_precue: ori = 4.982796657809575
3.6701 	EXP 	rot_line_precue: ori = 5.3762858905189805
3.6781 	EXP 	rot_line_precue: ori = 5.801300427949371
3.6870 	EXP 	rot_line_precue: ori = 6.220172396024764
3.6949 	EXP 	rot_line_precue: ori = 6.522976245296199
3.7032 	EXP 	rot_line_precue: ori = 6.822106706354435
3.7114 	EXP 	rot_line_precue: ori = 7.140090212524193
3.7200 	EXP 	rot_line_precue: ori = 7.7460847269623265
3.7282 	EXP 	rot_line_precue: ori = 8.298280067644841
3.7361 	EXP 	rot_line_precue: ori = 8.604763445879176
3.7453 	EXP 	rot_line_precue: ori = 8.94352210040256
3.7534 	EXP 	rot_line_precue: ori = 9.244963911510926
3.7616 	EXP 	rot_line_precue: ori = 9.868330739228723
3.7701 	EXP 	rot_line_precue: ori = 10.233455201125718
3.7783 	EXP 	rot_line_precue: ori = 10.550196088393863
3.7864 	EXP 	rot_line_precue: ori = 10.95454575193271
3.7953 	EXP 	rot_line_precue: ori = 11.52705293258633
3.8034 	EXP 	rot_line_precue: ori = 11.824825841297397
3.8110 	EXP 	rot_line_precue: ori = 12.256215468076515
3.8202 	EXP 	rot_line_precue: ori = 12.794387146370417
3.8283 	EXP 	rot_line_precue: ori = 13.154420992152906
3.8365 	EXP 	rot_line_precue: ori = 13.464267012053133
3.8453 	EXP 	rot_line_precue: ori = 13.806546430639791
3.8534 	EXP 	rot_line_precue: ori = 14.18190234283752
3.8615 	EXP 	rot_line_precue: ori = 14.601372294914745
3.8695 	EXP 	rot_line_precue: ori = 14.942665627515975
3.8785 	EXP 	rot_line_precue: ori = 15.330908378441892
3.8866 	EXP 	rot_line_precue: ori = 15.784856311490243
3.8944 	EXP 	rot_line_precue: ori = 16.245538121831416
3.9035 	EXP 	rot_line_precue: ori = 16.576808314728044
3.9111 	EXP 	rot_line_precue: ori = 16.87966494142272
3.9204 	EXP 	rot_line_precue: ori = 17.320012160944703
3.9284 	EXP 	rot_line_precue: ori = 17.688201390785533
3.9366 	EXP 	rot_line_precue: ori = 18.095250714025156
3.9446 	EXP 	rot_line_precue: ori = 18.479379217292305
3.9536 	EXP 	rot_line_precue: ori = 18.783415669674177
3.9616 	EXP 	rot_line_precue: ori = 19.105897507968788
3.9697 	EXP 	rot_line_precue: ori = 19.480286871659466
3.9787 	EXP 	rot_line_precue: ori = 19.77747875117687
3.9867 	EXP 	rot_line_precue: ori = 20.15150222209562
3.9947 	EXP 	rot_line_precue: ori = 20.611981749736564
4.0037 	EXP 	rot_line_precue: ori = 20.95023547168872
4.0117 	EXP 	rot_line_precue: ori = 21.32371277069771
4.0197 	EXP 	rot_line_precue: ori = 21.661548705802847
4.0287 	EXP 	rot_line_precue: ori = 22.20064068605263
4.0367 	EXP 	rot_line_precue: ori = 22.551758114924127
4.0448 	EXP 	rot_line_precue: ori = 22.84737780554785
4.0529 	EXP 	rot_line_precue: ori = 23.265000086349904
4.0619 	EXP 	rot_line_precue: ori = 23.59034132009917
4.0694 	EXP 	rot_line_precue: ori = 24.003242565226397
4.0788 	EXP 	rot_line_precue: ori = 24.30465934128693
4.0866 	EXP 	rot_line_precue: ori = 24.644384876249653
4.0949 	EXP 	rot_line_precue: ori = 24.950404499644247
4.1030 	EXP 	rot_line_precue: ori = 25.297431099878967
4.1119 	EXP 	rot_line_precue: ori = 25.65617871819112
4.1203 	EXP 	rot_line_precue: ori = 25.98773977926429
4.1281 	EXP 	rot_line_precue: ori = 26.28354186150468
4.1370 	EXP 	rot_line_precue: ori = 26.70640953839334
4.1450 	EXP 	rot_line_precue: ori = 27.022598742550002
4.1532 	EXP 	rot_line_precue: ori = 27.735922883038157
4.1620 	EXP 	rot_line_precue: ori = 28.129162467912323
4.1699 	EXP 	rot_line_precue: ori = 28.43859551916193
4.1782 	EXP 	rot_line_precue: ori = 28.759585342078793
4.1867 	EXP 	rot_line_precue: ori = 29.478080596087956
4.1949 	EXP 	rot_line_precue: ori = 30.05222729537559
4.2032 	EXP 	rot_line_precue: ori = 30.371699712804997
4.2121 	EXP 	rot_line_precue: ori = 30.721951768605884
4.2201 	EXP 	rot_line_precue: ori = 31.038074178261102
4.2283 	EXP 	rot_line_precue: ori = 31.33435589799055
4.2367 	EXP 	rot_line_precue: ori = 31.648938261618014
4.2450 	EXP 	rot_line_precue: ori = 32.12990047588938
4.2532 	EXP 	rot_line_precue: ori = 32.510852885508584
4.2622 	EXP 	rot_line_precue: ori = 32.86632647275407
4.2699 	EXP 	rot_line_precue: ori = 33.256307679625166
4.2782 	EXP 	rot_line_precue: ori = 33.61256525522065
4.2862 	EXP 	rot_line_precue: ori = 34.005945603141086
4.2951 	EXP 	rot_line_precue: ori = 34.346968543159726
4.3034 	EXP 	rot_line_precue: ori = 34.69356225991066
4.3114 	EXP 	rot_line_precue: ori = 35.01620601897877
4.3203 	EXP 	rot_line_precue: ori = 35.69321499231642
4.3285 	EXP 	rot_line_precue: ori = 36.0499882774373
4.3364 	EXP 	rot_line_precue: ori = 36.412283258419826
4.3453 	EXP 	rot_line_precue: ori = 36.98029552924913
4.3534 	EXP 	rot_line_precue: ori = 37.32793914900412
4.3615 	EXP 	rot_line_precue: ori = 37.656145981143474
4.3706 	EXP 	rot_line_precue: ori = 38.06506711521331
4.3777 	EXP 	rot_line_precue: ori = 38.403445576459895
4.3866 	EXP 	rot_line_precue: ori = 38.86041635518603
4.3954 	EXP 	rot_line_precue: ori = 39.18288845743842
4.4034 	EXP 	rot_line_precue: ori = 39.55242750738987
4.4117 	EXP 	rot_line_precue: ori = 39.857055542503495
4.4204 	EXP 	rot_line_precue: ori = 40.5155946260174
4.4284 	EXP 	rot_line_precue: ori = 40.88364064012569
4.4366 	EXP 	rot_line_precue: ori = 41.186412533350925
4.4446 	EXP 	rot_line_precue: ori = 41.505638470925504
4.4536 	EXP 	rot_line_precue: ori = 41.96218861795803
4.4617 	EXP 	rot_line_precue: ori = 42.63783894751422
4.4697 	EXP 	rot_line_precue: ori = 42.934373804790674
4.4787 	EXP 	rot_line_precue: ori = 43.43409312449772
4.4867 	EXP 	rot_line_precue: ori = 43.75604741739363
4.4945 	EXP 	rot_line_precue: ori = 44.32104513617354
4.5037 	EXP 	rot_line_precue: ori = 44.635469353002456
4.5117 	EXP 	rot_line_precue: ori = 44.93232275199305
4.5197 	EXP 	rot_line_precue: ori = 45.359975235027605
4.5277 	EXP 	rot_line_precue: ori = 45.6790061103628
4.5369 	EXP 	rot_line_precue: ori = 46.00061208846852
4.5448 	EXP 	rot_line_precue: ori = 46.392427944936976
4.5538 	EXP 	rot_line_precue: ori = 46.6900711417514
4.5610 	EXP 	rot_line_precue: ori = 47.00016502813718
4.5698 	EXP 	rot_line_precue: ori = 47.3747992116847
4.5788 	EXP 	rot_line_precue: ori = 47.690425286386045
4.5867 	EXP 	rot_line_precue: ori = 48.02024947436206
4.5949 	EXP 	rot_line_precue: ori = 48.34382990280137
4.6028 	EXP 	rot_line_precue: ori = 48.65117038976785
4.6119 	EXP 	rot_line_precue: ori = 48.96867772265039
4.6200 	EXP 	rot_line_precue: ori = 49.34431577705964
4.6281 	EXP 	rot_line_precue: ori = 49.683919457277156
4.6370 	EXP 	rot_line_precue: ori = 50.0716631077976
4.6449 	EXP 	rot_line_precue: ori = 50.404360293300655
4.6530 	EXP 	rot_line_precue: ori = 50.76589470763943
4.6620 	EXP 	rot_line_precue: ori = 51.20492537408257
4.6700 	EXP 	rot_line_precue: ori = 51.61579815412203
4.6779 	EXP 	rot_line_precue: ori = 52.20773844538077
4.6870 	EXP 	rot_line_precue: ori = 52.51590135242677
4.6950 	EXP 	rot_line_precue: ori = 52.83493150732203
4.7030 	EXP 	rot_line_precue: ori = 53.3160748488607
4.7122 	EXP 	rot_line_precue: ori = 53.79387604289577
4.7193 	EXP 	rot_line_precue: ori = 54.105866539669925
4.7282 	EXP 	rot_line_precue: ori = 54.46515868674704
4.7371 	EXP 	rot_line_precue: ori = 54.77672247544997
4.7450 	EXP 	rot_line_precue: ori = 55.10042046371218
4.7533 	EXP 	rot_line_precue: ori = 55.42060315270757
4.7611 	EXP 	rot_line_precue: ori = 55.73604248866893
4.7702 	EXP 	rot_line_precue: ori = 56.04299053221694
4.7783 	EXP 	rot_line_precue: ori = 56.75388399899455
4.7863 	EXP 	rot_line_precue: ori = 57.08715843570083
4.7952 	EXP 	rot_line_precue: ori = 57.47269783157239
4.8034 	EXP 	rot_line_precue: ori = 57.82170179698593
4.8111 	EXP 	rot_line_precue: ori = 58.27121230537114
4.8202 	EXP 	rot_line_precue: ori = 58.78270377526698
4.8284 	EXP 	rot_line_precue: ori = 59.22655770534995
4.8364 	EXP 	rot_line_precue: ori = 59.61687061616633
4.8452 	EXP 	rot_line_precue: ori = 60.32683383412304
4.8535 	EXP 	rot_line_precue: ori = 60.643982532316066
4.8613 	EXP 	rot_line_precue: ori = 61.37933740435067
4.8704 	EXP 	rot_line_precue: ori = 61.81655307140248
4.8786 	EXP 	rot_line_precue: ori = 62.12939518161102
4.8862 	EXP 	rot_line_precue: ori = 62.54900132435181
4.8951 	EXP 	rot_line_precue: ori = 62.906525189038334
4.9034 	EXP 	rot_line_precue: ori = 63.243243968308214
4.9115 	EXP 	rot_line_precue: ori = 63.640412231366014
4.9197 	EXP 	rot_line_precue: ori = 64.04298151676134
4.9285 	EXP 	rot_line_precue: ori = 64.35850104075591
4.9366 	EXP 	rot_line_precue: ori = 65.04700794120758
4.9446 	EXP 	rot_line_precue: ori = 65.45723422749437
4.9537 	EXP 	rot_line_precue: ori = 65.7706479649075
4.9611 	EXP 	rot_line_precue: ori = 66.45036681464995
4.9704 	EXP 	rot_line_precue: ori = 66.91781672330912
4.9784 	EXP 	rot_line_precue: ori = 67.23145794260446
4.9867 	EXP 	rot_line_precue: ori = 67.84163593958183
4.9947 	EXP 	rot_line_precue: ori = 68.15632101242066
5.0036 	EXP 	rot_line_precue: ori = 68.54374178199474
5.0117 	EXP 	rot_line_precue: ori = 68.86511814590882
5.0196 	EXP 	rot_line_precue: ori = 69.45385300125754
5.0288 	EXP 	rot_line_precue: ori = 69.86441012612957
5.0362 	EXP 	rot_line_precue: ori = 70.22167899938759
5.0447 	EXP 	rot_line_precue: ori = 70.52077387569406
5.0536 	EXP 	rot_line_precue: ori = 70.84654200663215
5.0617 	EXP 	rot_line_precue: ori = 71.16563141020494
5.0698 	EXP 	rot_line_precue: ori = 71.60441198434903
5.0787 	EXP 	rot_line_precue: ori = 71.90502886311947
5.0866 	EXP 	rot_line_precue: ori = 72.58493635795627
5.0949 	EXP 	rot_line_precue: ori = 72.91116347395896
5.1039 	EXP 	rot_line_precue: ori = 73.2471002253595
5.1117 	EXP 	rot_line_precue: ori = 73.55633343612885
5.1199 	EXP 	rot_line_precue: ori = 73.8632465875975
5.1277 	EXP 	rot_line_precue: ori = 74.16454152914878
5.1369 	EXP 	rot_line_precue: ori = 74.59625466338012
5.1450 	EXP 	rot_line_precue: ori = 75.00020042392173
5.1530 	EXP 	rot_line_precue: ori = 75.4689879674832
5.1620 	EXP 	rot_line_precue: ori = 75.76803171630824
5.1699 	EXP 	rot_line_precue: ori = 76.23904653893585
5.1782 	EXP 	rot_line_precue: ori = 76.66041367792306
5.1870 	EXP 	rot_line_precue: ori = 77.16040070942815
5.1944 	EXP 	rot_line_precue: ori = 77.5375641922035
5.2032 	EXP 	rot_line_precue: ori = 77.9056065249476
5.2117 	EXP 	rot_line_precue: ori = 78.3030187860825
5.2199 	EXP 	rot_line_precue: ori = 78.60918723235868
5.2281 	EXP 	rot_line_precue: ori = 78.96481312444517
5.2370 	EXP 	rot_line_precue: ori = 79.56343880546657
5.2450 	EXP 	rot_line_precue: ori = 80.20181949214948
5.2532 	EXP 	rot_line_precue: ori = 80.64951275994416
5.2623 	EXP 	rot_line_precue: ori = 80.98871823204335
5.2703 	EXP 	rot_line_precue: ori = 81.34473542036662
5.2783 	EXP 	rot_line_precue: ori = 81.72650849679248
5.2867 	EXP 	rot_line_precue: ori = 82.31946756419316
5.2955 	EXP 	rot_line_precue: ori = 82.6846537292658
5.3030 	EXP 	rot_line_precue: ori = 82.98440369119724
5.3115 	EXP 	rot_line_precue: ori = 83.29407977559555
5.3201 	EXP 	rot_line_precue: ori = 83.80162107601456
5.3284 	EXP 	rot_line_precue: ori = 84.12054362028411
5.3364 	EXP 	rot_line_precue: ori = 84.47625683816965
5.3452 	EXP 	rot_line_precue: ori = 84.80744166576648
5.3534 	EXP 	rot_line_precue: ori = 85.11392826617009
5.3615 	EXP 	rot_line_precue: ori = 85.83706750141101
5.3703 	EXP 	rot_line_precue: ori = 86.16990332053398
5.3785 	EXP 	rot_line_precue: ori = 86.48522647155859
5.3864 	EXP 	rot_line_precue: ori = 86.83904646019299
5.3953 	EXP 	rot_line_precue: ori = 87.1494075589014
5.4034 	EXP 	rot_line_precue: ori = 87.8065132948638
5.4115 	EXP 	rot_line_precue: ori = 88.16470760439546
5.4203 	EXP 	rot_line_precue: ori = 88.47115161262474
5.4283 	EXP 	rot_line_precue: ori = 89.10916605925449
5.4366 	EXP 	rot_line_precue: ori = 89.51260607637218
5.4446 	EXP 	rot_line_precue: ori = 90.0072524632079
5.4540 	EXP 	rot_line_precue: ori = 90.35423866502066
5.4612 	EXP 	rot_line_precue: ori = 90.81870342327817
5.4707 	EXP 	rot_line_precue: ori = 91.44524362916952
5.4785 	EXP 	rot_line_precue: ori = 91.90666235345239
5.4867 	EXP 	rot_line_precue: ori = 92.30707989937397
5.4946 	EXP 	rot_line_precue: ori = 92.85834412109101
5.5037 	EXP 	rot_line_precue: ori = 93.20189899776436
5.5117 	EXP 	rot_line_precue: ori = 93.51674552443815
5.5198 	EXP 	rot_line_precue: ori = 93.89913105580492
5.5286 	EXP 	rot_line_precue: ori = 94.25936901976675
5.5367 	EXP 	rot_line_precue: ori = 94.58486324217355
5.5448 	EXP 	rot_line_precue: ori = 94.94978312396726
5.5540 	EXP 	rot_line_precue: ori = 95.55103529192374
5.5617 	EXP 	hor_line_precue: autoDraw = False
5.5617 	EXP 	ver_line_precue: autoDraw = False
5.5617 	EXP 	rot_line_precue: autoDraw = False
5.5617 	EXP 	rot_line_precue: ori = 95.85783978067256
5.5697 	EXP 	rot_line_precue: ori = 96.22069298124028
5.5787 	EXP 	rot_line_precue: ori = 96.53872987884306
5.5866 	EXP 	rot_line_precue: ori = 97.14439126627641
5.5948 	EXP 	rot_line_precue: ori = 97.44480016534969
5.6028 	EXP 	rot_line_precue: ori = 97.82906141447152
5.6119 	EXP 	rot_line_precue: ori = 98.20220788110782
5.6198 	EXP 	rot_line_precue: ori = 98.49923606179905
5.6289 	EXP 	rot_line_precue: ori = 98.8659698065819
5.6369 	EXP 	rot_line_precue: ori = 99.47957845322274
5.6449 	EXP 	rot_line_precue: ori = 99.82129648949784
5.6530 	EXP 	rot_line_precue: ori = 100.14315286376083
5.6619 	EXP 	rot_line_precue: ori = 100.4433501675553
5.6699 	EXP 	rot_line_precue: ori = 100.78080477614753
5.6780 	EXP 	rot_line_precue: ori = 101.42711736442257
5.6870 	EXP 	rot_line_precue: ori = 101.73933947291822
5.6951 	EXP 	rot_line_precue: ori = 102.14025980955986
5.7030 	EXP 	rot_line_precue: ori = 102.4488734106598
5.7120 	EXP 	rot_line_precue: ori = 102.77626418006888
5.7200 	EXP 	rot_line_precue: ori = 103.35442067462624
5.7282 	EXP 	rot_line_precue: ori = 103.72944248029039
5.7370 	EXP 	rot_line_precue: ori = 104.06851068476725
5.7449 	EXP 	rot_line_precue: ori = 104.5415601884554
5.7532 	EXP 	rot_line_precue: ori = 104.84995594286995
5.7621 	EXP 	rot_line_precue: ori = 105.187215654226
5.7700 	EXP 	rot_line_precue: ori = 105.70389887838577
5.7780 	EXP 	rot_line_precue: ori = 106.18910273361381
5.7872 	EXP 	rot_line_precue: ori = 106.84719976660853
5.7951 	EXP 	rot_line_precue: ori = 107.1426980212635
5.8034 	EXP 	rot_line_precue: ori = 107.50879554303937
5.8123 	EXP 	rot_line_precue: ori = 107.8769161992868
5.8201 	EXP 	rot_line_precue: ori = 108.60693705051271
5.8283 	EXP 	rot_line_precue: ori = 108.9175100762572
5.8364 	EXP 	rot_line_precue: ori = 109.30337105090071
5.8453 	EXP 	rot_line_precue: ori = 110.03943510568614
5.8535 	EXP 	rot_line_precue: ori = 110.45645292622453
5.8627 	EXP 	rot_line_precue: ori = 110.7686689844186
5.8702 	EXP 	rot_line_precue: ori = 111.09282885535431
5.8784 	EXP 	rot_line_precue: ori = 111.42866815748533
5.8865 	EXP 	rot_line_precue: ori = 111.73734368405088
5.8953 	EXP 	rot_line_precue: ori = 112.43530701533243
5.9034 	EXP 	rot_line_precue: ori = 112.73892460296354
5.9115 	EXP 	rot_line_precue: ori = 113.06955086746666
5.9203 	EXP 	rot_line_precue: ori = 113.4016285525711
5.9284 	EXP 	rot_line_precue: ori = 113.72604633347676
5.9366 	EXP 	rot_line_precue: ori = 114.17385246492141
5.9443 	EXP 	rot_line_precue: ori = 114.47570955239199
5.9536 	EXP 	rot_line_precue: ori = 114.79739465204041
5.9617 	EXP 	rot_line_precue: ori = 115.44180891454926
5.9705 	EXP 	rot_line_precue: ori = 116.03376589130565
5.9786 	EXP 	rot_line_precue: ori = 116.64802155271853
5.9866 	EXP 	rot_line_precue: ori = 117.13913906599319
5.9946 	EXP 	rot_line_precue: ori = 117.47632236930122
6.0037 	EXP 	rot_line_precue: ori = 117.79443787294245
6.0119 	EXP 	rot_line_precue: ori = 118.14693481368464
6.0206 	EXP 	rot_line_precue: ori = 118.44701651718022
6.0286 	EXP 	rot_line_precue: ori = 118.78232284593557
6.0366 	EXP 	rot_line_precue: ori = 119.10390049008019
6.0456 	EXP 	rot_line_precue: ori = 119.59568499482232
6.0534 	EXP 	rot_line_precue: ori = 120.2741273077414
6.0618 	EXP 	rot_line_precue: ori = 120.6176158479331
6.0695 	EXP 	rot_line_precue: ori = 120.95000637550022
6.0781 	EXP 	rot_line_precue: ori = 121.28628594330688
6.0867 	EXP 	rot_line_precue: ori = 121.66810623335628
6.0948 	EXP 	rot_line_precue: ori = 122.03237182846084
6.1038 	EXP 	rot_line_precue: ori = 122.49297673840874
6.1118 	EXP 	rot_line_precue: ori = 123.03242765482925
6.1199 	EXP 	rot_line_precue: ori = 123.54280799981127
6.1288 	EXP 	rot_line_precue: ori = 123.90037927804784
6.1370 	EXP 	rot_line_precue: ori = 124.20187579219672
6.1450 	EXP 	rot_line_precue: ori = 124.81972240981291
6.1538 	EXP 	rot_line_precue: ori = 125.13571632417587
6.1617 	EXP 	rot_line_precue: ori = 125.48538438948061
6.1699 	EXP 	rot_line_precue: ori = 125.80401690642626
6.1790 	EXP 	rot_line_precue: ori = 126.26954909244508
6.1870 	EXP 	rot_line_precue: ori = 126.58186557271678
6.1951 	EXP 	rot_line_precue: ori = 127.01083012068834
6.2040 	EXP 	rot_line_precue: ori = 127.46646685291962
6.2117 	EXP 	rot_line_precue: ori = 127.7696212885269
6.2200 	EXP 	rot_line_precue: ori = 128.08342535672142
6.2279 	EXP 	rot_line_precue: ori = 128.3897303580747
6.2370 	EXP 	rot_line_precue: ori = 128.70525691313094
6.2450 	EXP 	rot_line_precue: ori = 129.2655390079816
6.2531 	EXP 	rot_line_precue: ori = 129.56570953024757
6.2612 	EXP 	rot_line_precue: ori = 130.3244052802797
6.2700 	EXP 	rot_line_precue: ori = 130.9316472369962
6.2782 	EXP 	rot_line_precue: ori = 131.28280829051673
6.2872 	EXP 	rot_line_precue: ori = 131.6090504073534
6.2951 	EXP 	rot_line_precue: ori = 131.9619023799352
6.3034 	EXP 	rot_line_precue: ori = 132.3019851200593
6.3122 	EXP 	rot_line_precue: ori = 132.6185046435903
6.3201 	EXP 	rot_line_precue: ori = 133.1784689171272
6.3284 	EXP 	rot_line_precue: ori = 133.49168204534354
6.3373 	EXP 	rot_line_precue: ori = 133.78735380380215
6.3453 	EXP 	rot_line_precue: ori = 134.49894821605525
6.3534 	EXP 	rot_line_precue: ori = 134.8321838948469
6.3614 	EXP 	rot_line_precue: ori = 135.2734497686645
6.3702 	EXP 	rot_line_precue: ori = 135.60105725308486
6.3784 	EXP 	rot_line_precue: ori = 135.91934460008537
6.3863 	EXP 	rot_line_precue: ori = 136.31017133490545
6.3952 	EXP 	rot_line_precue: ori = 136.8008460346981
6.4035 	EXP 	rot_line_precue: ori = 137.52704149302264
6.4115 	EXP 	rot_line_precue: ori = 137.94227038065068
6.4203 	EXP 	rot_line_precue: ori = 138.33620319828924
6.4284 	EXP 	rot_line_precue: ori = 139.0154296392375
6.4365 	EXP 	rot_line_precue: ori = 139.3758885533751
6.4443 	EXP 	rot_line_precue: ori = 139.8693592544431
6.4536 	EXP 	rot_line_precue: ori = 140.18846133157427
6.4615 	EXP 	rot_line_precue: ori = 140.49061234176423
6.4705 	EXP 	rot_line_precue: ori = 140.94568228565043
6.4785 	EXP 	rot_line_precue: ori = 141.31529941449838
6.4866 	EXP 	rot_line_precue: ori = 142.08935589599645
6.4954 	EXP 	rot_line_precue: ori = 142.68808953720824
6.5036 	EXP 	rot_line_precue: ori = 143.106649762502
6.5118 	EXP 	rot_line_precue: ori = 143.41306061746644
6.5205 	EXP 	rot_line_precue: ori = 143.86744762588833
6.5287 	EXP 	rot_line_precue: ori = 144.55622024196856
6.5367 	EXP 	rot_line_precue: ori = 144.86204597830496
6.5447 	EXP 	rot_line_precue: ori = 145.16358911048468
6.5536 	EXP 	rot_line_precue: ori = 145.58350988631054
6.5617 	EXP 	rot_line_precue: ori = 145.95213847693407
6.5695 	EXP 	rot_line_precue: ori = 146.24944375901998
6.5780 	EXP 	rot_line_precue: ori = 146.55288234308784
6.5868 	EXP 	rot_line_precue: ori = 146.86749196614852
6.5951 	EXP 	rot_line_precue: ori = 147.34022798339848
6.6031 	EXP 	rot_line_precue: ori = 147.68356223732957
6.6119 	EXP 	rot_line_precue: ori = 147.98043599417844
6.6199 	EXP 	rot_line_precue: ori = 148.37030118253875
6.6289 	EXP 	rot_line_precue: ori = 148.8809015828955
6.6369 	EXP 	rot_line_precue: ori = 149.2040499223211
6.6448 	EXP 	rot_line_precue: ori = 149.50466130061992
6.6528 	EXP 	rot_line_precue: ori = 150.05364222106203
6.6619 	EXP 	rot_line_precue: ori = 150.72196137890833
6.6698 	EXP 	rot_line_precue: ori = 151.08858254266778
6.6789 	EXP 	rot_line_precue: ori = 151.3860224371401
6.6870 	EXP 	rot_line_precue: ori = 151.76405909142582
6.6950 	EXP 	rot_line_precue: ori = 152.1721690107708
6.7031 	EXP 	rot_line_precue: ori = 152.5213809472563
6.7119 	EXP 	rot_line_precue: ori = 153.29555115053208
6.7200 	EXP 	rot_line_precue: ori = 153.70952577814663
6.7279 	EXP 	rot_line_precue: ori = 154.11760796971095
6.7370 	EXP 	rot_line_precue: ori = 154.53776735908176
6.7450 	EXP 	rot_line_precue: ori = 154.8786331945476
6.7531 	EXP 	rot_line_precue: ori = 155.18791545113595
6.7621 	EXP 	rot_line_precue: ori = 155.72572835542567
6.7700 	EXP 	rot_line_precue: ori = 156.29178798931213
6.7782 	EXP 	rot_line_precue: ori = 156.99521782516376
6.7871 	EXP 	rot_line_precue: ori = 157.62753813139656
6.7952 	EXP 	rot_line_precue: ori = 157.93443901866385
6.8031 	EXP 	rot_line_precue: ori = 158.26023997805362
6.8121 	EXP 	rot_line_precue: ori = 158.67565309330578
6.8201 	EXP 	rot_line_precue: ori = 158.98724685678414
6.8284 	EXP 	rot_line_precue: ori = 159.48140508100497
6.8372 	EXP 	rot_line_precue: ori = 159.80681371247516
6.8452 	EXP 	rot_line_precue: ori = 160.10780475495338
6.8532 	EXP 	rot_line_precue: ori = 160.79863548512213
6.8622 	EXP 	rot_line_precue: ori = 161.14089308398775
6.8701 	EXP 	rot_line_precue: ori = 161.51746057026153
6.8783 	EXP 	rot_line_precue: ori = 161.84059984332626
6.8864 	EXP 	rot_line_precue: ori = 162.30384355859067
6.8952 	EXP 	rot_line_precue: ori = 162.7468423606503
6.9034 	EXP 	rot_line_precue: ori = 163.0571139275482
6.9114 	EXP 	rot_line_precue: ori = 163.36500358857546
6.9202 	EXP 	rot_line_precue: ori = 163.74509108646566
6.9284 	EXP 	rot_line_precue: ori = 164.06991250789468
6.9365 	EXP 	rot_line_precue: ori = 164.604205475074
6.9454 	EXP 	rot_line_precue: ori = 164.98501081247932
6.9535 	EXP 	rot_line_precue: ori = 165.4205584968487
6.9615 	EXP 	rot_line_precue: ori = 165.72344786873154
6.9703 	EXP 	rot_line_precue: ori = 166.08010460734496
6.9784 	EXP 	rot_line_precue: ori = 166.62664917428995
6.9865 	EXP 	rot_line_precue: ori = 166.97264904402948
6.9954 	EXP 	rot_line_precue: ori = 167.43353019554556
7.0034 	EXP 	rot_line_precue: ori = 168.17309945897907
7.0117 	EXP 	rot_line_precue: ori = 168.84142850376702
7.0205 	EXP 	rot_line_precue: ori = 169.1385768817702
7.0285 	EXP 	rot_line_precue: ori = 169.57085681560767
7.0367 	EXP 	rot_line_precue: ori = 170.10269572533875
7.0446 	EXP 	rot_line_precue: ori = 170.62546919744432
7.0536 	EXP 	rot_line_precue: ori = 170.944308651465
7.0617 	EXP 	rot_line_precue: ori = 171.3309312451671
7.0695 	EXP 	rot_line_precue: ori = 171.66182292449426
7.0786 	EXP 	rot_line_precue: ori = 172.22429014096375
7.0867 	EXP 	rot_line_precue: ori = 172.57327973867456
7.0947 	EXP 	rot_line_precue: ori = 172.87840693763698
7.1038 	EXP 	rot_line_precue: ori = 173.52156667038417
7.1119 	EXP 	rot_line_precue: ori = 173.91126451794693
7.1198 	EXP 	rot_line_precue: ori = 174.32591912989466
7.1287 	EXP 	rot_line_precue: ori = 174.74859464691795
7.1368 	EXP 	rot_line_precue: ori = 175.30600926761647
7.1448 	EXP 	rot_line_precue: ori = 175.6749391534274
7.1538 	EXP 	rot_line_precue: ori = 176.14967806879096
7.1618 	EXP 	rot_line_precue: ori = 176.51289389942522
7.1700 	EXP 	rot_line_precue: ori = 176.81670964284186
7.1789 	EXP 	rot_line_precue: ori = 177.28712850603512
7.1868 	EXP 	rot_line_precue: ori = 177.59338696500512
7.1949 	EXP 	rot_line_precue: ori = 177.89892177434726
7.2039 	EXP 	rot_line_precue: ori = 178.25857805899082
7.2121 	EXP 	rot_line_precue: ori = 178.62582010296614
7.2199 	EXP 	rot_line_precue: ori = 179.02897156066052
7.2279 	EXP 	rot_line_precue: ori = 179.3338526211498
7.2370 	EXP 	rot_line_precue: ori = 179.77253596546737
7.2450 	EXP 	rot_line_precue: ori = 180.0859260574818
7.2533 	EXP 	rot_line_precue: ori = 180.72300948948168
7.2621 	EXP 	rot_line_precue: ori = 181.0378347260756
7.2701 	EXP 	rot_line_precue: ori = 181.42076740407376
7.2783 	EXP 	rot_line_precue: ori = 181.8414453275842
7.2870 	EXP 	rot_line_precue: ori = 182.4330569453317
7.2951 	EXP 	rot_line_precue: ori = 182.75486457911094
7.3031 	EXP 	rot_line_precue: ori = 183.1116041751381
7.3121 	EXP 	rot_line_precue: ori = 183.48104148981162
7.3201 	EXP 	rot_line_precue: ori = 183.85235871963081
7.3284 	EXP 	rot_line_precue: ori = 184.30696170527824
7.3372 	EXP 	rot_line_precue: ori = 184.6921919043591
7.3451 	EXP 	rot_line_precue: ori = 185.13075600383024
7.3533 	EXP 	rot_line_precue: ori = 185.50886502532217
7.3622 	EXP 	rot_line_precue: ori = 185.85403546898002
7.3701 	EXP 	rot_line_precue: ori = 186.49559901158668
7.3783 	EXP 	rot_line_precue: ori = 186.7948504666408
7.3864 	EXP 	rot_line_precue: ori = 187.46673023892706
7.3952 	EXP 	rot_line_precue: ori = 187.76974746569303
7.4034 	EXP 	rot_line_precue: ori = 188.40075578676408
7.4116 	EXP 	rot_line_precue: ori = 188.89188327535405
7.4203 	EXP 	rot_line_precue: ori = 189.2444869566853
7.4286 	EXP 	rot_line_precue: ori = 189.57869363112243
7.4363 	EXP 	rot_line_precue: ori = 189.88232124455433
7.4453 	EXP 	rot_line_precue: ori = 190.1782217041457
7.4535 	EXP 	rot_line_precue: ori = 190.60285245757677
7.4615 	EXP 	rot_line_precue: ori = 191.3343472772958
7.4705 	EXP 	rot_line_precue: ori = 192.1247774598286
7.4785 	EXP 	rot_line_precue: ori = 192.43415213105936
7.4866 	EXP 	rot_line_precue: ori = 193.00219455673766
7.4955 	EXP 	rot_line_precue: ori = 193.33164521902052
7.5035 	EXP 	rot_line_precue: ori = 193.73362184487942
7.5115 	EXP 	rot_line_precue: ori = 194.0840214194538
7.5204 	EXP 	rot_line_precue: ori = 194.5846561633904
7.5284 	EXP 	rot_line_precue: ori = 194.90379792702933
7.5366 	EXP 	rot_line_precue: ori = 195.25365294603606
7.5444 	EXP 	rot_line_precue: ori = 195.56411518159052
7.5536 	EXP 	rot_line_precue: ori = 195.89166809608938
7.5617 	EXP 	rot_line_precue: ori = 196.23372506102362
7.5695 	EXP 	rot_line_precue: ori = 196.64832799364584
7.5786 	EXP 	rot_line_precue: ori = 196.9873386223199
7.5868 	EXP 	rot_line_precue: ori = 197.2853232329619
7.5957 	EXP 	rot_line_precue: ori = 197.78021552720705
7.6037 	EXP 	rot_line_precue: ori = 198.30779500685503
7.6117 	EXP 	rot_line_precue: ori = 198.61118632359972
7.6196 	EXP 	rot_line_precue: ori = 198.90757481245336
7.6287 	EXP 	rot_line_precue: ori = 199.31631260317613
7.6368 	EXP 	rot_line_precue: ori = 199.6489198551276
7.6449 	EXP 	rot_line_precue: ori = 200.00740624585814
7.6538 	EXP 	rot_line_precue: ori = 200.3171302889128
7.6619 	EXP 	rot_line_precue: ori = 200.61324978335838
7.6697 	EXP 	rot_line_precue: ori = 200.96006703769118
7.6788 	EXP 	rot_line_precue: ori = 201.50121243823654
7.6867 	EXP 	rot_line_precue: ori = 201.80393230984455
7.6949 	EXP 	rot_line_precue: ori = 202.24592353338397
7.7028 	EXP 	rot_line_precue: ori = 202.8957371840795
7.7119 	EXP 	rot_line_precue: ori = 203.21514318465864
7.7199 	EXP 	rot_line_precue: ori = 203.7385408772004
7.7280 	EXP 	rot_line_precue: ori = 204.17872085785058
7.7370 	EXP 	rot_line_precue: ori = 204.50769002906594
7.7450 	EXP 	rot_line_precue: ori = 204.8237644035942
7.7540 	EXP 	rot_line_precue: ori = 205.159681102979
7.7619 	EXP 	rot_line_precue: ori = 205.5019670760273
7.7699 	EXP 	rot_line_precue: ori = 205.8682906350056
7.7781 	EXP 	rot_line_precue: ori = 206.17507987188787
7.7871 	EXP 	rot_line_precue: ori = 206.68055382554644
7.7950 	EXP 	rot_line_precue: ori = 207.0386331008512
7.8033 	EXP 	rot_line_precue: ori = 207.35239829179056
7.8121 	EXP 	rot_line_precue: ori = 207.97131695926527
7.8202 	EXP 	rot_line_precue: ori = 208.30520337404934
7.8281 	EXP 	rot_line_precue: ori = 208.7840372815974
7.8371 	EXP 	rot_line_precue: ori = 209.15548775014963
7.8451 	EXP 	rot_line_precue: ori = 209.4553326099789
7.8532 	EXP 	rot_line_precue: ori = 209.75145998925558
7.8622 	EXP 	rot_line_precue: ori = 210.14407007479943
7.8701 	EXP 	rot_line_precue: ori = 210.4990362898715
7.8783 	EXP 	rot_line_precue: ori = 210.82190060413598
7.8864 	EXP 	rot_line_precue: ori = 211.1507813183245
7.8953 	EXP 	rot_line_precue: ori = 211.53351028406985
7.9034 	EXP 	rot_line_precue: ori = 211.85644314156318
7.9124 	EXP 	rot_line_precue: ori = 212.18108717636912
7.9203 	EXP 	rot_line_precue: ori = 212.52506791727802
7.9284 	EXP 	rot_line_precue: ori = 212.82424293525756
7.9364 	EXP 	rot_line_precue: ori = 213.17532046038608
7.9452 	EXP 	rot_line_precue: ori = 213.60856083949022
7.9534 	EXP 	rot_line_precue: ori = 213.95182428410814
7.9615 	EXP 	rot_line_precue: ori = 214.29022333454253
7.9703 	EXP 	rot_line_precue: ori = 214.6891948921448
7.9784 	EXP 	rot_line_precue: ori = 215.00440612133806
7.9865 	EXP 	rot_line_precue: ori = 215.30463073786618
7.9955 	EXP 	rot_line_precue: ori = 215.91683494736972
8.0035 	EXP 	rot_line_precue: ori = 216.29070668731111
8.0119 	EXP 	rot_line_precue: ori = 216.65130139256087
8.0204 	EXP 	rot_line_precue: ori = 217.01772909733495
8.0285 	EXP 	rot_line_precue: ori = 217.37134977004033
8.0365 	EXP 	rot_line_precue: ori = 217.72288555504937
8.0446 	EXP 	rot_line_precue: ori = 218.04489146085064
8.0536 	EXP 	rot_line_precue: ori = 218.48864971143135
8.0555 	EXP 	New trial (rep=0, index=1): <Trial 1 (1 in rep 0) data={'pic_name': 'pics/right_hand.JPG', 'class_mi': ' right_hand', 'thisN': 1, 'thisTrialN': 1, 'thisRepN': 0}>
8.0614 	EXP 	rot_line_precue: ori = 218.86943211206932
8.0614 	EXP 	image: autoDraw = False
8.0614 	EXP 	hor_line_precue: autoDraw = False
8.0614 	EXP 	ver_line_precue: autoDraw = False
8.0614 	EXP 	rot_line_precue: autoDraw = False
8.0614 	EXP 	image: autoDraw = False
8.0614 	EXP 	hor_line_precue: autoDraw = True
8.0614 	EXP 	ver_line_precue: autoDraw = True
8.0614 	EXP 	rot_line_precue: autoDraw = True
8.0614 	EXP 	rot_line_precue: ori = 219.32171638722807
8.0614 	EXP 	image: autoDraw = True
8.0706 	EXP 	rot_line_precue: ori = 219.7880354637817
8.0785 	EXP 	rot_line_precue: ori = 220.39338357933602
8.0866 	EXP 	rot_line_precue: ori = 220.89504408225272
8.0947 	EXP 	rot_line_precue: ori = 221.20621853758655
8.1036 	EXP 	rot_line_precue: ori = 221.86083883146827
8.1117 	EXP 	rot_line_precue: ori = 222.42165633909806
8.1207 	EXP 	rot_line_precue: ori = 222.7843249131626
8.1287 	EXP 	rot_line_precue: ori = 223.09663292905225
8.1364 	EXP 	rot_line_precue: ori = 223.46232692205317
8.1460 	EXP 	rot_line_precue: ori = 223.87775955320686
8.1547 	EXP 	rot_line_precue: ori = 224.25793796583625
8.1617 	EXP 	rot_line_precue: ori = 224.61698876459633
8.1709 	EXP 	rot_line_precue: ori = 225.21746686082747
8.1788 	EXP 	rot_line_precue: ori = 225.5592605590618
8.1869 	EXP 	rot_line_precue: ori = 225.91054266795828
8.1945 	EXP 	rot_line_precue: ori = 226.24993473806447
8.2037 	EXP 	rot_line_precue: ori = 226.56705159340189
8.2119 	EXP 	rot_line_precue: ori = 227.2851391639172
8.2195 	EXP 	rot_line_precue: ori = 227.66015877480504
8.2290 	EXP 	rot_line_precue: ori = 228.0794711334282
8.2363 	EXP 	rot_line_precue: ori = 228.3948889854164
8.2450 	EXP 	rot_line_precue: ori = 229.0812610000051
8.2541 	EXP 	rot_line_precue: ori = 229.5732092437729
8.2615 	EXP 	rot_line_precue: ori = 229.875884900811
8.2701 	EXP 	rot_line_precue: ori = 230.17925702988097
8.2780 	EXP 	rot_line_precue: ori = 230.49986298954005
8.2870 	EXP 	rot_line_precue: ori = 230.97424846924068
8.2950 	EXP 	rot_line_precue: ori = 231.74472025683096
8.3031 	EXP 	rot_line_precue: ori = 232.0671893023913
8.3120 	EXP 	rot_line_precue: ori = 232.39281138495983
8.3201 	EXP 	rot_line_precue: ori = 232.76499136603738
8.3283 	EXP 	rot_line_precue: ori = 233.25384548632817
8.3370 	EXP 	rot_line_precue: ori = 233.67947686971655
8.3450 	EXP 	rot_line_precue: ori = 234.04281002321676
8.3532 	EXP 	rot_line_precue: ori = 234.4350944869314
8.3622 	EXP 	rot_line_precue: ori = 234.7393664769419
8.3701 	EXP 	rot_line_precue: ori = 235.10589341063448
8.3784 	EXP 	rot_line_precue: ori = 235.90170984218642
8.3872 	EXP 	rot_line_precue: ori = 236.29828386637936
8.3952 	EXP 	rot_line_precue: ori = 236.61035887777697
8.4030 	EXP 	rot_line_precue: ori = 236.95646212712734
8.4122 	EXP 	rot_line_precue: ori = 237.4298250863955
8.4201 	EXP 	rot_line_precue: ori = 237.72939895422058
8.4284 	EXP 	rot_line_precue: ori = 238.11790130101292
8.4364 	EXP 	rot_line_precue: ori = 238.6008450491399
8.4452 	EXP 	rot_line_precue: ori = 239.0347314326755
8.4534 	EXP 	rot_line_precue: ori = 239.36163579740057
8.4615 	EXP 	rot_line_precue: ori = 239.84807471482972
8.4704 	EXP 	rot_line_precue: ori = 240.16355121045828
8.4785 	EXP 	rot_line_precue: ori = 240.56796718698604
8.4863 	EXP 	rot_line_precue: ori = 241.01584377085007
8.4954 	EXP 	rot_line_precue: ori = 241.31314602808735
8.5034 	EXP 	rot_line_precue: ori = 241.63095229294913
8.5115 	EXP 	rot_line_precue: ori = 241.93174971237286
8.5203 	EXP 	rot_line_precue: ori = 242.38091586621687
8.5285 	EXP 	rot_line_precue: ori = 242.68330983408615
8.5366 	EXP 	rot_line_precue: ori = 243.00227648533053
8.5455 	EXP 	rot_line_precue: ori = 243.484848344501
8.5536 	EXP 	rot_line_precue: ori = 243.83754734754663
8.5616 	EXP 	rot_line_precue: ori = 244.15185340639846
8.5704 	EXP 	rot_line_precue: ori = 244.58527886700608
8.5786 	EXP 	rot_line_precue: ori = 245.0268888421302
8.5867 	EXP 	rot_line_precue: ori = 245.34916223193602
8.5947 	EXP 	rot_line_precue: ori = 245.82350645858324
8.6036 	EXP 	rot_line_precue: ori = 246.16353576842647
8.6117 	EXP 	rot_line_precue: ori = 246.58417178756903
8.6195 	EXP 	rot_line_precue: ori = 246.92250659470147
8.6286 	EXP 	rot_line_precue: ori = 247.2229831184585
8.6368 	EXP 	rot_line_precue: ori = 247.96141334157463
8.6457 	EXP 	rot_line_precue: ori = 248.38397569911294
8.6537 	EXP 	rot_line_precue: ori = 248.97584431906904
8.6612 	EXP 	rot_line_precue: ori = 249.6485469799919
8.6698 	EXP 	rot_line_precue: ori = 250.12568368573181
8.6787 	EXP 	rot_line_precue: ori = 250.52326815664114
8.6868 	EXP 	rot_line_precue: ori = 250.94950645756137
8.6949 	EXP 	rot_line_precue: ori = 251.30006487505318
8.7038 	EXP 	rot_line_precue: ori = 251.84143651759354
8.7119 	EXP 	rot_line_precue: ori = 252.4017824783356
8.7198 	EXP 	rot_line_precue: ori = 252.73936161053436
8.7289 	EXP 	rot_line_precue: ori = 253.42455082903172
8.7369 	EXP 	rot_line_precue: ori = 253.83215113028584
8.7451 	EXP 	rot_line_precue: ori = 254.17419488531547
8.7530 	EXP 	rot_line_precue: ori = 254.5030671257787
8.7619 	EXP 	rot_line_precue: ori = 254.86146027970338
8.7699 	EXP 	rot_line_precue: ori = 255.1579242236644
8.7780 	EXP 	rot_line_precue: ori = 255.49378338401243
8.7870 	EXP 	rot_line_precue: ori = 255.94024539581338
8.7950 	EXP 	rot_line_precue: ori = 256.30692493662764
8.8030 	EXP 	rot_line_precue: ori = 256.60378721165847
8.8121 	EXP 	rot_line_precue: ori = 256.98492007263644
8.8195 	EXP 	rot_line_precue: ori = 257.41427212340864
8.8281 	EXP 	rot_line_precue: ori = 257.76840492574297
8.8371 	EXP 	rot_line_precue: ori = 258.27888340201577
8.8452 	EXP 	rot_line_precue: ori = 258.60921197296966
8.8533 	EXP 	rot_line_precue: ori = 258.9214470219981
8.8623 	EXP 	rot_line_precue: ori = 259.33197878038004
8.8695 	EXP 	rot_line_precue: ori = 260.08111394156856
8.8782 	EXP 	rot_line_precue: ori = 260.41022841096367
8.8871 	EXP 	rot_line_precue: ori = 260.7234904527147
8.8951 	EXP 	rot_line_precue: ori = 261.02841384840514
8.9033 	EXP 	rot_line_precue: ori = 261.6497857570157
8.9114 	EXP 	rot_line_precue: ori = 262.01592451187366
8.9201 	EXP 	rot_line_precue: ori = 262.44361844050445
8.9283 	EXP 	rot_line_precue: ori = 262.80794671099216
8.9362 	EXP 	rot_line_precue: ori = 263.203094054552
8.9452 	EXP 	rot_line_precue: ori = 263.588783073657
8.9534 	EXP 	rot_line_precue: ori = 263.89178095535846
8.9614 	EXP 	rot_line_precue: ori = 264.25965563240214
8.9704 	EXP 	rot_line_precue: ori = 264.7869463735713
8.9785 	EXP 	rot_line_precue: ori = 265.0840883820091
8.9862 	EXP 	rot_line_precue: ori = 265.46601724358305
8.9953 	EXP 	rot_line_precue: ori = 265.8540274913582
9.0035 	EXP 	rot_line_precue: ori = 266.3181020218156
9.0113 	EXP 	rot_line_precue: ori = 266.62596057473394
9.0204 	EXP 	rot_line_precue: ori = 267.06410406085337
9.0285 	EXP 	rot_line_precue: ori = 267.4663550628268
9.0365 	EXP 	rot_line_precue: ori = 267.8425620046236
9.0454 	EXP 	rot_line_precue: ori = 268.17346016448266
9.0535 	EXP 	rot_line_precue: ori = 268.49403412947163
9.0614 	EXP 	rot_line_precue: ori = 269.1299008855716
9.0694 	EXP 	rot_line_precue: ori = 269.4409936190841
9.0786 	EXP 	rot_line_precue: ori = 269.75177820551784
9.0867 	EXP 	rot_line_precue: ori = 270.0621094775252
9.0946 	EXP 	rot_line_precue: ori = 270.5073528800196
9.1036 	EXP 	rot_line_precue: ori = 270.9546254631625
9.1117 	EXP 	rot_line_precue: ori = 271.26998392702
9.1195 	EXP 	rot_line_precue: ori = 271.6636270291286
9.1287 	EXP 	rot_line_precue: ori = 272.2923550801232
9.1368 	EXP 	rot_line_precue: ori = 272.75693212449374
9.1450 	EXP 	rot_line_precue: ori = 273.20533025560246
9.1535 	EXP 	rot_line_precue: ori = 273.5144695172184
9.1618 	EXP 	rot_line_precue: ori = 273.8733554093806
9.1708 	EXP 	rot_line_precue: ori = 274.18182718102526
9.1779 	EXP 	rot_line_precue: ori = 274.6057431349604
9.1869 	EXP 	rot_line_precue: ori = 274.92926620509627
9.1944 	EXP 	rot_line_precue: ori = 275.251440914012
9.2037 	EXP 	rot_line_precue: ori = 275.5505668446856
9.2118 	EXP 	rot_line_precue: ori = 275.85660810724323
9.2198 	EXP 	rot_line_precue: ori = 276.2523841402311
9.2288 	EXP 	rot_line_precue: ori = 276.54993432899204
9.2368 	EXP 	rot_line_precue: ori = 276.8994106204308
9.2449 	EXP 	rot_line_precue: ori = 277.3072121435372
9.2530 	EXP 	rot_line_precue: ori = 277.6162541564242
9.2619 	EXP 	rot_line_precue: ori = 278.04817872965066
9.2699 	EXP 	rot_line_precue: ori = 278.546625050448
9.2779 	EXP 	rot_line_precue: ori = 278.9017885314303
9.2870 	EXP 	rot_line_precue: ori = 279.22578576621834
9.2950 	EXP 	rot_line_precue: ori = 279.5723278598616
9.3041 	EXP 	rot_line_precue: ori = 279.8904076479506
9.3110 	EXP 	rot_line_precue: ori = 280.5533642485985
9.3199 	EXP 	rot_line_precue: ori = 280.9063810424109
9.3281 	EXP 	rot_line_precue: ori = 281.2956103503296
9.3372 	EXP 	rot_line_precue: ori = 281.6031994045095
9.3446 	EXP 	rot_line_precue: ori = 281.93206811566245
9.3533 	EXP 	rot_line_precue: ori = 282.3914337705432
9.3619 	EXP 	rot_line_precue: ori = 282.71935606703346
9.3701 	EXP 	rot_line_precue: ori = 283.0515155831006
9.3783 	EXP 	rot_line_precue: ori = 283.5779257543228
9.3872 	EXP 	rot_line_precue: ori = 284.01235693167723
9.3950 	EXP 	rot_line_precue: ori = 284.31249160353053
9.4033 	EXP 	rot_line_precue: ori = 284.6827086052439
9.4112 	EXP 	rot_line_precue: ori = 285.1003266689681
9.4201 	EXP 	rot_line_precue: ori = 285.51849739382357
9.4283 	EXP 	rot_line_precue: ori = 285.91079570935005
9.4362 	EXP 	rot_line_precue: ori = 286.2323058883505
9.4453 	EXP 	rot_line_precue: ori = 286.6465033264511
9.4534 	EXP 	rot_line_precue: ori = 287.0247361241204
9.4618 	EXP 	rot_line_precue: ori = 287.33971778854584
9.4702 	EXP 	rot_line_precue: ori = 287.8663188753988
9.4783 	EXP 	rot_line_precue: ori = 288.1833653825968
9.4864 	EXP 	rot_line_precue: ori = 288.50451131302464
9.4953 	EXP 	rot_line_precue: ori = 288.8957830819587
9.5036 	EXP 	rot_line_precue: ori = 289.6366177554763
9.5115 	EXP 	rot_line_precue: ori = 290.1420155384447
9.5206 	EXP 	rot_line_precue: ori = 290.6679915222322
9.5286 	EXP 	rot_line_precue: ori = 291.36181022223195
9.5360 	EXP 	rot_line_precue: ori = 291.6695661036941
9.5453 	EXP 	rot_line_precue: ori = 292.12706303067665
9.5534 	EXP 	rot_line_precue: ori = 292.4275351838666
9.5616 	EXP 	rot_line_precue: ori = 292.88482341648916
9.5704 	EXP 	rot_line_precue: ori = 293.19930713479357
9.5787 	EXP 	rot_line_precue: ori = 293.5366702648756
9.5864 	EXP 	rot_line_precue: ori = 293.9024094352895
9.5944 	EXP 	rot_line_precue: ori = 294.36469674831676
9.6035 	EXP 	rot_line_precue: ori = 294.6914033440207
9.6117 	EXP 	rot_line_precue: ori = 295.232993780661
9.6205 	EXP 	rot_line_precue: ori = 295.6985576146258
9.6287 	EXP 	rot_line_precue: ori = 296.00102718107604
9.6362 	EXP 	rot_line_precue: ori = 296.7326491315138
9.6455 	EXP 	rot_line_precue: ori = 297.07347158389103
9.6534 	EXP 	rot_line_precue: ori = 297.68756507673135
9.6617 	EXP 	rot_line_precue: ori = 298.2826307475081
9.6696 	EXP 	rot_line_precue: ori = 298.6739905660194
9.6787 	EXP 	rot_line_precue: ori = 299.19443534078005
9.6869 	EXP 	rot_line_precue: ori = 299.5397926151601
9.6945 	EXP 	rot_line_precue: ori = 299.8647951767485
9.7037 	EXP 	rot_line_precue: ori = 300.2300641162789
9.7118 	EXP 	rot_line_precue: ori = 300.5440361508903
9.7199 	EXP 	rot_line_precue: ori = 301.3137234358202
9.7288 	EXP 	rot_line_precue: ori = 301.6538118405121
9.7367 	EXP 	rot_line_precue: ori = 302.1377200078291
9.7448 	EXP 	rot_line_precue: ori = 302.4526223005482
9.7538 	EXP 	rot_line_precue: ori = 302.8010384763352
9.7617 	EXP 	rot_line_precue: ori = 303.2162042532215
9.7699 	EXP 	rot_line_precue: ori = 303.51846469886516
9.7780 	EXP 	rot_line_precue: ori = 303.855328939904
9.7869 	EXP 	rot_line_precue: ori = 304.23706512086113
9.7950 	EXP 	rot_line_precue: ori = 304.5458405935067
9.8040 	EXP 	rot_line_precue: ori = 304.84223373914926
9.8121 	EXP 	rot_line_precue: ori = 305.1567774060046
9.8201 	EXP 	rot_line_precue: ori = 305.56161850107713
9.8290 	EXP 	rot_line_precue: ori = 305.89463972125844
9.8371 	EXP 	rot_line_precue: ori = 306.3486270824052
9.8451 	EXP 	rot_line_precue: ori = 306.86793691541163
9.8535 	EXP 	rot_line_precue: ori = 307.4111069686669
9.8618 	EXP 	rot_line_precue: ori = 307.7734355155216
9.8701 	EXP 	rot_line_precue: ori = 308.1432952608991
9.8783 	EXP 	rot_line_precue: ori = 308.5191994699504
9.8869 	EXP 	rot_line_precue: ori = 309.0536929039709
9.8951 	EXP 	rot_line_precue: ori = 309.7931455383482
9.9033 	EXP 	rot_line_precue: ori = 310.1728244938172
9.9111 	EXP 	rot_line_precue: ori = 310.4756682878833
9.9202 	EXP 	rot_line_precue: ori = 311.13042847923964
9.9283 	EXP 	rot_line_precue: ori = 311.4641136181086
9.9372 	EXP 	rot_line_precue: ori = 312.0552068552722
9.9452 	EXP 	rot_line_precue: ori = 312.3704696156852
9.9534 	EXP 	rot_line_precue: ori = 312.7087525506715
9.9620 	EXP 	rot_line_precue: ori = 313.072533486902
9.9701 	EXP 	rot_line_precue: ori = 313.6254885858093
9.9784 	EXP 	rot_line_precue: ori = 313.97823263000146
9.9864 	EXP 	rot_line_precue: ori = 314.7418379551365
9.9952 	EXP 	rot_line_precue: ori = 315.15003358441044
10.0035 	EXP 	rot_line_precue: ori = 315.470255613695
10.0115 	EXP 	rot_line_precue: ori = 315.86194890782065
10.0204 	EXP 	rot_line_precue: ori = 316.16195730305594
10.0285 	EXP 	rot_line_precue: ori = 316.55946166824316
10.0365 	EXP 	rot_line_precue: ori = 317.0118086100336
10.0454 	EXP 	rot_line_precue: ori = 317.3175396866895
10.0535 	EXP 	hor_line_precue: autoDraw = False
10.0535 	EXP 	ver_line_precue: autoDraw = False
10.0535 	EXP 	rot_line_precue: autoDraw = False
10.0535 	EXP 	rot_line_precue: ori = 317.63328580657225
10.0616 	EXP 	rot_line_precue: ori = 318.04607904912785
10.0703 	EXP 	rot_line_precue: ori = 318.51799068443034
10.0786 	EXP 	rot_line_precue: ori = 319.3187203060157
10.0866 	EXP 	rot_line_precue: ori = 319.6290353916143
10.0946 	EXP 	rot_line_precue: ori = 320.0309919207908
10.1037 	EXP 	rot_line_precue: ori = 320.39717271082344
10.1118 	EXP 	rot_line_precue: ori = 320.8589056712676
10.1205 	EXP 	rot_line_precue: ori = 321.18509038161164
10.1286 	EXP 	rot_line_precue: ori = 321.49918125443634
10.1366 	EXP 	rot_line_precue: ori = 321.82015274534115
10.1455 	EXP 	rot_line_precue: ori = 322.41710317526287
10.1535 	EXP 	rot_line_precue: ori = 322.75802340750204
10.1629 	EXP 	rot_line_precue: ori = 323.32347030253436
10.1700 	EXP 	rot_line_precue: ori = 324.0173227834062
10.1788 	EXP 	rot_line_precue: ori = 324.3326827933239
10.1868 	EXP 	rot_line_precue: ori = 324.67789210614853
10.1946 	EXP 	rot_line_precue: ori = 324.985325987164
10.2037 	EXP 	rot_line_precue: ori = 325.4410965936071
10.2118 	EXP 	rot_line_precue: ori = 325.73796917555705
10.2196 	EXP 	rot_line_precue: ori = 326.1785423022924
10.2288 	EXP 	rot_line_precue: ori = 326.9232474842442
10.2368 	EXP 	rot_line_precue: ori = 327.2860812602382
10.2448 	EXP 	rot_line_precue: ori = 327.59999098046455
10.2538 	EXP 	rot_line_precue: ori = 327.90272847885194
10.2617 	EXP 	rot_line_precue: ori = 328.2370796536911
10.2700 	EXP 	rot_line_precue: ori = 328.5811336985008
10.2792 	EXP 	rot_line_precue: ori = 328.900105486218
10.2870 	EXP 	rot_line_precue: ori = 329.36896145208317
10.2950 	EXP 	rot_line_precue: ori = 329.7797956463419
10.3039 	EXP 	rot_line_precue: ori = 330.08303235105114
10.3118 	EXP 	rot_line_precue: ori = 330.3970546905301
10.3201 	EXP 	rot_line_precue: ori = 330.7141752879473
10.3291 	EXP 	rot_line_precue: ori = 331.0378147204276
10.3370 	EXP 	rot_line_precue: ori = 331.7308900973793
10.3450 	EXP 	rot_line_precue: ori = 332.1693866370309
10.3531 	EXP 	rot_line_precue: ori = 332.4689555039246
10.3621 	EXP 	rot_line_precue: ori = 332.7894774861393
10.3700 	EXP 	rot_line_precue: ori = 333.1219948948702
10.3781 	EXP 	rot_line_precue: ori = 333.4230819174426
10.3871 	EXP 	rot_line_precue: ori = 333.75222505192966
10.3950 	EXP 	rot_line_precue: ori = 334.3722332971903
10.4031 	EXP 	rot_line_precue: ori = 334.88900796014235
10.4122 	EXP 	rot_line_precue: ori = 335.36449697307216
10.4200 	EXP 	rot_line_precue: ori = 335.9995461928289
10.4283 	EXP 	rot_line_precue: ori = 336.6662418864686
10.4361 	EXP 	rot_line_precue: ori = 336.9932458077003
10.4452 	EXP 	rot_line_precue: ori = 337.42376196757425
10.4534 	EXP 	rot_line_precue: ori = 337.97545608173846
10.4623 	EXP 	rot_line_precue: ori = 338.28007885483214
10.4702 	EXP 	rot_line_precue: ori = 338.7991150125473
10.4784 	EXP 	rot_line_precue: ori = 339.1581635295417
10.4874 	EXP 	rot_line_precue: ori = 339.48001763946945
10.4953 	EXP 	rot_line_precue: ori = 339.81304500931475
10.5034 	EXP 	rot_line_precue: ori = 340.1573510982851
10.5115 	EXP 	rot_line_precue: ori = 340.62380236507624
10.5203 	EXP 	rot_line_precue: ori = 341.0064656027019
10.5285 	EXP 	rot_line_precue: ori = 341.31507991741483
10.5363 	EXP 	rot_line_precue: ori = 341.62319964013705
10.5453 	EXP 	rot_line_precue: ori = 341.9706976740605
10.5534 	EXP 	rot_line_precue: ori = 342.2665838384422
10.5615 	EXP 	rot_line_precue: ori = 342.7030246002316
10.5703 	EXP 	rot_line_precue: ori = 343.11629026291564
10.5786 	EXP 	rot_line_precue: ori = 343.4761052369093
10.5866 	EXP 	rot_line_precue: ori = 343.80989809053153
10.5947 	EXP 	rot_line_precue: ori = 344.1833469322187
10.6036 	EXP 	rot_line_precue: ori = 344.50626540644794
10.6118 	EXP 	rot_line_precue: ori = 344.9187689289378
10.6205 	EXP 	rot_line_precue: ori = 345.2707474347651
10.6286 	EXP 	rot_line_precue: ori = 345.70712123814326
10.6366 	EXP 	rot_line_precue: ori = 346.1116750808671
10.6457 	EXP 	rot_line_precue: ori = 346.4299134891792
10.6537 	EXP 	rot_line_precue: ori = 346.76025833249224
10.6618 	EXP 	rot_line_precue: ori = 347.0753188752263
10.6705 	EXP 	rot_line_precue: ori = 347.3779557756504
10.6785 	EXP 	rot_line_precue: ori = 347.73915552274974
10.6867 	EXP 	rot_line_precue: ori = 348.05689840473804
10.6947 	EXP 	rot_line_precue: ori = 348.420141789242
10.7037 	EXP 	rot_line_precue: ori = 348.8138492142839
10.7117 	EXP 	rot_line_precue: ori = 349.11982224678326
10.7197 	EXP 	rot_line_precue: ori = 349.58561389201066
10.7288 	EXP 	rot_line_precue: ori = 349.9990440719126
10.7369 	EXP 	rot_line_precue: ori = 350.3281619374337
10.7448 	EXP 	rot_line_precue: ori = 350.72943223561987
10.7539 	EXP 	rot_line_precue: ori = 351.07872632942116
10.7617 	EXP 	rot_line_precue: ori = 351.42365226687866
10.7699 	EXP 	rot_line_precue: ori = 351.7337533887927
10.7789 	EXP 	rot_line_precue: ori = 352.36956090896524
10.7870 	EXP 	rot_line_precue: ori = 352.6710140653045
10.7948 	EXP 	rot_line_precue: ori = 353.05586585965887
10.8040 	EXP 	rot_line_precue: ori = 353.3644518389893
10.8121 	EXP 	rot_line_precue: ori = 353.6741104655753
10.8201 	EXP 	rot_line_precue: ori = 354.10665252747697
10.8289 	EXP 	rot_line_precue: ori = 354.4544979082036
10.8369 	EXP 	rot_line_precue: ori = 354.87619268389545
10.8450 	EXP 	rot_line_precue: ori = 355.48224896033094
10.8540 	EXP 	rot_line_precue: ori = 355.82049343842823
10.8618 	EXP 	rot_line_precue: ori = 356.13289438052084
10.8700 	EXP 	rot_line_precue: ori = 356.48226010677956
10.8780 	EXP 	rot_line_precue: ori = 356.85344963502
10.8870 	EXP 	rot_line_precue: ori = 357.2479796068311
10.8951 	EXP 	rot_line_precue: ori = 357.65303249443207
10.9032 	EXP 	rot_line_precue: ori = 357.99189031442904
10.9121 	EXP 	rot_line_precue: ori = 358.31174446440474
10.9201 	EXP 	rot_line_precue: ori = 358.8594276459603
10.9283 	EXP 	rot_line_precue: ori = 359.1552446285778
10.9362 	EXP 	rot_line_precue: ori = 359.4868963535263
10.9452 	EXP 	rot_line_precue: ori = 359.7985417208581
10.9535 	EXP 	rot_line_precue: ori = 0.15426460491153193
10.9622 	EXP 	rot_line_precue: ori = 0.5464467856426966
10.9703 	EXP 	rot_line_precue: ori = 0.876523529739657
10.9785 	EXP 	rot_line_precue: ori = 1.258244238336161
10.9874 	EXP 	rot_line_precue: ori = 1.71574062904265
10.9953 	EXP 	rot_line_precue: ori = 2.3075759638583486
11.0034 	EXP 	rot_line_precue: ori = 2.6225485360987646
11.0112 	EXP 	rot_line_precue: ori = 3.2399193075209185
11.0203 	EXP 	rot_line_precue: ori = 3.5772641969810217
11.0285 	EXP 	rot_line_precue: ori = 3.9244677285136977
11.0373 	EXP 	rot_line_precue: ori = 4.5147354798093415
11.0454 	EXP 	rot_line_precue: ori = 4.849208719826881
11.0535 	EXP 	rot_line_precue: ori = 5.160555251671316
11.0616 	EXP 	rot_line_precue: ori = 5.4611002019388275
11.0704 	EXP 	rot_line_precue: ori = 5.971907493202
11.0785 	EXP 	rot_line_precue: ori = 6.35568279093545
11.0874 	EXP 	rot_line_precue: ori = 6.8037911568421325
11.0953 	EXP 	rot_line_precue: ori = 7.2125546727739716
11.1036 	EXP 	rot_line_precue: ori = 7.541089724911015
11.1115 	EXP 	rot_line_precue: ori = 7.900178896514405
11.1205 	EXP 	rot_line_precue: ori = 8.196759841126951
11.1287 	EXP 	rot_line_precue: ori = 8.601131987830431
11.1367 	EXP 	rot_line_precue: ori = 8.907267373536138
11.1456 	EXP 	rot_line_precue: ori = 9.522474236385365
11.1537 	EXP 	rot_line_precue: ori = 9.988106128503851
11.1618 	EXP 	rot_line_precue: ori = 10.289388368602404
11.1705 	EXP 	rot_line_precue: ori = 10.601204466245706
11.1786 	EXP 	rot_line_precue: ori = 10.909403352163064
11.1868 	EXP 	rot_line_precue: ori = 11.34282084321607
11.1955 	EXP 	rot_line_precue: ori = 11.69849993613161
11.2035 	EXP 	rot_line_precue: ori = 12.140254214109328
11.2117 	EXP 	rot_line_precue: ori = 12.498247447074135
11.2195 	EXP 	rot_line_precue: ori = 12.80332677044466
11.2287 	EXP 	rot_line_precue: ori = 13.121879731979334
11.2369 	EXP 	rot_line_precue: ori = 13.465627352388625
11.2457 	EXP 	rot_line_precue: ori = 13.841788040466284
11.2537 	EXP 	rot_line_precue: ori = 14.168478171538316
11.2618 	EXP 	rot_line_precue: ori = 14.579519908802498
11.2699 	EXP 	rot_line_precue: ori = 14.896741406054922
11.2791 	EXP 	rot_line_precue: ori = 15.286008810733156
11.2870 	EXP 	rot_line_precue: ori = 15.854355486864096
11.2950 	EXP 	rot_line_precue: ori = 16.24182544148432
11.3038 	EXP 	rot_line_precue: ori = 16.5382045715038
11.3120 	EXP 	rot_line_precue: ori = 16.84647810485748
11.3201 	EXP 	rot_line_precue: ori = 17.16102012926735
11.3290 	EXP 	rot_line_precue: ori = 17.512591628326998
11.3370 	EXP 	rot_line_precue: ori = 17.835149823836563
11.3449 	EXP 	rot_line_precue: ori = 18.1353179361092
11.3539 	EXP 	rot_line_precue: ori = 18.54735758599769
11.3619 	EXP 	rot_line_precue: ori = 18.875759309425067
11.3700 	EXP 	rot_line_precue: ori = 19.23996526784407
11.3780 	EXP 	rot_line_precue: ori = 19.619353959673628
11.3870 	EXP 	rot_line_precue: ori = 20.296567450956758
11.3950 	EXP 	rot_line_precue: ori = 20.613353103075127
11.4030 	EXP 	rot_line_precue: ori = 20.997564755170206
11.4120 	EXP 	rot_line_precue: ori = 21.77769032596213
11.4202 	EXP 	rot_line_precue: ori = 22.260583311664135
11.4282 	EXP 	rot_line_precue: ori = 22.610010523631793
11.4374 	EXP 	rot_line_precue: ori = 22.907127400032667
11.4452 	EXP 	rot_line_precue: ori = 23.259584207116696
11.4542 	EXP 	rot_line_precue: ori = 24.01832050208931
11.4623 	EXP 	rot_line_precue: ori = 24.530968573658644
11.4702 	EXP 	rot_line_precue: ori = 24.854408957574524
11.4783 	EXP 	rot_line_precue: ori = 25.217776822507023
11.4873 	EXP 	rot_line_precue: ori = 25.72356895291009
11.4953 	EXP 	rot_line_precue: ori = 26.072545067540347
11.5035 	EXP 	rot_line_precue: ori = 26.403122205056377
11.5123 	EXP 	rot_line_precue: ori = 26.703543968632477
11.5202 	EXP 	rot_line_precue: ori = 27.45052736137644
11.5284 	EXP 	rot_line_precue: ori = 27.90737473031431
11.5373 	EXP 	rot_line_precue: ori = 28.56964178174488
11.5451 	EXP 	rot_line_precue: ori = 28.92526649559569
11.5534 	EXP 	rot_line_precue: ori = 29.240428651819858
11.5613 	EXP 	rot_line_precue: ori = 29.55702524054582
11.5703 	EXP 	rot_line_precue: ori = 29.869536916946405
11.5785 	EXP 	rot_line_precue: ori = 30.210602059421426
11.5865 	EXP 	rot_line_precue: ori = 30.522682071209978
11.5958 	EXP 	rot_line_precue: ori = 30.908436151518835
11.6035 	EXP 	rot_line_precue: ori = 31.24006779764014
11.6117 	EXP 	rot_line_precue: ori = 31.55708778281751
11.6205 	EXP 	rot_line_precue: ori = 31.879967374500193
11.6286 	EXP 	rot_line_precue: ori = 32.276281410071775
11.6366 	EXP 	rot_line_precue: ori = 32.62533339515911
11.6454 	EXP 	rot_line_precue: ori = 32.9448963113533
11.6536 	EXP 	rot_line_precue: ori = 33.24448106196355
11.6617 	EXP 	rot_line_precue: ori = 33.66820795687356
11.6706 	EXP 	rot_line_precue: ori = 34.015416923629104
11.6787 	EXP 	rot_line_precue: ori = 34.32841303085536
11.6867 	EXP 	rot_line_precue: ori = 34.64005091111298
11.6955 	EXP 	rot_line_precue: ori = 34.980068851343866
11.7038 	EXP 	rot_line_precue: ori = 35.362198868659924
11.7118 	EXP 	rot_line_precue: ori = 35.932826092944964
11.7195 	EXP 	rot_line_precue: ori = 36.46676066073001
11.7287 	EXP 	rot_line_precue: ori = 36.88787498111384
11.7368 	EXP 	rot_line_precue: ori = 37.3256972461562
11.7446 	EXP 	rot_line_precue: ori = 37.88303856620796
11.7537 	EXP 	rot_line_precue: ori = 38.23711494054838
11.7618 	EXP 	rot_line_precue: ori = 38.639137053628176
11.7699 	EXP 	rot_line_precue: ori = 38.97815125044552
11.7789 	EXP 	rot_line_precue: ori = 39.29649730605251
11.7870 	EXP 	rot_line_precue: ori = 39.71788017983661
11.7948 	EXP 	rot_line_precue: ori = 40.036282853662755
11.8038 	EXP 	rot_line_precue: ori = 40.355004476891814
11.8118 	EXP 	rot_line_precue: ori = 40.67143246214949
11.8197 	EXP 	rot_line_precue: ori = 40.976610666626556
11.8292 	EXP 	rot_line_precue: ori = 41.4296273314383
11.8370 	EXP 	rot_line_precue: ori = 41.759451292488826
11.8450 	EXP 	rot_line_precue: ori = 42.1207511273298
11.8540 	EXP 	rot_line_precue: ori = 42.49640800308912
11.8619 	EXP 	rot_line_precue: ori = 43.038270869063155
11.8700 	EXP 	rot_line_precue: ori = 43.34523449919383
11.8790 	EXP 	rot_line_precue: ori = 43.69276712437407
11.8868 	EXP 	rot_line_precue: ori = 43.99926092948307
11.8950 	EXP 	rot_line_precue: ori = 44.31858217586349
11.9034 	EXP 	rot_line_precue: ori = 44.66433365777095
11.9120 	EXP 	rot_line_precue: ori = 44.963231290736154
11.9201 	EXP 	rot_line_precue: ori = 45.30772153231387
11.9283 	EXP 	rot_line_precue: ori = 45.68968239850476
11.9373 	EXP 	rot_line_precue: ori = 45.98658589091969
11.9452 	EXP 	rot_line_precue: ori = 46.43787558252241
11.9533 	EXP 	rot_line_precue: ori = 46.96401192475036
11.9621 	EXP 	rot_line_precue: ori = 47.44451872064952
11.9701 	EXP 	rot_line_precue: ori = 47.9884813885921
11.9783 	EXP 	rot_line_precue: ori = 48.30257756223053
11.9871 	EXP 	rot_line_precue: ori = 48.84752722448758
11.9951 	EXP 	rot_line_precue: ori = 49.44354260665913
12.0033 	EXP 	rot_line_precue: ori = 49.97677221967125
12.0123 	EXP 	rot_line_precue: ori = 50.760647246711486
12.0203 	EXP 	rot_line_precue: ori = 51.105756233701605
12.0282 	EXP 	rot_line_precue: ori = 51.44924765738758
12.0372 	EXP 	rot_line_precue: ori = 51.75286825306698
12.0452 	EXP 	rot_line_precue: ori = 52.26616160286513
12.0534 	EXP 	rot_line_precue: ori = 52.57786054200518
12.0613 	EXP 	rot_line_precue: ori = 52.87645758427348
12.0704 	EXP 	rot_line_precue: ori = 53.19737492304025
12.0783 	EXP 	rot_line_precue: ori = 53.523531692714904
12.0863 	EXP 	rot_line_precue: ori = 53.975521123799545
12.0954 	EXP 	rot_line_precue: ori = 54.330167780466304
12.1036 	EXP 	rot_line_precue: ori = 54.655380780930564
12.1116 	EXP 	rot_line_precue: ori = 55.0765517354813
12.1204 	EXP 	rot_line_precue: ori = 55.38321032008767
12.1285 	EXP 	rot_line_precue: ori = 55.77124250752839
12.1366 	EXP 	rot_line_precue: ori = 56.157074165659
12.1454 	EXP 	rot_line_precue: ori = 56.60237094157825
12.1535 	EXP 	rot_line_precue: ori = 56.92103574639038
12.1617 	EXP 	rot_line_precue: ori = 57.27698874446254
12.1706 	EXP 	rot_line_precue: ori = 57.62189158473477
12.1786 	EXP 	rot_line_precue: ori = 58.062977278743425
12.1876 	EXP 	rot_line_precue: ori = 58.68703018320698
12.1950 	EXP 	rot_line_precue: ori = 59.102474307221264
12.2036 	EXP 	rot_line_precue: ori = 59.4881054152552
12.2117 	EXP 	rot_line_precue: ori = 60.0853264882248
12.2195 	EXP 	rot_line_precue: ori = 60.406800593415554
12.2286 	EXP 	rot_line_precue: ori = 60.70545368008791
12.2367 	EXP 	rot_line_precue: ori = 61.0500058807222
12.2445 	EXP 	rot_line_precue: ori = 61.347795696435895
12.2538 	EXP 	rot_line_precue: ori = 61.66538039546341
12.2619 	EXP 	rot_line_precue: ori = 61.966146113265225
12.2707 	EXP 	rot_line_precue: ori = 62.363061354087016
12.2787 	EXP 	rot_line_precue: ori = 62.806791483560424
12.2869 	EXP 	rot_line_precue: ori = 63.11088756091829
12.2949 	EXP 	rot_line_precue: ori = 63.40830209232221
12.3041 	EXP 	rot_line_precue: ori = 63.719930078723266
12.3119 	EXP 	rot_line_precue: ori = 64.09609255135538
12.3200 	EXP 	rot_line_precue: ori = 64.45431651359546
12.3289 	EXP 	rot_line_precue: ori = 64.86008919755947
12.3370 	EXP 	rot_line_precue: ori = 65.26087025081436
12.3449 	EXP 	rot_line_precue: ori = 65.70994992658024
12.3538 	EXP 	rot_line_precue: ori = 66.01135137874532
12.3619 	EXP 	rot_line_precue: ori = 66.8054047268164
12.3708 	EXP 	rot_line_precue: ori = 67.18013531346665
12.3781 	EXP 	rot_line_precue: ori = 67.47587317044335
12.3870 	EXP 	rot_line_precue: ori = 67.80561910444054
12.3950 	EXP 	rot_line_precue: ori = 68.42715991567621
12.4029 	EXP 	rot_line_precue: ori = 68.79807321085522
12.4120 	EXP 	rot_line_precue: ori = 69.09742354238378
12.4201 	EXP 	rot_line_precue: ori = 69.63771264617486
12.4291 	EXP 	rot_line_precue: ori = 69.97791469975361
12.4371 	EXP 	rot_line_precue: ori = 70.27669064898342
12.4452 	EXP 	rot_line_precue: ori = 70.65312939842273
12.4532 	EXP 	rot_line_precue: ori = 71.25695795173014
12.4621 	EXP 	rot_line_precue: ori = 71.64524126719981
12.4701 	EXP 	rot_line_precue: ori = 71.95756736552225
12.4781 	EXP 	rot_line_precue: ori = 72.27997161893781
12.4872 	EXP 	rot_line_precue: ori = 72.65086747435663
12.4953 	EXP 	rot_line_precue: ori = 73.43029516282941
12.5032 	EXP 	rot_line_precue: ori = 74.02862050300035
12.5122 	EXP 	rot_line_precue: ori = 74.41582855752
12.5203 	EXP 	rot_line_precue: ori = 74.74572341621949
12.5285 	EXP 	rot_line_precue: ori = 75.09798235446101
12.5372 	EXP 	rot_line_precue: ori = 75.50820565023544
12.5452 	EXP 	rot_line_precue: ori = 75.87527238037298
12.5468 	EXP 	New trial (rep=1, index=2): <Trial 2 (2 in rep 1) data={'pic_name': 'pics/left_hand.JPG', 'class_mi': 'left_hand', 'thisN': 2, 'thisTrialN': 2, 'thisRepN': 1}>
12.5527 	EXP 	rot_line_precue: ori = 76.35392901032533
12.5527 	EXP 	image: autoDraw = False
12.5527 	EXP 	hor_line_precue: autoDraw = False
12.5527 	EXP 	ver_line_precue: autoDraw = False
12.5527 	EXP 	rot_line_precue: autoDraw = False
12.5527 	EXP 	image: autoDraw = False
12.5527 	EXP 	hor_line_precue: autoDraw = True
12.5527 	EXP 	ver_line_precue: autoDraw = True
12.5527 	EXP 	rot_line_precue: autoDraw = True
12.5527 	EXP 	rot_line_precue: ori = 76.68444547024609
12.5527 	EXP 	image: autoDraw = True
12.5613 	EXP 	rot_line_precue: ori = 76.9873688084941
12.5703 	EXP 	rot_line_precue: ori = 77.41790761940962
12.5785 	EXP 	rot_line_precue: ori = 77.71881136792129
12.5874 	EXP 	rot_line_precue: ori = 78.0596803513162
12.5954 	EXP 	rot_line_precue: ori = 78.61110540526408
12.6035 	EXP 	rot_line_precue: ori = 79.05126705475327
12.6115 	EXP 	rot_line_precue: ori = 79.59897987157247
12.6204 	EXP 	rot_line_precue: ori = 80.10825959464353
12.6286 	EXP 	rot_line_precue: ori = 80.44044055454776
12.6364 	EXP 	rot_line_precue: ori = 80.80679154406212
12.6454 	EXP 	rot_line_precue: ori = 81.19728325814954
12.6536 	EXP 	rot_line_precue: ori = 81.64799457997651
12.6613 	EXP 	rot_line_precue: ori = 82.01253987311277
12.6704 	EXP 	rot_line_precue: ori = 82.31163533122356
12.6786 	EXP 	rot_line_precue: ori = 82.74754372583708
12.6867 	EXP 	rot_line_precue: ori = 83.22742250699064
12.6955 	EXP 	rot_line_precue: ori = 83.60233910169828
12.7034 	EXP 	rot_line_precue: ori = 83.91282572641776
12.7117 	EXP 	rot_line_precue: ori = 84.27806138554469
12.7205 	EXP 	rot_line_precue: ori = 84.67585534959228
12.7285 	EXP 	rot_line_precue: ori = 84.97404994816752
12.7368 	EXP 	rot_line_precue: ori = 85.33224695140701
12.7456 	EXP 	rot_line_precue: ori = 85.65023717372841
12.7538 	EXP 	rot_line_precue: ori = 86.20456414061668
12.7617 	EXP 	rot_line_precue: ori = 86.66712431358584
12.7697 	EXP 	rot_line_precue: ori = 86.99439088495127
12.7787 	EXP 	rot_line_precue: ori = 87.62139390124489
12.7868 	EXP 	rot_line_precue: ori = 88.21936287063363
12.7946 	EXP 	rot_line_precue: ori = 88.78081064319541
12.8038 	EXP 	rot_line_precue: ori = 89.1091539615107
12.8120 	EXP 	rot_line_precue: ori = 89.4767642673408
12.8199 	EXP 	rot_line_precue: ori = 90.0399940290919
12.8288 	EXP 	rot_line_precue: ori = 90.35794017427435
12.8369 	EXP 	rot_line_precue: ori = 90.9561270819151
12.8449 	EXP 	rot_line_precue: ori = 91.27199862460299
12.8539 	EXP 	rot_line_precue: ori = 91.5787726989975
12.8618 	EXP 	rot_line_precue: ori = 91.89929360071767
12.8699 	EXP 	rot_line_precue: ori = 92.19764522159541
12.8789 	EXP 	rot_line_precue: ori = 92.58281288796645
12.8868 	EXP 	rot_line_precue: ori = 92.88178881634238
12.8950 	EXP 	rot_line_precue: ori = 93.4002607007423
12.9040 	EXP 	rot_line_precue: ori = 93.71965697095311
12.9121 	EXP 	rot_line_precue: ori = 94.02215002295459
12.9201 	EXP 	rot_line_precue: ori = 94.77410111069615
12.9292 	EXP 	rot_line_precue: ori = 95.08219668664847
12.9370 	EXP 	rot_line_precue: ori = 95.38729089547564
12.9451 	EXP 	rot_line_precue: ori = 95.68259156971372
12.9533 	EXP 	rot_line_precue: ori = 96.01394760298346
12.9621 	EXP 	rot_line_precue: ori = 96.47763047331436
12.9702 	EXP 	rot_line_precue: ori = 96.80627302692021
12.9783 	EXP 	rot_line_precue: ori = 97.13433243469437
12.9869 	EXP 	rot_line_precue: ori = 97.46206879410248
12.9951 	EXP 	rot_line_precue: ori = 97.8110560927893
13.0034 	EXP 	rot_line_precue: ori = 98.15111658974426
13.0119 	EXP 	rot_line_precue: ori = 98.67180845777229
13.0202 	EXP 	rot_line_precue: ori = 99.00061867811556
13.0283 	EXP 	rot_line_precue: ori = 99.34779325305126
13.0372 	EXP 	rot_line_precue: ori = 99.67119920065906
13.0451 	EXP 	rot_line_precue: ori = 100.21471410556875
13.0532 	EXP 	rot_line_precue: ori = 100.5686251032604
13.0624 	EXP 	rot_line_precue: ori = 101.26568944671193
13.0696 	EXP 	rot_line_precue: ori = 101.60039931717469
13.0784 	EXP 	rot_line_precue: ori = 101.94864691245523
13.0873 	EXP 	rot_line_precue: ori = 102.27781972850539
13.0892 	EXP 	Device response: <KeyPress from None: t=13.088536000002932, value=escape, duration=None>
13.0901 	DATA 	Keypress: escape
13.0950 	EXP 	rot_line_precue: ori = 102.61109812205368
13.1034 	EXP 	rot_line_precue: ori = 102.91988934318051
13.1124 	EXP 	rot_line_precue: ori = 103.23118232354975
13.1203 	EXP 	rot_line_precue: ori = 103.94804082675938
13.1286 	EXP 	rot_line_precue: ori = 104.28338294094893
13.1365 	EXP 	rot_line_precue: ori = 104.61804189955667
13.1455 	EXP 	rot_line_precue: ori = 104.97699496937045
13.1473 	EXP 	Device response: <KeyPress from None: t=13.088536000002932, value=escape, duration=0.056779599995934404>
13.1474 	EXP 	bci_racingteam: status = STOPPED
13.1535 	EXP 	rot_line_precue: ori = 105.28792288260105
13.1535 	EXP 	hor_line_precue: autoDraw = False
13.1535 	EXP 	ver_line_precue: autoDraw = False
13.1535 	EXP 	rot_line_precue: autoDraw = False
13.1535 	EXP 	image: autoDraw = False
13.1536 	EXP 	bci_racingteam: status = STOPPED
