3.1924 	INFO 	Loaded monitor calibration from ['2025_05_09 18:17']
3.1975 	WARNING 	User requested fullscreen with size [1024  768], but screen is actually [2560, 1600]. Using actual size
3.3081 	INFO 	Using renderer 'AMD Radeon(TM) Graphics' for graphics
3.3081 	INFO 	OpenGL version supported by driver is 4..
3.4004 	EXP 	Created window1 = Window(allowGUI=False, allowStencil=False, autoLog=True, backendConf=UNKNOWN, backgroundFit=<method-wrapper '__getattribute__' of attributeSetter object at 0x0000024C8FEFAC80>, backgroundImage=<method-wrapper '__getattribute__' of attributeSetter object at 0x0000024C8FEFAC20>, bitsMode=UNKNOWN, blendMode='avg', bpc=(8, 8, 8), color=array([0, 0, 0]), colorSpace='rgb', depthBits=8, fullscr=True, gamma=None, gammaErrorPolicy='raise', infoMsg=UNKNOWN, lms=UNKNOWN, monitor=<psychopy.monitors.calibTools.Monitor object at 0x0000024C8FFE7C40>, multiSample=False, name='window1', numSamples=2, pos=[np.float64(0.0), np.float64(0.0)], screen=0, size=array([2560, 1600]), stencilBits=0, stereo=False, title='PsychoPy', units='height', useFBO=True, useRetina=False, viewOri=0.0, viewPos=None, viewScale=None, waitBlanking=True, winType='pyglet')
3.4004 	EXP 	window1: backgroundImage = ''
3.4004 	EXP 	window1: backgroundFit = 'none'
3.7772 	EXP 	window1: Attempting to measure frame rate of screen (0) ...
3.7773 	EXP 	window1: recordFrameIntervals = False
3.9219 	EXP 	window1: recordFrameIntervals = True
4.7554 	EXP 	window1: recordFrameIntervals = False
4.7554 	EXP 	Screen (0) actual frame rate measured at 119.65Hz
4.9242 	INFO 	keyboard.Keyboard is using ptb backend.
4.9242 	EXP 	bci_circle: status = STARTED
4.9627 	EXP 	Created text_pre_block = TextStim(__class__=<class 'psychopy.visual.text.TextStim'>, alignHoriz=method-wrapper(...), alignText='center', alignVert=method-wrapper(...), anchorHoriz='center', anchorVert='center', antialias=True, autoDraw=False, autoLog=True, bold=False, color=array([1., 1., 1.]), colorSpace='rgb', contrast=1.0, depth=0.0, draggable=False, flipHoriz=False, flipVert=False, font='Arial', fontFiles=[], height=np.float64(0.05), italic=False, languageStyle='LTR', name='text_pre_block', opacity=1, ori=0.0, pos=array([0., 0.]), rgb=UNKNOWN, text='Press any key to start ...', units='height', win=Window(...), wrapWidth=1)
4.9636 	EXP 	Created text_wait_screen = TextStim(__class__=<class 'psychopy.visual.text.TextStim'>, alignHoriz=method-wrapper(...), alignText='center', alignVert=method-wrapper(...), anchorHoriz='center', anchorVert='center', antialias=True, autoDraw=False, autoLog=True, bold=False, color=array([1., 1., 1.]), colorSpace='rgb', contrast=1.0, depth=0.0, draggable=False, flipHoriz=False, flipVert=False, font='Arial', fontFiles=[], height=np.float64(0.05), italic=False, languageStyle='LTR', name='text_wait_screen', opacity=1, ori=0.0, pos=array([0., 0.]), rgb=UNKNOWN, text='', units='height', win=Window(...), wrapWidth=1)
4.9670 	EXP 	Created move_circle = ShapeStim(__class__=<class 'psychopy.visual.shape.ShapeStim'>, anchor=('center', 'center'), autoDraw=False, autoLog=True, closeShape=True, color=method-wrapper(...), colorSpace='rgb', contrast=None, depth=0.0, draggable=False, fillColor=array([1, 1, 1]), fillColorSpace='rgb', fillRGB=array([1, 1, 1]), interpolate=True, lineColor=array([1., 1., 1.]), lineColorSpace='rgb', lineRGB=array([1, 1, 1]), lineWidth=1.0, name='move_circle', opacity=1, ori=0.0, pos=array([0., 0.]), size=array([1., 1.]), units='height', vertices=ndarray(...), win=Window(...), windingRule=None)
4.9696 	EXP 	Created mi_circle = ShapeStim(__class__=<class 'psychopy.visual.shape.ShapeStim'>, anchor=('center', 'center'), autoDraw=False, autoLog=True, closeShape=True, color=method-wrapper(...), colorSpace='rgb', contrast=None, depth=-1.0, draggable=False, fillColor=array([0., 0., 0.]), fillColorSpace='rgb', fillRGB=array([0., 0., 0.]), interpolate=True, lineColor=array([ 0.7647, -1.    , -1.    ]), lineColorSpace='rgb', lineRGB=array([ 0.7647, -1.    , -1.    ]), lineWidth=8.0, name='mi_circle', opacity=1, ori=0.0, pos=array([0., 0.]), size=array([0.2, 0.2]), units='height', vertices=ndarray(...), win=Window(...), windingRule=None)
4.9751 	EXP 	Created text_run_break = TextStim(__class__=<class 'psychopy.visual.text.TextStim'>, alignHoriz=method-wrapper(...), alignText='center', alignVert=method-wrapper(...), anchorHoriz='center', anchorVert='center', antialias=True, autoDraw=False, autoLog=True, bold=False, color=array([1., 1., 1.]), colorSpace='rgb', contrast=1.0, depth=0.0, draggable=False, flipHoriz=False, flipVert=False, font='Arial', fontFiles=[], height=np.float64(0.05), italic=False, languageStyle='LTR', name='text_run_break', opacity=1, ori=0.0, pos=array([0., 0.]), rgb=UNKNOWN, text='Trial finished!', units='height', win=Window(...), wrapWidth=1)
4.9790 	EXP 	Created text_post_run = TextStim(__class__=<class 'psychopy.visual.text.TextStim'>, alignHoriz=method-wrapper(...), alignText='center', alignVert=method-wrapper(...), anchorHoriz='center', anchorVert='center', antialias=True, autoDraw=False, autoLog=True, bold=False, color=array([1., 1., 1.]), colorSpace='rgb', contrast=1.0, depth=0.0, draggable=False, flipHoriz=False, flipVert=False, font='Arial', fontFiles=[], height=np.float64(0.05), italic=False, languageStyle='LTR', name='text_post_run', opacity=1, ori=0.0, pos=array([0., 0.]), rgb=UNKNOWN, text='Run finished. Yupii!!', units='height', win=Window(...), wrapWidth=1)
0.0343 	INFO 	Keyboard events cleared
0.0342 	EXP 	text_pre_block: autoDraw = True
1.0471 	EXP 	Device response: <KeyPress from None: t=1.0423816999827977, value=space, duration=None>
1.0474 	EXP 	New trial (rep=0, index=0): <Trial 0 (0 in rep 0) data={'thisN': 0, 'thisTrialN': 0, 'thisRepN': 0}>
1.0483 	DATA 	Keypress: space
1.0525 	EXP 	text_pre_block: autoDraw = False
1.0525 	EXP 	text_wait_screen: autoDraw = True
1.0863 	EXP 	Device response: <KeyPress from None: t=1.0423816999827977, value=space, duration=0.03768020001007244>
4.0420 	EXP 	Imported classes.csv as conditions, 4 conditions, 2 params
4.0424 	EXP 	New trial (rep=0, index=0): <Trial 0 (0 in rep 0) data={'pic_name': 'pics/feet.JPG', 'class_mi': 'feet', 'thisN': 0, 'thisTrialN': 0, 'thisRepN': 0}>
4.0480 	EXP 	text_wait_screen: autoDraw = False
4.0480 	EXP 	text_wait_screen: autoDraw = False
4.0480 	EXP 	move_circle: autoDraw = True
4.0480 	EXP 	mi_circle: autoDraw = True
6.9658 	EXP 	Device response: <KeyPress from None: t=6.959343399998033, value=escape, duration=None>
6.9665 	DATA 	Keypress: escape
7.0407 	EXP 	Device response: <KeyPress from None: t=6.959343399998033, value=escape, duration=0.07481389999156818>
7.0407 	EXP 	bci_circle: status = STOPPED
7.0485 	EXP 	move_circle: autoDraw = False
7.0485 	EXP 	mi_circle: autoDraw = False
7.0486 	EXP 	bci_circle: status = STOPPED
7.0557 	INFO 	saved data to 'D:\\STUDIUM\\TU\\Mirage91\\Brain-Computer Interface Conference\\Code\\data\\562230_bci_circle_2026-06-17_15h55.28.647.csv'
7.0566 	INFO 	saved data to D:\STUDIUM\TU\Mirage91\Brain-Computer Interface Conference\Code\data\562230_bci_circle_2026-06-17_15h55.28.647.psydat
7.2505 	WARNING 	Stopping key buffers but this could be dangerous ifother keyboards rely on the same.
