4.1531 	INFO 	Loaded monitor calibration from ['2025_05_09 18:17']
4.1643 	WARNING 	User requested fullscreen with size [1024  768], but screen is actually [2560, 1600]. Using actual size
4.3261 	INFO 	Using renderer 'AMD Radeon(TM) Graphics' for graphics
4.3261 	INFO 	OpenGL version supported by driver is 4..
4.4541 	EXP 	Created window1 = Window(allowGUI=False, allowStencil=False, autoLog=True, backendConf=UNKNOWN, backgroundFit=<method-wrapper '__getattribute__' of attributeSetter object at 0x0000019DB6DFC8E0>, backgroundImage=<method-wrapper '__getattribute__' of attributeSetter object at 0x0000019DB6DFC880>, bitsMode=UNKNOWN, blendMode='avg', bpc=(8, 8, 8), color=array([0, 0, 0]), colorSpace='rgb', depthBits=8, fullscr=True, gamma=None, gammaErrorPolicy='raise', infoMsg=UNKNOWN, lms=UNKNOWN, monitor=<psychopy.monitors.calibTools.Monitor object at 0x0000019DB6EE58A0>, multiSample=False, name='window1', numSamples=2, pos=[np.float64(0.0), np.float64(0.0)], screen=0, size=array([2560, 1600]), stencilBits=0, stereo=False, title='PsychoPy', units='height', useFBO=True, useRetina=False, viewOri=0.0, viewPos=None, viewScale=None, waitBlanking=True, winType='pyglet')
4.4541 	EXP 	window1: backgroundImage = ''
4.4542 	EXP 	window1: backgroundFit = 'none'
4.9688 	EXP 	window1: Attempting to measure frame rate of screen (0) ...
4.9688 	EXP 	window1: recordFrameIntervals = False
5.1544 	EXP 	window1: recordFrameIntervals = True
6.1295 	EXP 	window1: recordFrameIntervals = False
6.1295 	EXP 	Screen (0) actual frame rate measured at 117.41Hz
6.3130 	INFO 	keyboard.Keyboard is using ptb backend.
6.3131 	EXP 	bci_circle: status = STARTED
6.3672 	EXP 	Created text_pre_block = TextStim(__class__=<class 'psychopy.visual.text.TextStim'>, alignHoriz=method-wrapper(...), alignText='center', alignVert=method-wrapper(...), anchorHoriz='center', anchorVert='center', antialias=True, autoDraw=False, autoLog=True, bold=False, color=array([1., 1., 1.]), colorSpace='rgb', contrast=1.0, depth=0.0, draggable=False, flipHoriz=False, flipVert=False, font='Arial', fontFiles=[], height=np.float64(0.05), italic=False, languageStyle='LTR', name='text_pre_block', opacity=1, ori=0.0, pos=array([0., 0.]), rgb=UNKNOWN, text='Press any key to start ...', units='height', win=Window(...), wrapWidth=1)
6.3686 	EXP 	Created text_wait_screen = TextStim(__class__=<class 'psychopy.visual.text.TextStim'>, alignHoriz=method-wrapper(...), alignText='center', alignVert=method-wrapper(...), anchorHoriz='center', anchorVert='center', antialias=True, autoDraw=False, autoLog=True, bold=False, color=array([1., 1., 1.]), colorSpace='rgb', contrast=1.0, depth=0.0, draggable=False, flipHoriz=False, flipVert=False, font='Arial', fontFiles=[], height=np.float64(0.05), italic=False, languageStyle='LTR', name='text_wait_screen', opacity=1, ori=0.0, pos=array([0., 0.]), rgb=UNKNOWN, text='', units='height', win=Window(...), wrapWidth=1)
6.3733 	EXP 	Created move_circle = ShapeStim(__class__=<class 'psychopy.visual.shape.ShapeStim'>, anchor=('center', 'center'), autoDraw=False, autoLog=True, closeShape=True, color=method-wrapper(...), colorSpace='rgb', contrast=None, depth=0.0, draggable=False, fillColor=array([0.9216, 0.9216, 0.9216]), fillColorSpace='rgb', fillRGB=array([0.9216, 0.9216, 0.9216]), interpolate=True, lineColor=array([1., 1., 1.]), lineColorSpace='rgb', lineRGB=array([1, 1, 1]), lineWidth=1.0, name='move_circle', opacity=1, ori=0.0, pos=array([0., 0.]), size=array([1., 1.]), units='height', vertices=ndarray(...), win=Window(...), windingRule=None)
6.3768 	EXP 	Created mi_circle = ShapeStim(__class__=<class 'psychopy.visual.shape.ShapeStim'>, anchor=('center', 'center'), autoDraw=False, autoLog=True, closeShape=True, color=method-wrapper(...), colorSpace='rgb', contrast=None, depth=-1.0, draggable=False, fillColor=array([0, 0, 0]), fillColorSpace='rgb', fillRGB=array([0, 0, 0]), interpolate=True, lineColor=array([ 0.0902, -1.    , -1.    ]), lineColorSpace='rgb', lineRGB=array([ 0.0902, -1.    , -1.    ]), lineWidth=8.0, name='mi_circle', opacity=1, ori=0.0, pos=array([0., 0.]), size=array([0.15, 0.15]), units='height', vertices=ndarray(...), win=Window(...), windingRule=None)
6.3817 	EXP 	Created image_mi = ImageStim(__class__=<class 'psychopy.visual.image.ImageStim'>, anchor=('center', 'center'), autoLog=True, color=array([1., 1., 1.]), colorSpace='rgb', contrast=1.0, depth=-3.0, draggable=False, flipHoriz=np.False_, flipVert=np.False_, image='default.png', interpolate=True, mask=None, maskParams=None, name='image_mi', opacity=1.0, ori=0.0, pos=array([0., 0.]), size=array([0.5, 0.5]), texRes=128.0, units='height', win=Window(...))
6.3905 	EXP 	Created text_run_break = TextStim(__class__=<class 'psychopy.visual.text.TextStim'>, alignHoriz=method-wrapper(...), alignText='center', alignVert=method-wrapper(...), anchorHoriz='center', anchorVert='center', antialias=True, autoDraw=False, autoLog=True, bold=False, color=array([1., 1., 1.]), colorSpace='rgb', contrast=1.0, depth=0.0, draggable=False, flipHoriz=False, flipVert=False, font='Arial', fontFiles=[], height=np.float64(0.05), italic=False, languageStyle='LTR', name='text_run_break', opacity=1, ori=0.0, pos=array([0., 0.]), rgb=UNKNOWN, text='Trial finished!', units='height', win=Window(...), wrapWidth=1)
6.3979 	EXP 	Created text_post_run = TextStim(__class__=<class 'psychopy.visual.text.TextStim'>, alignHoriz=method-wrapper(...), alignText='center', alignVert=method-wrapper(...), anchorHoriz='center', anchorVert='center', antialias=True, autoDraw=False, autoLog=True, bold=False, color=array([1., 1., 1.]), colorSpace='rgb', contrast=1.0, depth=0.0, draggable=False, flipHoriz=False, flipVert=False, font='Arial', fontFiles=[], height=np.float64(0.05), italic=False, languageStyle='LTR', name='text_post_run', opacity=1, ori=0.0, pos=array([0., 0.]), rgb=UNKNOWN, text='Run finished. Yupii!!', units='height', win=Window(...), wrapWidth=1)
0.0343 	INFO 	Keyboard events cleared
0.0342 	EXP 	text_pre_block: autoDraw = True
0.8495 	DATA 	Keypress: n
0.8619 	EXP 	Device response: <KeyPress from None: t=0.8490781000000425, value=n, duration=None>
0.9556 	EXP 	Device response: <KeyPress from None: t=0.8490781000000425, value=n, duration=0.1009228999610059>
1.3723 	EXP 	Device response: <KeyPress from None: t=1.3715587999904528, value=space, duration=None>
1.3727 	EXP 	New trial (rep=0, index=0): <Trial 0 (0 in rep 0) data={'thisN': 0, 'thisTrialN': 0, 'thisRepN': 0}>
1.3744 	DATA 	Keypress: space
1.3805 	EXP 	text_pre_block: autoDraw = False
1.3805 	EXP 	text_wait_screen: autoDraw = True
1.4651 	EXP 	Device response: <KeyPress from None: t=1.3715587999904528, value=space, duration=0.08780919999117032>
4.3724 	EXP 	Imported classes.csv as conditions, 4 conditions, 2 params
4.3728 	EXP 	New trial (rep=0, index=0): <Trial 0 (0 in rep 0) data={'pic_name': 'pics/right_hand.JPG', 'class_mi': ' right_hand', 'thisN': 0, 'thisTrialN': 0, 'thisRepN': 0}>
4.3846 	EXP 	text_wait_screen: autoDraw = False
4.3846 	EXP 	text_wait_screen: autoDraw = False
4.3846 	EXP 	image_mi: image = 'pics/right_hand.JPG'
4.3846 	EXP 	move_circle: autoDraw = True
4.3846 	EXP 	mi_circle: autoDraw = True
4.3846 	EXP 	image_mi: autoDraw = True
9.6365 	EXP 	Device response: <KeyPress from None: t=9.63046029995894, value=escape, duration=None>
9.6373 	DATA 	Keypress: escape
9.7616 	EXP 	Device response: <KeyPress from None: t=9.63046029995894, value=escape, duration=0.12614160001976416>
9.7616 	EXP 	bci_circle: status = STOPPED
9.7697 	EXP 	move_circle: autoDraw = False
9.7697 	EXP 	mi_circle: autoDraw = False
9.7697 	EXP 	image_mi: autoDraw = False
9.7697 	EXP 	bci_circle: status = STOPPED
9.7769 	INFO 	saved data to 'D:\\STUDIUM\\TU\\Mirage91\\Brain-Computer Interface Conference\\Code\\data\\579487_bci_circle_2026-06-19_09h31.36.395.csv'
9.7782 	INFO 	saved data to D:\STUDIUM\TU\Mirage91\Brain-Computer Interface Conference\Code\data\579487_bci_circle_2026-06-19_09h31.36.395.psydat
10.0017 	WARNING 	Stopping key buffers but this could be dangerous ifother keyboards rely on the same.
