6.4533 	INFO 	Loaded monitor calibration from ['2025_05_09 18:17']
6.4610 	WARNING 	User requested fullscreen with size [1024  768], but screen is actually [2560, 1600]. Using actual size
6.5693 	INFO 	Using renderer 'AMD Radeon(TM) Graphics' for graphics
6.5693 	INFO 	OpenGL version supported by driver is 4..
6.6589 	EXP 	Created window1 = Window(allowGUI=False, allowStencil=False, autoLog=True, backendConf=UNKNOWN, backgroundFit=<method-wrapper '__getattribute__' of attributeSetter object at 0x0000018AEB576F80>, backgroundImage=<method-wrapper '__getattribute__' of attributeSetter object at 0x0000018AEB576F20>, bitsMode=UNKNOWN, blendMode='avg', bpc=(8, 8, 8), color=array([0, 0, 0]), colorSpace='rgb', depthBits=8, fullscr=True, gamma=None, gammaErrorPolicy='raise', infoMsg=UNKNOWN, lms=UNKNOWN, monitor=<psychopy.monitors.calibTools.Monitor object at 0x0000018AEB667F40>, multiSample=False, name='window1', numSamples=2, pos=[np.float64(0.0), np.float64(0.0)], screen=0, size=array([2560, 1600]), stencilBits=0, stereo=False, title='PsychoPy', units='height', useFBO=True, useRetina=False, viewOri=0.0, viewPos=None, viewScale=None, waitBlanking=True, winType='pyglet')
6.6589 	EXP 	window1: backgroundImage = ''
6.6589 	EXP 	window1: backgroundFit = 'none'
7.0324 	EXP 	window1: Attempting to measure frame rate of screen (0) ...
7.0324 	EXP 	window1: recordFrameIntervals = False
7.1725 	EXP 	window1: recordFrameIntervals = True
8.0062 	EXP 	window1: recordFrameIntervals = False
8.0063 	EXP 	Screen (0) actual frame rate measured at 119.80Hz
8.1745 	INFO 	keyboard.Keyboard is using ptb backend.
8.1745 	EXP 	bci_circle: status = STARTED
8.2140 	EXP 	Created text_pre_block = TextStim(__class__=<class 'psychopy.visual.text.TextStim'>, alignHoriz=method-wrapper(...), alignText='center', alignVert=method-wrapper(...), anchorHoriz='center', anchorVert='center', antialias=True, autoDraw=False, autoLog=True, bold=False, color=array([1., 1., 1.]), colorSpace='rgb', contrast=1.0, depth=0.0, draggable=False, flipHoriz=False, flipVert=False, font='Arial', fontFiles=[], height=np.float64(0.05), italic=False, languageStyle='LTR', name='text_pre_block', opacity=1, ori=0.0, pos=array([0., 0.]), rgb=UNKNOWN, text='Press any key to start ...', units='height', win=Window(...), wrapWidth=1)
8.2150 	EXP 	Created text_wait_screen = TextStim(__class__=<class 'psychopy.visual.text.TextStim'>, alignHoriz=method-wrapper(...), alignText='center', alignVert=method-wrapper(...), anchorHoriz='center', anchorVert='center', antialias=True, autoDraw=False, autoLog=True, bold=False, color=array([1., 1., 1.]), colorSpace='rgb', contrast=1.0, depth=0.0, draggable=False, flipHoriz=False, flipVert=False, font='Arial', fontFiles=[], height=np.float64(0.05), italic=False, languageStyle='LTR', name='text_wait_screen', opacity=1, ori=0.0, pos=array([0., 0.]), rgb=UNKNOWN, text='', units='height', win=Window(...), wrapWidth=1)
8.2181 	EXP 	Created move_circle = ShapeStim(__class__=<class 'psychopy.visual.shape.ShapeStim'>, anchor=('center', 'center'), autoDraw=False, autoLog=True, closeShape=True, color=method-wrapper(...), colorSpace='rgb', contrast=None, depth=0.0, draggable=False, fillColor=array([0.9216, 0.9216, 0.9216]), fillColorSpace='rgb', fillRGB=array([0.9216, 0.9216, 0.9216]), interpolate=True, lineColor=array([1., 1., 1.]), lineColorSpace='rgb', lineRGB=array([1, 1, 1]), lineWidth=1.0, name='move_circle', opacity=1, ori=0.0, pos=array([0., 0.]), size=array([1., 1.]), units='height', vertices=ndarray(...), win=Window(...), windingRule=None)
8.2206 	EXP 	Created mi_circle = ShapeStim(__class__=<class 'psychopy.visual.shape.ShapeStim'>, anchor=('center', 'center'), autoDraw=False, autoLog=True, closeShape=True, color=method-wrapper(...), colorSpace='rgb', contrast=None, depth=-1.0, draggable=False, fillColor=array([0, 0, 0]), fillColorSpace='rgb', fillRGB=array([0, 0, 0]), interpolate=True, lineColor=array([ 0.0902, -1.    , -1.    ]), lineColorSpace='rgb', lineRGB=array([ 0.0902, -1.    , -1.    ]), lineWidth=8.0, name='mi_circle', opacity=1, ori=0.0, pos=array([0., 0.]), size=array([0.2, 0.2]), units='height', vertices=ndarray(...), win=Window(...), windingRule=None)
8.2256 	EXP 	Created text_run_break = TextStim(__class__=<class 'psychopy.visual.text.TextStim'>, alignHoriz=method-wrapper(...), alignText='center', alignVert=method-wrapper(...), anchorHoriz='center', anchorVert='center', antialias=True, autoDraw=False, autoLog=True, bold=False, color=array([1., 1., 1.]), colorSpace='rgb', contrast=1.0, depth=0.0, draggable=False, flipHoriz=False, flipVert=False, font='Arial', fontFiles=[], height=np.float64(0.05), italic=False, languageStyle='LTR', name='text_run_break', opacity=1, ori=0.0, pos=array([0., 0.]), rgb=UNKNOWN, text='Trial finished!', units='height', win=Window(...), wrapWidth=1)
8.2295 	EXP 	Created text_post_run = TextStim(__class__=<class 'psychopy.visual.text.TextStim'>, alignHoriz=method-wrapper(...), alignText='center', alignVert=method-wrapper(...), anchorHoriz='center', anchorVert='center', antialias=True, autoDraw=False, autoLog=True, bold=False, color=array([1., 1., 1.]), colorSpace='rgb', contrast=1.0, depth=0.0, draggable=False, flipHoriz=False, flipVert=False, font='Arial', fontFiles=[], height=np.float64(0.05), italic=False, languageStyle='LTR', name='text_post_run', opacity=1, ori=0.0, pos=array([0., 0.]), rgb=UNKNOWN, text='Run finished. Yupii!!', units='height', win=Window(...), wrapWidth=1)
0.0349 	INFO 	Keyboard events cleared
0.0348 	EXP 	text_pre_block: autoDraw = True
0.5970 	EXP 	Device response: <KeyPress from None: t=0.5878816000185907, value=space, duration=None>
0.5973 	EXP 	New trial (rep=0, index=0): <Trial 0 (0 in rep 0) data={'thisN': 0, 'thisTrialN': 0, 'thisRepN': 0}>
0.5981 	DATA 	Keypress: space
0.6028 	EXP 	text_pre_block: autoDraw = False
0.6028 	EXP 	text_wait_screen: autoDraw = True
0.7369 	EXP 	Device response: <KeyPress from None: t=0.5878816000185907, value=space, duration=0.1414507000008598>
3.5919 	EXP 	Imported classes.csv as conditions, 4 conditions, 2 params
3.5922 	EXP 	New trial (rep=0, index=0): <Trial 0 (0 in rep 0) data={'pic_name': 'pics/left_hand.JPG', 'class_mi': 'left_hand', 'thisN': 0, 'thisTrialN': 0, 'thisRepN': 0}>
3.5977 	EXP 	text_wait_screen: autoDraw = False
3.5977 	EXP 	text_wait_screen: autoDraw = False
3.5977 	EXP 	move_circle: autoDraw = True
3.5977 	EXP 	mi_circle: autoDraw = True
14.3571 	EXP 	Device response: <KeyPress from None: t=14.354444700002205, value=escape, duration=None>
14.3577 	DATA 	Keypress: escape
14.4151 	EXP 	Device response: <KeyPress from None: t=14.354444700002205, value=escape, duration=0.05791480001062155>
14.4152 	EXP 	bci_circle: status = STOPPED
14.4237 	EXP 	move_circle: autoDraw = False
14.4237 	EXP 	mi_circle: autoDraw = False
14.4238 	EXP 	bci_circle: status = STOPPED
14.4259 	INFO 	saved data to 'D:\\STUDIUM\\TU\\Mirage91\\Brain-Computer Interface Conference\\Code\\data\\582131_bci_circle_2026-06-17_16h15.50.739.csv'
14.4270 	INFO 	saved data to D:\STUDIUM\TU\Mirage91\Brain-Computer Interface Conference\Code\data\582131_bci_circle_2026-06-17_16h15.50.739.psydat
14.6117 	WARNING 	Stopping key buffers but this could be dangerous ifother keyboards rely on the same.
