8.1250 	INFO 	Loaded monitor calibration from ['2025_05_09 18:17']
8.1455 	WARNING 	User requested fullscreen with size [1024  768], but screen is actually [2560, 1600]. Using actual size
8.7662 	INFO 	Using renderer 'AMD Radeon(TM) Graphics' for graphics
8.7662 	INFO 	OpenGL version supported by driver is 4..
8.8953 	EXP 	Created window1 = Window(allowGUI=False, allowStencil=False, autoLog=True, backendConf=UNKNOWN, backgroundFit=<method-wrapper '__getattribute__' of attributeSetter object at 0x0000022A13816B00>, backgroundImage=<method-wrapper '__getattribute__' of attributeSetter object at 0x0000022A13816AA0>, bitsMode=UNKNOWN, blendMode='avg', bpc=(8, 8, 8), color=array([0, 0, 0]), colorSpace='rgb', depthBits=8, fullscr=True, gamma=None, gammaErrorPolicy='raise', infoMsg=UNKNOWN, lms=UNKNOWN, monitor=<psychopy.monitors.calibTools.Monitor object at 0x0000022A1390BAC0>, multiSample=False, name='window1', numSamples=2, pos=[np.float64(0.0), np.float64(0.0)], screen=0, size=array([2560, 1600]), stencilBits=0, stereo=False, title='PsychoPy', units='height', useFBO=True, useRetina=False, viewOri=0.0, viewPos=None, viewScale=None, waitBlanking=True, winType='pyglet')
8.8953 	EXP 	window1: backgroundImage = ''
8.8953 	EXP 	window1: backgroundFit = 'none'
9.2791 	EXP 	window1: Attempting to measure frame rate of screen (0) ...
9.2791 	EXP 	window1: recordFrameIntervals = False
9.5251 	EXP 	window1: recordFrameIntervals = True
10.3581 	EXP 	window1: recordFrameIntervals = False
10.3581 	EXP 	Screen (0) actual frame rate measured at 120.76Hz
10.5352 	INFO 	keyboard.Keyboard is using ptb backend.
10.5353 	EXP 	bci_circle: status = STARTED
10.6967 	EXP 	Created text_pre_block = TextStim(__class__=<class 'psychopy.visual.text.TextStim'>, alignHoriz=method-wrapper(...), alignText='center', alignVert=method-wrapper(...), anchorHoriz='center', anchorVert='center', antialias=True, autoDraw=False, autoLog=True, bold=False, color=array([1., 1., 1.]), colorSpace='rgb', contrast=1.0, depth=0.0, draggable=False, flipHoriz=False, flipVert=False, font='Arial', fontFiles=[], height=np.float64(0.05), italic=False, languageStyle='LTR', name='text_pre_block', opacity=1, ori=0.0, pos=array([0., 0.]), rgb=UNKNOWN, text='Press any key to start ...', units='height', win=Window(...), wrapWidth=1)
10.6977 	EXP 	Created text_wait_screen = TextStim(__class__=<class 'psychopy.visual.text.TextStim'>, alignHoriz=method-wrapper(...), alignText='center', alignVert=method-wrapper(...), anchorHoriz='center', anchorVert='center', antialias=True, autoDraw=False, autoLog=True, bold=False, color=array([1., 1., 1.]), colorSpace='rgb', contrast=1.0, depth=0.0, draggable=False, flipHoriz=False, flipVert=False, font='Arial', fontFiles=[], height=np.float64(0.05), italic=False, languageStyle='LTR', name='text_wait_screen', opacity=1, ori=0.0, pos=array([0., 0.]), rgb=UNKNOWN, text='', units='height', win=Window(...), wrapWidth=1)
10.7096 	EXP 	Created move_circle = ShapeStim(__class__=<class 'psychopy.visual.shape.ShapeStim'>, anchor=('center', 'center'), autoDraw=False, autoLog=True, closeShape=True, color=method-wrapper(...), colorSpace='rgb', contrast=None, depth=0.0, draggable=False, fillColor=array([1, 1, 1]), fillColorSpace='rgb', fillRGB=array([1, 1, 1]), interpolate=True, lineColor=array([1., 1., 1.]), lineColorSpace='rgb', lineRGB=array([1, 1, 1]), lineWidth=1.0, name='move_circle', opacity=1, ori=0.0, pos=array([0., 0.]), size=array([1., 1.]), units='height', vertices=ndarray(...), win=Window(...), windingRule=None)
10.7118 	EXP 	Created mi_circle = ShapeStim(__class__=<class 'psychopy.visual.shape.ShapeStim'>, anchor=('center', 'center'), autoDraw=False, autoLog=True, closeShape=True, color=method-wrapper(...), colorSpace='rgb', contrast=None, depth=-1.0, draggable=False, fillColor=array([0., 0., 0.]), fillColorSpace='rgb', fillRGB=array([0., 0., 0.]), interpolate=True, lineColor=array([ 0.7647, -1.    , -1.    ]), lineColorSpace='rgb', lineRGB=array([ 0.7647, -1.    , -1.    ]), lineWidth=1.0, name='mi_circle', opacity=1, ori=0.0, pos=array([0., 0.]), size=array([0.25, 0.25]), units='height', vertices=ndarray(...), win=Window(...), windingRule=None)
10.7184 	EXP 	Created text_run_break = TextStim(__class__=<class 'psychopy.visual.text.TextStim'>, alignHoriz=method-wrapper(...), alignText='center', alignVert=method-wrapper(...), anchorHoriz='center', anchorVert='center', antialias=True, autoDraw=False, autoLog=True, bold=False, color=array([1., 1., 1.]), colorSpace='rgb', contrast=1.0, depth=0.0, draggable=False, flipHoriz=False, flipVert=False, font='Arial', fontFiles=[], height=np.float64(0.05), italic=False, languageStyle='LTR', name='text_run_break', opacity=1, ori=0.0, pos=array([0., 0.]), rgb=UNKNOWN, text='Trial finished!', units='height', win=Window(...), wrapWidth=1)
10.7243 	EXP 	Created text_post_run = TextStim(__class__=<class 'psychopy.visual.text.TextStim'>, alignHoriz=method-wrapper(...), alignText='center', alignVert=method-wrapper(...), anchorHoriz='center', anchorVert='center', antialias=True, autoDraw=False, autoLog=True, bold=False, color=array([1., 1., 1.]), colorSpace='rgb', contrast=1.0, depth=0.0, draggable=False, flipHoriz=False, flipVert=False, font='Arial', fontFiles=[], height=np.float64(0.05), italic=False, languageStyle='LTR', name='text_post_run', opacity=1, ori=0.0, pos=array([0., 0.]), rgb=UNKNOWN, text='Run finished. Yupii!!', units='height', win=Window(...), wrapWidth=1)
0.0254 	INFO 	Keyboard events cleared
0.0253 	EXP 	text_pre_block: autoDraw = True
3.9480 	EXP 	Device response: <KeyPress from None: t=3.887040200002957, value=space, duration=None>
3.9481 	EXP 	Device response: <KeyPress from None: t=3.887040200002957, value=space, duration=0.05549009999958798>
3.9492 	EXP 	New trial (rep=0, index=0): <Trial 0 (0 in rep 0) data={'thisN': 0, 'thisTrialN': 0, 'thisRepN': 0}>
3.9507 	DATA 	Keypress: space
3.9631 	EXP 	text_pre_block: autoDraw = False
3.9631 	EXP 	text_wait_screen: autoDraw = True
6.9572 	EXP 	Imported classes.csv as conditions, 4 conditions, 2 params
6.9582 	EXP 	New trial (rep=0, index=0): <Trial 0 (0 in rep 0) data={'pic_name': 'pics/none.JPG', 'class_mi': 'rest', 'thisN': 0, 'thisTrialN': 0, 'thisRepN': 0}>
6.9720 	EXP 	text_wait_screen: autoDraw = False
6.9720 	EXP 	move_circle: autoDraw = True
6.9720 	EXP 	mi_circle: autoDraw = True
13.6108 	EXP 	Device response: <KeyPress from None: t=13.60712220001733, value=escape, duration=None>
13.6114 	DATA 	Keypress: escape
13.6852 	EXP 	Device response: <KeyPress from None: t=13.60712220001733, value=escape, duration=0.07505499999388121>
13.6852 	EXP 	bci_circle: status = STOPPED
13.6937 	EXP 	move_circle: autoDraw = False
13.6937 	EXP 	mi_circle: autoDraw = False
13.6938 	EXP 	bci_circle: status = STOPPED
13.7008 	INFO 	saved data to 'D:\\STUDIUM\\TU\\Mirage91\\Brain-Computer Interface Conference\\Code\\data\\606063_bci_circle_2026-06-17_15h45.10.426.csv'
13.7027 	INFO 	saved data to D:\STUDIUM\TU\Mirage91\Brain-Computer Interface Conference\Code\data\606063_bci_circle_2026-06-17_15h45.10.426.psydat
13.9285 	WARNING 	Stopping key buffers but this could be dangerous ifother keyboards rely on the same.
