3.3998 	WARNING 	Requested an unavailable screen number - using first available.
3.4021 	WARNING 	User requested fullscreen with size [1920 1080], but screen is actually [1707, 1067]. Using actual size
3.6955 	EXP 	Created window1 = Window(allowGUI=False, allowStencil=False, autoLog=True, backendConf=UNKNOWN, backgroundFit=<method-wrapper '__getattribute__' of attributeSetter object at 0x00000287632861A0>, backgroundImage=<method-wrapper '__getattribute__' of attributeSetter object at 0x0000028763286140>, bitsMode=UNKNOWN, blendMode='avg', bpc=(8, 8, 8), color=array([0, 0, 0]), colorSpace='rgb', depthBits=8, fullscr=True, gamma=None, gammaErrorPolicy='raise', infoMsg=UNKNOWN, lms=UNKNOWN, monitor=<psychopy.monitors.calibTools.Monitor object at 0x00000287634C6E90>, multiSample=False, name='window1', numSamples=2, pos=[np.float64(0.0), np.float64(0.0)], screen=1, size=array([1707, 1067]), stencilBits=0, stereo=False, title='PsychoPy', units='height', useFBO=True, useRetina=False, viewOri=0.0, viewPos=None, viewScale=None, waitBlanking=True, winType='pyglet')
3.6956 	EXP 	window1: backgroundImage = ''
3.6956 	EXP 	window1: backgroundFit = 'none'
4.1786 	EXP 	window1: Attempting to measure frame rate of screen (1) ...
4.1786 	EXP 	window1: recordFrameIntervals = False
4.2690 	EXP 	window1: recordFrameIntervals = True
5.1028 	EXP 	window1: recordFrameIntervals = False
5.1028 	EXP 	Screen (1) actual frame rate measured at 119.39Hz
8.2395 	EXP 	bci_racingteam: status = STARTED
8.3650 	EXP 	Created text_pre_block = TextStim(__class__=<class 'psychopy.visual.text.TextStim'>, alignHoriz=method-wrapper(...), alignText='center', alignVert=method-wrapper(...), anchorHoriz='center', anchorVert='center', antialias=True, autoDraw=False, autoLog=True, bold=False, color=array([1., 1., 1.]), colorSpace='rgb', contrast=1.0, depth=0.0, draggable=False, flipHoriz=False, flipVert=False, font='Open Sans', fontFiles=[], height=np.float64(0.05), italic=False, languageStyle='LTR', name='text_pre_block', opacity=1, ori=0.0, pos=array([0., 0.]), rgb=UNKNOWN, text='Press any key to start ...', units='height', win=Window(...), wrapWidth=1)
8.3666 	EXP 	Created text_2 = TextStim(__class__=<class 'psychopy.visual.text.TextStim'>, alignHoriz=method-wrapper(...), alignText='center', alignVert=method-wrapper(...), anchorHoriz='center', anchorVert='center', antialias=True, autoDraw=False, autoLog=True, bold=False, color=array([1., 1., 1.]), colorSpace='rgb', contrast=1.0, depth=0.0, draggable=False, flipHoriz=False, flipVert=False, font='Arial', fontFiles=[], height=np.float64(0.05), italic=False, languageStyle='LTR', name='text_2', opacity=1, ori=0.0, pos=array([0., 0.]), rgb=UNKNOWN, text='', units='height', win=Window(...), wrapWidth=1)
8.3696 	EXP 	Created hor_line_precue = Line(__class__=<class 'psychopy.visual.line.Line'>, anchor=('center', 'center'), autoDraw=False, autoLog=True, closeShape=False, color=array([1., 1., 1.]), colorSpace='rgb', contrast=None, depth=0.0, draggable=False, fillColor=array([1, 1, 1]), fillColorSpace='rgb', fillRGB=array([1, 1, 1]), interpolate=True, lineColor=array([1., 1., 1.]), lineColorSpace='rgb', lineRGB=array([1, 1, 1]), lineWidth=5.0, name='hor_line_precue', opacity=1, ori=-45.0, pos=array([0., 0.]), size=array([0.35, 0.35]), units='height', vertices=array([[-0.5, -0.5],
       [ 0.5,  0.5]]), win=Window(...), windingRule=None)
8.3710 	EXP 	Created ver_line_precue = Line(__class__=<class 'psychopy.visual.line.Line'>, anchor=('center', 'center'), autoDraw=False, autoLog=True, closeShape=False, color=array([1., 1., 1.]), colorSpace='rgb', contrast=None, depth=-1.0, draggable=False, fillColor=array([1, 1, 1]), fillColorSpace='rgb', fillRGB=array([1, 1, 1]), interpolate=True, lineColor=array([1., 1., 1.]), lineColorSpace='rgb', lineRGB=array([1, 1, 1]), lineWidth=5.0, name='ver_line_precue', opacity=1, ori=45.0, pos=array([0., 0.]), size=array([0.35, 0.35]), units='height', vertices=array([[-0.5, -0.5],
       [ 0.5,  0.5]]), win=Window(...), windingRule=None)
8.3724 	EXP 	Created rot_line_precue = Line(__class__=<class 'psychopy.visual.line.Line'>, anchor=('center', 'center'), autoDraw=False, autoLog=True, closeShape=False, color=array([1., 1., 1.]), colorSpace='rgb', contrast=None, depth=-2.0, draggable=False, fillColor=array([1, 1, 1]), fillColorSpace='rgb', fillRGB=array([1, 1, 1]), interpolate=True, lineColor=array([1., 1., 1.]), lineColorSpace='rgb', lineRGB=array([1, 1, 1]), lineWidth=5.0, name='rot_line_precue', opacity=1, ori=1.0, pos=array([0., 0.]), size=array([0.35, 0.35]), units='height', vertices=array([[-0.5, -0.5],
       [ 0.5,  0.5]]), win=Window(...), windingRule=None)
8.3754 	EXP 	Created point_left = ShapeStim(__class__=<class 'psychopy.visual.shape.ShapeStim'>, anchor=('center', 'center'), autoDraw=False, autoLog=True, closeShape=True, color=method-wrapper(...), colorSpace='rgb', contrast=None, depth=-4.0, draggable=False, fillColor=array([1, 1, 1]), fillColorSpace='rgb', fillRGB=array([1, 1, 1]), interpolate=True, lineColor=array([1., 1., 1.]), lineColorSpace='rgb', lineRGB=array([1, 1, 1]), lineWidth=1.0, name='point_left', opacity=1, ori=0.0, pos=array([-1.,  0.]), size=array([0.1, 0.1]), units='height', vertices=ndarray(...), win=Window(...), windingRule=None)
8.3820 	EXP 	Created text = TextStim(__class__=<class 'psychopy.visual.text.TextStim'>, alignHoriz=method-wrapper(...), alignText='center', alignVert=method-wrapper(...), anchorHoriz='center', anchorVert='center', antialias=True, autoDraw=False, autoLog=True, bold=False, color=array([1., 1., 1.]), colorSpace='rgb', contrast=1.0, depth=0.0, draggable=False, flipHoriz=False, flipVert=False, font='Arial', fontFiles=[], height=np.float64(0.05), italic=False, languageStyle='LTR', name='text', opacity=1, ori=0.0, pos=array([0., 0.]), rgb=UNKNOWN, text='Run Finished', units='height', win=Window(...), wrapWidth=1)
8.3888 	EXP 	Created text_post_run = TextStim(__class__=<class 'psychopy.visual.text.TextStim'>, alignHoriz=method-wrapper(...), alignText='center', alignVert=method-wrapper(...), anchorHoriz='center', anchorVert='center', antialias=True, autoDraw=False, autoLog=True, bold=False, color=array([1., 1., 1.]), colorSpace='rgb', contrast=1.0, depth=0.0, draggable=False, flipHoriz=False, flipVert=False, font='Open Sans', fontFiles=[], height=np.float64(0.05), italic=False, languageStyle='LTR', name='text_post_run', opacity=1, ori=0.0, pos=array([0., 0.]), rgb=UNKNOWN, text='Block Finished. Yuhu!', units='height', win=Window(...), wrapWidth=1)
0.0029 	EXP 	rot_line_precue: ori = 0
0.0071 	EXP 	text_pre_block: autoDraw = True
0.6201 	EXP 	Device response: <KeyPress from None: t=0.6138720999952056, value=space, duration=None>
0.6208 	EXP 	New trial (rep=0, index=0): <Trial 0 (0 in rep 0) data={'thisN': 0, 'thisTrialN': 0, 'thisRepN': 0}>
0.6232 	DATA 	Keypress: space
0.6260 	EXP 	text_pre_block: autoDraw = False
0.6260 	EXP 	text_2: autoDraw = True
0.6724 	EXP 	Device response: <KeyPress from None: t=0.6138720999952056, value=space, duration=0.05102769999939483>
3.6223 	EXP 	Imported classes.csv as conditions, 3 conditions, 2 params
3.6228 	EXP 	New trial (rep=0, index=0): <Trial 0 (0 in rep 0) data={'pic_name': 'pics/left_hand.JPG', 'class_mi': 'left_hand', 'thisN': 0, 'thisTrialN': 0, 'thisRepN': 0}>
3.6288 	EXP 	text_2: autoDraw = False
3.6288 	EXP 	text_2: autoDraw = False
3.6288 	EXP 	hor_line_precue: autoDraw = True
3.6288 	EXP 	ver_line_precue: autoDraw = True
3.6288 	EXP 	rot_line_precue: autoDraw = True
3.6288 	EXP 	rot_line_precue: ori = np.float64(0.3351394780115794)
3.6288 	EXP 	point_left: autoDraw = True
3.6333 	EXP 	rot_line_precue: ori = np.float64(0.9066027356816424)
3.6391 	EXP 	rot_line_precue: ori = np.float64(1.3057284256416943)
3.6474 	EXP 	rot_line_precue: ori = np.float64(1.6073885120149725)
3.6553 	EXP 	rot_line_precue: ori = np.float64(1.9802437177428613)
3.6635 	EXP 	rot_line_precue: ori = np.float64(2.306712454911842)
3.6723 	EXP 	rot_line_precue: ori = np.float64(2.953262374539833)
3.6804 	EXP 	rot_line_precue: ori = np.float64(3.259572252243731)
3.6886 	EXP 	rot_line_precue: ori = np.float64(3.5788057972812717)
3.6970 	EXP 	rot_line_precue: ori = np.float64(3.881277349588616)
3.7053 	EXP 	rot_line_precue: ori = np.float64(4.176741319016335)
3.7136 	EXP 	rot_line_precue: ori = np.float64(4.476183794656692)
3.7218 	EXP 	rot_line_precue: ori = np.float64(4.8784798311124415)
3.7302 	EXP 	rot_line_precue: ori = np.float64(5.195143072050112)
3.7384 	EXP 	rot_line_precue: ori = np.float64(5.788275611103792)
3.7468 	EXP 	rot_line_precue: ori = np.float64(6.126362141120901)
3.7554 	EXP 	rot_line_precue: ori = np.float64(6.549535265022305)
3.7634 	EXP 	rot_line_precue: ori = np.float64(7.008136028856806)
3.7718 	EXP 	rot_line_precue: ori = np.float64(7.758370774248871)
3.7803 	EXP 	rot_line_precue: ori = np.float64(8.32571952905412)
3.7886 	EXP 	rot_line_precue: ori = np.float64(8.765456521600264)
3.7972 	EXP 	rot_line_precue: ori = np.float64(9.147524864688178)
3.8062 	EXP 	rot_line_precue: ori = np.float64(9.66245391493262)
3.8137 	EXP 	rot_line_precue: ori = np.float64(10.07504792679831)
3.8223 	EXP 	rot_line_precue: ori = np.float64(10.38817099341518)
3.8308 	EXP 	rot_line_precue: ori = np.float64(10.748032598897034)
3.8387 	EXP 	rot_line_precue: ori = np.float64(11.163504386563815)
3.8469 	EXP 	rot_line_precue: ori = np.float64(11.74421189484197)
3.8555 	EXP 	rot_line_precue: ori = np.float64(12.107192285956101)
3.8636 	EXP 	rot_line_precue: ori = np.float64(12.45002788364342)
3.8719 	EXP 	rot_line_precue: ori = np.float64(12.803530891668567)
3.8802 	EXP 	rot_line_precue: ori = np.float64(13.127943504143794)
3.8885 	EXP 	rot_line_precue: ori = np.float64(13.478593586653771)
3.8968 	EXP 	rot_line_precue: ori = np.float64(14.195693872582869)
3.9051 	EXP 	rot_line_precue: ori = np.float64(14.655877649798695)
3.9140 	EXP 	rot_line_precue: ori = np.float64(14.972610996629488)
3.9218 	EXP 	rot_line_precue: ori = np.float64(15.312698589131811)
3.9301 	EXP 	rot_line_precue: ori = np.float64(15.63544178508171)
3.9385 	EXP 	rot_line_precue: ori = np.float64(16.256409228525193)
3.9468 	EXP 	rot_line_precue: ori = np.float64(16.627307331197414)
3.9556 	EXP 	rot_line_precue: ori = np.float64(17.10266966521163)
3.9636 	EXP 	rot_line_precue: ori = np.float64(17.43709631052824)
3.9718 	EXP 	rot_line_precue: ori = np.float64(17.746219300643997)
3.9807 	EXP 	rot_line_precue: ori = np.float64(18.08516687591458)
3.9890 	EXP 	rot_line_precue: ori = np.float64(18.58215002770714)
3.9971 	EXP 	rot_line_precue: ori = np.float64(18.965112176702032)
4.0057 	EXP 	rot_line_precue: ori = np.float64(19.295804976736083)
4.0139 	EXP 	rot_line_precue: ori = np.float64(20.031603112594116)
4.0220 	EXP 	rot_line_precue: ori = np.float64(20.330571688035256)
4.0302 	EXP 	rot_line_precue: ori = np.float64(20.686308400327164)
4.0388 	EXP 	rot_line_precue: ori = np.float64(21.013663080103406)
4.0470 	EXP 	rot_line_precue: ori = np.float64(21.492333122984437)
4.0553 	EXP 	rot_line_precue: ori = np.float64(21.819033471974514)
4.0634 	EXP 	rot_line_precue: ori = np.float64(22.317672853996193)
4.0719 	EXP 	rot_line_precue: ori = np.float64(23.01205062226768)
4.0802 	EXP 	rot_line_precue: ori = np.float64(23.315530209167687)
4.0884 	EXP 	rot_line_precue: ori = np.float64(24.0365544659374)
4.0967 	EXP 	rot_line_precue: ori = np.float64(24.33440913187081)
4.1052 	EXP 	rot_line_precue: ori = np.float64(24.945197792551085)
4.1144 	EXP 	rot_line_precue: ori = np.float64(25.42514841122214)
4.1218 	EXP 	rot_line_precue: ori = np.float64(25.778842283544286)
4.1302 	EXP 	rot_line_precue: ori = np.float64(26.098016625203858)
4.1392 	EXP 	rot_line_precue: ori = np.float64(26.4432729748372)
4.1471 	EXP 	rot_line_precue: ori = np.float64(26.75035081215781)
4.1554 	EXP 	rot_line_precue: ori = np.float64(27.53602702470413)
4.1641 	EXP 	rot_line_precue: ori = np.float64(27.85170440451324)
4.1724 	EXP 	rot_line_precue: ori = np.float64(28.155614044358245)
4.1806 	EXP 	rot_line_precue: ori = np.float64(28.46069551956396)
4.1891 	EXP 	rot_line_precue: ori = np.float64(28.764999989174306)
4.1972 	EXP 	rot_line_precue: ori = np.float64(29.24215861253765)
4.2054 	EXP 	rot_line_precue: ori = np.float64(29.823246436979016)
4.2137 	EXP 	rot_line_precue: ori = np.float64(30.171775617060284)
4.2222 	EXP 	rot_line_precue: ori = np.float64(30.71395152002109)
4.2304 	EXP 	rot_line_precue: ori = np.float64(31.148058977743332)
4.2386 	EXP 	rot_line_precue: ori = np.float64(31.468235022279192)
4.2467 	EXP 	rot_line_precue: ori = np.float64(31.78312297101754)
4.2552 	EXP 	rot_line_precue: ori = np.float64(32.14522113342367)
4.2634 	EXP 	rot_line_precue: ori = np.float64(32.59051406555302)
4.2717 	EXP 	rot_line_precue: ori = np.float64(32.890849902814054)
4.2802 	EXP 	rot_line_precue: ori = np.float64(33.21217803345908)
4.2884 	EXP 	rot_line_precue: ori = np.float64(33.56842837031862)
4.2967 	EXP 	rot_line_precue: ori = np.float64(33.874944816679395)
4.3053 	EXP 	rot_line_precue: ori = np.float64(34.29125838874449)
4.3135 	EXP 	rot_line_precue: ori = np.float64(34.83457000956447)
4.3217 	EXP 	rot_line_precue: ori = np.float64(35.44263170309374)
4.3303 	EXP 	rot_line_precue: ori = np.float64(35.768432758778744)
4.3388 	EXP 	rot_line_precue: ori = np.float64(36.34465167428696)
4.3473 	EXP 	rot_line_precue: ori = np.float64(36.87796719854457)
4.3557 	EXP 	rot_line_precue: ori = np.float64(37.218835416117216)
4.3640 	EXP 	rot_line_precue: ori = np.float64(37.66958728446503)
4.3723 	EXP 	rot_line_precue: ori = np.float64(38.01485063149052)
4.3808 	EXP 	rot_line_precue: ori = np.float64(38.32279203570176)
4.3886 	EXP 	rot_line_precue: ori = np.float64(38.807817152009314)
4.3969 	EXP 	rot_line_precue: ori = np.float64(39.307919917769844)
4.4056 	EXP 	rot_line_precue: ori = np.float64(39.69366661822551)
4.4139 	EXP 	rot_line_precue: ori = np.float64(40.15914017535634)
4.4219 	EXP 	rot_line_precue: ori = np.float64(40.57947600241232)
4.4302 	EXP 	rot_line_precue: ori = np.float64(40.971706483795955)
4.4386 	EXP 	rot_line_precue: ori = np.float64(41.29728767065759)
4.4467 	EXP 	rot_line_precue: ori = np.float64(41.603078447650184)
4.4552 	EXP 	rot_line_precue: ori = np.float64(41.917839293982816)
4.4643 	EXP 	rot_line_precue: ori = np.float64(42.28548135700911)
4.4718 	EXP 	rot_line_precue: ori = np.float64(42.58434575207582)
4.4802 	EXP 	rot_line_precue: ori = np.float64(42.9131347856442)
4.4886 	EXP 	rot_line_precue: ori = np.float64(43.214457649995936)
4.4977 	EXP 	rot_line_precue: ori = np.float64(43.57536774685116)
4.5052 	EXP 	rot_line_precue: ori = np.float64(44.02048476586608)
4.5138 	EXP 	rot_line_precue: ori = np.float64(44.31585981878012)
4.5222 	EXP 	rot_line_precue: ori = np.float64(44.650936136862555)
4.5307 	EXP 	rot_line_precue: ori = np.float64(45.08862324040867)
4.5389 	EXP 	rot_line_precue: ori = np.float64(45.38600413840681)
4.5472 	EXP 	rot_line_precue: ori = np.float64(45.691115431160796)
4.5552 	EXP 	rot_line_precue: ori = np.float64(45.99246827215859)
4.5640 	EXP 	rot_line_precue: ori = np.float64(46.29558719963734)
4.5720 	EXP 	rot_line_precue: ori = np.float64(46.59314911613065)
4.5802 	EXP 	rot_line_precue: ori = np.float64(47.05651451219836)
4.5888 	EXP 	rot_line_precue: ori = np.float64(47.51230216389833)
4.5969 	EXP 	rot_line_precue: ori = np.float64(47.822735592549215)
4.6052 	EXP 	rot_line_precue: ori = np.float64(48.28768277628187)
4.6134 	EXP 	rot_line_precue: ori = np.float64(48.76630987569832)
4.6219 	EXP 	rot_line_precue: ori = np.float64(49.377010060756845)
4.6302 	EXP 	rot_line_precue: ori = np.float64(49.704071069098596)
4.6384 	EXP 	rot_line_precue: ori = np.float64(50.01120805398861)
4.6469 	EXP 	rot_line_precue: ori = np.float64(50.30727945623489)
4.6552 	EXP 	rot_line_precue: ori = np.float64(50.612981847965266)
4.6634 	EXP 	rot_line_precue: ori = np.float64(50.92987863856069)
4.6724 	EXP 	rot_line_precue: ori = np.float64(51.23536277677773)
4.6804 	EXP 	rot_line_precue: ori = np.float64(51.53501973592487)
4.6892 	EXP 	rot_line_precue: ori = np.float64(51.8742481404637)
4.6974 	EXP 	rot_line_precue: ori = np.float64(52.18964611492196)
4.7056 	EXP 	rot_line_precue: ori = np.float64(52.53351282794917)
4.7143 	EXP 	rot_line_precue: ori = np.float64(52.85997529467412)
4.7223 	EXP 	rot_line_precue: ori = np.float64(53.19005513329898)
4.7305 	EXP 	rot_line_precue: ori = np.float64(53.67247733839426)
4.7386 	EXP 	rot_line_precue: ori = np.float64(54.4324259580299)
4.7472 	EXP 	rot_line_precue: ori = np.float64(54.7857567919112)
4.7554 	EXP 	rot_line_precue: ori = np.float64(55.18895373117384)
4.7637 	EXP 	rot_line_precue: ori = np.float64(55.49775025430018)
4.7721 	EXP 	rot_line_precue: ori = np.float64(55.92936284965773)
4.7805 	EXP 	rot_line_precue: ori = np.float64(56.24514473470208)
4.7887 	EXP 	rot_line_precue: ori = np.float64(56.73341860193836)
4.7969 	EXP 	rot_line_precue: ori = np.float64(57.132738930926216)
4.8053 	EXP 	rot_line_precue: ori = np.float64(57.54775102210429)
4.8137 	EXP 	rot_line_precue: ori = np.float64(57.86036553269557)
4.8217 	EXP 	rot_line_precue: ori = np.float64(58.223452441603186)
4.8303 	EXP 	rot_line_precue: ori = np.float64(58.630067314326084)
4.8385 	EXP 	rot_line_precue: ori = np.float64(59.159821231155234)
4.8468 	EXP 	rot_line_precue: ori = np.float64(59.464824601992106)
4.8554 	EXP 	rot_line_precue: ori = np.float64(60.00064813212325)
4.8642 	EXP 	rot_line_precue: ori = np.float64(60.4082516828087)
4.8720 	EXP 	rot_line_precue: ori = np.float64(60.72695775672761)
4.8806 	EXP 	rot_line_precue: ori = np.float64(61.09923542770105)
4.8889 	EXP 	rot_line_precue: ori = np.float64(61.52416062921287)
4.8970 	EXP 	rot_line_precue: ori = np.float64(61.90030173485404)
4.9057 	EXP 	rot_line_precue: ori = np.float64(62.311006357391)
4.9138 	EXP 	rot_line_precue: ori = np.float64(62.821029274435766)
4.9218 	EXP 	rot_line_precue: ori = np.float64(63.15659250379114)
4.9306 	EXP 	rot_line_precue: ori = np.float64(63.51072390845672)
4.9387 	EXP 	rot_line_precue: ori = np.float64(63.819377178588525)
4.9469 	EXP 	rot_line_precue: ori = np.float64(64.20684250594557)
4.9552 	EXP 	rot_line_precue: ori = np.float64(64.56730709820683)
4.9636 	EXP 	rot_line_precue: ori = np.float64(65.36547128817018)
4.9718 	EXP 	rot_line_precue: ori = np.float64(65.6658386691263)
4.9802 	EXP 	rot_line_precue: ori = np.float64(66.00975499543115)
4.9891 	EXP 	rot_line_precue: ori = np.float64(66.35945660033335)
4.9968 	EXP 	rot_line_precue: ori = np.float64(66.74254138212726)
5.0052 	EXP 	rot_line_precue: ori = np.float64(67.1864340675539)
5.0136 	EXP 	rot_line_precue: ori = np.float64(67.48210770286609)
5.0218 	EXP 	rot_line_precue: ori = np.float64(68.03780817197999)
5.0301 	EXP 	rot_line_precue: ori = np.float64(68.41421522364038)
5.0388 	EXP 	rot_line_precue: ori = np.float64(68.76090450521143)
5.0472 	EXP 	rot_line_precue: ori = np.float64(69.43193810630957)
5.0558 	EXP 	rot_line_precue: ori = np.float64(69.7328342990752)
5.0641 	EXP 	rot_line_precue: ori = np.float64(70.24180929933763)
5.0723 	EXP 	rot_line_precue: ori = np.float64(70.69933075193626)
5.0812 	EXP 	rot_line_precue: ori = np.float64(71.1051073809592)
5.0890 	EXP 	rot_line_precue: ori = np.float64(71.40055488778768)
5.0972 	EXP 	rot_line_precue: ori = np.float64(71.70956566318193)
5.1053 	EXP 	rot_line_precue: ori = np.float64(72.21180978033456)
5.1138 	EXP 	rot_line_precue: ori = np.float64(72.62208678845097)
5.1220 	EXP 	rot_line_precue: ori = np.float64(72.91895211334118)
5.1302 	EXP 	rot_line_precue: ori = np.float64(73.2184131000339)
5.1385 	EXP 	rot_line_precue: ori = np.float64(73.58127347052563)
5.1469 	EXP 	rot_line_precue: ori = np.float64(73.89655326124053)
5.1552 	EXP 	rot_line_precue: ori = np.float64(74.35625916060292)
5.1634 	EXP 	rot_line_precue: ori = np.float64(74.69880406673266)
5.1718 	EXP 	rot_line_precue: ori = np.float64(75.11896837017927)
5.1807 	EXP 	rot_line_precue: ori = np.float64(75.66319799148029)
5.1884 	EXP 	rot_line_precue: ori = np.float64(76.01561858883794)
5.1967 	EXP 	rot_line_precue: ori = np.float64(76.44290212439918)
5.2053 	EXP 	rot_line_precue: ori = np.float64(76.74380929457638)
5.2135 	EXP 	rot_line_precue: ori = np.float64(77.04196835095358)
5.2221 	EXP 	rot_line_precue: ori = np.float64(77.47102978597712)
5.2305 	EXP 	rot_line_precue: ori = np.float64(77.95587629480124)
5.2392 	EXP 	rot_line_precue: ori = np.float64(78.35894399034798)
5.2473 	EXP 	rot_line_precue: ori = np.float64(78.67543455887943)
5.2557 	EXP 	rot_line_precue: ori = np.float64(78.97594234117119)
5.2641 	EXP 	rot_line_precue: ori = np.float64(79.35037187188897)
5.2722 	EXP 	rot_line_precue: ori = np.float64(79.65165568995813)
5.2806 	EXP 	rot_line_precue: ori = np.float64(80.02431783999059)
5.2888 	EXP 	rot_line_precue: ori = np.float64(80.35861556440464)
5.2971 	EXP 	rot_line_precue: ori = np.float64(80.69912125454226)
5.3054 	EXP 	rot_line_precue: ori = np.float64(81.02577400105993)
5.3135 	EXP 	rot_line_precue: ori = np.float64(81.3309034689184)
5.3218 	EXP 	rot_line_precue: ori = np.float64(81.85150004011246)
5.3304 	EXP 	rot_line_precue: ori = np.float64(82.25696315165042)
5.3386 	EXP 	rot_line_precue: ori = np.float64(82.66554938240019)
5.3467 	EXP 	rot_line_precue: ori = np.float64(83.01095598546212)
5.3553 	EXP 	rot_line_precue: ori = np.float64(83.56137259761505)
5.3635 	EXP 	rot_line_precue: ori = np.float64(83.85714507754781)
5.3725 	EXP 	rot_line_precue: ori = np.float64(84.46534587499173)
5.3804 	EXP 	rot_line_precue: ori = np.float64(84.96162172204409)
5.3888 	EXP 	rot_line_precue: ori = np.float64(85.3013211020185)
5.3970 	EXP 	rot_line_precue: ori = np.float64(85.927602510691)
5.4058 	EXP 	rot_line_precue: ori = np.float64(86.2643284983366)
5.4140 	EXP 	rot_line_precue: ori = np.float64(86.56784785473315)
5.4220 	EXP 	rot_line_precue: ori = np.float64(87.12909789673957)
5.4309 	EXP 	rot_line_precue: ori = np.float64(87.48587590552485)
5.4389 	EXP 	rot_line_precue: ori = np.float64(87.94899723978001)
5.4470 	EXP 	rot_line_precue: ori = np.float64(88.67886252239254)
5.4563 	EXP 	rot_line_precue: ori = np.float64(89.32037937632421)
5.4637 	EXP 	rot_line_precue: ori = np.float64(89.79598838961793)
5.4720 	EXP 	rot_line_precue: ori = np.float64(90.14397589096022)
5.4802 	EXP 	rot_line_precue: ori = np.float64(90.51888107452815)
5.4887 	EXP 	rot_line_precue: ori = np.float64(90.84148813892179)
5.4968 	EXP 	rot_line_precue: ori = np.float64(91.16470627119352)
5.5052 	EXP 	rot_line_precue: ori = np.float64(91.49601015163792)
5.5136 	EXP 	rot_line_precue: ori = np.float64(91.91214859215337)
5.5218 	EXP 	rot_line_precue: ori = np.float64(92.253112829972)
5.5302 	EXP 	rot_line_precue: ori = np.float64(92.56967089978528)
5.5386 	EXP 	rot_line_precue: ori = np.float64(92.88409924940004)
5.5469 	EXP 	rot_line_precue: ori = np.float64(93.23925789692423)
5.5552 	EXP 	rot_line_precue: ori = np.float64(93.67187525682778)
5.5633 	EXP 	rot_line_precue: ori = np.float64(94.39434027041578)
5.5723 	EXP 	rot_line_precue: ori = np.float64(94.69968295756848)
5.5811 	EXP 	rot_line_precue: ori = np.float64(95.32827785399085)
5.5888 	EXP 	rot_line_precue: ori = np.float64(95.624183234105)
5.5973 	EXP 	rot_line_precue: ori = np.float64(96.0697279079568)
5.6055 	EXP 	rot_line_precue: ori = np.float64(96.65865506841273)
5.6142 	EXP 	rot_line_precue: ori = np.float64(97.04161862787139)
5.6152 	EXP 	New trial (rep=1, index=1): <Trial 1 (1 in rep 1) data={'pic_name': 'pics/left_hand.JPG', 'class_mi': 'left_hand', 'thisN': 1, 'thisTrialN': 1, 'thisRepN': 1}>
5.6219 	EXP 	hor_line_precue: autoDraw = False
5.6219 	EXP 	ver_line_precue: autoDraw = False
5.6219 	EXP 	rot_line_precue: autoDraw = False
5.6219 	EXP 	rot_line_precue: ori = np.float64(97.3700449878811)
5.6219 	EXP 	point_left: autoDraw = False
5.6219 	EXP 	hor_line_precue: autoDraw = False
5.6219 	EXP 	ver_line_precue: autoDraw = False
5.6219 	EXP 	rot_line_precue: autoDraw = False
5.6219 	EXP 	point_left: autoDraw = False
5.6219 	EXP 	hor_line_precue: autoDraw = True
5.6219 	EXP 	ver_line_precue: autoDraw = True
5.6219 	EXP 	rot_line_precue: autoDraw = True
5.6219 	EXP 	rot_line_precue: ori = np.float64(98.11565816881529)
5.6219 	EXP 	point_left: autoDraw = True
5.6303 	EXP 	rot_line_precue: ori = np.float64(98.51178164292793)
5.6389 	EXP 	rot_line_precue: ori = np.float64(98.977623979854)
5.6471 	EXP 	rot_line_precue: ori = np.float64(99.54072442531437)
5.6553 	EXP 	rot_line_precue: ori = np.float64(99.923361930371)
5.6635 	EXP 	rot_line_precue: ori = np.float64(100.29702025731136)
5.6720 	EXP 	rot_line_precue: ori = np.float64(100.95784998694232)
5.6802 	EXP 	rot_line_precue: ori = np.float64(101.2924867892884)
5.6884 	EXP 	rot_line_precue: ori = np.float64(101.72575658183847)
5.6969 	EXP 	rot_line_precue: ori = np.float64(102.1972141763318)
5.7052 	EXP 	rot_line_precue: ori = np.float64(102.53951770829062)
5.7135 	EXP 	rot_line_precue: ori = np.float64(102.84242471722312)
5.7220 	EXP 	rot_line_precue: ori = np.float64(103.18699427028355)
5.7302 	EXP 	rot_line_precue: ori = np.float64(103.49272814493314)
5.7385 	EXP 	rot_line_precue: ori = np.float64(104.01943399886785)
5.7466 	EXP 	rot_line_precue: ori = np.float64(104.35307297770497)
5.7555 	EXP 	rot_line_precue: ori = np.float64(104.83104703514718)
5.7642 	EXP 	rot_line_precue: ori = np.float64(105.2975555091326)
5.7724 	EXP 	rot_line_precue: ori = np.float64(105.69898218799102)
5.7807 	EXP 	rot_line_precue: ori = np.float64(106.06742287240179)
5.7892 	EXP 	rot_line_precue: ori = np.float64(106.38748108266044)
5.7976 	EXP 	rot_line_precue: ori = np.float64(106.6895499426387)
5.8058 	EXP 	rot_line_precue: ori = np.float64(106.98880266107817)
5.8150 	EXP 	rot_line_precue: ori = np.float64(107.3063608380386)
5.8217 	EXP 	rot_line_precue: ori = np.float64(107.92125808601945)
5.8305 	EXP 	rot_line_precue: ori = np.float64(108.25233397358583)
5.8386 	EXP 	rot_line_precue: ori = np.float64(108.58263077080983)
5.8468 	EXP 	rot_line_precue: ori = np.float64(108.90584765682515)
5.8553 	EXP 	rot_line_precue: ori = np.float64(109.24077694031176)
5.8635 	EXP 	rot_line_precue: ori = np.float64(109.67191571636495)
5.8718 	EXP 	rot_line_precue: ori = np.float64(110.09415053365956)
5.8803 	EXP 	rot_line_precue: ori = np.float64(110.41505149539867)
5.8885 	EXP 	rot_line_precue: ori = np.float64(110.82882752448839)
5.8976 	EXP 	rot_line_precue: ori = np.float64(111.1560520315945)
5.9051 	EXP 	rot_line_precue: ori = np.float64(111.49224794451568)
5.9135 	EXP 	rot_line_precue: ori = np.float64(111.83306839719606)
5.9217 	EXP 	rot_line_precue: ori = np.float64(112.18015644712969)
5.9300 	EXP 	rot_line_precue: ori = np.float64(112.48910573820572)
5.9393 	EXP 	rot_line_precue: ori = np.float64(112.85844895340794)
5.9470 	EXP 	rot_line_precue: ori = np.float64(113.26483318274911)
5.9558 	EXP 	rot_line_precue: ori = np.float64(113.66500367112727)
5.9640 	EXP 	rot_line_precue: ori = np.float64(114.37731454234955)
5.9721 	EXP 	rot_line_precue: ori = np.float64(114.81528412159366)
5.9814 	EXP 	rot_line_precue: ori = np.float64(115.11643065182639)
5.9887 	EXP 	rot_line_precue: ori = np.float64(115.50605362027589)
5.9972 	EXP 	rot_line_precue: ori = np.float64(115.91050082706685)
6.0056 	EXP 	rot_line_precue: ori = np.float64(116.23106371264993)
6.0138 	EXP 	rot_line_precue: ori = np.float64(116.62160778947397)
6.0220 	EXP 	rot_line_precue: ori = np.float64(117.0119518795056)
6.0302 	EXP 	rot_line_precue: ori = np.float64(117.35834942947548)
6.0386 	EXP 	rot_line_precue: ori = np.float64(117.79111821163752)
6.0468 	EXP 	rot_line_precue: ori = np.float64(118.12779889717817)
6.0552 	EXP 	rot_line_precue: ori = np.float64(118.42415412029686)
6.0637 	EXP 	rot_line_precue: ori = np.float64(119.11069632104078)
6.0719 	EXP 	rot_line_precue: ori = np.float64(119.47826181451741)
6.0802 	EXP 	rot_line_precue: ori = np.float64(119.86445861700227)
6.0885 	EXP 	rot_line_precue: ori = np.float64(120.16022910056451)
6.0973 	EXP 	rot_line_precue: ori = np.float64(120.45555102794106)
6.1058 	EXP 	rot_line_precue: ori = np.float64(120.82743947145822)
6.1145 	EXP 	rot_line_precue: ori = np.float64(121.17885562111506)
6.1221 	EXP 	rot_line_precue: ori = np.float64(121.47433331035712)
6.1309 	EXP 	rot_line_precue: ori = np.float64(121.8254568128074)
6.1392 	EXP 	rot_line_precue: ori = np.float64(122.35204521172747)
6.1473 	EXP 	rot_line_precue: ori = np.float64(122.83936375876657)
6.1556 	EXP 	rot_line_precue: ori = np.float64(123.58496461312605)
6.1641 	EXP 	rot_line_precue: ori = np.float64(123.95664319926746)
6.1722 	EXP 	rot_line_precue: ori = np.float64(124.34265490225702)
6.1805 	EXP 	rot_line_precue: ori = np.float64(124.67203421239017)
6.1890 	EXP 	rot_line_precue: ori = np.float64(124.97516934966978)
6.1972 	EXP 	rot_line_precue: ori = np.float64(125.74178642703491)
6.2062 	EXP 	rot_line_precue: ori = np.float64(126.06822455903044)
6.2135 	EXP 	rot_line_precue: ori = np.float64(126.64219828763797)
6.2219 	EXP 	rot_line_precue: ori = np.float64(126.94451955195109)
6.2302 	EXP 	rot_line_precue: ori = np.float64(127.30073875414621)
6.2384 	EXP 	rot_line_precue: ori = np.float64(127.7994275247309)
6.2467 	EXP 	rot_line_precue: ori = np.float64(128.29032952261835)
6.2552 	EXP 	rot_line_precue: ori = np.float64(128.65498482813786)
6.2635 	EXP 	rot_line_precue: ori = np.float64(129.02323730049628)
6.2720 	EXP 	rot_line_precue: ori = np.float64(129.43949791633008)
6.2803 	EXP 	rot_line_precue: ori = np.float64(129.75331564585258)
6.2893 	EXP 	rot_line_precue: ori = np.float64(130.123230292495)
6.2969 	EXP 	rot_line_precue: ori = np.float64(130.49997827194153)
6.3055 	EXP 	rot_line_precue: ori = np.float64(130.85606345961284)
6.3142 	EXP 	rot_line_precue: ori = np.float64(131.23472352618404)
6.3223 	EXP 	rot_line_precue: ori = np.float64(131.59833124087598)
6.3305 	EXP 	rot_line_precue: ori = np.float64(131.91081941331336)
6.3393 	EXP 	rot_line_precue: ori = np.float64(132.2147799544885)
6.3473 	EXP 	rot_line_precue: ori = np.float64(132.6660166549928)
6.3554 	EXP 	rot_line_precue: ori = np.float64(132.97726529786675)
6.3638 	EXP 	rot_line_precue: ori = np.float64(133.3027467667087)
6.3718 	EXP 	rot_line_precue: ori = np.float64(133.63498451891775)
6.3805 	EXP 	rot_line_precue: ori = np.float64(134.04028590374105)
6.3886 	EXP 	rot_line_precue: ori = np.float64(134.36896002945952)
6.3968 	EXP 	rot_line_precue: ori = np.float64(134.6909575269967)
6.4054 	EXP 	rot_line_precue: ori = np.float64(135.19124844976295)
6.4136 	EXP 	rot_line_precue: ori = np.float64(135.51406650455033)
6.4218 	EXP 	rot_line_precue: ori = np.float64(135.82745228209325)
6.4304 	EXP 	rot_line_precue: ori = np.float64(136.1536290054328)
6.4387 	EXP 	rot_line_precue: ori = np.float64(136.56167556242025)
6.4468 	EXP 	rot_line_precue: ori = np.float64(137.0213238589392)
6.4552 	EXP 	rot_line_precue: ori = np.float64(137.47537939360663)
6.4644 	EXP 	rot_line_precue: ori = np.float64(137.79961168097321)
6.4719 	EXP 	rot_line_precue: ori = np.float64(138.18702646979338)
6.4806 	EXP 	rot_line_precue: ori = np.float64(138.50995983930326)
6.4889 	EXP 	rot_line_precue: ori = np.float64(138.8198514140549)
6.4975 	EXP 	rot_line_precue: ori = np.float64(139.12992930219977)
6.5057 	EXP 	rot_line_precue: ori = np.float64(139.45975973670332)
6.5140 	EXP 	rot_line_precue: ori = np.float64(140.07919236050873)
6.5221 	EXP 	rot_line_precue: ori = np.float64(140.4289791216706)
6.5306 	EXP 	rot_line_precue: ori = np.float64(140.75500953695905)
6.5390 	EXP 	rot_line_precue: ori = np.float64(141.126638737114)
6.5470 	EXP 	rot_line_precue: ori = np.float64(141.42438979193156)
6.5557 	EXP 	rot_line_precue: ori = np.float64(141.74955234668278)
6.5639 	EXP 	rot_line_precue: ori = np.float64(142.18783183174813)
6.5722 	EXP 	rot_line_precue: ori = np.float64(142.69049990324405)
6.5808 	EXP 	rot_line_precue: ori = np.float64(143.02387700137294)
6.5889 	EXP 	rot_line_precue: ori = np.float64(143.5460088722527)
6.5973 	EXP 	rot_line_precue: ori = np.float64(143.8437698061396)
6.6057 	EXP 	rot_line_precue: ori = np.float64(144.3745120029469)
6.6141 	EXP 	rot_line_precue: ori = np.float64(144.75963531472263)
6.6221 	EXP 	rot_line_precue: ori = np.float64(145.06678391062545)
6.6302 	EXP 	rot_line_precue: ori = np.float64(145.46495180156455)
6.6388 	EXP 	rot_line_precue: ori = np.float64(145.83704417768573)
6.6473 	EXP 	rot_line_precue: ori = np.float64(146.26300150990625)
6.6554 	EXP 	rot_line_precue: ori = np.float64(146.56000969065803)
6.6640 	EXP 	rot_line_precue: ori = np.float64(146.9581898721681)
6.6723 	EXP 	rot_line_precue: ori = np.float64(147.30442734289298)
6.6809 	EXP 	rot_line_precue: ori = np.float64(147.61858922112648)
6.6892 	EXP 	rot_line_precue: ori = np.float64(147.91782093132383)
6.6974 	EXP 	rot_line_precue: ori = np.float64(148.26500740991708)
6.7055 	EXP 	rot_line_precue: ori = np.float64(148.94845139031725)
6.7135 	EXP 	rot_line_precue: ori = np.float64(149.25821104377965)
6.7227 	EXP 	rot_line_precue: ori = np.float64(149.61209738948716)
6.7303 	EXP 	rot_line_precue: ori = np.float64(150.19848958958164)
6.7390 	EXP 	rot_line_precue: ori = np.float64(150.51504128170401)
6.7468 	EXP 	rot_line_precue: ori = np.float64(150.89471464219992)
6.7553 	EXP 	rot_line_precue: ori = np.float64(151.28470394054037)
6.7635 	EXP 	rot_line_precue: ori = np.float64(151.6671961306639)
6.7721 	EXP 	rot_line_precue: ori = np.float64(151.98396899479047)
6.7803 	EXP 	rot_line_precue: ori = np.float64(152.34567789736096)
6.7886 	EXP 	rot_line_precue: ori = np.float64(152.71534445850912)
6.7970 	EXP 	rot_line_precue: ori = np.float64(153.07299280550865)
6.8053 	EXP 	rot_line_precue: ori = np.float64(153.42858406440521)
6.8137 	EXP 	rot_line_precue: ori = np.float64(153.93602232869708)
6.8224 	EXP 	rot_line_precue: ori = np.float64(154.4311483381721)
6.8306 	EXP 	rot_line_precue: ori = np.float64(154.8263034575864)
6.8388 	EXP 	rot_line_precue: ori = np.float64(155.1433456545645)
6.8474 	EXP 	rot_line_precue: ori = np.float64(155.5192215740434)
6.8557 	EXP 	rot_line_precue: ori = np.float64(155.89817987006478)
6.8643 	EXP 	rot_line_precue: ori = np.float64(156.21424394026826)
6.8724 	EXP 	rot_line_precue: ori = np.float64(156.51440752025096)
6.8809 	EXP 	rot_line_precue: ori = np.float64(156.8244380781718)
6.8894 	EXP 	rot_line_precue: ori = np.float64(157.37410259888645)
6.8974 	EXP 	rot_line_precue: ori = np.float64(157.76129107288975)
6.9055 	EXP 	rot_line_precue: ori = np.float64(158.1003871312432)
6.9138 	EXP 	rot_line_precue: ori = np.float64(158.83919260525883)
6.9225 	EXP 	rot_line_precue: ori = np.float64(159.15574155259853)
6.9301 	EXP 	rot_line_precue: ori = np.float64(159.50506250194042)
6.9385 	EXP 	rot_line_precue: ori = np.float64(159.9059546071192)
6.9468 	EXP 	rot_line_precue: ori = np.float64(160.3380420659638)
6.9554 	EXP 	rot_line_precue: ori = np.float64(160.67752006879357)
6.9636 	EXP 	rot_line_precue: ori = np.float64(161.00328529180948)
6.9719 	EXP 	rot_line_precue: ori = np.float64(161.32527488666275)
6.9802 	EXP 	rot_line_precue: ori = np.float64(161.64390701317467)
6.9886 	EXP 	rot_line_precue: ori = np.float64(161.96405504715054)
6.9969 	EXP 	rot_line_precue: ori = np.float64(162.4957651675321)
7.0052 	EXP 	rot_line_precue: ori = np.float64(162.86095257290847)
7.0144 	EXP 	rot_line_precue: ori = np.float64(163.2341673954363)
7.0220 	EXP 	rot_line_precue: ori = np.float64(163.66038050170144)
7.0307 	EXP 	rot_line_precue: ori = np.float64(164.25479146139017)
7.0389 	EXP 	rot_line_precue: ori = np.float64(164.91578244824578)
7.0472 	EXP 	rot_line_precue: ori = np.float64(165.26983246451059)
7.0557 	EXP 	rot_line_precue: ori = np.float64(165.85086493822465)
7.0639 	EXP 	rot_line_precue: ori = np.float64(166.16469373706585)
7.0720 	EXP 	rot_line_precue: ori = np.float64(166.47937003608243)
7.0806 	EXP 	rot_line_precue: ori = np.float64(166.82487319161706)
7.0888 	EXP 	rot_line_precue: ori = np.float64(167.38070092464093)
7.0970 	EXP 	rot_line_precue: ori = np.float64(167.69257551441254)
7.1052 	EXP 	rot_line_precue: ori = np.float64(168.07446025696416)
7.1137 	EXP 	rot_line_precue: ori = np.float64(168.41075434968238)
7.1225 	EXP 	rot_line_precue: ori = np.float64(168.7276399933918)
7.1308 	EXP 	rot_line_precue: ori = np.float64(169.04663255537423)
7.1384 	EXP 	rot_line_precue: ori = np.float64(169.38266003361628)
7.1469 	EXP 	rot_line_precue: ori = np.float64(169.6978853422583)
7.1552 	EXP 	rot_line_precue: ori = np.float64(170.09732900012867)
7.1635 	EXP 	rot_line_precue: ori = np.float64(170.7407081076505)
7.1719 	EXP 	rot_line_precue: ori = np.float64(171.2808089706407)
7.1801 	EXP 	rot_line_precue: ori = np.float64(171.67108150079324)
7.1884 	EXP 	rot_line_precue: ori = np.float64(171.97839458020167)
7.1969 	EXP 	rot_line_precue: ori = np.float64(172.426803432055)
7.2054 	EXP 	rot_line_precue: ori = np.float64(172.75286261382112)
7.2141 	EXP 	rot_line_precue: ori = np.float64(173.065711433689)
7.2224 	EXP 	rot_line_precue: ori = np.float64(173.56932657960326)
7.2306 	EXP 	rot_line_precue: ori = np.float64(174.30356898701092)
7.2392 	EXP 	rot_line_precue: ori = np.float64(174.9630213648588)
7.2474 	EXP 	rot_line_precue: ori = np.float64(175.29050510850553)
7.2556 	EXP 	rot_line_precue: ori = np.float64(175.6444389815494)
7.2640 	EXP 	rot_line_precue: ori = np.float64(175.9420741303802)
7.2722 	EXP 	rot_line_precue: ori = np.float64(176.25781744113806)
7.2804 	EXP 	rot_line_precue: ori = np.float64(176.65442625917137)
7.2886 	EXP 	rot_line_precue: ori = np.float64(177.00254823506276)
7.2971 	EXP 	rot_line_precue: ori = np.float64(177.374270804864)
7.3054 	EXP 	rot_line_precue: ori = np.float64(177.75304877705733)
7.3135 	EXP 	rot_line_precue: ori = np.float64(178.2863600995096)
7.3217 	EXP 	rot_line_precue: ori = np.float64(178.73490238399575)
7.3303 	EXP 	rot_line_precue: ori = np.float64(179.09912774688064)
7.3386 	EXP 	rot_line_precue: ori = np.float64(179.39944184264817)
7.3467 	EXP 	rot_line_precue: ori = np.float64(179.8419014842206)
7.3554 	EXP 	rot_line_precue: ori = np.float64(180.15511077770427)
7.3635 	EXP 	rot_line_precue: ori = np.float64(180.6829968053346)
7.3718 	EXP 	rot_line_precue: ori = np.float64(180.98279578025102)
7.3803 	EXP 	rot_line_precue: ori = np.float64(181.68245618699964)
7.3887 	EXP 	rot_line_precue: ori = np.float64(181.98104225630615)
7.3974 	EXP 	rot_line_precue: ori = np.float64(182.30526857447177)
7.4058 	EXP 	rot_line_precue: ori = np.float64(182.67339415755592)
7.4138 	EXP 	rot_line_precue: ori = np.float64(182.96999893739843)
7.4224 	EXP 	rot_line_precue: ori = np.float64(183.41763355280324)
7.4308 	EXP 	rot_line_precue: ori = np.float64(183.7743836251433)
7.4387 	EXP 	rot_line_precue: ori = np.float64(184.15643024221407)
7.4474 	EXP 	rot_line_precue: ori = np.float64(184.6624305758504)
7.4555 	EXP 	rot_line_precue: ori = np.float64(185.42632950635857)
7.4639 	EXP 	rot_line_precue: ori = np.float64(186.12683293010878)
7.4719 	EXP 	rot_line_precue: ori = np.float64(186.46127925012706)
7.4804 	EXP 	rot_line_precue: ori = np.float64(186.9236486174169)
7.4887 	EXP 	rot_line_precue: ori = np.float64(187.44273684771824)
7.4968 	EXP 	rot_line_precue: ori = np.float64(187.89347267054086)
7.5052 	EXP 	rot_line_precue: ori = np.float64(188.19125829885107)
7.5136 	EXP 	rot_line_precue: ori = np.float64(188.5147481892386)
7.5218 	EXP 	rot_line_precue: ori = np.float64(188.83767003456927)
7.5302 	EXP 	rot_line_precue: ori = np.float64(189.62444040773522)
7.5390 	EXP 	rot_line_precue: ori = np.float64(190.03946522258346)
7.5468 	EXP 	rot_line_precue: ori = np.float64(190.3664644550581)
7.5552 	EXP 	rot_line_precue: ori = np.float64(190.98644461112787)
7.5645 	EXP 	rot_line_precue: ori = np.float64(191.37119608981743)
7.5721 	EXP 	rot_line_precue: ori = np.float64(191.7063777964528)
7.5808 	EXP 	rot_line_precue: ori = np.float64(192.0380619175981)
7.5891 	EXP 	rot_line_precue: ori = np.float64(192.35416144676685)
7.5976 	EXP 	rot_line_precue: ori = np.float64(192.69109526866214)
7.6059 	EXP 	rot_line_precue: ori = np.float64(193.2163363647558)
7.6068 	EXP 	New trial (rep=0, index=2): <Trial 2 (2 in rep 0) data={'pic_name': 'pics/none.JPG', 'class_mi': 'rest', 'thisN': 2, 'thisTrialN': 2, 'thisRepN': 0}>
7.6139 	EXP 	hor_line_precue: autoDraw = False
7.6139 	EXP 	ver_line_precue: autoDraw = False
7.6139 	EXP 	rot_line_precue: autoDraw = False
7.6139 	EXP 	rot_line_precue: ori = np.float64(193.57725091356286)
7.6139 	EXP 	point_left: autoDraw = False
7.6139 	EXP 	hor_line_precue: autoDraw = False
7.6139 	EXP 	ver_line_precue: autoDraw = False
7.6139 	EXP 	rot_line_precue: autoDraw = False
7.6139 	EXP 	point_left: autoDraw = False
7.6139 	EXP 	hor_line_precue: autoDraw = True
7.6139 	EXP 	ver_line_precue: autoDraw = True
7.6139 	EXP 	rot_line_precue: autoDraw = True
7.6139 	EXP 	rot_line_precue: ori = np.float64(193.92399008638077)
7.6139 	EXP 	point_left: autoDraw = True
7.6221 	EXP 	rot_line_precue: ori = np.float64(194.2950266755221)
7.6302 	EXP 	rot_line_precue: ori = np.float64(194.7714411424072)
7.6388 	EXP 	rot_line_precue: ori = np.float64(195.1564861114699)
7.6471 	EXP 	rot_line_precue: ori = np.float64(195.62326958871304)
7.6552 	EXP 	rot_line_precue: ori = np.float64(195.94342543889306)
7.6635 	EXP 	rot_line_precue: ori = np.float64(196.238952784971)
7.6719 	EXP 	rot_line_precue: ori = np.float64(196.58672183458847)
7.6802 	EXP 	rot_line_precue: ori = np.float64(196.95410589840571)
7.6885 	EXP 	rot_line_precue: ori = np.float64(197.61367391943628)
7.6967 	EXP 	rot_line_precue: ori = np.float64(197.98851797349775)
7.7053 	EXP 	rot_line_precue: ori = np.float64(198.5762389000406)
7.7134 	EXP 	rot_line_precue: ori = np.float64(198.92159803807587)
7.7224 	EXP 	rot_line_precue: ori = np.float64(199.25527474299565)
7.7304 	EXP 	rot_line_precue: ori = np.float64(199.71436437739598)
7.7390 	EXP 	rot_line_precue: ori = np.float64(200.0515703355362)
7.7473 	EXP 	rot_line_precue: ori = np.float64(200.62644654368125)
7.7556 	EXP 	rot_line_precue: ori = np.float64(201.1250702560165)
7.7645 	EXP 	rot_line_precue: ori = np.float64(201.4285127875839)
7.7722 	EXP 	rot_line_precue: ori = np.float64(201.9332341760793)
7.7804 	EXP 	rot_line_precue: ori = np.float64(202.6878445110432)
7.7886 	EXP 	rot_line_precue: ori = np.float64(203.097052867052)
7.7973 	EXP 	rot_line_precue: ori = np.float64(203.55818005852376)
7.8054 	EXP 	rot_line_precue: ori = np.float64(203.8795923204037)
7.8137 	EXP 	rot_line_precue: ori = np.float64(204.50608030915802)
7.8229 	EXP 	rot_line_precue: ori = np.float64(204.89016553022248)
7.8304 	EXP 	rot_line_precue: ori = np.float64(205.1899028381705)
7.8386 	EXP 	rot_line_precue: ori = np.float64(205.59296373632543)
7.8468 	EXP 	rot_line_precue: ori = np.float64(205.96059841953388)
7.8553 	EXP 	rot_line_precue: ori = np.float64(206.29716368331947)
7.8561 	EXP 	Device response: <KeyPress from None: t=7.851396400001249, value=escape, duration=None>
7.8569 	DATA 	Keypress: escape
7.8636 	EXP 	rot_line_precue: ori = np.float64(206.6020194081831)
7.8719 	EXP 	rot_line_precue: ori = np.float64(207.0121043396214)
7.8808 	EXP 	rot_line_precue: ori = np.float64(207.3182857368813)
7.8885 	EXP 	rot_line_precue: ori = np.float64(207.81627201004054)
7.8967 	EXP 	rot_line_precue: ori = np.float64(208.14682572785)
7.9056 	EXP 	rot_line_precue: ori = np.float64(208.44427748776502)
7.9140 	EXP 	rot_line_precue: ori = np.float64(208.75608776345692)
7.9225 	EXP 	rot_line_precue: ori = np.float64(209.0608798204674)
7.9238 	EXP 	Device response: <KeyPress from None: t=7.851396400001249, value=escape, duration=0.07161959999939427>
7.9238 	EXP 	bci_racingteam: status = STOPPED
7.9308 	EXP 	rot_line_precue: ori = np.float64(209.4000639721482)
7.9308 	EXP 	hor_line_precue: autoDraw = False
7.9308 	EXP 	ver_line_precue: autoDraw = False
7.9308 	EXP 	rot_line_precue: autoDraw = False
7.9308 	EXP 	point_left: autoDraw = False
7.9309 	EXP 	bci_racingteam: status = STOPPED
