3.4748 	WARNING 	Requested an unavailable screen number - using first available.
3.4769 	WARNING 	User requested fullscreen with size [1920 1080], but screen is actually [1707, 1067]. Using actual size
3.7627 	EXP 	Created window1 = Window(allowGUI=False, allowStencil=False, autoLog=True, backendConf=UNKNOWN, backgroundFit=<method-wrapper '__getattribute__' of attributeSetter object at 0x000002A54F982350>, backgroundImage=<method-wrapper '__getattribute__' of attributeSetter object at 0x000002A54F9822F0>, bitsMode=UNKNOWN, blendMode='avg', bpc=(8, 8, 8), color=array([0, 0, 0]), colorSpace='rgb', depthBits=8, fullscr=True, gamma=None, gammaErrorPolicy='raise', infoMsg=UNKNOWN, lms=UNKNOWN, monitor=<psychopy.monitors.calibTools.Monitor object at 0x000002A54FBC7040>, multiSample=False, name='window1', numSamples=2, pos=[np.float64(0.0), np.float64(0.0)], screen=1, size=array([1707, 1067]), stencilBits=0, stereo=False, title='PsychoPy', units='height', useFBO=True, useRetina=False, viewOri=0.0, viewPos=None, viewScale=None, waitBlanking=True, winType='pyglet')
3.7627 	EXP 	window1: backgroundImage = ''
3.7628 	EXP 	window1: backgroundFit = 'none'
4.1209 	EXP 	window1: Attempting to measure frame rate of screen (1) ...
4.1209 	EXP 	window1: recordFrameIntervals = False
4.2165 	EXP 	window1: recordFrameIntervals = True
5.0501 	EXP 	window1: recordFrameIntervals = False
5.0501 	EXP 	Screen (1) actual frame rate measured at 118.96Hz
7.4799 	EXP 	bci_racingteam: status = STARTED
7.6098 	EXP 	Created text_pre_block = TextStim(__class__=<class 'psychopy.visual.text.TextStim'>, alignHoriz=method-wrapper(...), alignText='center', alignVert=method-wrapper(...), anchorHoriz='center', anchorVert='center', antialias=True, autoDraw=False, autoLog=True, bold=False, color=array([1., 1., 1.]), colorSpace='rgb', contrast=1.0, depth=0.0, draggable=False, flipHoriz=False, flipVert=False, font='Open Sans', fontFiles=[], height=np.float64(0.05), italic=False, languageStyle='LTR', name='text_pre_block', opacity=1, ori=0.0, pos=array([0., 0.]), rgb=UNKNOWN, text='Press any key to start ...', units='height', win=Window(...), wrapWidth=1)
7.6111 	EXP 	Created text_2 = TextStim(__class__=<class 'psychopy.visual.text.TextStim'>, alignHoriz=method-wrapper(...), alignText='center', alignVert=method-wrapper(...), anchorHoriz='center', anchorVert='center', antialias=True, autoDraw=False, autoLog=True, bold=False, color=array([1., 1., 1.]), colorSpace='rgb', contrast=1.0, depth=0.0, draggable=False, flipHoriz=False, flipVert=False, font='Arial', fontFiles=[], height=np.float64(0.05), italic=False, languageStyle='LTR', name='text_2', opacity=1, ori=0.0, pos=array([0., 0.]), rgb=UNKNOWN, text='', units='height', win=Window(...), wrapWidth=1)
7.6143 	EXP 	Created hor_line_precue = Line(__class__=<class 'psychopy.visual.line.Line'>, anchor=('center', 'center'), autoDraw=False, autoLog=True, closeShape=False, color=array([1., 1., 1.]), colorSpace='rgb', contrast=None, depth=0.0, draggable=False, fillColor=array([1, 1, 1]), fillColorSpace='rgb', fillRGB=array([1, 1, 1]), interpolate=True, lineColor=array([1., 1., 1.]), lineColorSpace='rgb', lineRGB=array([1, 1, 1]), lineWidth=5.0, name='hor_line_precue', opacity=1, ori=-45.0, pos=array([0., 0.]), size=array([0.35, 0.35]), units='height', vertices=array([[-0.5, -0.5],
       [ 0.5,  0.5]]), win=Window(...), windingRule=None)
7.6155 	EXP 	Created ver_line_precue = Line(__class__=<class 'psychopy.visual.line.Line'>, anchor=('center', 'center'), autoDraw=False, autoLog=True, closeShape=False, color=array([1., 1., 1.]), colorSpace='rgb', contrast=None, depth=-1.0, draggable=False, fillColor=array([1, 1, 1]), fillColorSpace='rgb', fillRGB=array([1, 1, 1]), interpolate=True, lineColor=array([1., 1., 1.]), lineColorSpace='rgb', lineRGB=array([1, 1, 1]), lineWidth=5.0, name='ver_line_precue', opacity=1, ori=45.0, pos=array([0., 0.]), size=array([0.35, 0.35]), units='height', vertices=array([[-0.5, -0.5],
       [ 0.5,  0.5]]), win=Window(...), windingRule=None)
7.6165 	EXP 	Created rot_line_precue = Line(__class__=<class 'psychopy.visual.line.Line'>, anchor=('center', 'center'), autoDraw=False, autoLog=True, closeShape=False, color=array([1., 1., 1.]), colorSpace='rgb', contrast=None, depth=-2.0, draggable=False, fillColor=array([1, 1, 1]), fillColorSpace='rgb', fillRGB=array([1, 1, 1]), interpolate=True, lineColor=array([1., 1., 1.]), lineColorSpace='rgb', lineRGB=array([1, 1, 1]), lineWidth=5.0, name='rot_line_precue', opacity=1, ori=1.0, pos=array([0., 0.]), size=array([0.35, 0.35]), units='height', vertices=array([[-0.5, -0.5],
       [ 0.5,  0.5]]), win=Window(...), windingRule=None)
7.6241 	EXP 	Created image = ImageStim(__class__=<class 'psychopy.visual.image.ImageStim'>, anchor=('center', 'center'), autoLog=True, color=array([1., 1., 1.]), colorSpace='rgb', contrast=1.0, depth=-4.0, draggable=False, flipHoriz=np.False_, flipVert=np.False_, image='default.png', interpolate=True, mask=None, maskParams=None, name='image', opacity=1, ori=0.0, pos=array([0.5, 0. ]), size=array([0.2, 0.2]), texRes=128.0, units='height', win=Window(...))
7.6289 	EXP 	Created text = TextStim(__class__=<class 'psychopy.visual.text.TextStim'>, alignHoriz=method-wrapper(...), alignText='center', alignVert=method-wrapper(...), anchorHoriz='center', anchorVert='center', antialias=True, autoDraw=False, autoLog=True, bold=False, color=array([1., 1., 1.]), colorSpace='rgb', contrast=1.0, depth=0.0, draggable=False, flipHoriz=False, flipVert=False, font='Arial', fontFiles=[], height=np.float64(0.05), italic=False, languageStyle='LTR', name='text', opacity=1, ori=0.0, pos=array([0., 0.]), rgb=UNKNOWN, text='Run Finished', units='height', win=Window(...), wrapWidth=1)
7.6327 	EXP 	Created text_post_run = TextStim(__class__=<class 'psychopy.visual.text.TextStim'>, alignHoriz=method-wrapper(...), alignText='center', alignVert=method-wrapper(...), anchorHoriz='center', anchorVert='center', antialias=True, autoDraw=False, autoLog=True, bold=False, color=array([1., 1., 1.]), colorSpace='rgb', contrast=1.0, depth=0.0, draggable=False, flipHoriz=False, flipVert=False, font='Open Sans', fontFiles=[], height=np.float64(0.05), italic=False, languageStyle='LTR', name='text_post_run', opacity=1, ori=0.0, pos=array([0., 0.]), rgb=UNKNOWN, text='Block Finished. Yuhu!', units='height', win=Window(...), wrapWidth=1)
0.0166 	EXP 	rot_line_precue: ori = 0
0.0214 	EXP 	text_pre_block: autoDraw = True
1.3658 	EXP 	Device response: <KeyPress from None: t=1.3566766999938409, value=space, duration=None>
1.3675 	EXP 	New trial (rep=0, index=0): <Trial 0 (0 in rep 0) data={'thisN': 0, 'thisTrialN': 0, 'thisRepN': 0}>
1.3698 	DATA 	Keypress: space
1.3728 	EXP 	text_pre_block: autoDraw = False
1.3728 	EXP 	text_2: autoDraw = True
1.4175 	EXP 	Device response: <KeyPress from None: t=1.3566766999938409, value=space, duration=0.054195400000025984>
4.3647 	EXP 	Imported classes.csv as conditions, 4 conditions, 2 params
4.3658 	EXP 	New trial (rep=0, index=0): <Trial 0 (0 in rep 0) data={'pic_name': 'pics/left_hand.JPG', 'class_mi': 'left_hand', 'thisN': 0, 'thisTrialN': 0, 'thisRepN': 0}>
4.3770 	EXP 	text_2: autoDraw = False
4.3770 	EXP 	text_2: autoDraw = False
4.3770 	EXP 	image: image = 'pics/left_hand.JPG'
4.3770 	EXP 	hor_line_precue: autoDraw = True
4.3770 	EXP 	ver_line_precue: autoDraw = True
4.3770 	EXP 	rot_line_precue: autoDraw = True
4.3770 	EXP 	rot_line_precue: ori = np.float64(0.6129025656654498)
4.3770 	EXP 	image: autoDraw = True
4.3807 	EXP 	rot_line_precue: ori = np.float64(0.9510606466804514)
4.3838 	EXP 	rot_line_precue: ori = np.float64(1.2809015405749005)
4.3919 	EXP 	rot_line_precue: ori = np.float64(1.9907848104318162)
4.4007 	EXP 	rot_line_precue: ori = np.float64(2.288262325828834)
4.4088 	EXP 	rot_line_precue: ori = np.float64(2.9629912764076405)
4.4169 	EXP 	rot_line_precue: ori = np.float64(3.2841760491232113)
4.4248 	EXP 	rot_line_precue: ori = np.float64(3.751085192710028)
4.4339 	EXP 	rot_line_precue: ori = np.float64(4.1826358083783814)
4.4419 	EXP 	rot_line_precue: ori = np.float64(4.58089934634298)
4.4499 	EXP 	rot_line_precue: ori = np.float64(5.014005761171067)
4.4590 	EXP 	rot_line_precue: ori = np.float64(5.323863771928879)
4.4671 	EXP 	rot_line_precue: ori = np.float64(5.6296483297830076)
4.4760 	EXP 	rot_line_precue: ori = np.float64(5.946673852905799)
4.4840 	EXP 	rot_line_precue: ori = np.float64(6.300867866506554)
4.4921 	EXP 	rot_line_precue: ori = np.float64(6.597829039613854)
4.5000 	EXP 	rot_line_precue: ori = np.float64(7.0512825827947045)
4.5092 	EXP 	rot_line_precue: ori = np.float64(7.3910127468219615)
4.5172 	EXP 	rot_line_precue: ori = np.float64(7.686773133828938)
4.5260 	EXP 	rot_line_precue: ori = np.float64(7.99795492453193)
4.5341 	EXP 	rot_line_precue: ori = np.float64(8.301201167523695)
4.5421 	EXP 	rot_line_precue: ori = np.float64(9.03555904440289)
4.5500 	EXP 	rot_line_precue: ori = np.float64(9.413587221562226)
4.5591 	EXP 	rot_line_precue: ori = np.float64(9.767913484907872)
4.5671 	EXP 	rot_line_precue: ori = np.float64(10.444228439125448)
4.5752 	EXP 	rot_line_precue: ori = np.float64(10.82148783695501)
4.5833 	EXP 	rot_line_precue: ori = np.float64(11.616958016943824)
4.5922 	EXP 	rot_line_precue: ori = np.float64(11.943144991576636)
4.6002 	EXP 	rot_line_precue: ori = np.float64(12.489876366408089)
4.6084 	EXP 	rot_line_precue: ori = np.float64(13.038401506406942)
4.6173 	EXP 	rot_line_precue: ori = np.float64(13.370363838575864)
4.6253 	EXP 	rot_line_precue: ori = np.float64(13.823430780855158)
4.6344 	EXP 	rot_line_precue: ori = np.float64(14.119213964511253)
4.6423 	EXP 	rot_line_precue: ori = np.float64(14.470156260424417)
4.6504 	EXP 	rot_line_precue: ori = np.float64(14.798452058444164)
4.6585 	EXP 	rot_line_precue: ori = np.float64(15.27010267194237)
4.6675 	EXP 	rot_line_precue: ori = np.float64(15.571142105746146)
4.6755 	EXP 	rot_line_precue: ori = np.float64(15.89250293739829)
4.6847 	EXP 	rot_line_precue: ori = np.float64(16.235468246247258)
4.6924 	EXP 	rot_line_precue: ori = np.float64(16.54404197751174)
4.7004 	EXP 	rot_line_precue: ori = np.float64(16.871559766795244)
4.7084 	EXP 	rot_line_precue: ori = np.float64(17.45373765315289)
4.7174 	EXP 	rot_line_precue: ori = np.float64(17.806472660987456)
4.7254 	EXP 	rot_line_precue: ori = np.float64(18.258526955385015)
4.7335 	EXP 	rot_line_precue: ori = np.float64(18.564626094811718)
4.7424 	EXP 	rot_line_precue: ori = np.float64(18.98779234368415)
4.7504 	EXP 	rot_line_precue: ori = np.float64(19.305520570452)
4.7586 	EXP 	rot_line_precue: ori = np.float64(19.764192044331743)
4.7666 	EXP 	rot_line_precue: ori = np.float64(20.108160216529157)
4.7756 	EXP 	rot_line_precue: ori = np.float64(20.445580275908892)
4.7837 	EXP 	rot_line_precue: ori = np.float64(20.7957768203532)
4.7926 	EXP 	rot_line_precue: ori = np.float64(21.133591720336344)
4.8006 	EXP 	rot_line_precue: ori = np.float64(21.51319924265538)
4.8087 	EXP 	rot_line_precue: ori = np.float64(21.813232284799437)
4.8177 	EXP 	rot_line_precue: ori = np.float64(22.13039690843929)
4.8257 	EXP 	rot_line_precue: ori = np.float64(22.44715137282333)
4.8338 	EXP 	rot_line_precue: ori = np.float64(22.74519706110564)
4.8426 	EXP 	rot_line_precue: ori = np.float64(23.094121941956978)
4.8506 	EXP 	rot_line_precue: ori = np.float64(23.49295850098228)
4.8588 	EXP 	rot_line_precue: ori = np.float64(24.089620209770665)
4.8667 	EXP 	rot_line_precue: ori = np.float64(24.451837048864284)
4.8756 	EXP 	rot_line_precue: ori = np.float64(25.126088129493457)
4.8838 	EXP 	rot_line_precue: ori = np.float64(25.445468942122517)
4.8919 	EXP 	rot_line_precue: ori = np.float64(25.9884482605141)
4.9006 	EXP 	rot_line_precue: ori = np.float64(26.581242015966343)
4.9088 	EXP 	rot_line_precue: ori = np.float64(27.0528391181606)
4.9171 	EXP 	rot_line_precue: ori = np.float64(27.57287958202824)
4.9259 	EXP 	rot_line_precue: ori = np.float64(28.210886402170598)
4.9340 	EXP 	rot_line_precue: ori = np.float64(28.546893283552215)
4.9430 	EXP 	rot_line_precue: ori = np.float64(28.8529883149382)
4.9509 	EXP 	rot_line_precue: ori = np.float64(29.14959819124298)
4.9589 	EXP 	rot_line_precue: ori = np.float64(29.48915873321139)
4.9670 	EXP 	rot_line_precue: ori = np.float64(29.800865945369626)
4.9761 	EXP 	rot_line_precue: ori = np.float64(30.278884730874815)
4.9842 	EXP 	rot_line_precue: ori = np.float64(30.580365047427527)
4.9922 	EXP 	rot_line_precue: ori = np.float64(30.876552388220265)
5.0009 	EXP 	rot_line_precue: ori = np.float64(31.183385316322564)
5.0090 	EXP 	rot_line_precue: ori = np.float64(31.487418866287985)
5.0171 	EXP 	rot_line_precue: ori = np.float64(31.868450569817465)
5.0250 	EXP 	rot_line_precue: ori = np.float64(32.301630754400335)
5.0341 	EXP 	rot_line_precue: ori = np.float64(32.60653212456221)
5.0421 	EXP 	rot_line_precue: ori = np.float64(32.93670034977789)
5.0501 	EXP 	rot_line_precue: ori = np.float64(33.291827932866234)
5.0590 	EXP 	rot_line_precue: ori = np.float64(33.673638360429024)
5.0672 	EXP 	rot_line_precue: ori = np.float64(34.10103929352175)
5.0751 	EXP 	rot_line_precue: ori = np.float64(34.439910905818365)
5.0841 	EXP 	rot_line_precue: ori = np.float64(34.80195811215988)
5.0921 	EXP 	rot_line_precue: ori = np.float64(35.5081864525237)
5.1003 	EXP 	rot_line_precue: ori = np.float64(36.11384466254727)
5.1093 	EXP 	rot_line_precue: ori = np.float64(36.862077201147066)
5.1174 	EXP 	rot_line_precue: ori = np.float64(37.35099017620954)
5.1254 	EXP 	rot_line_precue: ori = np.float64(37.65327795646372)
5.1342 	EXP 	rot_line_precue: ori = np.float64(38.020849795879755)
5.1422 	EXP 	rot_line_precue: ori = np.float64(38.320951305760325)
5.1503 	EXP 	rot_line_precue: ori = np.float64(38.672370878568934)
5.1597 	EXP 	rot_line_precue: ori = np.float64(38.99452195997687)
5.1674 	EXP 	rot_line_precue: ori = np.float64(39.33249018274385)
5.1755 	EXP 	rot_line_precue: ori = np.float64(39.679711273428644)
5.1844 	EXP 	rot_line_precue: ori = np.float64(40.007055890268056)
5.1923 	EXP 	rot_line_precue: ori = np.float64(40.361273988832835)
5.2004 	EXP 	rot_line_precue: ori = np.float64(40.69813330327542)
5.2094 	EXP 	rot_line_precue: ori = np.float64(41.08560284826344)
5.2174 	EXP 	rot_line_precue: ori = np.float64(41.49651652059368)
5.2253 	EXP 	rot_line_precue: ori = np.float64(41.84108714314925)
5.2334 	EXP 	rot_line_precue: ori = np.float64(42.15532667623251)
5.2424 	EXP 	rot_line_precue: ori = np.float64(42.484974308499034)
5.2505 	EXP 	rot_line_precue: ori = np.float64(42.78341612719462)
5.2586 	EXP 	rot_line_precue: ori = np.float64(43.27164569498999)
5.2675 	EXP 	rot_line_precue: ori = np.float64(43.778777995831774)
5.2756 	EXP 	rot_line_precue: ori = np.float64(44.22542426694785)
5.2838 	EXP 	rot_line_precue: ori = np.float64(44.57563315075807)
5.2926 	EXP 	rot_line_precue: ori = np.float64(45.2404379813866)
5.3006 	EXP 	rot_line_precue: ori = np.float64(45.71185128278055)
5.3087 	EXP 	rot_line_precue: ori = np.float64(46.02349013310801)
5.3178 	EXP 	rot_line_precue: ori = np.float64(46.394311014878305)
5.3250 	EXP 	rot_line_precue: ori = np.float64(46.87314447714062)
5.3339 	EXP 	rot_line_precue: ori = np.float64(47.22846674931579)
5.3427 	EXP 	rot_line_precue: ori = np.float64(47.530838086092665)
5.3506 	EXP 	rot_line_precue: ori = np.float64(48.179548260604626)
5.3588 	EXP 	rot_line_precue: ori = np.float64(48.50238188445935)
5.3676 	EXP 	rot_line_precue: ori = np.float64(48.83903481294342)
5.3757 	EXP 	rot_line_precue: ori = np.float64(49.15434727128087)
5.3838 	EXP 	rot_line_precue: ori = np.float64(49.51273748062344)
5.3929 	EXP 	rot_line_precue: ori = np.float64(49.92814449068057)
5.4007 	EXP 	rot_line_precue: ori = np.float64(50.62394391781997)
5.4088 	EXP 	rot_line_precue: ori = np.float64(50.922993727682304)
5.4169 	EXP 	rot_line_precue: ori = np.float64(51.260052361999534)
5.4257 	EXP 	rot_line_precue: ori = np.float64(51.69810792336728)
5.4338 	EXP 	rot_line_precue: ori = np.float64(52.30359348175669)
5.4420 	EXP 	rot_line_precue: ori = np.float64(52.828276409630675)
5.4509 	EXP 	rot_line_precue: ori = np.float64(53.19464832548256)
5.4590 	EXP 	rot_line_precue: ori = np.float64(53.49212558817829)
5.4670 	EXP 	rot_line_precue: ori = np.float64(53.9228295886743)
5.4758 	EXP 	rot_line_precue: ori = np.float64(54.279769745508474)
5.4839 	EXP 	rot_line_precue: ori = np.float64(54.664782103957805)
5.4922 	EXP 	rot_line_precue: ori = np.float64(55.11413196090419)
5.5010 	EXP 	rot_line_precue: ori = np.float64(55.50252358689968)
5.5091 	EXP 	rot_line_precue: ori = np.float64(56.295076748861796)
5.5170 	EXP 	rot_line_precue: ori = np.float64(56.65779843381294)
5.5259 	EXP 	rot_line_precue: ori = np.float64(57.080768547219904)
5.5342 	EXP 	rot_line_precue: ori = np.float64(57.40545868710177)
5.5421 	EXP 	rot_line_precue: ori = np.float64(57.85432230370357)
5.5499 	EXP 	rot_line_precue: ori = np.float64(58.30562826762948)
5.5590 	EXP 	rot_line_precue: ori = np.float64(58.624482327557416)
5.5671 	EXP 	rot_line_precue: ori = np.float64(58.921337844149626)
5.5750 	EXP 	rot_line_precue: ori = np.float64(59.289326259925545)
5.5841 	EXP 	rot_line_precue: ori = np.float64(59.80951902052573)
5.5922 	EXP 	rot_line_precue: ori = np.float64(60.17760505223478)
5.6002 	EXP 	rot_line_precue: ori = np.float64(60.50577607633527)
5.6093 	EXP 	rot_line_precue: ori = np.float64(60.91871597070763)
5.6174 	EXP 	rot_line_precue: ori = np.float64(61.21486754346239)
5.6253 	EXP 	rot_line_precue: ori = np.float64(61.51469802000263)
5.6342 	EXP 	rot_line_precue: ori = np.float64(61.81065882670448)
5.6424 	EXP 	rot_line_precue: ori = np.float64(62.565776525695554)
5.6503 	EXP 	rot_line_precue: ori = np.float64(63.10805392117749)
5.6593 	EXP 	rot_line_precue: ori = np.float64(63.44832162977238)
5.6674 	EXP 	rot_line_precue: ori = np.float64(63.745966720375165)
5.6753 	EXP 	rot_line_precue: ori = np.float64(64.27240395882428)
5.6843 	EXP 	rot_line_precue: ori = np.float64(64.66156675278084)
5.6923 	EXP 	rot_line_precue: ori = np.float64(64.996526498065)
5.7009 	EXP 	rot_line_precue: ori = np.float64(65.37494378324617)
5.7083 	EXP 	rot_line_precue: ori = np.float64(65.68747409468642)
5.7173 	EXP 	rot_line_precue: ori = np.float64(66.24524948150894)
5.7254 	EXP 	rot_line_precue: ori = np.float64(66.56380120779076)
5.7333 	EXP 	rot_line_precue: ori = np.float64(66.9515122176583)
5.7424 	EXP 	rot_line_precue: ori = np.float64(67.31619219499751)
5.7505 	EXP 	rot_line_precue: ori = np.float64(67.79729404730934)
5.7595 	EXP 	rot_line_precue: ori = np.float64(68.53685940860868)
5.7676 	EXP 	rot_line_precue: ori = np.float64(69.22855635252434)
5.7756 	EXP 	rot_line_precue: ori = np.float64(69.53406329105441)
5.7836 	EXP 	rot_line_precue: ori = np.float64(69.95081287720468)
5.7925 	EXP 	rot_line_precue: ori = np.float64(70.33500274369275)
5.8005 	EXP 	rot_line_precue: ori = np.float64(70.74072046390748)
5.8085 	EXP 	rot_line_precue: ori = np.float64(71.04407058750023)
5.8176 	EXP 	rot_line_precue: ori = np.float64(71.41434685787358)
5.8256 	EXP 	rot_line_precue: ori = np.float64(71.98901179569927)
5.8338 	EXP 	rot_line_precue: ori = np.float64(72.5448055082427)
5.8426 	EXP 	rot_line_precue: ori = np.float64(72.91636972636822)
5.8506 	EXP 	rot_line_precue: ori = np.float64(73.51198595745936)
5.8587 	EXP 	rot_line_precue: ori = np.float64(73.81243333965199)
5.8676 	EXP 	rot_line_precue: ori = np.float64(74.1483259896677)
5.8756 	EXP 	rot_line_precue: ori = np.float64(74.61872656131203)
5.8838 	EXP 	rot_line_precue: ori = np.float64(75.02504360736145)
5.8916 	EXP 	rot_line_precue: ori = np.float64(75.4723826372724)
5.9007 	EXP 	rot_line_precue: ori = np.float64(75.94584219480593)
5.9089 	EXP 	rot_line_precue: ori = np.float64(76.64491381203135)
5.9178 	EXP 	rot_line_precue: ori = np.float64(76.95145865581904)
5.9258 	EXP 	rot_line_precue: ori = np.float64(77.37668262586372)
5.9340 	EXP 	rot_line_precue: ori = np.float64(77.74250954256394)
5.9418 	EXP 	rot_line_precue: ori = np.float64(78.07068666295476)
5.9508 	EXP 	rot_line_precue: ori = np.float64(78.39255271916947)
5.9589 	EXP 	rot_line_precue: ori = np.float64(78.78048802950993)
5.9670 	EXP 	rot_line_precue: ori = np.float64(79.14501870767357)
5.9759 	EXP 	rot_line_precue: ori = np.float64(79.52619407888385)
5.9843 	EXP 	rot_line_precue: ori = np.float64(80.22505312565862)
5.9930 	EXP 	rot_line_precue: ori = np.float64(80.81158867980567)
6.0009 	EXP 	rot_line_precue: ori = np.float64(81.19549068394795)
6.0089 	EXP 	rot_line_precue: ori = np.float64(81.49492274675924)
6.0171 	EXP 	rot_line_precue: ori = np.float64(81.79427246532605)
6.0259 	EXP 	rot_line_precue: ori = np.float64(82.54131103699082)
6.0340 	EXP 	rot_line_precue: ori = np.float64(82.87964085191864)
6.0421 	EXP 	rot_line_precue: ori = np.float64(83.24845891766438)
6.0500 	EXP 	rot_line_precue: ori = np.float64(83.60367345241995)
6.0590 	EXP 	rot_line_precue: ori = np.float64(83.9018883033868)
6.0671 	EXP 	rot_line_precue: ori = np.float64(84.21466334546409)
6.0751 	EXP 	rot_line_precue: ori = np.float64(84.66085566659457)
6.0842 	EXP 	rot_line_precue: ori = np.float64(85.21934760144285)
6.0923 	EXP 	rot_line_precue: ori = np.float64(85.93939445244567)
6.1013 	EXP 	rot_line_precue: ori = np.float64(86.46213316227968)
6.1091 	EXP 	rot_line_precue: ori = np.float64(86.76553583498632)
6.1173 	EXP 	rot_line_precue: ori = np.float64(87.1406988865142)
6.1252 	EXP 	rot_line_precue: ori = np.float64(87.46722306759592)
6.1341 	EXP 	rot_line_precue: ori = np.float64(87.79742323462241)
6.1422 	EXP 	rot_line_precue: ori = np.float64(88.12679966191293)
6.1502 	EXP 	rot_line_precue: ori = np.float64(88.53560936306341)
6.1593 	EXP 	rot_line_precue: ori = np.float64(88.87799901673138)
6.1673 	EXP 	rot_line_precue: ori = np.float64(89.21895258185253)
6.1753 	EXP 	rot_line_precue: ori = np.float64(89.57637748449305)
6.1842 	EXP 	rot_line_precue: ori = np.float64(90.20661422091602)
6.1923 	EXP 	rot_line_precue: ori = np.float64(90.50502366652111)
6.2003 	EXP 	rot_line_precue: ori = np.float64(91.10314272136225)
6.2082 	EXP 	rot_line_precue: ori = np.float64(91.45758556562893)
6.2173 	EXP 	rot_line_precue: ori = np.float64(91.86145730343296)
6.2254 	EXP 	rot_line_precue: ori = np.float64(92.20754529244176)
6.2334 	EXP 	rot_line_precue: ori = np.float64(92.8228934114487)
6.2425 	EXP 	rot_line_precue: ori = np.float64(93.57638315243241)
6.2506 	EXP 	rot_line_precue: ori = np.float64(94.16131032327554)
6.2595 	EXP 	rot_line_precue: ori = np.float64(94.48476292704136)
6.2675 	EXP 	rot_line_precue: ori = np.float64(95.01327098494976)
6.2754 	EXP 	rot_line_precue: ori = np.float64(95.32020088387391)
6.2836 	EXP 	rot_line_precue: ori = np.float64(95.69792006608532)
6.2925 	EXP 	rot_line_precue: ori = np.float64(96.02694133570277)
6.3005 	EXP 	rot_line_precue: ori = np.float64(96.32464663014282)
6.3096 	EXP 	rot_line_precue: ori = np.float64(96.7361781475142)
6.3176 	EXP 	rot_line_precue: ori = np.float64(97.1526594676312)
6.3255 	EXP 	rot_line_precue: ori = np.float64(97.45427574688496)
6.3336 	EXP 	rot_line_precue: ori = np.float64(97.86644912792013)
6.3430 	EXP 	rot_line_precue: ori = np.float64(98.23809649575198)
6.3505 	EXP 	rot_line_precue: ori = np.float64(98.74593446885265)
6.3587 	EXP 	rot_line_precue: ori = np.float64(99.07998612124702)
6.3666 	EXP 	rot_line_precue: ori = np.float64(99.39167205430847)
6.3756 	EXP 	hor_line_precue: autoDraw = False
6.3756 	EXP 	ver_line_precue: autoDraw = False
6.3756 	EXP 	rot_line_precue: autoDraw = False
6.3756 	EXP 	rot_line_precue: ori = np.float64(99.83697674318486)
6.3837 	EXP 	rot_line_precue: ori = np.float64(100.24830193325388)
6.3916 	EXP 	rot_line_precue: ori = np.float64(100.65616861716482)
6.4006 	EXP 	rot_line_precue: ori = np.float64(100.95161575893994)
6.4089 	EXP 	rot_line_precue: ori = np.float64(101.31784755059485)
6.4179 	EXP 	rot_line_precue: ori = np.float64(101.71586632531151)
6.4258 	EXP 	rot_line_precue: ori = np.float64(102.04967140623447)
6.4339 	EXP 	rot_line_precue: ori = np.float64(102.46442459262047)
6.4419 	EXP 	rot_line_precue: ori = np.float64(102.86168750173742)
6.4508 	EXP 	rot_line_precue: ori = np.float64(103.52383527464494)
6.4590 	EXP 	rot_line_precue: ori = np.float64(103.84598892932405)
6.4679 	EXP 	rot_line_precue: ori = np.float64(104.25062837555387)
6.4759 	EXP 	rot_line_precue: ori = np.float64(104.56210470182586)
6.4839 	EXP 	rot_line_precue: ori = np.float64(104.88493658131631)
6.4919 	EXP 	rot_line_precue: ori = np.float64(105.19212635354432)
6.5008 	EXP 	rot_line_precue: ori = np.float64(105.52806456185044)
6.5089 	EXP 	rot_line_precue: ori = np.float64(105.84640450297027)
6.5170 	EXP 	rot_line_precue: ori = np.float64(106.25927455091906)
6.5248 	EXP 	rot_line_precue: ori = np.float64(106.57582937174546)
6.5339 	EXP 	rot_line_precue: ori = np.float64(106.94678878006155)
6.5420 	EXP 	rot_line_precue: ori = np.float64(107.31775664673647)
6.5499 	EXP 	rot_line_precue: ori = np.float64(107.6473326036552)
6.5590 	EXP 	rot_line_precue: ori = np.float64(108.05434204029346)
6.5672 	EXP 	rot_line_precue: ori = np.float64(108.46538374717007)
6.5761 	EXP 	rot_line_precue: ori = np.float64(108.81474721870799)
6.5841 	EXP 	rot_line_precue: ori = np.float64(109.27103313821993)
6.5922 	EXP 	rot_line_precue: ori = np.float64(109.59540429369)
6.6000 	EXP 	rot_line_precue: ori = np.float64(109.97021219607892)
6.6092 	EXP 	rot_line_precue: ori = np.float64(110.26921257963937)
6.6173 	EXP 	rot_line_precue: ori = np.float64(110.66676276199873)
6.6261 	EXP 	rot_line_precue: ori = np.float64(110.9639917200482)
6.6342 	EXP 	rot_line_precue: ori = np.float64(111.4092555894294)
6.6422 	EXP 	rot_line_precue: ori = np.float64(111.81306532402519)
6.6501 	EXP 	rot_line_precue: ori = np.float64(112.14677733465294)
6.6592 	EXP 	rot_line_precue: ori = np.float64(112.44873940769048)
6.6672 	EXP 	rot_line_precue: ori = np.float64(112.80293888124557)
6.6751 	EXP 	rot_line_precue: ori = np.float64(113.18743300588531)
6.6832 	EXP 	rot_line_precue: ori = np.float64(113.57896129044514)
6.6922 	EXP 	rot_line_precue: ori = np.float64(113.95388017565215)
6.7003 	EXP 	rot_line_precue: ori = np.float64(114.24984972000964)
6.7092 	EXP 	rot_line_precue: ori = np.float64(114.56599637986419)
6.7175 	EXP 	rot_line_precue: ori = np.float64(114.91608637988219)
6.7253 	EXP 	rot_line_precue: ori = np.float64(115.48836899601211)
6.7344 	EXP 	rot_line_precue: ori = np.float64(116.26395177731935)
6.7425 	EXP 	rot_line_precue: ori = np.float64(116.64237172406109)
6.7504 	EXP 	rot_line_precue: ori = np.float64(117.09760108180345)
6.7593 	EXP 	rot_line_precue: ori = np.float64(117.39535571162463)
6.7675 	EXP 	rot_line_precue: ori = np.float64(117.79624577933036)
6.7756 	EXP 	rot_line_precue: ori = np.float64(118.21215489710922)
6.7846 	EXP 	rot_line_precue: ori = np.float64(118.65158307732005)
6.7925 	EXP 	rot_line_precue: ori = np.float64(118.96260870331156)
6.8004 	EXP 	rot_line_precue: ori = np.float64(119.44761110289109)
6.8086 	EXP 	rot_line_precue: ori = np.float64(119.75296171178746)
6.8175 	EXP 	rot_line_precue: ori = np.float64(120.2108347749764)
6.8255 	EXP 	rot_line_precue: ori = np.float64(120.53075943268453)
6.8334 	EXP 	rot_line_precue: ori = np.float64(120.93831644749767)
6.8425 	EXP 	rot_line_precue: ori = np.float64(121.30025213131846)
6.8505 	EXP 	rot_line_precue: ori = np.float64(121.73098058910516)
6.8587 	EXP 	rot_line_precue: ori = np.float64(122.0314875605268)
6.8665 	EXP 	rot_line_precue: ori = np.float64(122.47920561338967)
6.8755 	EXP 	rot_line_precue: ori = np.float64(122.89081553095541)
6.8837 	EXP 	rot_line_precue: ori = np.float64(123.23974337516825)
6.8919 	EXP 	rot_line_precue: ori = np.float64(123.73986170275866)
6.9007 	EXP 	rot_line_precue: ori = np.float64(124.1496884371327)
6.9089 	EXP 	rot_line_precue: ori = np.float64(124.56370676970855)
6.9177 	EXP 	rot_line_precue: ori = np.float64(124.96398970738379)
6.9257 	EXP 	rot_line_precue: ori = np.float64(125.3792010974456)
6.9339 	EXP 	rot_line_precue: ori = np.float64(125.71376763163302)
6.9428 	EXP 	rot_line_precue: ori = np.float64(126.2403174499539)
6.9508 	EXP 	rot_line_precue: ori = np.float64(126.54770064622737)
6.9590 	EXP 	rot_line_precue: ori = np.float64(127.07696974818639)
6.9678 	EXP 	rot_line_precue: ori = np.float64(127.40151884925581)
6.9758 	EXP 	rot_line_precue: ori = np.float64(128.1244052828863)
6.9839 	EXP 	rot_line_precue: ori = np.float64(128.7268977132335)
6.9919 	EXP 	rot_line_precue: ori = np.float64(129.0310111864985)
7.0008 	EXP 	rot_line_precue: ori = np.float64(129.3863671453802)
7.0089 	EXP 	rot_line_precue: ori = np.float64(129.88572402060927)
7.0170 	EXP 	rot_line_precue: ori = np.float64(130.1839981874151)
7.0248 	EXP 	rot_line_precue: ori = np.float64(130.4879837458951)
7.0339 	EXP 	rot_line_precue: ori = np.float64(131.28644983391422)
7.0420 	EXP 	rot_line_precue: ori = np.float64(131.591696099051)
7.0509 	EXP 	rot_line_precue: ori = np.float64(132.10928531368845)
7.0591 	EXP 	rot_line_precue: ori = np.float64(132.4444289633245)
7.0670 	EXP 	rot_line_precue: ori = np.float64(132.78571796964212)
7.0759 	EXP 	rot_line_precue: ori = np.float64(133.09296425419515)
7.0840 	EXP 	rot_line_precue: ori = np.float64(133.3884907552549)
7.0921 	EXP 	rot_line_precue: ori = np.float64(133.78632824140882)
7.1009 	EXP 	rot_line_precue: ori = np.float64(134.0899193259109)
7.1091 	EXP 	rot_line_precue: ori = np.float64(134.45646138484634)
7.1173 	EXP 	rot_line_precue: ori = np.float64(134.92472921167035)
7.1261 	EXP 	rot_line_precue: ori = np.float64(135.26221922638646)
7.1342 	EXP 	rot_line_precue: ori = np.float64(135.60386202862816)
7.1422 	EXP 	rot_line_precue: ori = np.float64(135.91554133082616)
7.1501 	EXP 	rot_line_precue: ori = np.float64(136.2237872052045)
7.1591 	EXP 	rot_line_precue: ori = np.float64(136.80315010414233)
7.1672 	EXP 	rot_line_precue: ori = np.float64(137.1675728890524)
7.1752 	EXP 	rot_line_precue: ori = np.float64(137.48120035431927)
7.1835 	EXP 	rot_line_precue: ori = np.float64(137.81968678306873)
7.1922 	EXP 	rot_line_precue: ori = np.float64(138.14521428271627)
7.2006 	EXP 	rot_line_precue: ori = np.float64(138.48622194330335)
7.2094 	EXP 	rot_line_precue: ori = np.float64(138.87440328928682)
7.2174 	EXP 	rot_line_precue: ori = np.float64(139.3255852465971)
7.2255 	EXP 	rot_line_precue: ori = np.float64(139.73034190362438)
7.2343 	EXP 	rot_line_precue: ori = np.float64(140.20690377324206)
7.2423 	EXP 	rot_line_precue: ori = np.float64(140.5335786133933)
7.2504 	EXP 	rot_line_precue: ori = np.float64(141.28161890076507)
7.2593 	EXP 	rot_line_precue: ori = np.float64(141.83090011623477)
7.2674 	EXP 	rot_line_precue: ori = np.float64(142.21000903444974)
7.2754 	EXP 	rot_line_precue: ori = np.float64(142.55299772102487)
7.2845 	EXP 	rot_line_precue: ori = np.float64(142.95353000045674)
7.2924 	EXP 	rot_line_precue: ori = np.float64(143.2653130592431)
7.3004 	EXP 	rot_line_precue: ori = np.float64(143.5608233246284)
7.3086 	EXP 	rot_line_precue: ori = np.float64(143.86488289711522)
7.3174 	EXP 	rot_line_precue: ori = np.float64(144.57186290288143)
7.3255 	EXP 	rot_line_precue: ori = np.float64(144.87227872457615)
7.3336 	EXP 	rot_line_precue: ori = np.float64(145.1944744198662)
7.3425 	EXP 	rot_line_precue: ori = np.float64(145.56949453185683)
7.3505 	EXP 	rot_line_precue: ori = np.float64(145.92484976989934)
7.3587 	EXP 	rot_line_precue: ori = np.float64(146.252377920442)
7.3677 	EXP 	rot_line_precue: ori = np.float64(146.60718751998158)
7.3757 	EXP 	rot_line_precue: ori = np.float64(146.90603594621425)
7.3836 	EXP 	rot_line_precue: ori = np.float64(147.2038989829615)
7.3926 	EXP 	rot_line_precue: ori = np.float64(147.51577882975303)
7.4006 	EXP 	rot_line_precue: ori = np.float64(147.81701842809784)
7.4087 	EXP 	rot_line_precue: ori = np.float64(148.36687601351585)
7.4176 	EXP 	rot_line_precue: ori = np.float64(148.67988072427323)
7.4257 	EXP 	rot_line_precue: ori = np.float64(149.0307419317733)
7.4340 	EXP 	rot_line_precue: ori = np.float64(149.54935242205832)
7.4427 	EXP 	rot_line_precue: ori = np.float64(149.97721962323135)
7.4507 	EXP 	rot_line_precue: ori = np.float64(150.6127955527753)
7.4588 	EXP 	rot_line_precue: ori = np.float64(151.17983809501595)
7.4669 	EXP 	rot_line_precue: ori = np.float64(151.66586316558798)
7.4757 	EXP 	rot_line_precue: ori = np.float64(152.0540868999006)
7.4838 	EXP 	rot_line_precue: ori = np.float64(152.82082411519013)
7.4919 	EXP 	rot_line_precue: ori = np.float64(153.1400233253158)
7.5007 	EXP 	rot_line_precue: ori = np.float64(153.44066514399194)
7.5088 	EXP 	rot_line_precue: ori = np.float64(153.99677010018507)
7.5168 	EXP 	rot_line_precue: ori = np.float64(154.41294745633132)
7.5257 	EXP 	rot_line_precue: ori = np.float64(154.7330197615005)
7.5340 	EXP 	rot_line_precue: ori = np.float64(155.26937474371235)
7.5421 	EXP 	rot_line_precue: ori = np.float64(155.58971083006853)
7.5509 	EXP 	rot_line_precue: ori = np.float64(156.28446164377576)
7.5591 	EXP 	rot_line_precue: ori = np.float64(156.67707444305023)
7.5670 	EXP 	rot_line_precue: ori = np.float64(157.00576552843083)
7.5760 	EXP 	rot_line_precue: ori = np.float64(157.33566705735186)
7.5841 	EXP 	rot_line_precue: ori = np.float64(157.645741575082)
7.5922 	EXP 	rot_line_precue: ori = np.float64(158.38676126152185)
7.6010 	EXP 	rot_line_precue: ori = np.float64(158.79972702093312)
7.6091 	EXP 	rot_line_precue: ori = np.float64(159.10035948109422)
7.6171 	EXP 	rot_line_precue: ori = np.float64(159.4116892061823)
7.6261 	EXP 	rot_line_precue: ori = np.float64(159.71674960656185)
7.6341 	EXP 	rot_line_precue: ori = np.float64(160.21058552330672)
7.6421 	EXP 	rot_line_precue: ori = np.float64(160.57636317430274)
7.6500 	EXP 	rot_line_precue: ori = np.float64(160.88284881848017)
7.6592 	EXP 	rot_line_precue: ori = np.float64(161.18300162556574)
7.6672 	EXP 	rot_line_precue: ori = np.float64(161.55182409961017)
7.6752 	EXP 	rot_line_precue: ori = np.float64(161.888236477994)
7.6842 	EXP 	rot_line_precue: ori = np.float64(162.1838285543526)
7.6923 	EXP 	rot_line_precue: ori = np.float64(162.5317213859572)
7.7004 	EXP 	rot_line_precue: ori = np.float64(162.83066175207244)
7.7094 	EXP 	rot_line_precue: ori = np.float64(163.28284851681613)
7.7173 	EXP 	rot_line_precue: ori = np.float64(163.6360707839746)
7.7253 	EXP 	rot_line_precue: ori = np.float64(163.95787219422593)
7.7342 	EXP 	rot_line_precue: ori = np.float64(164.49126950085366)
7.7424 	EXP 	rot_line_precue: ori = np.float64(165.2061132191013)
7.7504 	EXP 	rot_line_precue: ori = np.float64(165.5684176293631)
7.7594 	EXP 	rot_line_precue: ori = np.float64(166.02520022905628)
7.7675 	EXP 	rot_line_precue: ori = np.float64(166.69862046360376)
7.7754 	EXP 	rot_line_precue: ori = np.float64(166.99722103838002)
7.7834 	EXP 	rot_line_precue: ori = np.float64(167.30446783740757)
7.7923 	EXP 	rot_line_precue: ori = np.float64(167.6552463751893)
7.8005 	EXP 	rot_line_precue: ori = np.float64(168.00458464141806)
7.8084 	EXP 	rot_line_precue: ori = np.float64(168.59933695174755)
7.8174 	EXP 	rot_line_precue: ori = np.float64(168.89898205620068)
7.8255 	EXP 	rot_line_precue: ori = np.float64(169.2041263544355)
7.8336 	EXP 	rot_line_precue: ori = np.float64(169.8017632686195)
7.8424 	EXP 	rot_line_precue: ori = np.float64(170.14602376655935)
7.8507 	EXP 	rot_line_precue: ori = np.float64(170.47461301276596)
7.8587 	EXP 	rot_line_precue: ori = np.float64(170.82339098746502)
7.8677 	EXP 	rot_line_precue: ori = np.float64(171.16643241942202)
7.8757 	EXP 	rot_line_precue: ori = np.float64(171.5247060021705)
7.8846 	EXP 	rot_line_precue: ori = np.float64(171.8811703659985)
7.8925 	EXP 	rot_line_precue: ori = np.float64(172.42521291977772)
7.9005 	EXP 	rot_line_precue: ori = np.float64(172.75213464247602)
7.9087 	EXP 	rot_line_precue: ori = np.float64(173.2614542122223)
7.9178 	EXP 	rot_line_precue: ori = np.float64(173.59939551666224)
7.9257 	EXP 	rot_line_precue: ori = np.float64(174.20212059650817)
7.9337 	EXP 	rot_line_precue: ori = np.float64(174.57563373008335)
7.9418 	EXP 	rot_line_precue: ori = np.float64(174.92350760612294)
7.9506 	EXP 	rot_line_precue: ori = np.float64(175.3122719498089)
7.9588 	EXP 	rot_line_precue: ori = np.float64(175.6102673899517)
7.9667 	EXP 	rot_line_precue: ori = np.float64(176.40936402446144)
7.9758 	EXP 	rot_line_precue: ori = np.float64(176.8115463364397)
7.9839 	EXP 	rot_line_precue: ori = np.float64(177.1651761347135)
7.9917 	EXP 	rot_line_precue: ori = np.float64(177.80443395972)
8.0007 	EXP 	rot_line_precue: ori = np.float64(178.1982063846671)
8.0088 	EXP 	rot_line_precue: ori = np.float64(178.52431463666647)
8.0169 	EXP 	rot_line_precue: ori = np.float64(178.96220540101208)
8.0257 	EXP 	rot_line_precue: ori = np.float64(179.48065452631698)
8.0340 	EXP 	rot_line_precue: ori = np.float64(179.91568051920584)
8.0421 	EXP 	rot_line_precue: ori = np.float64(180.2318640579939)
8.0509 	EXP 	rot_line_precue: ori = np.float64(180.55558383880958)
8.0590 	EXP 	rot_line_precue: ori = np.float64(180.87767299063694)
8.0670 	EXP 	rot_line_precue: ori = np.float64(181.2185684731751)
8.0760 	EXP 	rot_line_precue: ori = np.float64(181.56665106969226)
8.0841 	EXP 	rot_line_precue: ori = np.float64(181.87606343405392)
8.0922 	EXP 	rot_line_precue: ori = np.float64(182.17285543030877)
8.1009 	EXP 	rot_line_precue: ori = np.float64(182.489207560687)
8.1090 	EXP 	rot_line_precue: ori = np.float64(182.79909150524287)
8.1171 	EXP 	rot_line_precue: ori = np.float64(183.13663904806992)
8.1259 	EXP 	rot_line_precue: ori = np.float64(183.4911842581084)
8.1340 	EXP 	rot_line_precue: ori = np.float64(183.78929345913477)
8.1422 	EXP 	rot_line_precue: ori = np.float64(184.56285480760886)
8.1501 	EXP 	rot_line_precue: ori = np.float64(184.8810293908538)
8.1591 	EXP 	rot_line_precue: ori = np.float64(185.19908441080457)
8.1672 	EXP 	rot_line_precue: ori = np.float64(185.62365263191936)
8.1751 	EXP 	rot_line_precue: ori = np.float64(186.09798528082212)
8.1843 	EXP 	rot_line_precue: ori = np.float64(186.4282582933124)
8.1923 	EXP 	rot_line_precue: ori = np.float64(187.05433538597998)
8.2012 	EXP 	rot_line_precue: ori = np.float64(187.35495337904592)
8.2092 	EXP 	rot_line_precue: ori = np.float64(187.72783980896753)
8.2172 	EXP 	rot_line_precue: ori = np.float64(188.4163529691402)
8.2252 	EXP 	rot_line_precue: ori = np.float64(188.8357355600263)
8.2344 	EXP 	rot_line_precue: ori = np.float64(189.17155345916507)
8.2424 	EXP 	rot_line_precue: ori = np.float64(189.48099341983084)
8.2513 	EXP 	rot_line_precue: ori = np.float64(189.8295766825844)
8.2593 	EXP 	rot_line_precue: ori = np.float64(190.19547572492468)
8.2673 	EXP 	rot_line_precue: ori = np.float64(190.59360024922518)
8.2754 	EXP 	rot_line_precue: ori = np.float64(190.99527882371717)
8.2845 	EXP 	rot_line_precue: ori = np.float64(191.29515758984795)
8.2926 	EXP 	rot_line_precue: ori = np.float64(191.71695934672795)
8.3004 	EXP 	rot_line_precue: ori = np.float64(192.43935506274963)
8.3095 	EXP 	rot_line_precue: ori = np.float64(192.81609653751764)
8.3175 	EXP 	rot_line_precue: ori = np.float64(193.13171189127274)
8.3255 	EXP 	rot_line_precue: ori = np.float64(193.49425847010036)
8.3336 	EXP 	rot_line_precue: ori = np.float64(193.93587764420883)
8.3426 	EXP 	rot_line_precue: ori = np.float64(194.30519514825957)
8.3507 	EXP 	rot_line_precue: ori = np.float64(194.61137969966202)
8.3596 	EXP 	rot_line_precue: ori = np.float64(195.19369558609773)
8.3676 	EXP 	rot_line_precue: ori = np.float64(195.52331629486528)
8.3756 	EXP 	rot_line_precue: ori = np.float64(195.83522490033144)
8.3835 	EXP 	rot_line_precue: ori = np.float64(196.13279425053452)
8.3927 	EXP 	rot_line_precue: ori = np.float64(196.4646384890758)
8.4007 	EXP 	rot_line_precue: ori = np.float64(197.04354192330305)
8.4089 	EXP 	rot_line_precue: ori = np.float64(197.36345716765675)
8.4177 	EXP 	rot_line_precue: ori = np.float64(197.6704239578723)
8.4256 	EXP 	rot_line_precue: ori = np.float64(198.01884035817287)
8.4336 	EXP 	rot_line_precue: ori = np.float64(198.34958835904555)
8.4427 	EXP 	rot_line_precue: ori = np.float64(198.7940404498889)
8.4506 	EXP 	rot_line_precue: ori = np.float64(199.22217830470785)
8.4588 	EXP 	rot_line_precue: ori = np.float64(199.6289500666812)
8.4676 	EXP 	rot_line_precue: ori = np.float64(199.9314603678088)
8.4756 	EXP 	rot_line_precue: ori = np.float64(200.2637692434202)
8.4838 	EXP 	rot_line_precue: ori = np.float64(200.58739503978165)
8.4918 	EXP 	rot_line_precue: ori = np.float64(200.94755185724532)
8.5007 	EXP 	rot_line_precue: ori = np.float64(201.30085002393753)
8.5089 	EXP 	rot_line_precue: ori = np.float64(201.75331116582066)
8.5179 	EXP 	rot_line_precue: ori = np.float64(202.06618427346885)
8.5259 	EXP 	rot_line_precue: ori = np.float64(202.4088339724922)
8.5340 	EXP 	rot_line_precue: ori = np.float64(202.7268102704992)
8.5419 	EXP 	rot_line_precue: ori = np.float64(203.36120707790784)
8.5508 	EXP 	rot_line_precue: ori = np.float64(203.85270041881495)
8.5590 	EXP 	rot_line_precue: ori = np.float64(204.23775997356083)
8.5682 	EXP 	rot_line_precue: ori = np.float64(204.55267639935815)
8.5760 	EXP 	rot_line_precue: ori = np.float64(204.8539014942352)
8.5840 	EXP 	rot_line_precue: ori = np.float64(205.15980901094366)
8.5921 	EXP 	rot_line_precue: ori = np.float64(205.73571915191135)
8.6009 	EXP 	rot_line_precue: ori = np.float64(206.03274429059556)
8.6090 	EXP 	rot_line_precue: ori = np.float64(206.33408668012754)
8.6171 	EXP 	rot_line_precue: ori = np.float64(206.63404491894408)
8.6249 	EXP 	rot_line_precue: ori = np.float64(206.94207698612163)
8.6340 	EXP 	rot_line_precue: ori = np.float64(207.23929696501858)
8.6421 	EXP 	rot_line_precue: ori = np.float64(207.54737450883752)
8.6501 	EXP 	rot_line_precue: ori = np.float64(207.89106314576702)
8.6591 	EXP 	rot_line_precue: ori = np.float64(208.19081654028363)
8.6673 	EXP 	rot_line_precue: ori = np.float64(208.51113225923427)
8.6761 	EXP 	rot_line_precue: ori = np.float64(208.9432276948807)
8.6843 	EXP 	rot_line_precue: ori = np.float64(209.32073252888378)
8.6923 	EXP 	rot_line_precue: ori = np.float64(209.62473118086925)
8.7002 	EXP 	rot_line_precue: ori = np.float64(209.92510234622117)
8.7092 	EXP 	rot_line_precue: ori = np.float64(210.22894555819482)
8.7173 	EXP 	rot_line_precue: ori = np.float64(210.705090901169)
8.7252 	EXP 	rot_line_precue: ori = np.float64(211.19807882215622)
8.7343 	EXP 	rot_line_precue: ori = np.float64(211.6021558811894)
8.7424 	EXP 	rot_line_precue: ori = np.float64(211.94097467154035)
8.7512 	EXP 	rot_line_precue: ori = np.float64(212.29709802197036)
8.7594 	EXP 	rot_line_precue: ori = np.float64(212.61630222128395)
8.7673 	EXP 	rot_line_precue: ori = np.float64(212.959946118267)
8.7762 	EXP 	rot_line_precue: ori = np.float64(213.31508508943784)
8.7843 	EXP 	rot_line_precue: ori = np.float64(213.63850280806895)
8.7923 	EXP 	rot_line_precue: ori = np.float64(214.2735761968098)
8.8003 	EXP 	rot_line_precue: ori = np.float64(214.87493968553608)
8.8085 	EXP 	rot_line_precue: ori = np.float64(215.18041053559642)
8.8174 	EXP 	rot_line_precue: ori = np.float64(215.47699331027215)
8.8255 	EXP 	rot_line_precue: ori = np.float64(216.00509859015227)
8.8345 	EXP 	rot_line_precue: ori = np.float64(216.36717871630302)
8.8426 	EXP 	rot_line_precue: ori = np.float64(216.91712237871255)
8.8505 	EXP 	rot_line_precue: ori = np.float64(217.40209588873992)
8.8586 	EXP 	rot_line_precue: ori = np.float64(218.06268950785295)
8.8675 	EXP 	rot_line_precue: ori = np.float64(218.6052772728838)
8.8680 	EXP 	New trial (rep=0, index=1): <Trial 1 (1 in rep 0) data={'pic_name': 'pics/right_hand.JPG', 'class_mi': ' right_hand', 'thisN': 1, 'thisTrialN': 1, 'thisRepN': 0}>
8.8792 	EXP 	rot_line_precue: ori = np.float64(218.92961869853326)
8.8792 	EXP 	image: autoDraw = False
8.8792 	EXP 	hor_line_precue: autoDraw = False
8.8792 	EXP 	ver_line_precue: autoDraw = False
8.8792 	EXP 	rot_line_precue: autoDraw = False
8.8792 	EXP 	image: autoDraw = False
8.8792 	EXP 	image: image = 'pics/right_hand.JPG'
8.8792 	EXP 	hor_line_precue: autoDraw = True
8.8792 	EXP 	ver_line_precue: autoDraw = True
8.8792 	EXP 	rot_line_precue: autoDraw = True
8.8792 	EXP 	rot_line_precue: ori = np.float64(219.45071348266234)
8.8792 	EXP 	image: autoDraw = True
8.8834 	EXP 	rot_line_precue: ori = np.float64(219.86654153953126)
8.8926 	EXP 	rot_line_precue: ori = np.float64(220.22635974146795)
8.9007 	EXP 	rot_line_precue: ori = np.float64(220.552053281343)
8.9096 	EXP 	rot_line_precue: ori = np.float64(220.99900985527663)
8.9176 	EXP 	rot_line_precue: ori = np.float64(221.32208921884606)
8.9256 	EXP 	rot_line_precue: ori = np.float64(221.67951273663388)
8.9339 	EXP 	rot_line_precue: ori = np.float64(221.98111902948602)
8.9426 	EXP 	rot_line_precue: ori = np.float64(222.28570776394096)
8.9506 	EXP 	rot_line_precue: ori = np.float64(223.04575605228462)
8.9587 	EXP 	rot_line_precue: ori = np.float64(223.49549858988314)
8.9666 	EXP 	rot_line_precue: ori = np.float64(224.05482317121832)
8.9757 	EXP 	rot_line_precue: ori = np.float64(224.49941099565427)
8.9839 	EXP 	rot_line_precue: ori = np.float64(224.79519292353913)
8.9928 	EXP 	rot_line_precue: ori = np.float64(225.20130140141845)
9.0008 	EXP 	rot_line_precue: ori = np.float64(225.66895961903742)
9.0087 	EXP 	rot_line_precue: ori = np.float64(226.34279320116113)
9.0168 	EXP 	rot_line_precue: ori = np.float64(226.84447859486244)
9.0257 	EXP 	rot_line_precue: ori = np.float64(227.58618158994958)
9.0339 	EXP 	rot_line_precue: ori = np.float64(227.89866788616897)
9.0419 	EXP 	rot_line_precue: ori = np.float64(228.32056260777006)
9.0509 	EXP 	rot_line_precue: ori = np.float64(228.68695756222255)
9.0591 	EXP 	rot_line_precue: ori = np.float64(229.055000458565)
9.0680 	EXP 	rot_line_precue: ori = np.float64(229.36832639303964)
9.0758 	EXP 	rot_line_precue: ori = np.float64(229.74139906424227)
9.0843 	EXP 	rot_line_precue: ori = np.float64(230.16532798269475)
9.0916 	EXP 	rot_line_precue: ori = np.float64(230.47473618498836)
9.1009 	EXP 	rot_line_precue: ori = np.float64(230.84785196038652)
9.1089 	EXP 	rot_line_precue: ori = np.float64(231.15642480195328)
9.1170 	EXP 	rot_line_precue: ori = np.float64(231.49224553026482)
9.1259 	EXP 	rot_line_precue: ori = np.float64(232.14223435904327)
9.1340 	EXP 	rot_line_precue: ori = np.float64(232.56995775738864)
9.1421 	EXP 	rot_line_precue: ori = np.float64(233.33024924650684)
9.1511 	EXP 	rot_line_precue: ori = np.float64(233.66223352095258)
9.1592 	EXP 	rot_line_precue: ori = np.float64(234.24632612120593)
9.1670 	EXP 	rot_line_precue: ori = np.float64(234.6430872542902)
9.1760 	EXP 	rot_line_precue: ori = np.float64(234.96529847153477)
9.1841 	EXP 	rot_line_precue: ori = np.float64(235.28812553773471)
9.1922 	EXP 	rot_line_precue: ori = np.float64(235.60399035002217)
9.2000 	EXP 	rot_line_precue: ori = np.float64(235.96295154368863)
9.2092 	EXP 	rot_line_precue: ori = np.float64(236.27625413156002)
9.2174 	EXP 	rot_line_precue: ori = np.float64(236.6771303911246)
9.2261 	EXP 	rot_line_precue: ori = np.float64(236.99385558974322)
9.2342 	EXP 	rot_line_precue: ori = np.float64(237.54011637124663)
9.2423 	EXP 	rot_line_precue: ori = np.float64(237.9373075273805)
9.2511 	EXP 	rot_line_precue: ori = np.float64(238.3487112896777)
9.2592 	EXP 	rot_line_precue: ori = np.float64(238.80232463282096)
9.2672 	EXP 	rot_line_precue: ori = np.float64(239.1537012755942)
9.2753 	EXP 	rot_line_precue: ori = np.float64(239.46713244396332)
9.2842 	EXP 	rot_line_precue: ori = np.float64(239.7668003557112)
9.2923 	EXP 	rot_line_precue: ori = np.float64(240.1681964543912)
9.3004 	EXP 	rot_line_precue: ori = np.float64(240.47126659226657)
9.3094 	EXP 	rot_line_precue: ori = np.float64(240.7860768398328)
9.3175 	EXP 	rot_line_precue: ori = np.float64(241.14764345568608)
9.3253 	EXP 	rot_line_precue: ori = np.float64(241.68976792075867)
9.3343 	EXP 	rot_line_precue: ori = np.float64(242.0441870976999)
9.3424 	EXP 	rot_line_precue: ori = np.float64(242.36931623296203)
9.3505 	EXP 	rot_line_precue: ori = np.float64(242.72181307253942)
9.3587 	EXP 	rot_line_precue: ori = np.float64(243.3366055759546)
9.3675 	EXP 	rot_line_precue: ori = np.float64(243.86004635880772)
9.3755 	EXP 	rot_line_precue: ori = np.float64(244.25535721033174)
9.3846 	EXP 	rot_line_precue: ori = np.float64(244.73171365113035)
9.3925 	EXP 	rot_line_precue: ori = np.float64(245.49688273421665)
9.4006 	EXP 	rot_line_precue: ori = np.float64(245.80805584994295)
9.4086 	EXP 	rot_line_precue: ori = np.float64(246.1848952128119)
9.4175 	EXP 	rot_line_precue: ori = np.float64(246.5149651884995)
9.4255 	EXP 	rot_line_precue: ori = np.float64(246.8285022288066)
9.4337 	EXP 	rot_line_precue: ori = np.float64(247.18239241894497)
9.4426 	EXP 	rot_line_precue: ori = np.float64(247.54890940538868)
9.4507 	EXP 	rot_line_precue: ori = np.float64(248.18602518883236)
9.4587 	EXP 	rot_line_precue: ori = np.float64(248.5262245006514)
9.4678 	EXP 	rot_line_precue: ori = np.float64(248.8840139890645)
9.4758 	EXP 	rot_line_precue: ori = np.float64(249.23373397523156)
9.4838 	EXP 	rot_line_precue: ori = np.float64(249.53123568967538)
9.4927 	EXP 	rot_line_precue: ori = np.float64(249.90669835600286)
9.5007 	EXP 	rot_line_precue: ori = np.float64(250.28981679572192)
9.5089 	EXP 	rot_line_precue: ori = np.float64(250.86544502453384)
9.5177 	EXP 	rot_line_precue: ori = np.float64(251.35779079230434)
9.5257 	EXP 	rot_line_precue: ori = np.float64(251.7118971673608)
9.5340 	EXP 	rot_line_precue: ori = np.float64(252.06943158779399)
9.5429 	EXP 	rot_line_precue: ori = np.float64(252.50104818693504)
9.5509 	EXP 	rot_line_precue: ori = np.float64(252.86721817850085)
9.5589 	EXP 	rot_line_precue: ori = np.float64(253.24792365466425)
9.5670 	EXP 	rot_line_precue: ori = np.float64(253.56111042780043)
9.5758 	EXP 	rot_line_precue: ori = np.float64(253.864607402867)
9.5839 	EXP 	rot_line_precue: ori = np.float64(254.23706176140254)
9.5921 	EXP 	rot_line_precue: ori = np.float64(254.93877751472806)
9.6008 	EXP 	rot_line_precue: ori = np.float64(255.42348298386835)
9.6089 	EXP 	rot_line_precue: ori = np.float64(255.71969585371036)
9.6170 	EXP 	rot_line_precue: ori = np.float64(256.41526142375494)
9.6259 	EXP 	rot_line_precue: ori = np.float64(256.75396526286823)
9.6341 	EXP 	rot_line_precue: ori = np.float64(257.27277375336655)
9.6422 	EXP 	rot_line_precue: ori = np.float64(257.6754848589987)
9.6511 	EXP 	rot_line_precue: ori = np.float64(257.9715096219141)
9.6591 	EXP 	rot_line_precue: ori = np.float64(258.36927126576126)
9.6672 	EXP 	rot_line_precue: ori = np.float64(259.06127028710006)
9.6760 	EXP 	rot_line_precue: ori = np.float64(259.786614110924)
9.6842 	EXP 	rot_line_precue: ori = np.float64(260.0888089656671)
9.6923 	EXP 	rot_line_precue: ori = np.float64(260.66753168640133)
9.7011 	EXP 	rot_line_precue: ori = np.float64(260.9726382851831)
9.7092 	EXP 	rot_line_precue: ori = np.float64(261.2830193023354)
9.7172 	EXP 	rot_line_precue: ori = np.float64(261.589220389869)
9.7252 	EXP 	rot_line_precue: ori = np.float64(261.8853394434024)
9.7342 	EXP 	rot_line_precue: ori = np.float64(262.19405125102656)
9.7422 	EXP 	rot_line_precue: ori = np.float64(262.5963438668708)
9.7501 	EXP 	rot_line_precue: ori = np.float64(262.9733318674267)
9.7592 	EXP 	rot_line_precue: ori = np.float64(263.50331434794714)
9.7672 	EXP 	rot_line_precue: ori = np.float64(263.9733993120987)
9.7753 	EXP 	rot_line_precue: ori = np.float64(264.3023236909053)
9.7843 	EXP 	rot_line_precue: ori = np.float64(264.6115828939605)
9.7924 	EXP 	rot_line_precue: ori = np.float64(264.9338185591358)
9.8002 	EXP 	rot_line_precue: ori = np.float64(265.26554196112903)
9.8094 	EXP 	rot_line_precue: ori = np.float64(265.75556023518516)
9.8173 	EXP 	rot_line_precue: ori = np.float64(266.15675264453273)
9.8255 	EXP 	rot_line_precue: ori = np.float64(266.46832944696166)
9.8343 	EXP 	rot_line_precue: ori = np.float64(266.7731254880959)
9.8425 	EXP 	rot_line_precue: ori = np.float64(267.0819788558719)
9.8504 	EXP 	rot_line_precue: ori = np.float64(267.4401786996082)
9.8595 	EXP 	rot_line_precue: ori = np.float64(268.12024297713424)
9.8675 	EXP 	rot_line_precue: ori = np.float64(268.47987489712534)
9.8754 	EXP 	rot_line_precue: ori = np.float64(269.06598901302993)
9.8836 	EXP 	rot_line_precue: ori = np.float64(269.3752542764504)
9.8925 	EXP 	rot_line_precue: ori = np.float64(269.73856106847774)
9.9005 	EXP 	rot_line_precue: ori = np.float64(270.0516414639207)
9.9085 	EXP 	rot_line_precue: ori = np.float64(270.34821816324813)
9.9175 	EXP 	rot_line_precue: ori = np.float64(270.8080242679137)
9.9255 	EXP 	rot_line_precue: ori = np.float64(271.1493699320784)
9.9338 	EXP 	rot_line_precue: ori = np.float64(271.6632399378532)
9.9427 	EXP 	rot_line_precue: ori = np.float64(272.07270671673683)
9.9507 	EXP 	rot_line_precue: ori = np.float64(272.3881534794628)
9.9596 	EXP 	rot_line_precue: ori = np.float64(272.6963777128988)
9.9676 	EXP 	rot_line_precue: ori = np.float64(273.3104233458692)
9.9757 	EXP 	rot_line_precue: ori = np.float64(273.7998711148979)
9.9837 	EXP 	rot_line_precue: ori = np.float64(274.1284731576267)
9.9926 	EXP 	rot_line_precue: ori = np.float64(274.4761237075914)
10.0007 	EXP 	rot_line_precue: ori = np.float64(275.052705409683)
10.0089 	EXP 	rot_line_precue: ori = np.float64(275.7621805971657)
10.0178 	EXP 	rot_line_precue: ori = np.float64(276.22833644258725)
10.0257 	EXP 	rot_line_precue: ori = np.float64(276.5598719758162)
10.0338 	EXP 	rot_line_precue: ori = np.float64(276.898338477046)
10.0428 	EXP 	rot_line_precue: ori = np.float64(277.476952564579)
10.0508 	EXP 	rot_line_precue: ori = np.float64(277.8704680878769)
10.0589 	EXP 	rot_line_precue: ori = np.float64(278.2408810307304)
10.0669 	EXP 	rot_line_precue: ori = np.float64(278.6850876197523)
10.0757 	EXP 	rot_line_precue: ori = np.float64(279.0484801449895)
10.0839 	EXP 	rot_line_precue: ori = np.float64(279.34420303519687)
10.0921 	EXP 	rot_line_precue: ori = np.float64(279.6989246976773)
10.1009 	EXP 	rot_line_precue: ori = np.float64(280.0189984486072)
10.1090 	EXP 	rot_line_precue: ori = np.float64(280.3669547667613)
10.1170 	EXP 	rot_line_precue: ori = np.float64(280.68250143928725)
10.1260 	EXP 	rot_line_precue: ori = np.float64(280.97853325530303)
10.1340 	EXP 	rot_line_precue: ori = np.float64(281.548615967269)
10.1423 	EXP 	rot_line_precue: ori = np.float64(281.9786847267835)
10.1510 	EXP 	rot_line_precue: ori = np.float64(282.6763863596758)
10.1592 	EXP 	rot_line_precue: ori = np.float64(283.01877507522016)
10.1674 	EXP 	rot_line_precue: ori = np.float64(283.32673028839446)
10.1765 	EXP 	rot_line_precue: ori = np.float64(283.67693735668456)
10.1842 	EXP 	rot_line_precue: ori = np.float64(284.0804458121187)
10.1923 	EXP 	rot_line_precue: ori = np.float64(284.7916539980678)
10.2012 	EXP 	rot_line_precue: ori = np.float64(285.323702430245)
10.2091 	EXP 	rot_line_precue: ori = np.float64(285.6371283158742)
10.2170 	EXP 	rot_line_precue: ori = np.float64(286.0604514425697)
10.2250 	EXP 	rot_line_precue: ori = np.float64(286.5495685786371)
10.2341 	EXP 	rot_line_precue: ori = np.float64(286.8474474188094)
10.2422 	EXP 	rot_line_precue: ori = np.float64(287.317876647005)
10.2512 	EXP 	rot_line_precue: ori = np.float64(287.66930018819636)
10.2593 	EXP 	rot_line_precue: ori = np.float64(287.99868632803276)
10.2674 	EXP 	rot_line_precue: ori = np.float64(288.380085928386)
10.2683 	EXP 	Device response: <KeyPress from None: t=10.267291399999522, value=escape, duration=None>
10.2691 	DATA 	Keypress: escape
10.2752 	EXP 	rot_line_precue: ori = np.float64(288.6953161073065)
10.2842 	EXP 	rot_line_precue: ori = np.float64(289.0225320925196)
10.2923 	EXP 	rot_line_precue: ori = np.float64(289.4854996802666)
10.3003 	EXP 	rot_line_precue: ori = np.float64(289.8119868974691)
10.3093 	EXP 	rot_line_precue: ori = np.float64(290.1683187585804)
10.3099 	EXP 	Device response: <KeyPress from None: t=10.267291399999522, value=escape, duration=0.03728229999978794>
10.3099 	EXP 	bci_racingteam: status = STOPPED
10.3173 	EXP 	rot_line_precue: ori = np.float64(290.4844918991753)
10.3173 	EXP 	hor_line_precue: autoDraw = False
10.3173 	EXP 	ver_line_precue: autoDraw = False
10.3173 	EXP 	rot_line_precue: autoDraw = False
10.3173 	EXP 	image: autoDraw = False
10.3174 	EXP 	bci_racingteam: status = STOPPED
