2.5758 	INFO 	Loaded monitor calibration from ['2025_05_09 18:17']
2.5801 	WARNING 	User requested fullscreen with size [1024  768], but screen is actually [2560, 1600]. Using actual size
2.6971 	INFO 	Using renderer 'AMD Radeon(TM) Graphics' for graphics
2.6971 	INFO 	OpenGL version supported by driver is 4..
2.7955 	EXP 	Created window1 = Window(allowGUI=False, allowStencil=False, autoLog=True, backendConf=UNKNOWN, backgroundFit=<method-wrapper '__getattribute__' of attributeSetter object at 0x000002120D053310>, backgroundImage=<method-wrapper '__getattribute__' of attributeSetter object at 0x000002120D0532B0>, bitsMode=UNKNOWN, blendMode='avg', bpc=(8, 8, 8), color=array([0, 0, 0]), colorSpace='rgb', depthBits=8, fullscr=True, gamma=None, gammaErrorPolicy='raise', infoMsg=UNKNOWN, lms=UNKNOWN, monitor=<psychopy.monitors.calibTools.Monitor object at 0x000002120D14C310>, multiSample=False, name='window1', numSamples=2, pos=[np.float64(0.0), np.float64(0.0)], screen=0, size=array([2560, 1600]), stencilBits=0, stereo=False, title='PsychoPy', units='height', useFBO=True, useRetina=False, viewOri=0.0, viewPos=None, viewScale=None, waitBlanking=True, winType='pyglet')
2.7956 	EXP 	window1: backgroundImage = ''
2.7956 	EXP 	window1: backgroundFit = 'none'
3.1689 	EXP 	window1: Attempting to measure frame rate of screen (0) ...
3.1689 	EXP 	window1: recordFrameIntervals = False
3.1762 	DATA 	Keypress: space
3.3137 	EXP 	window1: recordFrameIntervals = True
3.4155 	DATA 	Keypress: space
4.1471 	EXP 	window1: recordFrameIntervals = False
4.1471 	EXP 	Screen (0) actual frame rate measured at 120.84Hz
4.3145 	INFO 	keyboard.Keyboard is using ptb backend.
4.3146 	EXP 	bci_circle: status = STARTED
4.3579 	EXP 	Created text_pre_block = TextStim(__class__=<class 'psychopy.visual.text.TextStim'>, alignHoriz=method-wrapper(...), alignText='center', alignVert=method-wrapper(...), anchorHoriz='center', anchorVert='center', antialias=True, autoDraw=False, autoLog=True, bold=False, color=array([1., 1., 1.]), colorSpace='rgb', contrast=1.0, depth=0.0, draggable=False, flipHoriz=False, flipVert=False, font='Arial', fontFiles=[], height=np.float64(0.05), italic=False, languageStyle='LTR', name='text_pre_block', opacity=1, ori=0.0, pos=array([0., 0.]), rgb=UNKNOWN, text='Press any key to start ...', units='height', win=Window(...), wrapWidth=1)
4.3592 	EXP 	Created text_wait_screen = TextStim(__class__=<class 'psychopy.visual.text.TextStim'>, alignHoriz=method-wrapper(...), alignText='center', alignVert=method-wrapper(...), anchorHoriz='center', anchorVert='center', antialias=True, autoDraw=False, autoLog=True, bold=False, color=array([1., 1., 1.]), colorSpace='rgb', contrast=1.0, depth=0.0, draggable=False, flipHoriz=False, flipVert=False, font='Arial', fontFiles=[], height=np.float64(0.05), italic=False, languageStyle='LTR', name='text_wait_screen', opacity=1, ori=0.0, pos=array([0., 0.]), rgb=UNKNOWN, text='', units='height', win=Window(...), wrapWidth=1)
4.3628 	EXP 	Created move_circle = ShapeStim(__class__=<class 'psychopy.visual.shape.ShapeStim'>, anchor=('center', 'center'), autoDraw=False, autoLog=True, closeShape=True, color=method-wrapper(...), colorSpace='rgb', contrast=None, depth=0.0, draggable=False, fillColor=array([0.9216, 0.9216, 0.9216]), fillColorSpace='rgb', fillRGB=array([0.9216, 0.9216, 0.9216]), interpolate=True, lineColor=array([1., 1., 1.]), lineColorSpace='rgb', lineRGB=array([1, 1, 1]), lineWidth=1.0, name='move_circle', opacity=1, ori=0.0, pos=array([0., 0.]), size=array([1., 1.]), units='height', vertices=ndarray(...), win=Window(...), windingRule=None)
4.3657 	EXP 	Created mi_circle = ShapeStim(__class__=<class 'psychopy.visual.shape.ShapeStim'>, anchor=('center', 'center'), autoDraw=False, autoLog=True, closeShape=True, color=method-wrapper(...), colorSpace='rgb', contrast=None, depth=-1.0, draggable=False, fillColor=array([0, 0, 0]), fillColorSpace='rgb', fillRGB=array([0, 0, 0]), interpolate=True, lineColor=array([ 0.0902, -1.    , -1.    ]), lineColorSpace='rgb', lineRGB=array([ 0.0902, -1.    , -1.    ]), lineWidth=8.0, name='mi_circle', opacity=1, ori=0.0, pos=array([0., 0.]), size=array([0.2, 0.2]), units='height', vertices=ndarray(...), win=Window(...), windingRule=None)
4.3714 	EXP 	Created text_run_break = TextStim(__class__=<class 'psychopy.visual.text.TextStim'>, alignHoriz=method-wrapper(...), alignText='center', alignVert=method-wrapper(...), anchorHoriz='center', anchorVert='center', antialias=True, autoDraw=False, autoLog=True, bold=False, color=array([1., 1., 1.]), colorSpace='rgb', contrast=1.0, depth=0.0, draggable=False, flipHoriz=False, flipVert=False, font='Arial', fontFiles=[], height=np.float64(0.05), italic=False, languageStyle='LTR', name='text_run_break', opacity=1, ori=0.0, pos=array([0., 0.]), rgb=UNKNOWN, text='Trial finished!', units='height', win=Window(...), wrapWidth=1)
4.3764 	EXP 	Created text_post_run = TextStim(__class__=<class 'psychopy.visual.text.TextStim'>, alignHoriz=method-wrapper(...), alignText='center', alignVert=method-wrapper(...), anchorHoriz='center', anchorVert='center', antialias=True, autoDraw=False, autoLog=True, bold=False, color=array([1., 1., 1.]), colorSpace='rgb', contrast=1.0, depth=0.0, draggable=False, flipHoriz=False, flipVert=False, font='Arial', fontFiles=[], height=np.float64(0.05), italic=False, languageStyle='LTR', name='text_post_run', opacity=1, ori=0.0, pos=array([0., 0.]), rgb=UNKNOWN, text='Run finished. Yupii!!', units='height', win=Window(...), wrapWidth=1)
0.0004 	DATA 	Keypress: space
0.0006 	DATA 	Keypress: space
0.0170 	EXP 	Device response: <KeyPress from None: t=-0.005420100002083927, value=space, duration=None>
0.0294 	INFO 	Keyboard events cleared
0.0293 	EXP 	text_pre_block: autoDraw = True
0.0625 	EXP 	Device response: <KeyPress from None: t=-0.005420100002083927, value=space, duration=0.06277399999089539>
0.3541 	EXP 	Device response: <KeyPress from None: t=0.3474326999858022, value=space, duration=None>
0.3544 	EXP 	New trial (rep=0, index=0): <Trial 0 (0 in rep 0) data={'thisN': 0, 'thisTrialN': 0, 'thisRepN': 0}>
0.3553 	DATA 	Keypress: space
0.3621 	EXP 	text_pre_block: autoDraw = False
0.3621 	EXP 	text_wait_screen: autoDraw = True
0.4371 	EXP 	Device response: <KeyPress from None: t=0.3474326999858022, value=space, duration=0.08181400000466965>
3.3509 	EXP 	Imported classes.csv as conditions, 4 conditions, 2 params
3.3513 	EXP 	New trial (rep=0, index=0): <Trial 0 (0 in rep 0) data={'pic_name': 'pics/feet.JPG', 'class_mi': 'feet', 'thisN': 0, 'thisTrialN': 0, 'thisRepN': 0}>
3.3568 	EXP 	text_wait_screen: autoDraw = False
3.3568 	EXP 	text_wait_screen: autoDraw = False
3.3568 	EXP 	move_circle: autoDraw = True
3.3568 	EXP 	mi_circle: autoDraw = True
22.7728 	EXP 	Device response: <KeyPress from None: t=22.768185399996582, value=escape, duration=None>
22.7737 	DATA 	Keypress: escape
22.8725 	EXP 	Device response: <KeyPress from None: t=22.768185399996582, value=escape, duration=0.10396149998996407>
22.8725 	EXP 	bci_circle: status = STOPPED
22.8806 	EXP 	move_circle: autoDraw = False
22.8806 	EXP 	mi_circle: autoDraw = False
22.8807 	EXP 	bci_circle: status = STOPPED
22.8830 	INFO 	saved data to 'D:\\STUDIUM\\TU\\Mirage91\\Brain-Computer Interface Conference\\Code\\data\\647732_bci_circle_2026-06-17_16h21.58.243.csv'
22.8841 	INFO 	saved data to D:\STUDIUM\TU\Mirage91\Brain-Computer Interface Conference\Code\data\647732_bci_circle_2026-06-17_16h21.58.243.psydat
23.0146 	WARNING 	Stopping key buffers but this could be dangerous ifother keyboards rely on the same.
