2.5400 	WARNING 	Requested an unavailable screen number - using first available.
2.5414 	WARNING 	User requested fullscreen with size [1920 1080], but screen is actually [1707, 1067]. Using actual size
2.7671 	EXP 	Created window1 = Window(allowGUI=False, allowStencil=False, autoLog=True, backendConf=UNKNOWN, backgroundFit=<method-wrapper '__getattribute__' of attributeSetter object at 0x00000127CF9C2410>, backgroundImage=<method-wrapper '__getattribute__' of attributeSetter object at 0x00000127CF9C23B0>, bitsMode=UNKNOWN, blendMode='avg', bpc=(8, 8, 8), color=array([0, 0, 0]), colorSpace='rgb', depthBits=8, fullscr=True, gamma=None, gammaErrorPolicy='raise', infoMsg=UNKNOWN, lms=UNKNOWN, monitor=<psychopy.monitors.calibTools.Monitor object at 0x00000127CFC03100>, multiSample=False, name='window1', numSamples=2, pos=[np.float64(0.0), np.float64(0.0)], screen=1, size=array([1707, 1067]), stencilBits=0, stereo=False, title='PsychoPy', units='height', useFBO=True, useRetina=False, viewOri=0.0, viewPos=None, viewScale=None, waitBlanking=True, winType='pyglet')
2.7672 	EXP 	window1: backgroundImage = ''
2.7672 	EXP 	window1: backgroundFit = 'none'
3.1220 	EXP 	window1: Attempting to measure frame rate of screen (1) ...
3.1220 	EXP 	window1: recordFrameIntervals = False
3.2034 	EXP 	window1: recordFrameIntervals = True
4.0372 	EXP 	window1: recordFrameIntervals = False
4.0372 	EXP 	Screen (1) actual frame rate measured at 118.59Hz
6.4448 	EXP 	bci_racingteam: status = STARTED
6.5366 	EXP 	Created text_pre_block = TextStim(__class__=<class 'psychopy.visual.text.TextStim'>, alignHoriz=method-wrapper(...), alignText='center', alignVert=method-wrapper(...), anchorHoriz='center', anchorVert='center', antialias=True, autoDraw=False, autoLog=True, bold=False, color=array([1., 1., 1.]), colorSpace='rgb', contrast=1.0, depth=0.0, draggable=False, flipHoriz=False, flipVert=False, font='Open Sans', fontFiles=[], height=np.float64(0.05), italic=False, languageStyle='LTR', name='text_pre_block', opacity=1, ori=0.0, pos=array([0., 0.]), rgb=UNKNOWN, text='Press any key to start ...', units='height', win=Window(...), wrapWidth=1)
6.5378 	EXP 	Created text_2 = TextStim(__class__=<class 'psychopy.visual.text.TextStim'>, alignHoriz=method-wrapper(...), alignText='center', alignVert=method-wrapper(...), anchorHoriz='center', anchorVert='center', antialias=True, autoDraw=False, autoLog=True, bold=False, color=array([1., 1., 1.]), colorSpace='rgb', contrast=1.0, depth=0.0, draggable=False, flipHoriz=False, flipVert=False, font='Arial', fontFiles=[], height=np.float64(0.05), italic=False, languageStyle='LTR', name='text_2', opacity=1, ori=0.0, pos=array([0., 0.]), rgb=UNKNOWN, text='', units='height', win=Window(...), wrapWidth=1)
6.5404 	EXP 	Created hor_line_precue = Line(__class__=<class 'psychopy.visual.line.Line'>, anchor=('center', 'center'), autoDraw=False, autoLog=True, closeShape=False, color=array([1., 1., 1.]), colorSpace='rgb', contrast=None, depth=0.0, draggable=False, fillColor=array([1, 1, 1]), fillColorSpace='rgb', fillRGB=array([1, 1, 1]), interpolate=True, lineColor=array([1., 1., 1.]), lineColorSpace='rgb', lineRGB=array([1, 1, 1]), lineWidth=5.0, name='hor_line_precue', opacity=1, ori=-45.0, pos=array([0., 0.]), size=array([0.35, 0.35]), units='height', vertices=array([[-0.5, -0.5],
       [ 0.5,  0.5]]), win=Window(...), windingRule=None)
6.5415 	EXP 	Created ver_line_precue = Line(__class__=<class 'psychopy.visual.line.Line'>, anchor=('center', 'center'), autoDraw=False, autoLog=True, closeShape=False, color=array([1., 1., 1.]), colorSpace='rgb', contrast=None, depth=-1.0, draggable=False, fillColor=array([1, 1, 1]), fillColorSpace='rgb', fillRGB=array([1, 1, 1]), interpolate=True, lineColor=array([1., 1., 1.]), lineColorSpace='rgb', lineRGB=array([1, 1, 1]), lineWidth=5.0, name='ver_line_precue', opacity=1, ori=45.0, pos=array([0., 0.]), size=array([0.35, 0.35]), units='height', vertices=array([[-0.5, -0.5],
       [ 0.5,  0.5]]), win=Window(...), windingRule=None)
6.5426 	EXP 	Created rot_line_precue = Line(__class__=<class 'psychopy.visual.line.Line'>, anchor=('center', 'center'), autoDraw=False, autoLog=True, closeShape=False, color=array([1., 1., 1.]), colorSpace='rgb', contrast=None, depth=-2.0, draggable=False, fillColor=array([1, 1, 1]), fillColorSpace='rgb', fillRGB=array([1, 1, 1]), interpolate=True, lineColor=array([1., 1., 1.]), lineColorSpace='rgb', lineRGB=array([1, 1, 1]), lineWidth=5.0, name='rot_line_precue', opacity=1, ori=1.0, pos=array([0., 0.]), size=array([0.35, 0.35]), units='height', vertices=array([[-0.5, -0.5],
       [ 0.5,  0.5]]), win=Window(...), windingRule=None)
6.5460 	EXP 	Created image = ImageStim(__class__=<class 'psychopy.visual.image.ImageStim'>, anchor=('center', 'center'), autoLog=True, color=array([1., 1., 1.]), colorSpace='rgb', contrast=1.0, depth=-4.0, draggable=False, flipHoriz=np.False_, flipVert=np.False_, image='default.png', interpolate=True, mask=None, maskParams=None, name='image', opacity=1, ori=0.0, pos=array([0.5, 0. ]), size=array([0.1, 0.1]), texRes=128.0, units='height', win=Window(...))
6.5511 	EXP 	Created text = TextStim(__class__=<class 'psychopy.visual.text.TextStim'>, alignHoriz=method-wrapper(...), alignText='center', alignVert=method-wrapper(...), anchorHoriz='center', anchorVert='center', antialias=True, autoDraw=False, autoLog=True, bold=False, color=array([1., 1., 1.]), colorSpace='rgb', contrast=1.0, depth=0.0, draggable=False, flipHoriz=False, flipVert=False, font='Arial', fontFiles=[], height=np.float64(0.05), italic=False, languageStyle='LTR', name='text', opacity=1, ori=0.0, pos=array([0., 0.]), rgb=UNKNOWN, text='Run Finished', units='height', win=Window(...), wrapWidth=1)
6.5550 	EXP 	Created text_post_run = TextStim(__class__=<class 'psychopy.visual.text.TextStim'>, alignHoriz=method-wrapper(...), alignText='center', alignVert=method-wrapper(...), anchorHoriz='center', anchorVert='center', antialias=True, autoDraw=False, autoLog=True, bold=False, color=array([1., 1., 1.]), colorSpace='rgb', contrast=1.0, depth=0.0, draggable=False, flipHoriz=False, flipVert=False, font='Open Sans', fontFiles=[], height=np.float64(0.05), italic=False, languageStyle='LTR', name='text_post_run', opacity=1, ori=0.0, pos=array([0., 0.]), rgb=UNKNOWN, text='Block Finished. Yuhu!', units='height', win=Window(...), wrapWidth=1)
0.0135 	EXP 	rot_line_precue: ori = 0
0.0176 	EXP 	text_pre_block: autoDraw = True
1.0858 	EXP 	Device response: <KeyPress from None: t=1.0797368999992614, value=space, duration=None>
1.0865 	EXP 	New trial (rep=0, index=0): <Trial 0 (0 in rep 0) data={'thisN': 0, 'thisTrialN': 0, 'thisRepN': 0}>
1.0881 	DATA 	Keypress: space
1.0916 	EXP 	text_pre_block: autoDraw = False
1.0916 	EXP 	text_2: autoDraw = True
1.1737 	EXP 	Device response: <KeyPress from None: t=1.0797368999992614, value=space, duration=0.08825139999680687>
4.0873 	EXP 	Imported classes.csv as conditions, 4 conditions, 2 params
4.0876 	EXP 	New trial (rep=0, index=0): <Trial 0 (0 in rep 0) data={'pic_name': 'pics/none.JPG', 'class_mi': 'rest', 'thisN': 0, 'thisTrialN': 0, 'thisRepN': 0}>
4.0929 	EXP 	text_2: autoDraw = False
4.0929 	EXP 	text_2: autoDraw = False
4.0929 	EXP 	image: image = 'pics/none.JPG'
4.0929 	EXP 	hor_line_precue: autoDraw = True
4.0929 	EXP 	ver_line_precue: autoDraw = True
4.0929 	EXP 	rot_line_precue: autoDraw = True
4.0929 	EXP 	rot_line_precue: ori = 0.3481008420924843
4.0929 	EXP 	image: autoDraw = True
4.0974 	EXP 	rot_line_precue: ori = 0.6849972712325247
4.1068 	EXP 	rot_line_precue: ori = 1.0142909734361738
4.1150 	EXP 	rot_line_precue: ori = 1.322661260478864
4.1239 	EXP 	rot_line_precue: ori = 1.6603008714076442
4.1319 	EXP 	rot_line_precue: ori = 2.0369209268941595
4.1400 	EXP 	rot_line_precue: ori = 2.375548270043817
4.1490 	EXP 	rot_line_precue: ori = 2.753506957620841
4.1568 	EXP 	rot_line_precue: ori = 3.1592994163255583
4.1650 	EXP 	rot_line_precue: ori = 3.5823473687933998
4.1730 	EXP 	rot_line_precue: ori = 3.9442553185487808
4.1818 	EXP 	rot_line_precue: ori = 4.267793384526086
4.1900 	EXP 	rot_line_precue: ori = 4.953879871497005
4.1981 	EXP 	rot_line_precue: ori = 5.299149512460638
4.2068 	EXP 	rot_line_precue: ori = 5.653388446041661
4.2150 	EXP 	rot_line_precue: ori = 6.004743730229744
4.2229 	EXP 	rot_line_precue: ori = 6.483614042390151
4.2319 	EXP 	rot_line_precue: ori = 6.7808371921527515
4.2401 	EXP 	rot_line_precue: ori = 7.081570227345462
4.2481 	EXP 	rot_line_precue: ori = 7.386176226888249
4.2569 	EXP 	rot_line_precue: ori = 7.758132436310316
4.2651 	EXP 	rot_line_precue: ori = 8.106122559855333
4.2732 	EXP 	rot_line_precue: ori = 8.5016388080086
4.2820 	EXP 	rot_line_precue: ori = 8.975429981809137
4.2903 	EXP 	rot_line_precue: ori = 9.638143554353233
4.2983 	EXP 	rot_line_precue: ori = 9.959849464990635
4.3073 	EXP 	rot_line_precue: ori = 10.343791472028801
4.3153 	EXP 	rot_line_precue: ori = 10.987198385419203
4.3233 	EXP 	rot_line_precue: ori = 11.289415315710123
4.3321 	EXP 	rot_line_precue: ori = 11.597798381235917
4.3402 	EXP 	rot_line_precue: ori = 12.343361247262358
4.3483 	EXP 	rot_line_precue: ori = 12.663682904617858
4.3562 	EXP 	rot_line_precue: ori = 12.97751785439231
4.3654 	EXP 	rot_line_precue: ori = 13.296700221613172
4.3734 	EXP 	rot_line_precue: ori = 13.606278310865605
4.3812 	EXP 	rot_line_precue: ori = 13.993868036244976
4.3902 	EXP 	rot_line_precue: ori = 14.419201473147535
4.3984 	EXP 	rot_line_precue: ori = 14.764415294333139
4.4062 	EXP 	rot_line_precue: ori = 15.10941085082928
4.4145 	EXP 	rot_line_precue: ori = 15.8671929582277
4.4234 	EXP 	rot_line_precue: ori = 16.35658535480062
4.4314 	EXP 	rot_line_precue: ori = 17.084742480057432
4.4405 	EXP 	rot_line_precue: ori = 17.401377722748716
4.4486 	EXP 	rot_line_precue: ori = 17.71772749839353
4.4564 	EXP 	rot_line_precue: ori = 18.028481519390937
4.4657 	EXP 	rot_line_precue: ori = 18.397651685861106
4.4737 	EXP 	rot_line_precue: ori = 18.715494381737795
4.4816 	EXP 	rot_line_precue: ori = 19.029338022693167
4.4906 	EXP 	rot_line_precue: ori = 19.386068608281196
4.4986 	EXP 	rot_line_precue: ori = 19.700042992325894
4.5066 	EXP 	rot_line_precue: ori = 20.04487583286021
4.5155 	EXP 	rot_line_precue: ori = 20.37665088068225
4.5237 	EXP 	rot_line_precue: ori = 20.738124205975076
4.5316 	EXP 	rot_line_precue: ori = 21.187414847975788
4.5397 	EXP 	rot_line_precue: ori = 21.535907071875496
4.5486 	EXP 	rot_line_precue: ori = 21.868052968830508
4.5567 	EXP 	rot_line_precue: ori = 22.22064771448818
4.5648 	EXP 	rot_line_precue: ori = 22.9078482084372
4.5737 	EXP 	rot_line_precue: ori = 23.29683718441896
4.5817 	EXP 	rot_line_precue: ori = 23.826746942857397
4.5899 	EXP 	rot_line_precue: ori = 24.370360413684732
4.5987 	EXP 	rot_line_precue: ori = 24.72788700680283
4.6067 	EXP 	rot_line_precue: ori = 25.054645923416125
4.6149 	EXP 	rot_line_precue: ori = 25.662741762202902
4.6228 	EXP 	rot_line_precue: ori = 26.146013954212904
4.6318 	EXP 	rot_line_precue: ori = 26.672392325073307
4.6400 	EXP 	rot_line_precue: ori = 26.987208956549477
4.6490 	EXP 	rot_line_precue: ori = 27.398384001252833
4.6570 	EXP 	rot_line_precue: ori = 27.861723272906925
4.6652 	EXP 	rot_line_precue: ori = 28.175249489276883
4.6740 	EXP 	rot_line_precue: ori = 28.48409807645872
4.6820 	EXP 	rot_line_precue: ori = 29.12376562223979
4.6900 	EXP 	rot_line_precue: ori = 29.77131468471445
4.6989 	EXP 	rot_line_precue: ori = 30.143284841961286
4.7069 	EXP 	rot_line_precue: ori = 30.64062195849131
4.7151 	EXP 	rot_line_precue: ori = 31.21653315555941
4.7229 	EXP 	rot_line_precue: ori = 31.77261785413446
4.7319 	EXP 	rot_line_precue: ori = 32.12948365301071
4.7401 	EXP 	rot_line_precue: ori = 32.424959007215186
4.7481 	EXP 	rot_line_precue: ori = 32.74968426448749
4.7561 	EXP 	rot_line_precue: ori = 33.53085121002979
4.7650 	EXP 	rot_line_precue: ori = 34.11465585064068
4.7732 	EXP 	rot_line_precue: ori = 34.56486153960168
4.7810 	EXP 	rot_line_precue: ori = 35.09419201364343
4.7899 	EXP 	rot_line_precue: ori = 35.39332849533438
4.7981 	EXP 	rot_line_precue: ori = 35.704974477711616
4.8073 	EXP 	rot_line_precue: ori = 36.26648452088762
4.8153 	EXP 	rot_line_precue: ori = 36.6510196899693
4.8234 	EXP 	rot_line_precue: ori = 36.96011551729201
4.8323 	EXP 	rot_line_precue: ori = 37.55321626780046
4.8404 	EXP 	rot_line_precue: ori = 38.32802375615374
4.8484 	EXP 	rot_line_precue: ori = 38.633084708249285
4.8571 	EXP 	rot_line_precue: ori = 39.00056514058436
4.8653 	EXP 	rot_line_precue: ori = 39.3215978182184
4.8734 	EXP 	rot_line_precue: ori = 39.659057939559055
4.8822 	EXP 	rot_line_precue: ori = 39.9720117080734
4.8903 	EXP 	rot_line_precue: ori = 40.32063006489061
4.8984 	EXP 	rot_line_precue: ori = 40.688630297066425
4.9064 	EXP 	rot_line_precue: ori = 41.252027059473626
4.9154 	EXP 	rot_line_precue: ori = 41.94230575750102
4.9235 	EXP 	rot_line_precue: ori = 42.74672170567659
4.9314 	EXP 	rot_line_precue: ori = 43.20713874555916
4.9394 	EXP 	rot_line_precue: ori = 43.57225278573248
4.9483 	EXP 	rot_line_precue: ori = 44.08595058597503
4.9565 	EXP 	rot_line_precue: ori = 44.41157344078756
4.9645 	EXP 	rot_line_precue: ori = 44.7076655772053
4.9735 	EXP 	rot_line_precue: ori = 45.00628781898465
4.9816 	EXP 	rot_line_precue: ori = 45.57545567447446
4.9905 	EXP 	rot_line_precue: ori = 45.87775361983637
4.9986 	EXP 	rot_line_precue: ori = 46.17709684145929
5.0067 	EXP 	rot_line_precue: ori = 46.66825089389548
5.0154 	EXP 	rot_line_precue: ori = 47.00496882192856
5.0239 	EXP 	rot_line_precue: ori = 47.80184312390502
5.0316 	EXP 	rot_line_precue: ori = 48.23495994811272
5.0397 	EXP 	rot_line_precue: ori = 48.66496905018293
5.0486 	EXP 	rot_line_precue: ori = 48.978423324278644
5.0566 	EXP 	rot_line_precue: ori = 49.303553000340955
5.0648 	EXP 	rot_line_precue: ori = 49.67059494470419
5.0737 	EXP 	rot_line_precue: ori = 50.12269543443834
5.0816 	EXP 	rot_line_precue: ori = 50.5787223870099
5.0898 	EXP 	rot_line_precue: ori = 50.89429876365285
5.0987 	EXP 	rot_line_precue: ori = 51.26058385510536
5.1067 	EXP 	rot_line_precue: ori = 51.71585163748164
5.1148 	EXP 	rot_line_precue: ori = 52.05075617692074
5.1237 	EXP 	rot_line_precue: ori = 52.45763007301137
5.1317 	EXP 	rot_line_precue: ori = 52.791467341268635
5.1399 	EXP 	rot_line_precue: ori = 53.15758215290207
5.1488 	EXP 	rot_line_precue: ori = 53.52937286397993
5.1569 	EXP 	rot_line_precue: ori = 53.948910532829174
5.1650 	EXP 	rot_line_precue: ori = 54.513058535994276
5.1740 	EXP 	rot_line_precue: ori = 54.81613726000256
5.1820 	EXP 	rot_line_precue: ori = 55.12813702103567
5.1900 	EXP 	rot_line_precue: ori = 55.588436756733316
5.1989 	EXP 	rot_line_precue: ori = 55.972439833639214
5.2068 	EXP 	rot_line_precue: ori = 56.27653190681716
5.2150 	EXP 	rot_line_precue: ori = 56.68650305063495
5.2230 	EXP 	rot_line_precue: ori = 57.19538829167249
5.2310 	EXP 	rot_line_precue: ori = 57.59182179811382
5.2399 	EXP 	rot_line_precue: ori = 58.36197770235955
5.2481 	EXP 	rot_line_precue: ori = 58.993897772606964
5.2568 	EXP 	rot_line_precue: ori = 59.511611474552815
5.2649 	EXP 	rot_line_precue: ori = 60.230334147324214
5.2731 	EXP 	rot_line_precue: ori = 60.636520318697286
5.2818 	EXP 	rot_line_precue: ori = 61.14313295306643
5.2900 	EXP 	rot_line_precue: ori = 61.550197393039035
5.2982 	EXP 	rot_line_precue: ori = 61.96693169719349
5.3060 	EXP 	rot_line_precue: ori = 62.29529529636314
5.3152 	EXP 	rot_line_precue: ori = 62.608564595465005
5.3232 	EXP 	rot_line_precue: ori = 62.913922218308535
5.3322 	EXP 	rot_line_precue: ori = 63.32595478405524
5.3403 	EXP 	rot_line_precue: ori = 63.70457654610185
5.3484 	EXP 	rot_line_precue: ori = 64.09532995378235
5.3572 	EXP 	rot_line_precue: ori = 64.74145682758244
5.3653 	EXP 	rot_line_precue: ori = 65.16686836091718
5.3733 	EXP 	rot_line_precue: ori = 65.51193756618822
5.3813 	EXP 	rot_line_precue: ori = 66.24263424402815
5.3901 	EXP 	rot_line_precue: ori = 66.55475920309411
5.3983 	EXP 	rot_line_precue: ori = 66.96304903050572
5.4063 	EXP 	rot_line_precue: ori = 67.27027894518312
5.4152 	EXP 	rot_line_precue: ori = 67.58869270104651
5.4236 	EXP 	rot_line_precue: ori = 67.90588126322389
5.4312 	EXP 	rot_line_precue: ori = 68.2054772687219
5.4402 	EXP 	rot_line_precue: ori = 68.5159586373316
5.4484 	EXP 	rot_line_precue: ori = 68.8127643554541
5.4564 	EXP 	rot_line_precue: ori = 69.17860150570982
5.4644 	EXP 	rot_line_precue: ori = 69.520661320012
5.4733 	EXP 	rot_line_precue: ori = 70.03721047119889
5.4816 	EXP 	rot_line_precue: ori = 70.39629019810064
5.4904 	EXP 	rot_line_precue: ori = 70.76625107287833
5.4988 	EXP 	rot_line_precue: ori = 71.51482385835017
5.5067 	EXP 	rot_line_precue: ori = 71.82895368820046
5.5157 	EXP 	rot_line_precue: ori = 72.44921058351194
5.5237 	EXP 	rot_line_precue: ori = 72.80651637453505
5.5316 	EXP 	rot_line_precue: ori = 73.29910876379444
5.5396 	EXP 	rot_line_precue: ori = 73.76877908877975
5.5485 	EXP 	rot_line_precue: ori = 74.20260021174232
5.5566 	EXP 	rot_line_precue: ori = 74.5666566376793
5.5646 	EXP 	rot_line_precue: ori = 74.87712119405954
5.5735 	EXP 	rot_line_precue: ori = 75.37787738365667
5.5816 	EXP 	rot_line_precue: ori = 75.80324781199504
5.5898 	EXP 	rot_line_precue: ori = 76.13002628051946
5.5986 	EXP 	rot_line_precue: ori = 76.46539642594321
5.6067 	EXP 	rot_line_precue: ori = 76.79896653002181
5.6148 	EXP 	rot_line_precue: ori = 77.23125364349717
5.6229 	EXP 	rot_line_precue: ori = 77.85928749128014
5.6317 	EXP 	rot_line_precue: ori = 78.19600456022972
5.6398 	EXP 	rot_line_precue: ori = 78.49758303250292
5.6480 	EXP 	rot_line_precue: ori = 78.79590325538507
5.6569 	EXP 	rot_line_precue: ori = 79.1097988661248
5.6649 	EXP 	rot_line_precue: ori = 79.88050124604163
5.6739 	EXP 	rot_line_precue: ori = 80.17893103229038
5.6819 	EXP 	rot_line_precue: ori = 80.48551712640824
5.6901 	EXP 	rot_line_precue: ori = 80.86978243759663
5.6989 	EXP 	rot_line_precue: ori = 81.23328114281912
5.7068 	EXP 	rot_line_precue: ori = 81.78689066330652
5.7150 	EXP 	rot_line_precue: ori = 82.17333203469602
5.7230 	EXP 	rot_line_precue: ori = 82.49284298058582
5.7318 	EXP 	rot_line_precue: ori = 82.9142054940741
5.7400 	EXP 	rot_line_precue: ori = 83.29520437800194
5.7479 	EXP 	rot_line_precue: ori = 83.62957916855623
5.7569 	EXP 	rot_line_precue: ori = 84.0359837965826
5.7651 	EXP 	rot_line_precue: ori = 84.33516563086046
5.7731 	EXP 	rot_line_precue: ori = 84.78227306400187
5.7819 	EXP 	rot_line_precue: ori = 85.08256368051507
5.7901 	EXP 	rot_line_precue: ori = 85.39706491933165
5.7980 	EXP 	rot_line_precue: ori = 85.75170824974722
5.8060 	EXP 	rot_line_precue: ori = 86.05333542089518
5.8151 	EXP 	rot_line_precue: ori = 86.50598677379118
5.8233 	EXP 	rot_line_precue: ori = 86.80331920371532
5.8322 	EXP 	rot_line_precue: ori = 87.38833447056767
5.8405 	EXP 	rot_line_precue: ori = 87.71654022778296
5.8488 	EXP 	rot_line_precue: ori = 88.05446454251008
5.8572 	EXP 	rot_line_precue: ori = 88.3661612520016
5.8654 	EXP 	rot_line_precue: ori = 88.67670707325874
5.8734 	EXP 	rot_line_precue: ori = 89.03422551556655
5.8821 	EXP 	rot_line_precue: ori = 89.38107749299522
5.8903 	EXP 	rot_line_precue: ori = 89.6898618943469
5.8983 	EXP 	rot_line_precue: ori = 90.11768794191892
5.9071 	EXP 	rot_line_precue: ori = 90.51568899342567
5.9152 	EXP 	rot_line_precue: ori = 90.95827850147043
5.9234 	EXP 	rot_line_precue: ori = 91.2844328129435
5.9312 	EXP 	rot_line_precue: ori = 91.63106797717248
5.9403 	EXP 	rot_line_precue: ori = 91.96079035091263
5.9484 	EXP 	rot_line_precue: ori = 92.30143957355548
5.9564 	EXP 	rot_line_precue: ori = 92.80646254138951
5.9655 	EXP 	rot_line_precue: ori = 93.14929124077997
5.9734 	EXP 	rot_line_precue: ori = 93.51160656931744
5.9814 	EXP 	rot_line_precue: ori = 93.93328862756066
5.9896 	EXP 	rot_line_precue: ori = 94.36672468594261
5.9985 	EXP 	rot_line_precue: ori = 94.738106077208
6.0064 	EXP 	rot_line_precue: ori = 95.11591133123024
6.0156 	EXP 	rot_line_precue: ori = 95.42828423487495
6.0237 	EXP 	rot_line_precue: ori = 95.79035912614451
6.0317 	EXP 	rot_line_precue: ori = 96.15722264224787
6.0405 	EXP 	rot_line_precue: ori = 96.51141282951518
6.0486 	EXP 	rot_line_precue: ori = 96.83244601447443
6.0566 	EXP 	rot_line_precue: ori = 97.27151880053712
6.0655 	EXP 	rot_line_precue: ori = 97.88270830532983
6.0737 	EXP 	rot_line_precue: ori = 98.22045314132029
6.0816 	EXP 	rot_line_precue: ori = 98.52534945974374
6.0899 	EXP 	hor_line_precue: autoDraw = False
6.0899 	EXP 	ver_line_precue: autoDraw = False
6.0899 	EXP 	rot_line_precue: autoDraw = False
6.0899 	EXP 	rot_line_precue: ori = 99.0131722173496
6.0986 	EXP 	rot_line_precue: ori = 99.35436799960908
6.1067 	EXP 	rot_line_precue: ori = 99.69330881827254
6.1148 	EXP 	rot_line_precue: ori = 100.11864922250277
6.1237 	EXP 	rot_line_precue: ori = 100.41804387349138
6.1317 	EXP 	rot_line_precue: ori = 100.79137910197001
6.1399 	EXP 	rot_line_precue: ori = 101.37161358679293
6.1489 	EXP 	rot_line_precue: ori = 101.74392722516019
6.1567 	EXP 	rot_line_precue: ori = 102.11455494101338
6.1652 	EXP 	rot_line_precue: ori = 102.5798722202018
6.1738 	EXP 	rot_line_precue: ori = 102.90619780279897
6.1819 	EXP 	rot_line_precue: ori = 103.47781456107154
6.1899 	EXP 	rot_line_precue: ori = 104.01002678415836
6.1990 	EXP 	rot_line_precue: ori = 104.65302777223316
6.2069 	EXP 	rot_line_precue: ori = 105.17486931094113
6.2150 	EXP 	rot_line_precue: ori = 105.53239454608918
6.2238 	EXP 	rot_line_precue: ori = 105.84375426704153
6.2318 	EXP 	rot_line_precue: ori = 106.30891674846985
6.2400 	EXP 	rot_line_precue: ori = 106.7114933363579
6.2479 	EXP 	rot_line_precue: ori = 107.02579449100551
6.2568 	EXP 	rot_line_precue: ori = 107.40083349299718
6.2650 	EXP 	rot_line_precue: ori = 107.74648445439612
6.2731 	EXP 	rot_line_precue: ori = 108.04272397718779
6.2819 	EXP 	rot_line_precue: ori = 108.37948061807407
6.2901 	EXP 	rot_line_precue: ori = 108.72023433288439
6.2981 	EXP 	rot_line_precue: ori = 109.0370706072415
6.3070 	EXP 	rot_line_precue: ori = 109.78389102341966
6.3151 	EXP 	rot_line_precue: ori = 110.10045440725312
6.3230 	EXP 	rot_line_precue: ori = 110.47111109884756
6.3321 	EXP 	rot_line_precue: ori = 110.99753492127672
6.3403 	EXP 	rot_line_precue: ori = 111.31341609628076
6.3482 	EXP 	rot_line_precue: ori = 111.88472342050135
6.3571 	EXP 	rot_line_precue: ori = 112.41181913649534
6.3653 	EXP 	rot_line_precue: ori = 112.72401602033655
6.3735 	EXP 	rot_line_precue: ori = 113.04413025016575
6.3822 	EXP 	rot_line_precue: ori = 113.4610508537933
6.3903 	EXP 	rot_line_precue: ori = 114.00781696799602
6.3983 	EXP 	rot_line_precue: ori = 114.36795430175924
6.4063 	EXP 	rot_line_precue: ori = 115.03478564447984
6.4151 	EXP 	rot_line_precue: ori = 115.37797338004165
6.4233 	EXP 	rot_line_precue: ori = 115.76416248906776
6.4311 	EXP 	rot_line_precue: ori = 116.1585582662092
6.4401 	EXP 	rot_line_precue: ori = 116.51667761872137
6.4482 	EXP 	rot_line_precue: ori = 116.9636116714599
6.4568 	EXP 	rot_line_precue: ori = 117.35309157966316
6.4652 	EXP 	rot_line_precue: ori = 117.69125257387591
6.4734 	EXP 	rot_line_precue: ori = 118.4825163383832
6.4814 	EXP 	rot_line_precue: ori = 118.95837436673654
6.4904 	EXP 	rot_line_precue: ori = 119.26232296824845
6.4986 	EXP 	rot_line_precue: ori = 119.56708550066585
6.5064 	EXP 	rot_line_precue: ori = 119.88971734375124
6.5155 	EXP 	rot_line_precue: ori = 120.18618263604328
6.5236 	EXP 	rot_line_precue: ori = 120.82666374959224
6.5315 	EXP 	rot_line_precue: ori = 121.35130304658448
6.5405 	EXP 	rot_line_precue: ori = 122.00505285920049
6.5487 	EXP 	rot_line_precue: ori = 122.39902743349609
6.5567 	EXP 	rot_line_precue: ori = 122.82329500495987
6.5655 	EXP 	rot_line_precue: ori = 123.18847213285991
6.5735 	EXP 	rot_line_precue: ori = 123.52398109967037
6.5816 	EXP 	rot_line_precue: ori = 123.83041774094173
6.5897 	EXP 	rot_line_precue: ori = 124.3537652090003
6.5986 	EXP 	rot_line_precue: ori = 124.74248456244212
6.6067 	EXP 	rot_line_precue: ori = 125.36313699339794
6.6146 	EXP 	rot_line_precue: ori = 125.73491686687854
6.6236 	EXP 	rot_line_precue: ori = 126.35399991187464
6.6317 	EXP 	rot_line_precue: ori = 126.67971084946912
6.6399 	EXP 	rot_line_precue: ori = 127.18926149081742
6.6487 	EXP 	rot_line_precue: ori = 127.8752470446575
6.6568 	EXP 	rot_line_precue: ori = 128.1978939850763
6.6648 	EXP 	rot_line_precue: ori = 128.54445124985008
6.6738 	EXP 	rot_line_precue: ori = 129.07608972302023
6.6819 	EXP 	rot_line_precue: ori = 129.3869299746578
6.6899 	EXP 	rot_line_precue: ori = 129.7149200804935
6.6988 	EXP 	rot_line_precue: ori = 130.08022580174756
6.7069 	EXP 	rot_line_precue: ori = 130.66934580854303
6.7149 	EXP 	rot_line_precue: ori = 130.99373575387244
6.7239 	EXP 	rot_line_precue: ori = 131.48328417249266
6.7318 	EXP 	rot_line_precue: ori = 132.2261519270354
6.7400 	EXP 	rot_line_precue: ori = 132.67125431646963
6.7480 	EXP 	rot_line_precue: ori = 133.06485666693763
6.7568 	EXP 	rot_line_precue: ori = 133.76562198494503
6.7650 	EXP 	rot_line_precue: ori = 134.0746885502404
6.7729 	EXP 	rot_line_precue: ori = 134.47961176972495
6.7819 	EXP 	rot_line_precue: ori = 134.7881922756875
6.7901 	EXP 	rot_line_precue: ori = 135.2449181139298
6.7981 	EXP 	rot_line_precue: ori = 136.00928555386778
6.8069 	EXP 	rot_line_precue: ori = 136.31989539872086
6.8151 	EXP 	rot_line_precue: ori = 136.86679529206
6.8231 	EXP 	rot_line_precue: ori = 137.2979139210286
6.8321 	EXP 	rot_line_precue: ori = 137.99489277469797
6.8401 	EXP 	rot_line_precue: ori = 138.66505300423717
6.8484 	EXP 	rot_line_precue: ori = 139.1874864251002
6.8571 	EXP 	rot_line_precue: ori = 139.49359290509867
6.8652 	EXP 	rot_line_precue: ori = 140.00982491750491
6.8734 	EXP 	rot_line_precue: ori = 140.43111765209673
6.8822 	EXP 	rot_line_precue: ori = 140.7285110415161
6.8903 	EXP 	rot_line_precue: ori = 141.08780150881856
6.8982 	EXP 	rot_line_precue: ori = 141.4001199075822
6.9071 	EXP 	rot_line_precue: ori = 141.75797506706917
6.9153 	EXP 	rot_line_precue: ori = 142.19150628672546
6.9233 	EXP 	rot_line_precue: ori = 142.53703785076127
6.9313 	EXP 	rot_line_precue: ori = 143.0344027636966
6.9401 	EXP 	rot_line_precue: ori = 143.34435498988478
6.9484 	EXP 	rot_line_precue: ori = 143.87170110341594
6.9563 	EXP 	rot_line_precue: ori = 144.2009457071949
6.9651 	EXP 	rot_line_precue: ori = 144.5164170767134
6.9734 	EXP 	rot_line_precue: ori = 144.9188598748479
6.9812 	EXP 	rot_line_precue: ori = 145.3297453897442
6.9902 	EXP 	rot_line_precue: ori = 145.8532912305394
6.9986 	EXP 	rot_line_precue: ori = 146.22542395779405
7.0064 	EXP 	rot_line_precue: ori = 146.57896393358834
7.0154 	EXP 	rot_line_precue: ori = 146.89021927542476
7.0236 	EXP 	rot_line_precue: ori = 147.22607207772452
7.0315 	EXP 	rot_line_precue: ori = 147.52882007302063
7.0403 	EXP 	rot_line_precue: ori = 147.88207295696108
7.0486 	EXP 	rot_line_precue: ori = 148.22303667528925
7.0567 	EXP 	rot_line_precue: ori = 148.6437278126594
7.0656 	EXP 	rot_line_precue: ori = 148.94922552902742
7.0737 	EXP 	rot_line_precue: ori = 149.251463742904
7.0816 	EXP 	rot_line_precue: ori = 149.59509447724741
7.0905 	EXP 	rot_line_precue: ori = 150.01608040267337
7.0986 	EXP 	rot_line_precue: ori = 150.3424317681878
7.1067 	EXP 	rot_line_precue: ori = 150.75972550207254
7.1146 	EXP 	rot_line_precue: ori = 151.18843003648678
7.1235 	EXP 	rot_line_precue: ori = 151.94082624537467
7.1317 	EXP 	rot_line_precue: ori = 152.24576306367595
7.1398 	EXP 	rot_line_precue: ori = 152.54751568966208
7.1487 	EXP 	rot_line_precue: ori = 152.87766223632622
7.1566 	EXP 	rot_line_precue: ori = 153.26832768959372
7.1646 	EXP 	rot_line_precue: ori = 153.7099875721352
7.1738 	EXP 	rot_line_precue: ori = 154.22447792277117
7.1819 	EXP 	rot_line_precue: ori = 154.567311075317
7.1908 	EXP 	rot_line_precue: ori = 154.90224489662845
7.1989 	EXP 	rot_line_precue: ori = 155.25647100877427
7.2067 	EXP 	rot_line_precue: ori = 155.63775566749737
7.2149 	EXP 	rot_line_precue: ori = 156.34124339466774
7.2239 	EXP 	rot_line_precue: ori = 156.6490891244048
7.2319 	EXP 	rot_line_precue: ori = 157.22889958237806
7.2401 	EXP 	rot_line_precue: ori = 157.6929658924356
7.2489 	EXP 	rot_line_precue: ori = 157.99000949723063
7.2568 	EXP 	rot_line_precue: ori = 158.40563774750476
7.2650 	EXP 	rot_line_precue: ori = 158.7117351750228
7.2731 	EXP 	rot_line_precue: ori = 159.023302039786
7.2818 	EXP 	rot_line_precue: ori = 159.42882372512835
7.2900 	EXP 	rot_line_precue: ori = 159.7740295989801
7.2979 	EXP 	rot_line_precue: ori = 160.35619279567177
7.3069 	EXP 	rot_line_precue: ori = 160.74523271323977
7.3151 	EXP 	rot_line_precue: ori = 161.31778008054584
7.3231 	EXP 	rot_line_precue: ori = 161.6817797005267
7.3319 	EXP 	rot_line_precue: ori = 162.0059939004418
7.3401 	EXP 	rot_line_precue: ori = 162.53883559060688
7.3483 	EXP 	rot_line_precue: ori = 162.84405466841278
7.3571 	EXP 	rot_line_precue: ori = 163.20614019422433
7.3654 	EXP 	rot_line_precue: ori = 163.6878080188123
7.3735 	EXP 	rot_line_precue: ori = 164.0411268336905
7.3820 	EXP 	rot_line_precue: ori = 164.42036281986594
7.3903 	EXP 	rot_line_precue: ori = 164.73383682680438
7.3984 	EXP 	rot_line_precue: ori = 165.04326829947985
7.4072 	EXP 	rot_line_precue: ori = 165.83807693093246
7.4156 	EXP 	rot_line_precue: ori = 166.4397167042471
7.4233 	EXP 	rot_line_precue: ori = 166.83685434123154
7.4321 	EXP 	rot_line_precue: ori = 167.27599228244938
7.4402 	EXP 	rot_line_precue: ori = 167.62613655064413
7.4483 	EXP 	rot_line_precue: ori = 167.94218268151596
7.4561 	EXP 	rot_line_precue: ori = 168.4630979303407
7.4651 	EXP 	rot_line_precue: ori = 169.16150222240333
7.4734 	EXP 	rot_line_precue: ori = 169.68480717282463
7.4812 	EXP 	rot_line_precue: ori = 170.01715313574422
7.4903 	EXP 	rot_line_precue: ori = 170.33899323459005
7.4984 	EXP 	rot_line_precue: ori = 170.99375802565
7.5064 	EXP 	rot_line_precue: ori = 171.31273013018077
7.5155 	EXP 	rot_line_precue: ori = 171.6312476636684
7.5236 	EXP 	rot_line_precue: ori = 171.95148874402258
7.5324 	EXP 	rot_line_precue: ori = 172.6991662225193
7.5406 	EXP 	rot_line_precue: ori = 173.0088750374571
7.5485 	EXP 	rot_line_precue: ori = 173.32381617611173
7.5565 	EXP 	rot_line_precue: ori = 173.69506500362976
7.5654 	EXP 	rot_line_precue: ori = 174.03569354352015
7.5737 	EXP 	rot_line_precue: ori = 174.36999094787961
7.5815 	EXP 	rot_line_precue: ori = 174.67939569199234
7.5905 	EXP 	rot_line_precue: ori = 175.33528133129073
7.5986 	EXP 	rot_line_precue: ori = 175.702061519203
7.6065 	EXP 	rot_line_precue: ori = 176.05814565860442
7.6146 	EXP 	rot_line_precue: ori = 176.6571156691705
7.6235 	EXP 	rot_line_precue: ori = 176.95555830019867
7.6316 	EXP 	rot_line_precue: ori = 177.29167379360985
7.6396 	EXP 	rot_line_precue: ori = 177.87470953388265
7.6485 	EXP 	rot_line_precue: ori = 178.37702311864268
7.6566 	EXP 	rot_line_precue: ori = 178.68353460906064
7.6646 	EXP 	rot_line_precue: ori = 178.99730028815821
7.6735 	EXP 	rot_line_precue: ori = 179.32617963292023
7.6817 	EXP 	rot_line_precue: ori = 179.74553548849107
7.6899 	EXP 	rot_line_precue: ori = 180.05250619422424
7.6988 	EXP 	rot_line_precue: ori = 180.4550124274519
7.7069 	EXP 	rot_line_precue: ori = 180.81589557980809
7.7149 	EXP 	rot_line_precue: ori = 181.3942575576196
7.7238 	EXP 	rot_line_precue: ori = 181.73914292516932
7.7318 	EXP 	rot_line_precue: ori = 182.20261473487085
7.7399 	EXP 	rot_line_precue: ori = 182.51880383814117
7.7490 	EXP 	rot_line_precue: ori = 183.03369576155637
7.7569 	EXP 	rot_line_precue: ori = 183.5342696358168
7.7649 	EXP 	rot_line_precue: ori = 183.8602345645308
7.7738 	EXP 	rot_line_precue: ori = 184.60649999773267
7.7818 	EXP 	rot_line_precue: ori = 184.9383901559554
7.7900 	EXP 	rot_line_precue: ori = 185.44574519713092
7.7979 	EXP 	rot_line_precue: ori = 185.7849307786625
7.8069 	EXP 	rot_line_precue: ori = 186.35699508825348
7.8150 	EXP 	rot_line_precue: ori = 186.76322706302162
7.8229 	EXP 	rot_line_precue: ori = 187.27738987105388
7.8319 	EXP 	rot_line_precue: ori = 187.57696755963002
7.8401 	EXP 	rot_line_precue: ori = 187.93366829818277
7.8485 	EXP 	rot_line_precue: ori = 188.34373182240867
7.8571 	EXP 	rot_line_precue: ori = 188.6826923972956
7.8653 	EXP 	rot_line_precue: ori = 189.04150693392177
7.8731 	EXP 	rot_line_precue: ori = 189.39669538172436
7.8820 	EXP 	rot_line_precue: ori = 189.719207479367
7.8905 	EXP 	rot_line_precue: ori = 190.19654709437924
7.8982 	EXP 	rot_line_precue: ori = 190.63601706008652
7.9072 	EXP 	rot_line_precue: ori = 191.0081708065564
7.9153 	EXP 	rot_line_precue: ori = 191.4407170071342
7.9233 	EXP 	rot_line_precue: ori = 192.0139785187097
7.9321 	EXP 	rot_line_precue: ori = 192.41903293581285
7.9403 	EXP 	rot_line_precue: ori = 192.72355000114482
7.9483 	EXP 	rot_line_precue: ori = 193.19390305705755
7.9561 	EXP 	rot_line_precue: ori = 193.49826150924585
7.9651 	EXP 	rot_line_precue: ori = 193.8186201206905
7.9734 	EXP 	rot_line_precue: ori = 194.18238032729806
7.9814 	EXP 	rot_line_precue: ori = 194.63896753429842
7.9904 	EXP 	rot_line_precue: ori = 195.21425844741924
7.9984 	EXP 	rot_line_precue: ori = 195.5487598528601
8.0064 	EXP 	rot_line_precue: ori = 195.84682360284137
8.0154 	EXP 	rot_line_precue: ori = 196.14631774034564
8.0236 	EXP 	rot_line_precue: ori = 196.4745916042937
8.0324 	EXP 	rot_line_precue: ori = 196.89011464779037
8.0405 	EXP 	rot_line_precue: ori = 197.26894279564945
8.0486 	EXP 	rot_line_precue: ori = 197.57164544191969
8.0566 	EXP 	rot_line_precue: ori = 197.86871743785832
8.0655 	EXP 	rot_line_precue: ori = 198.1829165169097
8.0737 	EXP 	rot_line_precue: ori = 198.49305291174997
8.0816 	EXP 	rot_line_precue: ori = 198.8080174907929
8.0903 	EXP 	rot_line_precue: ori = 199.11227867576662
8.0985 	EXP 	rot_line_precue: ori = 199.48287135412815
8.1065 	EXP 	rot_line_precue: ori = 199.7853084776978
8.1154 	EXP 	rot_line_precue: ori = 200.09299080752828
8.1236 	EXP 	rot_line_precue: ori = 200.4347776417146
8.1318 	EXP 	rot_line_precue: ori = 200.78755038680924
8.1395 	EXP 	rot_line_precue: ori = 201.15224834476172
8.1486 	EXP 	rot_line_precue: ori = 201.45633256600135
8.1566 	EXP 	rot_line_precue: ori = 202.0366616018219
8.1646 	EXP 	rot_line_precue: ori = 202.42637259640233
8.1736 	EXP 	rot_line_precue: ori = 202.85900439132993
8.1817 	EXP 	rot_line_precue: ori = 203.22123865674067
8.1900 	EXP 	rot_line_precue: ori = 203.62460712043566
8.1987 	EXP 	rot_line_precue: ori = 204.03414483195073
8.2068 	EXP 	rot_line_precue: ori = 204.38163909558358
8.2158 	EXP 	rot_line_precue: ori = 204.74710040403224
8.2238 	EXP 	rot_line_precue: ori = 205.07304821943836
8.2319 	EXP 	rot_line_precue: ori = 205.43603002707707
8.2409 	EXP 	rot_line_precue: ori = 205.77378846399293
8.2491 	EXP 	rot_line_precue: ori = 206.24125702459224
8.2568 	EXP 	rot_line_precue: ori = 206.77825661686737
8.2649 	EXP 	rot_line_precue: ori = 207.18991887658558
8.2738 	EXP 	rot_line_precue: ori = 207.52441983214365
8.2819 	EXP 	rot_line_precue: ori = 207.90503052600198
8.2900 	EXP 	rot_line_precue: ori = 208.37130835797177
8.2980 	EXP 	rot_line_precue: ori = 208.74346358889466
8.3068 	EXP 	rot_line_precue: ori = 209.22332151344685
8.3150 	EXP 	rot_line_precue: ori = 209.5213248307368
8.3229 	EXP 	rot_line_precue: ori = 209.99013321782533
8.3319 	EXP 	rot_line_precue: ori = 210.32327886284193
8.3401 	EXP 	rot_line_precue: ori = 210.721604007112
8.3482 	EXP 	rot_line_precue: ori = 211.0791427398902
8.3570 	EXP 	rot_line_precue: ori = 211.8839282261693
8.3652 	EXP 	rot_line_precue: ori = 212.2456004122935
8.3741 	EXP 	rot_line_precue: ori = 212.61951019280295
8.3820 	EXP 	rot_line_precue: ori = 213.03455251855746
8.3901 	EXP 	rot_line_precue: ori = 213.39354372927093
8.3983 	EXP 	rot_line_precue: ori = 213.69591697217436
8.4071 	EXP 	rot_line_precue: ori = 214.2285657598431
8.4154 	EXP 	rot_line_precue: ori = 214.5348854442074
8.4231 	EXP 	rot_line_precue: ori = 214.83260252928076
8.4321 	EXP 	rot_line_precue: ori = 215.15487013536006
8.4402 	EXP 	rot_line_precue: ori = 215.46366056535987
8.4483 	EXP 	rot_line_precue: ori = 215.82890618401376
8.4561 	EXP 	rot_line_precue: ori = 216.15874827344354
8.4651 	EXP 	rot_line_precue: ori = 216.654426410627
8.4734 	EXP 	rot_line_precue: ori = 216.9683445422918
8.4822 	EXP 	rot_line_precue: ori = 217.26693873620962
8.4903 	EXP 	rot_line_precue: ori = 217.5966736068098
8.4984 	EXP 	rot_line_precue: ori = 218.32602785905607
8.5062 	EXP 	rot_line_precue: ori = 218.67878020470897
8.5152 	EXP 	rot_line_precue: ori = 219.01344050617988
8.5235 	EXP 	rot_line_precue: ori = 219.4058467364636
8.5324 	EXP 	rot_line_precue: ori = 219.7179715924669
8.5405 	EXP 	rot_line_precue: ori = 220.0681179941926
8.5486 	EXP 	rot_line_precue: ori = 220.71142448986856
8.5563 	EXP 	rot_line_precue: ori = 221.0472706599866
8.5653 	EXP 	rot_line_precue: ori = 221.34658648511896
8.5737 	EXP 	rot_line_precue: ori = 221.75717519569997
8.5815 	EXP 	rot_line_precue: ori = 222.08433611041687
8.5820 	EXP 	New trial (rep=0, index=1): <Trial 1 (1 in rep 0) data={'pic_name': 'pics/feet.JPG', 'class_mi': 'feet', 'thisN': 1, 'thisTrialN': 1, 'thisRepN': 0}>
8.5900 	EXP 	rot_line_precue: ori = 222.39134839563087
8.5900 	EXP 	image: autoDraw = False
8.5900 	EXP 	hor_line_precue: autoDraw = False
8.5900 	EXP 	ver_line_precue: autoDraw = False
8.5900 	EXP 	rot_line_precue: autoDraw = False
8.5900 	EXP 	image: autoDraw = False
8.5900 	EXP 	image: image = 'pics/feet.JPG'
8.5900 	EXP 	hor_line_precue: autoDraw = True
8.5900 	EXP 	ver_line_precue: autoDraw = True
8.5900 	EXP 	rot_line_precue: autoDraw = True
8.5900 	EXP 	rot_line_precue: ori = 222.74890465273768
8.5900 	EXP 	image: autoDraw = True
8.5986 	EXP 	rot_line_precue: ori = 223.09848336483265
8.6065 	EXP 	rot_line_precue: ori = 223.53209235114994
8.6154 	EXP 	rot_line_precue: ori = 224.28107970465484
8.6236 	EXP 	rot_line_precue: ori = 224.60400938233073
8.6316 	EXP 	rot_line_precue: ori = 224.97799891418182
8.6395 	EXP 	rot_line_precue: ori = 225.27342522898576
8.6486 	EXP 	rot_line_precue: ori = 225.6197613838154
8.6567 	EXP 	rot_line_precue: ori = 225.9395823467187
8.6658 	EXP 	rot_line_precue: ori = 226.26435577540292
8.6737 	EXP 	rot_line_precue: ori = 226.56313787883525
8.6817 	EXP 	rot_line_precue: ori = 226.89259461011648
8.6907 	EXP 	rot_line_precue: ori = 227.19792486985065
8.6988 	EXP 	rot_line_precue: ori = 227.513389117002
8.7067 	EXP 	rot_line_precue: ori = 227.83547164939017
8.7149 	EXP 	rot_line_precue: ori = 228.1858098289418
8.7238 	EXP 	rot_line_precue: ori = 228.5318990798614
8.7317 	EXP 	rot_line_precue: ori = 228.84394741688206
8.7400 	EXP 	rot_line_precue: ori = 229.17915674956535
8.7489 	EXP 	rot_line_precue: ori = 229.67010081360354
8.7569 	EXP 	rot_line_precue: ori = 230.07785062153576
8.7648 	EXP 	rot_line_precue: ori = 230.43347123585457
8.7751 	EXP 	rot_line_precue: ori = 230.86538980917643
8.7828 	EXP 	rot_line_precue: ori = 231.29101005825697
8.7900 	EXP 	rot_line_precue: ori = 231.6734277586529
8.7988 	EXP 	rot_line_precue: ori = 232.43507548889787
8.8068 	EXP 	rot_line_precue: ori = 232.78438291739286
8.8150 	EXP 	rot_line_precue: ori = 233.19196267678424
8.8229 	EXP 	rot_line_precue: ori = 233.51424062583885
8.8319 	EXP 	rot_line_precue: ori = 233.82726825232615
8.8400 	EXP 	rot_line_precue: ori = 234.14906263533248
8.8485 	EXP 	rot_line_precue: ori = 234.4461922382732
8.8570 	EXP 	rot_line_precue: ori = 234.7709391898185
8.8653 	EXP 	rot_line_precue: ori = 235.19049829809882
8.8740 	EXP 	rot_line_precue: ori = 235.56012285005733
8.8820 	EXP 	rot_line_precue: ori = 235.9390319631669
8.8901 	EXP 	rot_line_precue: ori = 236.25272391353477
8.8982 	EXP 	rot_line_precue: ori = 236.7443389897718
8.9071 	EXP 	rot_line_precue: ori = 237.07026549772237
8.9153 	EXP 	rot_line_precue: ori = 237.38884659120453
8.9234 	EXP 	rot_line_precue: ori = 237.82972524643333
8.9322 	EXP 	rot_line_precue: ori = 238.14326401764157
8.9403 	EXP 	rot_line_precue: ori = 238.44333204044625
8.9481 	EXP 	rot_line_precue: ori = 238.97030980132197
8.9571 	EXP 	rot_line_precue: ori = 239.36847749644537
8.9653 	EXP 	rot_line_precue: ori = 239.68545941157592
8.9733 	EXP 	rot_line_precue: ori = 240.08078322868454
8.9811 	EXP 	rot_line_precue: ori = 240.39611899183348
8.9901 	EXP 	rot_line_precue: ori = 240.71594620381737
8.9984 	EXP 	rot_line_precue: ori = 241.13706377468702
9.0072 	EXP 	rot_line_precue: ori = 241.43587619306663
9.0154 	EXP 	rot_line_precue: ori = 242.11000235659455
9.0235 	EXP 	rot_line_precue: ori = 242.4374746544788
9.0323 	EXP 	rot_line_precue: ori = 242.7349987675481
9.0404 	EXP 	rot_line_precue: ori = 243.04909817333902
9.0485 	EXP 	rot_line_precue: ori = 243.34527471547764
9.0563 	EXP 	rot_line_precue: ori = 243.9398677002758
9.0653 	EXP 	rot_line_precue: ori = 244.25249706900271
9.0735 	EXP 	rot_line_precue: ori = 245.0143076256155
9.0815 	EXP 	rot_line_precue: ori = 245.50171175933355
9.0905 	EXP 	rot_line_precue: ori = 245.91429956716425
9.0987 	EXP 	rot_line_precue: ori = 246.24422572899505
9.1067 	EXP 	rot_line_precue: ori = 246.57075679144958
9.1153 	EXP 	rot_line_precue: ori = 246.9304014467275
9.1235 	EXP 	rot_line_precue: ori = 247.3541982956335
9.1315 	EXP 	rot_line_precue: ori = 247.99438199446408
9.1405 	EXP 	rot_line_precue: ori = 248.34485122031447
9.1486 	EXP 	rot_line_precue: ori = 248.70400765846648
9.1568 	EXP 	rot_line_precue: ori = 249.11336699933568
9.1645 	EXP 	rot_line_precue: ori = 249.5558464369077
9.1736 	EXP 	rot_line_precue: ori = 250.02010371374263
9.1816 	EXP 	rot_line_precue: ori = 250.3758534532024
9.1906 	EXP 	rot_line_precue: ori = 250.69487447644372
9.1988 	EXP 	rot_line_precue: ori = 251.10351989030852
9.2068 	EXP 	rot_line_precue: ori = 251.63873831102572
9.2148 	EXP 	rot_line_precue: ori = 252.02662669182067
9.2236 	EXP 	rot_line_precue: ori = 252.36061077576196
9.2317 	EXP 	rot_line_precue: ori = 252.67824717328224
9.2398 	EXP 	rot_line_precue: ori = 253.08321961147516
9.2488 	EXP 	rot_line_precue: ori = 253.55049483561876
9.2569 	EXP 	rot_line_precue: ori = 253.9141660011234
9.2648 	EXP 	rot_line_precue: ori = 254.32042447930328
9.2739 	EXP 	rot_line_precue: ori = 254.6440174873895
9.2818 	EXP 	rot_line_precue: ori = 255.02922312850538
9.2900 	EXP 	rot_line_precue: ori = 255.3368574986667
9.2988 	EXP 	rot_line_precue: ori = 255.81107382901308
9.3068 	EXP 	rot_line_precue: ori = 256.111779700583
9.3148 	EXP 	rot_line_precue: ori = 256.90654004139634
9.3244 	EXP 	rot_line_precue: ori = 257.4864293545111
9.3318 	EXP 	rot_line_precue: ori = 257.7900312381541
9.3400 	EXP 	rot_line_precue: ori = 258.1073476747295
9.3481 	EXP 	rot_line_precue: ori = 258.5021233125105
9.3570 	EXP 	rot_line_precue: ori = 258.8742431457546
9.3652 	EXP 	rot_line_precue: ori = 259.2078638774992
9.3739 	EXP 	rot_line_precue: ori = 259.56116162942476
9.3819 	EXP 	rot_line_precue: ori = 259.93311600968303
9.3901 	EXP 	rot_line_precue: ori = 260.33034589135275
9.3982 	EXP 	rot_line_precue: ori = 261.1277424536979
9.4070 	EXP 	rot_line_precue: ori = 261.5119019973419
9.4152 	EXP 	rot_line_precue: ori = 261.86507390968615
9.4241 	EXP 	rot_line_precue: ori = 262.3316313675125
9.4321 	EXP 	rot_line_precue: ori = 262.6990158354832
9.4402 	EXP 	rot_line_precue: ori = 263.1753778708914
9.4483 	EXP 	rot_line_precue: ori = 263.70963363795744
9.4571 	EXP 	rot_line_precue: ori = 264.0222586622923
9.4653 	EXP 	rot_line_precue: ori = 264.3905739427723
9.4732 	EXP 	rot_line_precue: ori = 264.6885045236215
9.4811 	EXP 	rot_line_precue: ori = 264.9937168420248
9.4901 	EXP 	rot_line_precue: ori = 265.7315684141935
9.4983 	EXP 	rot_line_precue: ori = 266.23421881856933
9.5064 	EXP 	rot_line_precue: ori = 266.6819909354661
9.5153 	EXP 	rot_line_precue: ori = 266.98781207873725
9.5233 	EXP 	rot_line_precue: ori = 267.3197064909771
9.5322 	EXP 	rot_line_precue: ori = 267.78389415860954
9.5403 	EXP 	rot_line_precue: ori = 268.09248125384516
9.5484 	EXP 	rot_line_precue: ori = 268.39582631276005
9.5574 	EXP 	rot_line_precue: ori = 268.73627085970946
9.5654 	EXP 	rot_line_precue: ori = 269.0998417553113
9.5735 	EXP 	rot_line_precue: ori = 269.5903165693453
9.5824 	EXP 	rot_line_precue: ori = 270.2024936755898
9.5905 	EXP 	rot_line_precue: ori = 270.66177670426407
9.5985 	EXP 	rot_line_precue: ori = 271.11415489398735
9.6064 	EXP 	rot_line_precue: ori = 271.41009563337064
9.6154 	EXP 	rot_line_precue: ori = 271.98366685247873
9.6236 	EXP 	rot_line_precue: ori = 272.36487330196394
9.6315 	EXP 	rot_line_precue: ori = 273.02960354011475
9.6395 	EXP 	rot_line_precue: ori = 273.3492031350191
9.6484 	EXP 	rot_line_precue: ori = 273.74158528338074
9.6566 	EXP 	rot_line_precue: ori = 274.0426538444223
9.6645 	EXP 	rot_line_precue: ori = 274.34505406873257
9.6735 	EXP 	rot_line_precue: ori = 274.76353467607646
9.6815 	EXP 	rot_line_precue: ori = 275.26369373838
9.6905 	EXP 	rot_line_precue: ori = 275.58067194452923
9.6988 	EXP 	rot_line_precue: ori = 276.16097577801355
9.7067 	EXP 	rot_line_precue: ori = 276.8953195728997
9.7148 	EXP 	rot_line_precue: ori = 277.3170508615203
9.7236 	EXP 	rot_line_precue: ori = 277.709741426892
9.7318 	EXP 	rot_line_precue: ori = 278.0109926091109
9.7406 	EXP 	rot_line_precue: ori = 278.4802087841963
9.7488 	EXP 	rot_line_precue: ori = 278.93617612664576
9.7567 	EXP 	rot_line_precue: ori = 279.3629359078867
9.7649 	EXP 	rot_line_precue: ori = 279.66971151126825
9.7737 	EXP 	rot_line_precue: ori = 280.23981698367913
9.7818 	EXP 	rot_line_precue: ori = 280.7934315653861
9.7900 	EXP 	rot_line_precue: ori = 281.18613421023156
9.7988 	EXP 	rot_line_precue: ori = 281.719019504259
9.8068 	EXP 	rot_line_precue: ori = 282.2859237688427
9.8150 	EXP 	rot_line_precue: ori = 282.58462658103855
9.8228 	EXP 	rot_line_precue: ori = 282.986742913808
9.8319 	EXP 	rot_line_precue: ori = 283.29939276249564
9.8399 	EXP 	rot_line_precue: ori = 283.7201297136916
9.8491 	EXP 	rot_line_precue: ori = 284.0882400583576
9.8571 	EXP 	rot_line_precue: ori = 284.5018088520389
9.8650 	EXP 	rot_line_precue: ori = 284.8088808057041
9.8739 	EXP 	rot_line_precue: ori = 285.46479107286495
9.8819 	EXP 	rot_line_precue: ori = 286.03534204130506
9.8901 	EXP 	rot_line_precue: ori = 286.3573373116182
9.8982 	EXP 	rot_line_precue: ori = 286.679774116803
9.9072 	EXP 	rot_line_precue: ori = 287.30166346544223
9.9151 	EXP 	rot_line_precue: ori = 287.6884199622322
9.9242 	EXP 	rot_line_precue: ori = 288.0359136445943
9.9321 	EXP 	rot_line_precue: ori = 288.4061883916308
9.9402 	EXP 	rot_line_precue: ori = 288.7422665323854
9.9483 	EXP 	rot_line_precue: ori = 289.1024497958685
9.9570 	EXP 	rot_line_precue: ori = 289.47852976117684
9.9652 	EXP 	rot_line_precue: ori = 289.873295359674
9.9733 	EXP 	rot_line_precue: ori = 290.21133322191747
9.9811 	EXP 	rot_line_precue: ori = 290.54316550145273
9.9901 	EXP 	rot_line_precue: ori = 290.9290821884952
9.9983 	EXP 	rot_line_precue: ori = 291.3542130961641
10.0071 	EXP 	rot_line_precue: ori = 291.69428021851877
10.0154 	EXP 	rot_line_precue: ori = 292.0227450025027
10.0233 	EXP 	rot_line_precue: ori = 292.61295872915304
10.0322 	EXP 	rot_line_precue: ori = 292.92438381035964
10.0403 	EXP 	rot_line_precue: ori = 293.2212133164816
10.0484 	EXP 	rot_line_precue: ori = 293.7090552051484
10.0564 	EXP 	rot_line_precue: ori = 294.21849158621103
10.0653 	EXP 	rot_line_precue: ori = 294.55807427700097
10.0735 	EXP 	rot_line_precue: ori = 294.8914530259018
10.0824 	EXP 	rot_line_precue: ori = 295.5111409008797
10.0904 	EXP 	rot_line_precue: ori = 295.99078216092744
10.0985 	EXP 	rot_line_precue: ori = 296.3715173072241
10.1065 	EXP 	rot_line_precue: ori = 296.6828613582757
10.1155 	EXP 	rot_line_precue: ori = 297.0193994252773
10.1235 	EXP 	rot_line_precue: ori = 297.4133767874182
10.1314 	EXP 	rot_line_precue: ori = 297.79114759581176
10.1405 	EXP 	rot_line_precue: ori = 298.1339608922426
10.1485 	EXP 	rot_line_precue: ori = 298.49835365373195
10.1565 	EXP 	rot_line_precue: ori = 298.8611061570715
10.1656 	EXP 	rot_line_precue: ori = 299.15704726318745
10.1737 	EXP 	rot_line_precue: ori = 299.79275466525286
10.1816 	EXP 	rot_line_precue: ori = 300.10230574200574
10.1908 	EXP 	rot_line_precue: ori = 300.60844632287774
10.1986 	EXP 	rot_line_precue: ori = 301.27347928626176
10.2067 	EXP 	rot_line_precue: ori = 301.61098641718286
10.2156 	EXP 	rot_line_precue: ori = 301.9328820525344
10.2238 	EXP 	rot_line_precue: ori = 302.34277710840564
10.2318 	EXP 	rot_line_precue: ori = 302.9644928926119
10.2408 	EXP 	rot_line_precue: ori = 303.34297928231194
10.2486 	EXP 	rot_line_precue: ori = 303.7271497000529
10.2567 	EXP 	rot_line_precue: ori = 304.07257549612893
10.2647 	EXP 	rot_line_precue: ori = 304.47466474457303
10.2736 	EXP 	rot_line_precue: ori = 304.8157007726839
10.2818 	EXP 	rot_line_precue: ori = 305.1174081365039
10.2897 	EXP 	rot_line_precue: ori = 305.45860867847176
10.2988 	EXP 	rot_line_precue: ori = 305.85350689197116
10.3068 	EXP 	rot_line_precue: ori = 306.20921152943714
10.3149 	EXP 	rot_line_precue: ori = 306.5162737196108
10.3239 	EXP 	rot_line_precue: ori = 306.9110087420053
10.3321 	EXP 	rot_line_precue: ori = 307.265099463224
10.3401 	EXP 	rot_line_precue: ori = 307.56315285675055
10.3492 	EXP 	rot_line_precue: ori = 307.90151787900186
10.3569 	EXP 	rot_line_precue: ori = 308.2333607776896
10.3651 	EXP 	rot_line_precue: ori = 308.5901810089194
10.3739 	EXP 	rot_line_precue: ori = 308.9093377880423
10.3819 	EXP 	rot_line_precue: ori = 309.2340422079534
10.3902 	EXP 	rot_line_precue: ori = 309.8180983943038
10.3991 	EXP 	rot_line_precue: ori = 310.45914947065705
10.4070 	EXP 	rot_line_precue: ori = 311.11285216855276
10.4150 	EXP 	rot_line_precue: ori = 311.41462480461644
10.4231 	EXP 	rot_line_precue: ori = 311.74575210136885
10.4320 	EXP 	rot_line_precue: ori = 312.0540228433092
10.4401 	EXP 	rot_line_precue: ori = 312.36324538423037
10.4480 	EXP 	rot_line_precue: ori = 313.0203952202081
10.4570 	EXP 	rot_line_precue: ori = 313.5712619200188
10.4652 	EXP 	rot_line_precue: ori = 314.0164003269155
10.4739 	EXP 	rot_line_precue: ori = 314.67960646036346
10.4823 	EXP 	rot_line_precue: ori = 315.0635671793113
10.4904 	EXP 	rot_line_precue: ori = 315.4801035126224
10.4982 	EXP 	rot_line_precue: ori = 315.8425408019239
10.5073 	EXP 	rot_line_precue: ori = 316.3085077914107
10.5152 	EXP 	rot_line_precue: ori = 316.6389827501034
10.5233 	EXP 	rot_line_precue: ori = 317.2061976551056
10.5321 	EXP 	rot_line_precue: ori = 317.6236671347042
10.5403 	EXP 	rot_line_precue: ori = 317.9286647452468
10.5483 	EXP 	rot_line_precue: ori = 318.24934835609815
10.5573 	EXP 	rot_line_precue: ori = 318.5883948373952
10.5654 	EXP 	rot_line_precue: ori = 318.88630597966505
10.5734 	EXP 	rot_line_precue: ori = 319.2228865927004
10.5822 	EXP 	hor_line_precue: autoDraw = False
10.5822 	EXP 	ver_line_precue: autoDraw = False
10.5822 	EXP 	rot_line_precue: autoDraw = False
10.5822 	EXP 	rot_line_precue: ori = 319.814713160647
10.5905 	EXP 	rot_line_precue: ori = 320.3068591536803
10.5983 	EXP 	rot_line_precue: ori = 320.66638268603907
10.6064 	EXP 	rot_line_precue: ori = 320.98162046708114
10.6152 	EXP 	rot_line_precue: ori = 321.4261725594859
10.6234 	EXP 	rot_line_precue: ori = 321.7467214363587
10.6315 	EXP 	rot_line_precue: ori = 322.2194751178822
10.6404 	EXP 	rot_line_precue: ori = 322.6118558737086
10.6487 	EXP 	rot_line_precue: ori = 322.9743751762056
10.6568 	EXP 	rot_line_precue: ori = 323.2824712794631
10.6655 	EXP 	rot_line_precue: ori = 323.64970488174527
10.6735 	EXP 	rot_line_precue: ori = 323.9590511314773
10.6815 	EXP 	rot_line_precue: ori = 324.2671078722923
10.6904 	EXP 	rot_line_precue: ori = 324.57594989723606
10.6987 	EXP 	rot_line_precue: ori = 325.02960869866234
10.7067 	EXP 	rot_line_precue: ori = 325.33284039028376
10.7156 	EXP 	rot_line_precue: ori = 326.1246695860445
10.7238 	EXP 	rot_line_precue: ori = 326.52351074275504
10.7317 	EXP 	rot_line_precue: ori = 326.8494040996194
10.7406 	EXP 	rot_line_precue: ori = 327.1779326631162
10.7488 	EXP 	rot_line_precue: ori = 327.60018971057445
10.7566 	EXP 	rot_line_precue: ori = 327.93411203248166
10.7647 	EXP 	rot_line_precue: ori = 328.2491093263642
10.7735 	EXP 	rot_line_precue: ori = 328.56650229326334
10.7817 	EXP 	rot_line_precue: ori = 328.96976037355165
10.7898 	EXP 	rot_line_precue: ori = 329.67010047739
10.7987 	EXP 	rot_line_precue: ori = 330.050636378273
10.8068 	EXP 	rot_line_precue: ori = 330.3682200450096
10.8150 	EXP 	rot_line_precue: ori = 330.73046876605275
10.8238 	EXP 	rot_line_precue: ori = 331.08155334689667
10.8320 	EXP 	rot_line_precue: ori = 331.6183334272386
10.8401 	EXP 	rot_line_precue: ori = 331.9810759048301
10.8489 	EXP 	rot_line_precue: ori = 332.2950598768985
10.8568 	EXP 	rot_line_precue: ori = 332.7065721137903
10.8650 	EXP 	rot_line_precue: ori = 333.0443546428455
10.8740 	EXP 	rot_line_precue: ori = 333.4674517085173
10.8820 	EXP 	rot_line_precue: ori = 333.9118277276154
10.8902 	EXP 	rot_line_precue: ori = 334.7157075593135
10.8989 	EXP 	rot_line_precue: ori = 335.2570564014305
10.9069 	EXP 	rot_line_precue: ori = 335.7598238702076
10.9151 	EXP 	rot_line_precue: ori = 336.0753204551542
10.9230 	EXP 	rot_line_precue: ori = 336.4955790396134
10.9319 	EXP 	rot_line_precue: ori = 336.84376157432825
10.9400 	EXP 	rot_line_precue: ori = 337.139299983944
10.9481 	EXP 	rot_line_precue: ori = 337.50437314687855
10.9569 	EXP 	rot_line_precue: ori = 337.84855944005557
10.9659 	EXP 	rot_line_precue: ori = 338.14624869201924
10.9732 	EXP 	rot_line_precue: ori = 338.46207788861494
10.9821 	EXP 	rot_line_precue: ori = 338.7855380557041
10.9904 	EXP 	rot_line_precue: ori = 339.1960781913858
10.9992 	EXP 	rot_line_precue: ori = 339.9055591869167
11.0071 	EXP 	rot_line_precue: ori = 340.5793137330318
11.0152 	EXP 	rot_line_precue: ori = 341.0318564602249
11.0235 	EXP 	rot_line_precue: ori = 341.3286465628012
11.0321 	EXP 	rot_line_precue: ori = 341.66162513671986
11.0403 	EXP 	rot_line_precue: ori = 342.20128936221585
11.0483 	EXP 	rot_line_precue: ori = 342.58291118155284
11.0572 	EXP 	rot_line_precue: ori = 343.0936395543136
11.0657 	EXP 	rot_line_precue: ori = 343.54372782567333
11.0734 	EXP 	rot_line_precue: ori = 344.2307453353051
11.0822 	EXP 	rot_line_precue: ori = 344.5729710142682
11.0904 	EXP 	rot_line_precue: ori = 344.92511152890705
11.0985 	EXP 	rot_line_precue: ori = 345.25972494214824
11.1074 	EXP 	rot_line_precue: ori = 345.5757404137063
11.1146 	EXP 	rot_line_precue: ori = 345.8750870883152
11.1236 	EXP 	rot_line_precue: ori = 346.24795105676014
11.1325 	EXP 	rot_line_precue: ori = 346.60074456404624
11.1406 	EXP 	rot_line_precue: ori = 346.9078368189261
11.1486 	EXP 	rot_line_precue: ori = 347.24315045850324
11.1575 	EXP 	rot_line_precue: ori = 347.97788776293334
11.1655 	EXP 	rot_line_precue: ori = 348.2772746867338
11.1735 	EXP 	rot_line_precue: ori = 348.6528946862942
11.1815 	EXP 	rot_line_precue: ori = 349.2287810982325
11.1905 	EXP 	rot_line_precue: ori = 349.6142553143335
11.1986 	EXP 	rot_line_precue: ori = 349.9827250162882
11.2067 	EXP 	rot_line_precue: ori = 350.56654138235655
11.2159 	EXP 	rot_line_precue: ori = 351.1780799297118
11.2238 	EXP 	rot_line_precue: ori = 351.80303658736335
11.2316 	EXP 	rot_line_precue: ori = 352.116941362471
11.2405 	EXP 	rot_line_precue: ori = 352.4861303032119
11.2486 	EXP 	rot_line_precue: ori = 352.80232070406265
11.2567 	EXP 	rot_line_precue: ori = 353.1139486144924
11.2657 	EXP 	rot_line_precue: ori = 353.4565116181682
11.2737 	EXP 	rot_line_precue: ori = 353.78827754817576
11.2818 	EXP 	rot_line_precue: ori = 354.1100435560024
11.2897 	EXP 	rot_line_precue: ori = 354.41258774365826
11.2988 	EXP 	rot_line_precue: ori = 354.83385428867564
11.3068 	EXP 	rot_line_precue: ori = 355.15399783975755
11.3158 	EXP 	rot_line_precue: ori = 355.50651984788425
11.3238 	EXP 	rot_line_precue: ori = 356.00642528840416
11.3318 	EXP 	rot_line_precue: ori = 356.3449894006182
11.3399 	EXP 	rot_line_precue: ori = 356.6581104669559
11.3489 	EXP 	rot_line_precue: ori = 357.20687685418363
11.3568 	EXP 	rot_line_precue: ori = 357.60554777138367
11.3648 	EXP 	rot_line_precue: ori = 358.0158190364131
11.3738 	EXP 	rot_line_precue: ori = 358.3587858434218
11.3819 	EXP 	rot_line_precue: ori = 358.84973256136004
11.3901 	EXP 	rot_line_precue: ori = 359.3077564434518
11.3989 	EXP 	rot_line_precue: ori = 359.6920783056268
11.4070 	EXP 	rot_line_precue: ori = 0.013058851605876498
11.4151 	EXP 	rot_line_precue: ori = 0.3277741214550339
11.4240 	EXP 	rot_line_precue: ori = 0.8302340714937972
11.4322 	EXP 	rot_line_precue: ori = 1.6331183417560193
11.4401 	EXP 	rot_line_precue: ori = 1.929188417069536
11.4481 	EXP 	rot_line_precue: ori = 2.351749144673555
11.4569 	EXP 	rot_line_precue: ori = 2.692402399599427
11.4652 	EXP 	rot_line_precue: ori = 3.0557699950360027
11.4745 	EXP 	rot_line_precue: ori = 3.4720098897471567
11.4822 	EXP 	rot_line_precue: ori = 3.797508787563256
11.4903 	EXP 	rot_line_precue: ori = 4.157258231158704
11.4992 	EXP 	rot_line_precue: ori = 4.524849553729936
11.5071 	EXP 	rot_line_precue: ori = 4.99040658218469
11.5152 	EXP 	rot_line_precue: ori = 5.314202385673618
11.5234 	EXP 	rot_line_precue: ori = 5.612692165878604
11.5321 	EXP 	rot_line_precue: ori = 5.912980425232743
11.5402 	EXP 	rot_line_precue: ori = 6.209891056869805
11.5484 	EXP 	rot_line_precue: ori = 6.551076062525807
11.5572 	EXP 	rot_line_precue: ori = 6.865953459045082
11.5654 	EXP 	rot_line_precue: ori = 7.196410727632508
11.5735 	EXP 	rot_line_precue: ori = 7.492698861212287
11.5822 	EXP 	rot_line_precue: ori = 8.20857248386503
11.5904 	EXP 	rot_line_precue: ori = 8.804423293248181
11.5984 	EXP 	rot_line_precue: ori = 9.15006764583329
11.6073 	EXP 	rot_line_precue: ori = 9.497978123829306
11.6156 	EXP 	rot_line_precue: ori = 9.796209195693546
11.6235 	EXP 	rot_line_precue: ori = 10.136594109783733
11.6325 	EXP 	rot_line_precue: ori = 10.505384560448604
11.6405 	EXP 	rot_line_precue: ori = 10.817701890070579
11.6487 	EXP 	rot_line_precue: ori = 11.130010005137926
11.6574 	EXP 	rot_line_precue: ori = 11.5528561418275
11.6654 	EXP 	rot_line_precue: ori = 11.857937622065922
11.6735 	EXP 	rot_line_precue: ori = 12.285479403797552
11.6816 	EXP 	rot_line_precue: ori = 12.723354590358378
11.6904 	EXP 	rot_line_precue: ori = 13.26798509486522
11.6986 	EXP 	rot_line_precue: ori = 13.902185385905186
11.7065 	EXP 	rot_line_precue: ori = 14.39692979799754
11.7145 	EXP 	rot_line_precue: ori = 14.71964580347472
11.7236 	EXP 	rot_line_precue: ori = 15.05161596207596
11.7315 	EXP 	rot_line_precue: ori = 15.51715441607608
11.7405 	EXP 	rot_line_precue: ori = 15.83657729978811
11.7486 	EXP 	rot_line_precue: ori = 16.14239374169389
11.7566 	EXP 	rot_line_precue: ori = 16.818757873671416
11.7654 	EXP 	rot_line_precue: ori = 17.337387101666614
11.7736 	EXP 	rot_line_precue: ori = 17.66001363571199
11.7820 	EXP 	rot_line_precue: ori = 18.080945183489533
11.7898 	EXP 	rot_line_precue: ori = 18.45290141515322
11.7987 	EXP 	rot_line_precue: ori = 18.910971840083928
11.8067 	EXP 	rot_line_precue: ori = 19.232575744076318
11.8158 	EXP 	rot_line_precue: ori = 19.611403780441474
11.8239 	EXP 	rot_line_precue: ori = 20.01593517392867
11.8317 	EXP 	rot_line_precue: ori = 20.340642700901626
11.8399 	EXP 	rot_line_precue: ori = 20.75202458305637
11.8491 	EXP 	rot_line_precue: ori = 21.04944278671187
11.8568 	EXP 	rot_line_precue: ori = 21.37443661489878
11.8649 	EXP 	rot_line_precue: ori = 21.68199798351656
11.8738 	EXP 	rot_line_precue: ori = 22.059208918214352
11.8819 	EXP 	rot_line_precue: ori = 22.362136800572436
11.8901 	EXP 	rot_line_precue: ori = 22.940590427078412
11.8990 	EXP 	rot_line_precue: ori = 23.350918006873897
11.9069 	EXP 	rot_line_precue: ori = 23.702573452070624
11.9150 	EXP 	rot_line_precue: ori = 24.046943430755846
11.9239 	EXP 	rot_line_precue: ori = 24.417855018431094
11.9320 	EXP 	rot_line_precue: ori = 24.773926083772217
11.9400 	EXP 	rot_line_precue: ori = 25.386499514374727
11.9479 	EXP 	rot_line_precue: ori = 25.749733681111348
11.9569 	EXP 	rot_line_precue: ori = 26.12328161426525
11.9652 	EXP 	rot_line_precue: ori = 26.873303477385818
11.9741 	EXP 	rot_line_precue: ori = 27.270153644046
11.9821 	EXP 	rot_line_precue: ori = 27.58689044653543
11.9902 	EXP 	rot_line_precue: ori = 27.887920848499064
11.9982 	EXP 	rot_line_precue: ori = 28.250245980084888
12.0070 	EXP 	rot_line_precue: ori = 28.921853770930134
12.0152 	EXP 	rot_line_precue: ori = 29.26040648495114
12.0236 	EXP 	rot_line_precue: ori = 29.822454025458633
12.0321 	EXP 	rot_line_precue: ori = 30.24935225664532
12.0403 	EXP 	rot_line_precue: ori = 30.54948198272302
12.0482 	EXP 	rot_line_precue: ori = 30.92310382999731
12.0572 	EXP 	rot_line_precue: ori = 31.260932747968432
12.0652 	EXP 	rot_line_precue: ori = 31.66426097104355
12.0733 	EXP 	rot_line_precue: ori = 32.01650340826884
12.0821 	EXP 	rot_line_precue: ori = 32.401013778247815
12.0903 	EXP 	rot_line_precue: ori = 32.78404815179071
12.0984 	EXP 	rot_line_precue: ori = 33.10583799664601
12.1062 	EXP 	rot_line_precue: ori = 33.89080580476168
12.1152 	EXP 	rot_line_precue: ori = 34.230696162755926
12.1235 	EXP 	rot_line_precue: ori = 35.00582829226565
12.1324 	EXP 	rot_line_precue: ori = 35.39788919421831
12.1404 	EXP 	rot_line_precue: ori = 35.73350787754946
12.1485 	EXP 	rot_line_precue: ori = 36.033003485264146
12.1573 	EXP 	rot_line_precue: ori = 36.37107771062948
12.1654 	EXP 	rot_line_precue: ori = 36.71764370735656
12.1735 	EXP 	rot_line_precue: ori = 37.08294473786225
12.1815 	EXP 	rot_line_precue: ori = 37.38112303303117
12.1904 	EXP 	rot_line_precue: ori = 37.682760396330046
12.1986 	EXP 	rot_line_precue: ori = 38.19068626185631
12.2075 	EXP 	rot_line_precue: ori = 38.54977535282241
12.2156 	EXP 	rot_line_precue: ori = 38.93807080428275
12.2236 	EXP 	rot_line_precue: ori = 39.35479314263562
12.2314 	EXP 	rot_line_precue: ori = 39.67786231058761
12.2404 	EXP 	rot_line_precue: ori = 40.04992910517022
12.2486 	EXP 	rot_line_precue: ori = 40.37950584523697
12.2566 	EXP 	rot_line_precue: ori = 40.697633174174165
12.2646 	EXP 	rot_line_precue: ori = 41.116759446589285
12.2737 	EXP 	rot_line_precue: ori = 41.58812598839723
12.2816 	EXP 	rot_line_precue: ori = 41.93607438774354
12.2906 	EXP 	rot_line_precue: ori = 42.254150160240805
12.2987 	EXP 	rot_line_precue: ori = 42.66157062996026
12.3066 	EXP 	rot_line_precue: ori = 42.99224837481835
12.3147 	EXP 	rot_line_precue: ori = 43.2928937881273
12.3236 	EXP 	rot_line_precue: ori = 43.65152293934699
12.3317 	EXP 	rot_line_precue: ori = 43.99895666851726
12.3397 	EXP 	rot_line_precue: ori = 44.300517510321875
12.3486 	EXP 	rot_line_precue: ori = 44.67718652577999
12.3569 	EXP 	rot_line_precue: ori = 44.98611653955506
12.3658 	EXP 	rot_line_precue: ori = 45.488147096173094
12.3739 	EXP 	rot_line_precue: ori = 45.7919099582495
12.3819 	EXP 	rot_line_precue: ori = 46.1270669153558
12.3900 	EXP 	rot_line_precue: ori = 46.44249696174448
12.3988 	EXP 	rot_line_precue: ori = 46.89684728092796
12.4069 	EXP 	rot_line_precue: ori = 47.589969013246524
12.4150 	EXP 	rot_line_precue: ori = 48.10395330913563
12.4229 	EXP 	rot_line_precue: ori = 48.90317678980046
12.4320 	EXP 	rot_line_precue: ori = 49.20285794337012
12.4399 	EXP 	rot_line_precue: ori = 49.70725709591682
12.4490 	EXP 	rot_line_precue: ori = 50.02573460932608
12.4569 	EXP 	rot_line_precue: ori = 50.357162757766645
12.4651 	EXP 	rot_line_precue: ori = 51.01635958919333
12.4730 	EXP 	rot_line_precue: ori = 51.33090382839565
12.4820 	EXP 	rot_line_precue: ori = 51.811175898750726
12.4900 	EXP 	rot_line_precue: ori = 52.47808460553133
12.4984 	EXP 	rot_line_precue: ori = 52.814878888445776
12.5072 	EXP 	rot_line_precue: ori = 53.147625577831576
12.5152 	EXP 	rot_line_precue: ori = 53.74945933945254
12.5242 	EXP 	rot_line_precue: ori = 54.50857405491251
12.5321 	EXP 	rot_line_precue: ori = 54.86499226305769
12.5402 	EXP 	rot_line_precue: ori = 55.31427196770129
12.5482 	EXP 	rot_line_precue: ori = 55.68017019086333
12.5571 	EXP 	rot_line_precue: ori = 56.16443091986372
12.5652 	EXP 	rot_line_precue: ori = 56.71130404301997
12.5733 	EXP 	rot_line_precue: ori = 57.124560854304626
12.5811 	EXP 	rot_line_precue: ori = 57.7062879931807
12.5903 	EXP 	rot_line_precue: ori = 58.038105599940174
12.5983 	EXP 	rot_line_precue: ori = 58.33528322779588
12.6072 	EXP 	rot_line_precue: ori = 58.802819290019364
12.6153 	EXP 	rot_line_precue: ori = 59.173484916612416
12.6233 	EXP 	rot_line_precue: ori = 59.693157911225356
12.6322 	EXP 	rot_line_precue: ori = 59.99686709788554
12.6402 	EXP 	rot_line_precue: ori = 60.31001632492877
12.6483 	EXP 	rot_line_precue: ori = 60.87213895944408
12.6564 	EXP 	rot_line_precue: ori = 61.19258143253984
12.6652 	EXP 	rot_line_precue: ori = 61.57814405653937
12.6734 	EXP 	rot_line_precue: ori = 62.228849713272105
12.6816 	EXP 	rot_line_precue: ori = 62.60737659342736
12.6904 	EXP 	rot_line_precue: ori = 62.987932481168734
12.6987 	EXP 	rot_line_precue: ori = 63.2929113851366
12.7064 	EXP 	rot_line_precue: ori = 63.687718305685074
12.7153 	EXP 	rot_line_precue: ori = 64.11075750089827
12.7235 	EXP 	rot_line_precue: ori = 64.41660813537477
12.7314 	EXP 	rot_line_precue: ori = 64.74210074957013
12.7404 	EXP 	rot_line_precue: ori = 65.04482755279574
12.7488 	EXP 	rot_line_precue: ori = 65.58997783572089
12.7575 	EXP 	rot_line_precue: ori = 65.92221570671477
12.7656 	EXP 	rot_line_precue: ori = 66.26409556257877
12.7736 	EXP 	rot_line_precue: ori = 66.57857574010764
12.7816 	EXP 	rot_line_precue: ori = 67.02121080671571
12.7905 	EXP 	rot_line_precue: ori = 67.66265938715472
12.7987 	EXP 	rot_line_precue: ori = 68.26486147697764
12.8067 	EXP 	rot_line_precue: ori = 68.66756506182556
12.8146 	EXP 	rot_line_precue: ori = 68.97104736789991
12.8236 	EXP 	rot_line_precue: ori = 69.40414327147919
12.8317 	EXP 	rot_line_precue: ori = 69.76918546610035
12.8407 	EXP 	rot_line_precue: ori = 70.08936238486456
12.8490 	EXP 	rot_line_precue: ori = 70.53060122544312
12.8568 	EXP 	rot_line_precue: ori = 70.89962687384353
12.8649 	EXP 	rot_line_precue: ori = 71.23208116039098
12.8738 	EXP 	rot_line_precue: ori = 71.73185573430136
12.8818 	EXP 	rot_line_precue: ori = 72.0578157646205
12.8897 	EXP 	rot_line_precue: ori = 72.38963259986696
12.8990 	EXP 	rot_line_precue: ori = 72.69470908388277
12.9069 	EXP 	rot_line_precue: ori = 73.15355680541673
12.9160 	EXP 	rot_line_precue: ori = 73.55305418032425
12.9241 	EXP 	rot_line_precue: ori = 73.88369178422833
12.9319 	EXP 	rot_line_precue: ori = 74.33744699442056
12.9400 	EXP 	rot_line_precue: ori = 74.69503283525721
12.9489 	EXP 	rot_line_precue: ori = 75.05867074450569
12.9569 	EXP 	rot_line_precue: ori = 75.48878501904116
12.9651 	EXP 	rot_line_precue: ori = 75.91075389476867
12.9730 	EXP 	rot_line_precue: ori = 76.32627306301283
12.9820 	EXP 	rot_line_precue: ori = 76.73952917950943
12.9902 	EXP 	rot_line_precue: ori = 77.08414088125454
12.9991 	EXP 	rot_line_precue: ori = 77.46225729977893
13.0071 	EXP 	rot_line_precue: ori = 77.92740780425852
13.0152 	EXP 	rot_line_precue: ori = 78.32235448729416
13.0240 	EXP 	rot_line_precue: ori = 78.65822477979275
13.0320 	EXP 	rot_line_precue: ori = 78.96889800006439
13.0402 	EXP 	rot_line_precue: ori = 79.40822609149923
13.0482 	EXP 	rot_line_precue: ori = 79.7651212696236
13.0570 	EXP 	rot_line_precue: ori = 80.44402776274191
13.0652 	EXP 	rot_line_precue: ori = 80.86813091328648
13.0734 	EXP 	rot_line_precue: ori = 81.21111741793784
13.0740 	EXP 	New trial (rep=1, index=2): <Trial 2 (2 in rep 1) data={'pic_name': 'pics/feet.JPG', 'class_mi': 'feet', 'thisN': 2, 'thisTrialN': 2, 'thisRepN': 1}>
13.0815 	EXP 	rot_line_precue: ori = 81.58038162256987
13.0815 	EXP 	image: autoDraw = False
13.0815 	EXP 	hor_line_precue: autoDraw = False
13.0815 	EXP 	ver_line_precue: autoDraw = False
13.0815 	EXP 	rot_line_precue: autoDraw = False
13.0815 	EXP 	image: autoDraw = False
13.0815 	EXP 	image: image = 'pics/feet.JPG'
13.0815 	EXP 	hor_line_precue: autoDraw = True
13.0815 	EXP 	ver_line_precue: autoDraw = True
13.0815 	EXP 	rot_line_precue: autoDraw = True
13.0815 	EXP 	rot_line_precue: ori = 81.92006682113526
13.0815 	EXP 	image: autoDraw = True
13.0904 	EXP 	rot_line_precue: ori = 82.2769123527083
13.0982 	EXP 	rot_line_precue: ori = 82.64016450069157
13.1071 	EXP 	rot_line_precue: ori = 83.38669965254046
13.1154 	EXP 	rot_line_precue: ori = 83.73042940188758
13.1234 	EXP 	rot_line_precue: ori = 84.10394601561038
13.1322 	EXP 	rot_line_precue: ori = 84.40921321614213
13.1404 	EXP 	rot_line_precue: ori = 84.94673600131303
13.1485 	EXP 	rot_line_precue: ori = 85.25688970662736
13.1573 	EXP 	rot_line_precue: ori = 85.79329651613422
13.1655 	EXP 	rot_line_precue: ori = 86.50478640310675
13.1733 	EXP 	rot_line_precue: ori = 86.99593342090144
13.1823 	EXP 	rot_line_precue: ori = 87.40725048221515
13.1904 	EXP 	rot_line_precue: ori = 87.70466056339944
13.1985 	EXP 	rot_line_precue: ori = 88.4907343289649
13.2063 	EXP 	rot_line_precue: ori = 88.98446806179085
13.2155 	EXP 	rot_line_precue: ori = 89.63306850201417
13.2235 	EXP 	rot_line_precue: ori = 90.07213719127476
13.2316 	EXP 	rot_line_precue: ori = 90.41316290630225
13.2408 	EXP 	rot_line_precue: ori = 91.05239324158629
13.2487 	EXP 	rot_line_precue: ori = 91.3496005680006
13.2566 	EXP 	rot_line_precue: ori = 91.64691082601541
13.2654 	EXP 	rot_line_precue: ori = 91.95332441191819
13.2735 	EXP 	rot_line_precue: ori = 92.40292128171598
13.2816 	EXP 	rot_line_precue: ori = 92.95919107570168
13.2905 	EXP 	rot_line_precue: ori = 93.29865487350581
13.2987 	EXP 	rot_line_precue: ori = 93.61348421727897
13.3067 	EXP 	rot_line_precue: ori = 94.02678437261469
13.3158 	EXP 	rot_line_precue: ori = 94.35362927180225
13.3238 	EXP 	rot_line_precue: ori = 94.85340110764632
13.3317 	EXP 	rot_line_precue: ori = 95.30029422173376
13.3399 	EXP 	rot_line_precue: ori = 95.8545389354183
13.3487 	EXP 	rot_line_precue: ori = 96.15547812742476
13.3567 	EXP 	rot_line_precue: ori = 96.47209293986714
13.3647 	EXP 	rot_line_precue: ori = 96.80554404904726
13.3736 	EXP 	rot_line_precue: ori = 97.20540255089732
13.3820 	EXP 	rot_line_precue: ori = 97.51923658073308
13.3908 	EXP 	rot_line_precue: ori = 97.8444221611337
13.3989 	EXP 	rot_line_precue: ori = 98.29919299070673
13.4069 	EXP 	rot_line_precue: ori = 98.5950964658785
13.4149 	EXP 	rot_line_precue: ori = 99.00649122116945
13.4239 	EXP 	rot_line_precue: ori = 99.30750346330774
13.4323 	EXP 	rot_line_precue: ori = 99.81240620259842
13.4409 	EXP 	rot_line_precue: ori = 100.10820736094585
13.4490 	EXP 	rot_line_precue: ori = 100.78556147323332
13.4568 	EXP 	rot_line_precue: ori = 101.09047529444936
13.4650 	EXP 	rot_line_precue: ori = 101.47559547200467
13.4740 	EXP 	rot_line_precue: ori = 101.84696321888445
13.4821 	EXP 	rot_line_precue: ori = 102.19127527975161
13.4901 	EXP 	rot_line_precue: ori = 102.49822868342179
13.4989 	EXP 	rot_line_precue: ori = 102.80613424271027
13.5069 	EXP 	rot_line_precue: ori = 103.31762789254452
13.5152 	EXP 	rot_line_precue: ori = 103.63934107556086
13.5230 	EXP 	rot_line_precue: ori = 103.9472420483499
13.5320 	EXP 	rot_line_precue: ori = 104.30828162131507
13.5403 	EXP 	rot_line_precue: ori = 104.63352533245467
13.5491 	EXP 	rot_line_precue: ori = 104.96936386527733
13.5572 	EXP 	rot_line_precue: ori = 105.35961659733165
13.5652 	EXP 	rot_line_precue: ori = 105.8717630028133
13.5733 	EXP 	rot_line_precue: ori = 106.23181722170605
13.5821 	EXP 	rot_line_precue: ori = 106.71016103527334
13.5902 	EXP 	rot_line_precue: ori = 107.20888996193172
13.5981 	EXP 	rot_line_precue: ori = 107.51697164580422
13.6071 	EXP 	rot_line_precue: ori = 107.83428421251544
13.6153 	EXP 	rot_line_precue: ori = 108.23208326788419
13.6234 	EXP 	rot_line_precue: ori = 108.70889665396541
13.6323 	EXP 	rot_line_precue: ori = 109.05935685959312
13.6405 	EXP 	rot_line_precue: ori = 109.3654672502852
13.6483 	EXP 	rot_line_precue: ori = 109.69247814597433
13.6572 	EXP 	rot_line_precue: ori = 110.16253726989424
13.6655 	EXP 	rot_line_precue: ori = 110.50603392773664
13.6733 	EXP 	rot_line_precue: ori = 110.86486728163432
13.6824 	EXP 	rot_line_precue: ori = 111.24045375485515
13.6904 	EXP 	rot_line_precue: ori = 111.71552788671691
13.6986 	EXP 	rot_line_precue: ori = 112.06379041737125
13.7074 	EXP 	rot_line_precue: ori = 112.47562322213238
13.7155 	EXP 	rot_line_precue: ori = 112.91349577110044
13.7235 	EXP 	rot_line_precue: ori = 113.31997290626656
13.7315 	EXP 	rot_line_precue: ori = 113.76820290875771
13.7404 	EXP 	rot_line_precue: ori = 114.34885512509976
13.7486 	EXP 	rot_line_precue: ori = 114.64527153262772
13.7564 	EXP 	rot_line_precue: ori = 115.01811422865379
13.7654 	EXP 	rot_line_precue: ori = 115.32205367094888
13.7736 	EXP 	rot_line_precue: ori = 115.72037300212666
13.7816 	EXP 	rot_line_precue: ori = 116.06605065071261
13.7906 	EXP 	rot_line_precue: ori = 116.53439078438285
13.7988 	EXP 	rot_line_precue: ori = 116.9318577780644
13.8067 	EXP 	rot_line_precue: ori = 117.24044674044873
13.8155 	EXP 	rot_line_precue: ori = 117.65746252118869
13.8236 	EXP 	rot_line_precue: ori = 117.97997685856424
13.8317 	EXP 	rot_line_precue: ori = 118.29600951460914
13.8398 	EXP 	rot_line_precue: ori = 118.74187161378367
13.8487 	EXP 	rot_line_precue: ori = 119.07368262128676
13.8568 	EXP 	rot_line_precue: ori = 119.38594345100596
13.8658 	EXP 	rot_line_precue: ori = 119.8179543920521
13.8739 	EXP 	rot_line_precue: ori = 120.21856419538983
13.8817 	EXP 	rot_line_precue: ori = 120.51951968264947
13.8899 	EXP 	rot_line_precue: ori = 120.85245771682808
13.8987 	EXP 	rot_line_precue: ori = 121.19598228193489
13.9069 	EXP 	rot_line_precue: ori = 121.49787318236466
13.9148 	EXP 	rot_line_precue: ori = 121.80708223221627
13.9238 	EXP 	rot_line_precue: ori = 122.25741203342757
13.9323 	EXP 	rot_line_precue: ori = 123.04035377760493
13.9408 	EXP 	rot_line_precue: ori = 123.76400780625103
13.9490 	EXP 	rot_line_precue: ori = 124.17950784716253
13.9570 	EXP 	rot_line_precue: ori = 124.57081187284008
13.9650 	EXP 	rot_line_precue: ori = 124.8662372769928
13.9739 	EXP 	rot_line_precue: ori = 125.17856483271288
13.9820 	EXP 	rot_line_precue: ori = 125.68717606636399
13.9901 	EXP 	rot_line_precue: ori = 126.04653312300502
13.9982 	EXP 	rot_line_precue: ori = 126.36005596095087
14.0070 	EXP 	rot_line_precue: ori = 126.92035607403962
14.0152 	EXP 	rot_line_precue: ori = 127.3873935755204
14.0241 	EXP 	rot_line_precue: ori = 127.70882161025978
14.0321 	EXP 	rot_line_precue: ori = 128.3141916015835
14.0400 	EXP 	rot_line_precue: ori = 128.86925666786985
14.0481 	EXP 	rot_line_precue: ori = 129.3378207549385
14.0570 	EXP 	rot_line_precue: ori = 129.65590050596586
14.0652 	EXP 	rot_line_precue: ori = 129.97311299207536
14.0731 	EXP 	rot_line_precue: ori = 130.29794274678517
14.0820 	EXP 	rot_line_precue: ori = 130.66888056482387
14.0905 	EXP 	rot_line_precue: ori = 130.96574115419264
14.0992 	EXP 	rot_line_precue: ori = 131.33149400018365
14.1072 	EXP 	rot_line_precue: ori = 131.7299329024616
14.1153 	EXP 	rot_line_precue: ori = 132.08740606037193
14.1233 	EXP 	rot_line_precue: ori = 132.38881542005555
14.1321 	EXP 	rot_line_precue: ori = 132.72588106711362
14.1412 	EXP 	rot_line_precue: ori = 133.1449091312128
14.1485 	EXP 	rot_line_precue: ori = 133.50149089862936
14.1573 	EXP 	rot_line_precue: ori = 133.98551810970915
14.1653 	EXP 	rot_line_precue: ori = 134.30973876114538
14.1735 	EXP 	rot_line_precue: ori = 134.88666045743204
14.1824 	EXP 	rot_line_precue: ori = 135.41071579352402
14.1905 	EXP 	rot_line_precue: ori = 135.71466734021544
14.1986 	EXP 	rot_line_precue: ori = 136.28182556976975
14.2072 	EXP 	rot_line_precue: ori = 136.73643289417944
14.2155 	EXP 	rot_line_precue: ori = 137.05285085101892
14.2235 	EXP 	rot_line_precue: ori = 137.46149721596382
14.2313 	EXP 	rot_line_precue: ori = 138.00525597370785
14.2407 	EXP 	rot_line_precue: ori = 138.30580442156764
14.2486 	EXP 	rot_line_precue: ori = 138.66350570534462
14.2574 	EXP 	rot_line_precue: ori = 139.03784774259753
14.2656 	EXP 	rot_line_precue: ori = 139.36950239945426
14.2736 	EXP 	rot_line_precue: ori = 139.68464067811303
14.2824 	EXP 	rot_line_precue: ori = 140.02198485250318
14.2905 	EXP 	rot_line_precue: ori = 140.36973531790764
14.2986 	EXP 	rot_line_precue: ori = 140.6803699020328
14.3064 	EXP 	rot_line_precue: ori = 141.12047635546793
14.3154 	EXP 	rot_line_precue: ori = 141.62575757671908
14.3237 	EXP 	rot_line_precue: ori = 142.29446798461714
14.3316 	EXP 	rot_line_precue: ori = 142.59643787717886
14.3408 	EXP 	rot_line_precue: ori = 142.9020659282803
14.3488 	EXP 	rot_line_precue: ori = 143.2387345513647
14.3567 	EXP 	rot_line_precue: ori = 143.77285355467498
14.3657 	EXP 	rot_line_precue: ori = 144.0958163708689
14.3737 	EXP 	rot_line_precue: ori = 144.4292777485507
14.3817 	EXP 	rot_line_precue: ori = 144.78307578491481
14.3898 	EXP 	rot_line_precue: ori = 145.08718414970062
14.3987 	EXP 	rot_line_precue: ori = 145.55729184678046
14.4068 	EXP 	rot_line_precue: ori = 145.97830887222406
14.4150 	EXP 	rot_line_precue: ori = 146.7111647633565
14.4239 	EXP 	rot_line_precue: ori = 147.05251917768305
14.4318 	EXP 	rot_line_precue: ori = 147.38295884748402
14.4399 	EXP 	rot_line_precue: ori = 147.80406736043622
14.4489 	EXP 	rot_line_precue: ori = 148.15750145878647
14.4568 	EXP 	rot_line_precue: ori = 148.6243696850947
14.4650 	EXP 	rot_line_precue: ori = 148.99897513462446
14.4731 	EXP 	rot_line_precue: ori = 149.29694338141047
14.4820 	EXP 	rot_line_precue: ori = 149.70309075146895
14.4900 	EXP 	rot_line_precue: ori = 150.30126951675857
14.4991 	EXP 	rot_line_precue: ori = 150.6274610297021
14.5070 	EXP 	rot_line_precue: ori = 150.92730461210834
14.5152 	EXP 	rot_line_precue: ori = 151.2264697921636
14.5241 	EXP 	rot_line_precue: ori = 151.52210972678807
14.5320 	EXP 	rot_line_precue: ori = 152.02360557108437
14.5401 	EXP 	rot_line_precue: ori = 152.36166601270074
14.5490 	EXP 	rot_line_precue: ori = 152.75436807322825
14.5570 	EXP 	rot_line_precue: ori = 153.05952397558434
14.5652 	EXP 	rot_line_precue: ori = 153.49486351269235
14.5742 	EXP 	rot_line_precue: ori = 153.82725645619755
14.5822 	EXP 	rot_line_precue: ori = 154.1385779358736
14.5902 	EXP 	rot_line_precue: ori = 154.45331841829184
14.5982 	EXP 	rot_line_precue: ori = 154.7550303053842
14.6071 	EXP 	rot_line_precue: ori = 155.16472908760636
14.6152 	EXP 	rot_line_precue: ori = 155.5167490916454
14.6231 	EXP 	rot_line_precue: ori = 155.841492499376
14.6321 	EXP 	rot_line_precue: ori = 156.21381187724958
14.6403 	EXP 	rot_line_precue: ori = 156.51851871530403
14.6483 	EXP 	rot_line_precue: ori = 156.9632639281659
14.6564 	EXP 	rot_line_precue: ori = 157.27865848321886
14.6654 	EXP 	rot_line_precue: ori = 157.61828502617044
14.6742 	EXP 	rot_line_precue: ori = 158.04692007941546
14.6823 	EXP 	rot_line_precue: ori = 158.45519132399943
14.6903 	EXP 	rot_line_precue: ori = 158.84143586698679
14.6985 	EXP 	rot_line_precue: ori = 159.20425137978972
14.7073 	EXP 	rot_line_precue: ori = 159.56322315770032
14.7154 	EXP 	rot_line_precue: ori = 159.86257177157123
14.7235 	EXP 	rot_line_precue: ori = 160.19096098410006
14.7324 	EXP 	rot_line_precue: ori = 160.5451542129074
14.7406 	EXP 	rot_line_precue: ori = 161.02532356101602
14.7485 	EXP 	rot_line_precue: ori = 161.38563526686505
14.7573 	EXP 	rot_line_precue: ori = 162.16860442697217
14.7655 	EXP 	rot_line_precue: ori = 162.48055406701053
14.7736 	EXP 	rot_line_precue: ori = 162.79132224875906
14.7816 	EXP 	rot_line_precue: ori = 163.11291055796707
14.7905 	EXP 	rot_line_precue: ori = 163.55930800465848
14.7986 	EXP 	rot_line_precue: ori = 163.90187335558863
14.8066 	EXP 	rot_line_precue: ori = 164.30652860410245
14.8156 	EXP 	rot_line_precue: ori = 164.7841177832923
14.8238 	EXP 	rot_line_precue: ori = 165.1649748833906
14.8326 	EXP 	rot_line_precue: ori = 165.69724190851335
14.8406 	EXP 	rot_line_precue: ori = 166.04114033509933
14.8487 	EXP 	rot_line_precue: ori = 166.69240212017382
14.8565 	EXP 	rot_line_precue: ori = 167.05318756420482
14.8655 	EXP 	rot_line_precue: ori = 167.37124570047686
14.8737 	EXP 	rot_line_precue: ori = 167.74096987214452
14.8817 	EXP 	rot_line_precue: ori = 168.08722450341557
14.8897 	EXP 	rot_line_precue: ori = 168.71235701098078
14.8988 	EXP 	rot_line_precue: ori = 169.0829582315875
14.9069 	EXP 	rot_line_precue: ori = 169.4308004778807
14.9159 	EXP 	rot_line_precue: ori = 170.06680505990508
14.9238 	EXP 	rot_line_precue: ori = 170.36731806244606
14.9318 	EXP 	rot_line_precue: ori = 170.77904229961933
14.9398 	EXP 	rot_line_precue: ori = 171.16476729040588
14.9489 	EXP 	rot_line_precue: ori = 171.61138444441536
14.9572 	EXP 	rot_line_precue: ori = 172.01528449295537
14.9648 	EXP 	rot_line_precue: ori = 172.77457366366596
14.9739 	EXP 	rot_line_precue: ori = 173.09789211062505
14.9820 	EXP 	rot_line_precue: ori = 173.52925528726644
14.9909 	EXP 	rot_line_precue: ori = 174.07724451606686
14.9989 	EXP 	rot_line_precue: ori = 174.44483916631597
15.0069 	EXP 	rot_line_precue: ori = 174.75347979913778
15.0151 	EXP 	rot_line_precue: ori = 175.15304348899875
15.0240 	EXP 	rot_line_precue: ori = 175.68034817780608
15.0320 	EXP 	rot_line_precue: ori = 176.2164667103551
15.0401 	EXP 	rot_line_precue: ori = 176.5243969887919
15.0481 	EXP 	rot_line_precue: ori = 176.8221976738818
15.0569 	EXP 	rot_line_precue: ori = 177.31478357207578
15.0653 	EXP 	rot_line_precue: ori = 177.8600707324709
15.0741 	EXP 	hor_line_precue: autoDraw = False
15.0741 	EXP 	ver_line_precue: autoDraw = False
15.0741 	EXP 	rot_line_precue: autoDraw = False
15.0741 	EXP 	rot_line_precue: ori = 178.32372751219387
15.0821 	EXP 	rot_line_precue: ori = 178.80811727152405
15.0902 	EXP 	rot_line_precue: ori = 179.14311754049976
15.0981 	EXP 	rot_line_precue: ori = 179.4394176306426
15.1069 	EXP 	rot_line_precue: ori = 179.77323969758783
15.1151 	EXP 	rot_line_precue: ori = 180.24449074888966
15.1230 	EXP 	rot_line_precue: ori = 180.75538230989662
15.1321 	EXP 	rot_line_precue: ori = 181.16064982274327
15.1402 	EXP 	rot_line_precue: ori = 181.54184150350594
15.1491 	EXP 	rot_line_precue: ori = 181.89109029419907
15.1570 	EXP 	rot_line_precue: ori = 182.22445431580073
15.1652 	EXP 	rot_line_precue: ori = 182.60821721685602
15.1732 	EXP 	rot_line_precue: ori = 182.99127579776118
15.1820 	EXP 	rot_line_precue: ori = 183.32815206414878
15.1902 	EXP 	rot_line_precue: ori = 183.72726632519144
15.1983 	EXP 	rot_line_precue: ori = 184.07537018465243
15.2063 	EXP 	rot_line_precue: ori = 184.59143530872404
15.2152 	EXP 	rot_line_precue: ori = 184.90192005591499
15.2235 	EXP 	rot_line_precue: ori = 185.20591399112715
15.2323 	EXP 	rot_line_precue: ori = 185.68723087299557
15.2405 	EXP 	rot_line_precue: ori = 186.00379486048095
15.2484 	EXP 	rot_line_precue: ori = 186.52073179103726
15.2573 	EXP 	rot_line_precue: ori = 186.8318816877677
15.2654 	EXP 	rot_line_precue: ori = 187.39792150461648
15.2660 	EXP 	Device response: <KeyPress from None: t=15.259134599997196, value=escape, duration=None>
15.2663 	DATA 	Keypress: escape
15.2736 	EXP 	rot_line_precue: ori = 187.91867142371947
15.2813 	EXP 	rot_line_precue: ori = 188.43683543388067
15.2904 	EXP 	rot_line_precue: ori = 188.82483439520436
15.2987 	EXP 	rot_line_precue: ori = 189.1826950770399
15.3074 	EXP 	rot_line_precue: ori = 189.47856955396716
15.3155 	EXP 	rot_line_precue: ori = 189.858012550868
15.3162 	EXP 	Device response: <KeyPress from None: t=15.259134599997196, value=escape, duration=0.05615550000220537>
15.3162 	EXP 	bci_racingteam: status = STOPPED
15.3237 	EXP 	rot_line_precue: ori = 190.2727499685482
15.3237 	EXP 	image: autoDraw = False
15.3237 	EXP 	bci_racingteam: status = STOPPED
