3.9025 	INFO 	Loaded monitor calibration from ['2025_05_09 18:17']
3.9077 	WARNING 	User requested fullscreen with size [1024  768], but screen is actually [2560, 1600]. Using actual size
4.0263 	INFO 	Using renderer 'AMD Radeon(TM) Graphics' for graphics
4.0263 	INFO 	OpenGL version supported by driver is 4..
4.1198 	EXP 	Created window1 = Window(allowGUI=False, allowStencil=False, autoLog=True, backendConf=UNKNOWN, backgroundFit=<method-wrapper '__getattribute__' of attributeSetter object at 0x0000026B1648BDF0>, backgroundImage=<method-wrapper '__getattribute__' of attributeSetter object at 0x0000026B1648BD90>, bitsMode=UNKNOWN, blendMode='avg', bpc=(8, 8, 8), color=array([0, 0, 0]), colorSpace='rgb', depthBits=8, fullscr=True, gamma=None, gammaErrorPolicy='raise', infoMsg=UNKNOWN, lms=UNKNOWN, monitor=<psychopy.monitors.calibTools.Monitor object at 0x0000026B16590DF0>, multiSample=False, name='window1', numSamples=2, pos=[np.float64(0.0), np.float64(0.0)], screen=0, size=array([2560, 1600]), stencilBits=0, stereo=False, title='PsychoPy', units='height', useFBO=True, useRetina=False, viewOri=0.0, viewPos=None, viewScale=None, waitBlanking=True, winType='pyglet')
4.1198 	EXP 	window1: backgroundImage = ''
4.1198 	EXP 	window1: backgroundFit = 'none'
4.5101 	EXP 	window1: Attempting to measure frame rate of screen (0) ...
4.5102 	EXP 	window1: recordFrameIntervals = False
4.6435 	EXP 	window1: recordFrameIntervals = True
5.4772 	EXP 	window1: recordFrameIntervals = False
5.4772 	EXP 	Screen (0) actual frame rate measured at 119.47Hz
5.6444 	INFO 	keyboard.Keyboard is using ptb backend.
5.6445 	EXP 	bci_circle: status = STARTED
5.6845 	EXP 	Created text_pre_block = TextStim(__class__=<class 'psychopy.visual.text.TextStim'>, alignHoriz=method-wrapper(...), alignText='center', alignVert=method-wrapper(...), anchorHoriz='center', anchorVert='center', antialias=True, autoDraw=False, autoLog=True, bold=False, color=array([1., 1., 1.]), colorSpace='rgb', contrast=1.0, depth=0.0, draggable=False, flipHoriz=False, flipVert=False, font='Arial', fontFiles=[], height=np.float64(0.05), italic=False, languageStyle='LTR', name='text_pre_block', opacity=1, ori=0.0, pos=array([0., 0.]), rgb=UNKNOWN, text='Press any key to start ...', units='height', win=Window(...), wrapWidth=1)
5.6854 	EXP 	Created text_wait_screen = TextStim(__class__=<class 'psychopy.visual.text.TextStim'>, alignHoriz=method-wrapper(...), alignText='center', alignVert=method-wrapper(...), anchorHoriz='center', anchorVert='center', antialias=True, autoDraw=False, autoLog=True, bold=False, color=array([1., 1., 1.]), colorSpace='rgb', contrast=1.0, depth=0.0, draggable=False, flipHoriz=False, flipVert=False, font='Arial', fontFiles=[], height=np.float64(0.05), italic=False, languageStyle='LTR', name='text_wait_screen', opacity=1, ori=0.0, pos=array([0., 0.]), rgb=UNKNOWN, text='', units='height', win=Window(...), wrapWidth=1)
5.6887 	EXP 	Created move_circle = ShapeStim(__class__=<class 'psychopy.visual.shape.ShapeStim'>, anchor=('center', 'center'), autoDraw=False, autoLog=True, closeShape=True, color=method-wrapper(...), colorSpace='rgb', contrast=None, depth=0.0, draggable=False, fillColor=array([0.9216, 0.9216, 0.9216]), fillColorSpace='rgb', fillRGB=array([0.9216, 0.9216, 0.9216]), interpolate=True, lineColor=array([1., 1., 1.]), lineColorSpace='rgb', lineRGB=array([1, 1, 1]), lineWidth=1.0, name='move_circle', opacity=1, ori=0.0, pos=array([0., 0.]), size=array([1., 1.]), units='height', vertices=ndarray(...), win=Window(...), windingRule=None)
5.6908 	EXP 	Created mi_circle = ShapeStim(__class__=<class 'psychopy.visual.shape.ShapeStim'>, anchor=('center', 'center'), autoDraw=False, autoLog=True, closeShape=True, color=method-wrapper(...), colorSpace='rgb', contrast=None, depth=-1.0, draggable=False, fillColor=array([0, 0, 0]), fillColorSpace='rgb', fillRGB=array([0, 0, 0]), interpolate=True, lineColor=array([ 1., -1., -1.]), lineColorSpace='rgb', lineRGB=array([ 1., -1., -1.]), lineWidth=6.0, name='mi_circle', opacity=1, ori=0.0, pos=array([0., 0.]), size=array([0.15, 0.15]), units='height', vertices=ndarray(...), win=Window(...), windingRule=None)
5.6943 	EXP 	Created image_mi = ImageStim(__class__=<class 'psychopy.visual.image.ImageStim'>, anchor=('center', 'center'), autoLog=True, color=array([1., 1., 1.]), colorSpace='rgb', contrast=1.0, depth=-3.0, draggable=False, flipHoriz=np.False_, flipVert=np.False_, image='default.png', interpolate=True, mask=None, maskParams=None, name='image_mi', opacity=1.0, ori=0.0, pos=array([0., 0.]), size=array([0.5, 0.5]), texRes=128.0, units='height', win=Window(...))
5.6995 	EXP 	Created text_run_break = TextStim(__class__=<class 'psychopy.visual.text.TextStim'>, alignHoriz=method-wrapper(...), alignText='center', alignVert=method-wrapper(...), anchorHoriz='center', anchorVert='center', antialias=True, autoDraw=False, autoLog=True, bold=False, color=array([1., 1., 1.]), colorSpace='rgb', contrast=1.0, depth=0.0, draggable=False, flipHoriz=False, flipVert=False, font='Arial', fontFiles=[], height=np.float64(0.05), italic=False, languageStyle='LTR', name='text_run_break', opacity=1, ori=0.0, pos=array([0., 0.]), rgb=UNKNOWN, text='Trial finished!', units='height', win=Window(...), wrapWidth=1)
5.7037 	EXP 	Created text_post_run = TextStim(__class__=<class 'psychopy.visual.text.TextStim'>, alignHoriz=method-wrapper(...), alignText='center', alignVert=method-wrapper(...), anchorHoriz='center', anchorVert='center', antialias=True, autoDraw=False, autoLog=True, bold=False, color=array([1., 1., 1.]), colorSpace='rgb', contrast=1.0, depth=0.0, draggable=False, flipHoriz=False, flipVert=False, font='Arial', fontFiles=[], height=np.float64(0.05), italic=False, languageStyle='LTR', name='text_post_run', opacity=1, ori=0.0, pos=array([0., 0.]), rgb=UNKNOWN, text='Run finished. Yupii!!', units='height', win=Window(...), wrapWidth=1)
0.0150 	INFO 	Keyboard events cleared
0.0149 	EXP 	text_pre_block: autoDraw = True
1.0817 	DATA 	Mouse: Left button down, pos=(1347,569)
1.1659 	DATA 	Mouse:  Left button up, pos=(1347,569)
1.5609 	EXP 	Device response: <KeyPress from None: t=1.5492043000413105, value=space, duration=None>
1.5611 	EXP 	New trial (rep=0, index=0): <Trial 0 (0 in rep 0) data={'thisN': 0, 'thisTrialN': 0, 'thisRepN': 0}>
1.5625 	DATA 	Keypress: space
1.5672 	EXP 	text_pre_block: autoDraw = False
1.5672 	EXP 	text_wait_screen: autoDraw = True
1.6266 	EXP 	Device response: <KeyPress from None: t=1.5492043000413105, value=space, duration=0.07709349994547665>
4.5567 	EXP 	Imported classes.csv as conditions, 4 conditions, 2 params
4.5570 	EXP 	New trial (rep=0, index=0): <Trial 0 (0 in rep 0) data={'pic_name': 'pics/none.JPG', 'class_mi': 'rest', 'thisN': 0, 'thisTrialN': 0, 'thisRepN': 0}>
4.5720 	EXP 	text_wait_screen: autoDraw = False
4.5720 	EXP 	text_wait_screen: autoDraw = False
4.5720 	EXP 	image_mi: image = 'pics/none.JPG'
4.5720 	EXP 	move_circle: autoDraw = True
4.5720 	EXP 	mi_circle: autoDraw = True
4.5720 	EXP 	image_mi: autoDraw = True
11.2223 	EXP 	New trial (rep=0, index=1): <Trial 1 (1 in rep 0) data={'pic_name': 'pics/right_hand.JPG', 'class_mi': ' right_hand', 'thisN': 1, 'thisTrialN': 1, 'thisRepN': 0}>
11.2438 	EXP 	move_circle: autoDraw = False
11.2438 	EXP 	mi_circle: autoDraw = False
11.2438 	EXP 	image_mi: autoDraw = False
11.2438 	EXP 	image_mi: image = 'pics/right_hand.JPG'
11.2438 	EXP 	move_circle: autoDraw = True
11.2438 	EXP 	mi_circle: autoDraw = True
11.2438 	EXP 	image_mi: autoDraw = True
16.4073 	EXP 	Device response: <KeyPress from None: t=16.402441999991424, value=escape, duration=None>
16.4081 	DATA 	Keypress: escape
16.4656 	EXP 	Device response: <KeyPress from None: t=16.402441999991424, value=escape, duration=0.0587705000070855>
16.4656 	EXP 	bci_circle: status = STOPPED
16.4733 	EXP 	move_circle: autoDraw = False
16.4733 	EXP 	mi_circle: autoDraw = False
16.4733 	EXP 	image_mi: autoDraw = False
16.4734 	EXP 	bci_circle: status = STOPPED
16.4804 	INFO 	saved data to 'D:\\STUDIUM\\TU\\Mirage91\\Brain-Computer Interface Conference\\Code\\data\\659461_bci_circle_2026-06-23_13h15.19.256.csv'
16.4814 	INFO 	saved data to D:\STUDIUM\TU\Mirage91\Brain-Computer Interface Conference\Code\data\659461_bci_circle_2026-06-23_13h15.19.256.psydat
16.6765 	WARNING 	Stopping key buffers but this could be dangerous ifother keyboards rely on the same.
