3.4910 	INFO 	Loaded monitor calibration from ['2025_05_09 18:17']
3.5014 	WARNING 	User requested fullscreen with size [1024  768], but screen is actually [2560, 1600]. Using actual size
3.6176 	INFO 	Using renderer 'AMD Radeon(TM) Graphics' for graphics
3.6176 	INFO 	OpenGL version supported by driver is 4..
3.7153 	EXP 	Created window1 = Window(allowGUI=False, allowStencil=False, autoLog=True, backendConf=UNKNOWN, backgroundFit=<method-wrapper '__getattribute__' of attributeSetter object at 0x000001FF3ADD6C20>, backgroundImage=<method-wrapper '__getattribute__' of attributeSetter object at 0x000001FF3ADD6BC0>, bitsMode=UNKNOWN, blendMode='avg', bpc=(8, 8, 8), color=array([0, 0, 0]), colorSpace='rgb', depthBits=8, fullscr=True, gamma=None, gammaErrorPolicy='raise', infoMsg=UNKNOWN, lms=UNKNOWN, monitor=<psychopy.monitors.calibTools.Monitor object at 0x000001FF3AECBBE0>, multiSample=False, name='window1', numSamples=2, pos=[np.float64(0.0), np.float64(0.0)], screen=0, size=array([2560, 1600]), stencilBits=0, stereo=False, title='PsychoPy', units='height', useFBO=True, useRetina=False, viewOri=0.0, viewPos=None, viewScale=None, waitBlanking=True, winType='pyglet')
3.7153 	EXP 	window1: backgroundImage = ''
3.7154 	EXP 	window1: backgroundFit = 'none'
4.0961 	EXP 	window1: Attempting to measure frame rate of screen (0) ...
4.0961 	EXP 	window1: recordFrameIntervals = False
4.2418 	EXP 	window1: recordFrameIntervals = True
4.4686 	DATA 	Keypress: space
4.7685 	DATA 	Keypress: space
4.9437 	DATA 	Keypress: space
5.0599 	DATA 	Keypress: space
5.0752 	EXP 	window1: recordFrameIntervals = False
5.0753 	EXP 	Screen (0) actual frame rate measured at 119.72Hz
5.2410 	INFO 	keyboard.Keyboard is using ptb backend.
5.2411 	EXP 	bci_circle: status = STARTED
5.2807 	EXP 	Created text_pre_block = TextStim(__class__=<class 'psychopy.visual.text.TextStim'>, alignHoriz=method-wrapper(...), alignText='center', alignVert=method-wrapper(...), anchorHoriz='center', anchorVert='center', antialias=True, autoDraw=False, autoLog=True, bold=False, color=array([1., 1., 1.]), colorSpace='rgb', contrast=1.0, depth=0.0, draggable=False, flipHoriz=False, flipVert=False, font='Arial', fontFiles=[], height=np.float64(0.05), italic=False, languageStyle='LTR', name='text_pre_block', opacity=1, ori=0.0, pos=array([0., 0.]), rgb=UNKNOWN, text='Press any key to start ...', units='height', win=Window(...), wrapWidth=1)
5.2816 	EXP 	Created text_wait_screen = TextStim(__class__=<class 'psychopy.visual.text.TextStim'>, alignHoriz=method-wrapper(...), alignText='center', alignVert=method-wrapper(...), anchorHoriz='center', anchorVert='center', antialias=True, autoDraw=False, autoLog=True, bold=False, color=array([1., 1., 1.]), colorSpace='rgb', contrast=1.0, depth=0.0, draggable=False, flipHoriz=False, flipVert=False, font='Arial', fontFiles=[], height=np.float64(0.05), italic=False, languageStyle='LTR', name='text_wait_screen', opacity=1, ori=0.0, pos=array([0., 0.]), rgb=UNKNOWN, text='', units='height', win=Window(...), wrapWidth=1)
5.2850 	EXP 	Created move_circle = ShapeStim(__class__=<class 'psychopy.visual.shape.ShapeStim'>, anchor=('center', 'center'), autoDraw=False, autoLog=True, closeShape=True, color=method-wrapper(...), colorSpace='rgb', contrast=None, depth=0.0, draggable=False, fillColor=array([1, 1, 1]), fillColorSpace='rgb', fillRGB=array([1, 1, 1]), interpolate=True, lineColor=array([1., 1., 1.]), lineColorSpace='rgb', lineRGB=array([1, 1, 1]), lineWidth=1.0, name='move_circle', opacity=1, ori=0.0, pos=array([0., 0.]), size=array([1., 1.]), units='height', vertices=ndarray(...), win=Window(...), windingRule=None)
5.2876 	EXP 	Created mi_circle = ShapeStim(__class__=<class 'psychopy.visual.shape.ShapeStim'>, anchor=('center', 'center'), autoDraw=False, autoLog=True, closeShape=True, color=method-wrapper(...), colorSpace='rgb', contrast=None, depth=-1.0, draggable=False, fillColor=array([0., 0., 0.]), fillColorSpace='rgb', fillRGB=array([0., 0., 0.]), interpolate=True, lineColor=array([ 0.7647, -1.    , -1.    ]), lineColorSpace='rgb', lineRGB=array([ 0.7647, -1.    , -1.    ]), lineWidth=8.0, name='mi_circle', opacity=0.5, ori=0.0, pos=array([0., 0.]), size=array([0.2, 0.2]), units='height', vertices=ndarray(...), win=Window(...), windingRule=None)
5.2928 	EXP 	Created text_run_break = TextStim(__class__=<class 'psychopy.visual.text.TextStim'>, alignHoriz=method-wrapper(...), alignText='center', alignVert=method-wrapper(...), anchorHoriz='center', anchorVert='center', antialias=True, autoDraw=False, autoLog=True, bold=False, color=array([1., 1., 1.]), colorSpace='rgb', contrast=1.0, depth=0.0, draggable=False, flipHoriz=False, flipVert=False, font='Arial', fontFiles=[], height=np.float64(0.05), italic=False, languageStyle='LTR', name='text_run_break', opacity=1, ori=0.0, pos=array([0., 0.]), rgb=UNKNOWN, text='Trial finished!', units='height', win=Window(...), wrapWidth=1)
5.2969 	EXP 	Created text_post_run = TextStim(__class__=<class 'psychopy.visual.text.TextStim'>, alignHoriz=method-wrapper(...), alignText='center', alignVert=method-wrapper(...), anchorHoriz='center', anchorVert='center', antialias=True, autoDraw=False, autoLog=True, bold=False, color=array([1., 1., 1.]), colorSpace='rgb', contrast=1.0, depth=0.0, draggable=False, flipHoriz=False, flipVert=False, font='Arial', fontFiles=[], height=np.float64(0.05), italic=False, languageStyle='LTR', name='text_post_run', opacity=1, ori=0.0, pos=array([0., 0.]), rgb=UNKNOWN, text='Run finished. Yupii!!', units='height', win=Window(...), wrapWidth=1)
0.0004 	DATA 	Keypress: space
0.0278 	INFO 	Keyboard events cleared
0.0278 	EXP 	text_pre_block: autoDraw = True
0.1573 	EXP 	Device response: <KeyPress from None: t=0.15133329998934641, value=space, duration=None>
0.1576 	EXP 	New trial (rep=0, index=0): <Trial 0 (0 in rep 0) data={'thisN': 0, 'thisTrialN': 0, 'thisRepN': 0}>
0.1586 	DATA 	Keypress: space
0.1699 	EXP 	text_pre_block: autoDraw = False
0.1699 	EXP 	text_wait_screen: autoDraw = True
0.2282 	EXP 	Device response: <KeyPress from None: t=0.15133329998934641, value=space, duration=0.06913690001238137>
0.2947 	EXP 	Device response: <KeyPress from None: t=0.2901708999997936, value=space, duration=None>
0.2952 	DATA 	Keypress: space
0.3286 	EXP 	Device response: <KeyPress from None: t=0.2901708999997936, value=space, duration=0.03798870000173338>
3.1580 	EXP 	Imported classes.csv as conditions, 4 conditions, 2 params
3.1584 	EXP 	New trial (rep=0, index=0): <Trial 0 (0 in rep 0) data={'pic_name': 'pics/feet.JPG', 'class_mi': 'feet', 'thisN': 0, 'thisTrialN': 0, 'thisRepN': 0}>
3.1641 	EXP 	text_wait_screen: autoDraw = False
3.1641 	EXP 	text_wait_screen: autoDraw = False
3.1641 	EXP 	move_circle: autoDraw = True
3.1641 	EXP 	mi_circle: autoDraw = True
12.4823 	EXP 	Device response: <KeyPress from None: t=12.476575600012438, value=escape, duration=None>
12.4829 	DATA 	Keypress: escape
12.5485 	EXP 	Device response: <KeyPress from None: t=12.476575600012438, value=escape, duration=0.06763119998504408>
12.5485 	EXP 	bci_circle: status = STOPPED
12.5563 	EXP 	move_circle: autoDraw = False
12.5563 	EXP 	mi_circle: autoDraw = False
12.5564 	EXP 	bci_circle: status = STOPPED
12.5635 	INFO 	saved data to 'D:\\STUDIUM\\TU\\Mirage91\\Brain-Computer Interface Conference\\Code\\data\\687972 _bci_circle_2026-06-17_15h59.59.765.csv'
12.5645 	INFO 	saved data to D:\STUDIUM\TU\Mirage91\Brain-Computer Interface Conference\Code\data\687972 _bci_circle_2026-06-17_15h59.59.765.psydat
12.7570 	WARNING 	Stopping key buffers but this could be dangerous ifother keyboards rely on the same.
