4.9237 	INFO 	Loaded monitor calibration from ['2025_05_09 18:17']
4.9440 	WARNING 	User requested fullscreen with size [1024  768], but screen is actually [2560, 1600]. Using actual size
5.1420 	INFO 	Using renderer 'AMD Radeon(TM) Graphics' for graphics
5.1420 	INFO 	OpenGL version supported by driver is 4..
5.2596 	EXP 	Created window1 = Window(allowGUI=False, allowStencil=False, autoLog=True, backendConf=UNKNOWN, backgroundFit=<method-wrapper '__getattribute__' of attributeSetter object at 0x0000024AA3BECC10>, backgroundImage=<method-wrapper '__getattribute__' of attributeSetter object at 0x0000024AA3BECBB0>, bitsMode=UNKNOWN, blendMode='avg', bpc=(8, 8, 8), color=array([0, 0, 0]), colorSpace='rgb', depthBits=8, fullscr=True, gamma=None, gammaErrorPolicy='raise', infoMsg=UNKNOWN, lms=UNKNOWN, monitor=<psychopy.monitors.calibTools.Monitor object at 0x0000024AA3CD1BD0>, multiSample=False, name='window1', numSamples=2, pos=[np.float64(0.0), np.float64(0.0)], screen=0, size=array([2560, 1600]), stencilBits=0, stereo=False, title='PsychoPy', units='height', useFBO=True, useRetina=False, viewOri=0.0, viewPos=None, viewScale=None, waitBlanking=True, winType='pyglet')
5.2597 	EXP 	window1: backgroundImage = ''
5.2597 	EXP 	window1: backgroundFit = 'none'
5.8051 	EXP 	window1: Attempting to measure frame rate of screen (0) ...
5.8052 	EXP 	window1: recordFrameIntervals = False
6.0696 	EXP 	window1: recordFrameIntervals = True
7.3892 	EXP 	window1: recordFrameIntervals = False
7.3893 	EXP 	Screen (0) actual frame rate measured at 113.80Hz
7.5829 	INFO 	keyboard.Keyboard is using ptb backend.
7.5830 	EXP 	bci_circle: status = STARTED
7.6365 	EXP 	Created text_pre_block = TextStim(__class__=<class 'psychopy.visual.text.TextStim'>, alignHoriz=method-wrapper(...), alignText='center', alignVert=method-wrapper(...), anchorHoriz='center', anchorVert='center', antialias=True, autoDraw=False, autoLog=True, bold=False, color=array([1., 1., 1.]), colorSpace='rgb', contrast=1.0, depth=0.0, draggable=False, flipHoriz=False, flipVert=False, font='Arial', fontFiles=[], height=np.float64(0.05), italic=False, languageStyle='LTR', name='text_pre_block', opacity=1, ori=0.0, pos=array([0., 0.]), rgb=UNKNOWN, text='Press any key to start ...', units='height', win=Window(...), wrapWidth=1)
7.6379 	EXP 	Created text_wait_screen = TextStim(__class__=<class 'psychopy.visual.text.TextStim'>, alignHoriz=method-wrapper(...), alignText='center', alignVert=method-wrapper(...), anchorHoriz='center', anchorVert='center', antialias=True, autoDraw=False, autoLog=True, bold=False, color=array([1., 1., 1.]), colorSpace='rgb', contrast=1.0, depth=0.0, draggable=False, flipHoriz=False, flipVert=False, font='Arial', fontFiles=[], height=np.float64(0.05), italic=False, languageStyle='LTR', name='text_wait_screen', opacity=1, ori=0.0, pos=array([0., 0.]), rgb=UNKNOWN, text='', units='height', win=Window(...), wrapWidth=1)
7.6423 	EXP 	Created move_circle = ShapeStim(__class__=<class 'psychopy.visual.shape.ShapeStim'>, anchor=('center', 'center'), autoDraw=False, autoLog=True, closeShape=True, color=method-wrapper(...), colorSpace='rgb', contrast=None, depth=0.0, draggable=False, fillColor=array([0.9216, 0.9216, 0.9216]), fillColorSpace='rgb', fillRGB=array([0.9216, 0.9216, 0.9216]), interpolate=True, lineColor=array([1., 1., 1.]), lineColorSpace='rgb', lineRGB=array([1, 1, 1]), lineWidth=1.0, name='move_circle', opacity=1, ori=0.0, pos=array([0., 0.]), size=array([1., 1.]), units='height', vertices=ndarray(...), win=Window(...), windingRule=None)
7.6457 	EXP 	Created mi_circle = ShapeStim(__class__=<class 'psychopy.visual.shape.ShapeStim'>, anchor=('center', 'center'), autoDraw=False, autoLog=True, closeShape=True, color=method-wrapper(...), colorSpace='rgb', contrast=None, depth=-1.0, draggable=False, fillColor=array([0, 0, 0]), fillColorSpace='rgb', fillRGB=array([0, 0, 0]), interpolate=True, lineColor=array([ 0.0902, -1.    , -1.    ]), lineColorSpace='rgb', lineRGB=array([ 0.0902, -1.    , -1.    ]), lineWidth=8.0, name='mi_circle', opacity=1, ori=0.0, pos=array([0., 0.]), size=array([0.15, 0.15]), units='height', vertices=ndarray(...), win=Window(...), windingRule=None)
7.6504 	EXP 	Created image_mi = ImageStim(__class__=<class 'psychopy.visual.image.ImageStim'>, anchor=('center', 'center'), autoLog=True, color=array([1., 1., 1.]), colorSpace='rgb', contrast=1.0, depth=-3.0, draggable=False, flipHoriz=np.False_, flipVert=np.False_, image='default.png', interpolate=True, mask=None, maskParams=None, name='image_mi', opacity=1.0, ori=0.0, pos=array([0., 0.]), size=array([0.5, 0.5]), texRes=128.0, units='height', win=Window(...))
7.6583 	EXP 	Created text_run_break = TextStim(__class__=<class 'psychopy.visual.text.TextStim'>, alignHoriz=method-wrapper(...), alignText='center', alignVert=method-wrapper(...), anchorHoriz='center', anchorVert='center', antialias=True, autoDraw=False, autoLog=True, bold=False, color=array([1., 1., 1.]), colorSpace='rgb', contrast=1.0, depth=0.0, draggable=False, flipHoriz=False, flipVert=False, font='Arial', fontFiles=[], height=np.float64(0.05), italic=False, languageStyle='LTR', name='text_run_break', opacity=1, ori=0.0, pos=array([0., 0.]), rgb=UNKNOWN, text='Trial finished!', units='height', win=Window(...), wrapWidth=1)
7.6652 	EXP 	Created text_post_run = TextStim(__class__=<class 'psychopy.visual.text.TextStim'>, alignHoriz=method-wrapper(...), alignText='center', alignVert=method-wrapper(...), anchorHoriz='center', anchorVert='center', antialias=True, autoDraw=False, autoLog=True, bold=False, color=array([1., 1., 1.]), colorSpace='rgb', contrast=1.0, depth=0.0, draggable=False, flipHoriz=False, flipVert=False, font='Arial', fontFiles=[], height=np.float64(0.05), italic=False, languageStyle='LTR', name='text_post_run', opacity=1, ori=0.0, pos=array([0., 0.]), rgb=UNKNOWN, text='Run finished. Yupii!!', units='height', win=Window(...), wrapWidth=1)
0.0258 	INFO 	Keyboard events cleared
0.0257 	EXP 	text_pre_block: autoDraw = True
0.5723 	EXP 	Device response: <KeyPress from None: t=0.561226700025145, value=space, duration=None>
0.5727 	EXP 	New trial (rep=0, index=0): <Trial 0 (0 in rep 0) data={'thisN': 0, 'thisTrialN': 0, 'thisRepN': 0}>
0.5739 	DATA 	Keypress: space
0.5873 	EXP 	text_pre_block: autoDraw = False
0.5873 	EXP 	text_wait_screen: autoDraw = True
0.6460 	EXP 	Device response: <KeyPress from None: t=0.561226700025145, value=space, duration=0.07907899998826906>
3.5775 	EXP 	Imported classes.csv as conditions, 4 conditions, 2 params
3.5779 	EXP 	New trial (rep=0, index=0): <Trial 0 (0 in rep 0) data={'pic_name': 'pics/feet.JPG', 'class_mi': 'feet', 'thisN': 0, 'thisTrialN': 0, 'thisRepN': 0}>
3.5913 	EXP 	text_wait_screen: autoDraw = False
3.5913 	EXP 	text_wait_screen: autoDraw = False
3.5913 	EXP 	image_mi: image = 'pics/feet.JPG'
3.5913 	EXP 	move_circle: autoDraw = True
3.5913 	EXP 	mi_circle: autoDraw = True
3.5913 	EXP 	image_mi: autoDraw = True
15.6298 	EXP 	Device response: <KeyPress from None: t=15.625316700024996, value=escape, duration=None>
15.6307 	DATA 	Keypress: escape
15.7373 	EXP 	Device response: <KeyPress from None: t=15.625316700024996, value=escape, duration=0.10900169995147735>
15.7373 	EXP 	bci_circle: status = STOPPED
15.7457 	EXP 	move_circle: autoDraw = False
15.7457 	EXP 	mi_circle: autoDraw = False
15.7457 	EXP 	image_mi: autoDraw = False
15.7458 	EXP 	bci_circle: status = STOPPED
15.7482 	INFO 	saved data to 'D:\\STUDIUM\\TU\\Mirage91\\Brain-Computer Interface Conference\\Code\\data\\690127_bci_circle_2026-06-19_09h44.39.593.csv'
15.7494 	INFO 	saved data to D:\STUDIUM\TU\Mirage91\Brain-Computer Interface Conference\Code\data\690127_bci_circle_2026-06-19_09h44.39.593.psydat
16.0278 	WARNING 	Stopping key buffers but this could be dangerous ifother keyboards rely on the same.
