2.5153 	WARNING 	Requested an unavailable screen number - using first available.
2.5165 	WARNING 	User requested fullscreen with size [1920 1080], but screen is actually [1707, 1067]. Using actual size
2.7277 	EXP 	Created window1 = Window(allowGUI=False, allowStencil=False, autoLog=True, backendConf=UNKNOWN, backgroundFit=<method-wrapper '__getattribute__' of attributeSetter object at 0x000001DA25292470>, backgroundImage=<method-wrapper '__getattribute__' of attributeSetter object at 0x000001DA25292410>, bitsMode=UNKNOWN, blendMode='avg', bpc=(8, 8, 8), color=array([0, 0, 0]), colorSpace='rgb', depthBits=8, fullscr=True, gamma=None, gammaErrorPolicy='raise', infoMsg=UNKNOWN, lms=UNKNOWN, monitor=<psychopy.monitors.calibTools.Monitor object at 0x000001DA254D3160>, multiSample=False, name='window1', numSamples=2, pos=[np.float64(0.0), np.float64(0.0)], screen=1, size=array([1707, 1067]), stencilBits=0, stereo=False, title='PsychoPy', units='height', useFBO=True, useRetina=False, viewOri=0.0, viewPos=None, viewScale=None, waitBlanking=True, winType='pyglet')
2.7277 	EXP 	window1: backgroundImage = ''
2.7278 	EXP 	window1: backgroundFit = 'none'
3.0809 	EXP 	window1: Attempting to measure frame rate of screen (1) ...
3.0809 	EXP 	window1: recordFrameIntervals = False
3.1550 	EXP 	window1: recordFrameIntervals = True
3.9887 	EXP 	window1: recordFrameIntervals = False
3.9887 	EXP 	Screen (1) actual frame rate measured at 120.18Hz
6.3983 	EXP 	bci_racingteam: status = STARTED
6.4941 	EXP 	Created text_pre_block = TextStim(__class__=<class 'psychopy.visual.text.TextStim'>, alignHoriz=method-wrapper(...), alignText='center', alignVert=method-wrapper(...), anchorHoriz='center', anchorVert='center', antialias=True, autoDraw=False, autoLog=True, bold=False, color=array([1., 1., 1.]), colorSpace='rgb', contrast=1.0, depth=0.0, draggable=False, flipHoriz=False, flipVert=False, font='Open Sans', fontFiles=[], height=np.float64(0.05), italic=False, languageStyle='LTR', name='text_pre_block', opacity=1, ori=0.0, pos=array([0., 0.]), rgb=UNKNOWN, text='Press any key to start ...', units='height', win=Window(...), wrapWidth=1)
6.4952 	EXP 	Created text_2 = TextStim(__class__=<class 'psychopy.visual.text.TextStim'>, alignHoriz=method-wrapper(...), alignText='center', alignVert=method-wrapper(...), anchorHoriz='center', anchorVert='center', antialias=True, autoDraw=False, autoLog=True, bold=False, color=array([1., 1., 1.]), colorSpace='rgb', contrast=1.0, depth=0.0, draggable=False, flipHoriz=False, flipVert=False, font='Arial', fontFiles=[], height=np.float64(0.05), italic=False, languageStyle='LTR', name='text_2', opacity=1, ori=0.0, pos=array([0., 0.]), rgb=UNKNOWN, text='', units='height', win=Window(...), wrapWidth=1)
6.4976 	EXP 	Created hor_line_precue = Line(__class__=<class 'psychopy.visual.line.Line'>, anchor=('center', 'center'), autoDraw=False, autoLog=True, closeShape=False, color=array([1., 1., 1.]), colorSpace='rgb', contrast=None, depth=0.0, draggable=False, fillColor=array([1, 1, 1]), fillColorSpace='rgb', fillRGB=array([1, 1, 1]), interpolate=True, lineColor=array([1., 1., 1.]), lineColorSpace='rgb', lineRGB=array([1, 1, 1]), lineWidth=5.0, name='hor_line_precue', opacity=1, ori=-45.0, pos=array([0., 0.]), size=array([0.35, 0.35]), units='height', vertices=array([[-0.5, -0.5],
       [ 0.5,  0.5]]), win=Window(...), windingRule=None)
6.4988 	EXP 	Created ver_line_precue = Line(__class__=<class 'psychopy.visual.line.Line'>, anchor=('center', 'center'), autoDraw=False, autoLog=True, closeShape=False, color=array([1., 1., 1.]), colorSpace='rgb', contrast=None, depth=-1.0, draggable=False, fillColor=array([1, 1, 1]), fillColorSpace='rgb', fillRGB=array([1, 1, 1]), interpolate=True, lineColor=array([1., 1., 1.]), lineColorSpace='rgb', lineRGB=array([1, 1, 1]), lineWidth=5.0, name='ver_line_precue', opacity=1, ori=45.0, pos=array([0., 0.]), size=array([0.35, 0.35]), units='height', vertices=array([[-0.5, -0.5],
       [ 0.5,  0.5]]), win=Window(...), windingRule=None)
6.4998 	EXP 	Created rot_line_precue = Line(__class__=<class 'psychopy.visual.line.Line'>, anchor=('center', 'center'), autoDraw=False, autoLog=True, closeShape=False, color=array([1., 1., 1.]), colorSpace='rgb', contrast=None, depth=-2.0, draggable=False, fillColor=array([1, 1, 1]), fillColorSpace='rgb', fillRGB=array([1, 1, 1]), interpolate=True, lineColor=array([1., 1., 1.]), lineColorSpace='rgb', lineRGB=array([1, 1, 1]), lineWidth=5.0, name='rot_line_precue', opacity=1, ori=1.0, pos=array([0., 0.]), size=array([0.35, 0.35]), units='height', vertices=array([[-0.5, -0.5],
       [ 0.5,  0.5]]), win=Window(...), windingRule=None)
6.5030 	EXP 	Created image = ImageStim(__class__=<class 'psychopy.visual.image.ImageStim'>, anchor=('center', 'center'), autoLog=True, color=array([1., 1., 1.]), colorSpace='rgb', contrast=1.0, depth=-4.0, draggable=False, flipHoriz=np.False_, flipVert=np.False_, image='default.png', interpolate=True, mask=None, maskParams=None, name='image', opacity=1, ori=0.0, pos=array([0.5, 0. ]), size=array([0.2, 0.2]), texRes=128.0, units='height', win=Window(...))
6.5074 	EXP 	Created text = TextStim(__class__=<class 'psychopy.visual.text.TextStim'>, alignHoriz=method-wrapper(...), alignText='center', alignVert=method-wrapper(...), anchorHoriz='center', anchorVert='center', antialias=True, autoDraw=False, autoLog=True, bold=False, color=array([1., 1., 1.]), colorSpace='rgb', contrast=1.0, depth=0.0, draggable=False, flipHoriz=False, flipVert=False, font='Arial', fontFiles=[], height=np.float64(0.05), italic=False, languageStyle='LTR', name='text', opacity=1, ori=0.0, pos=array([0., 0.]), rgb=UNKNOWN, text='Run Finished', units='height', win=Window(...), wrapWidth=1)
6.5115 	EXP 	Created text_post_run = TextStim(__class__=<class 'psychopy.visual.text.TextStim'>, alignHoriz=method-wrapper(...), alignText='center', alignVert=method-wrapper(...), anchorHoriz='center', anchorVert='center', antialias=True, autoDraw=False, autoLog=True, bold=False, color=array([1., 1., 1.]), colorSpace='rgb', contrast=1.0, depth=0.0, draggable=False, flipHoriz=False, flipVert=False, font='Open Sans', fontFiles=[], height=np.float64(0.05), italic=False, languageStyle='LTR', name='text_post_run', opacity=1, ori=0.0, pos=array([0., 0.]), rgb=UNKNOWN, text='Block Finished. Yuhu!', units='height', win=Window(...), wrapWidth=1)
0.0172 	EXP 	rot_line_precue: ori = 0
0.0209 	EXP 	text_pre_block: autoDraw = True
1.4302 	EXP 	Device response: <KeyPress from None: t=1.4198372999962885, value=space, duration=None>
1.4307 	EXP 	New trial (rep=0, index=0): <Trial 0 (0 in rep 0) data={'thisN': 0, 'thisTrialN': 0, 'thisRepN': 0}>
1.4321 	DATA 	Keypress: space
1.4350 	EXP 	text_pre_block: autoDraw = False
1.4350 	EXP 	text_2: autoDraw = True
1.4785 	EXP 	Device response: <KeyPress from None: t=1.4198372999962885, value=space, duration=0.05764840000483673>
4.4239 	EXP 	Imported classes.csv as conditions, 4 conditions, 2 params
4.4243 	EXP 	New trial (rep=0, index=0): <Trial 0 (0 in rep 0) data={'pic_name': 'pics/right_hand.JPG', 'class_mi': ' right_hand', 'thisN': 0, 'thisTrialN': 0, 'thisRepN': 0}>
4.4293 	EXP 	text_2: autoDraw = False
4.4293 	EXP 	text_2: autoDraw = False
4.4293 	EXP 	image: image = 'pics/right_hand.JPG'
4.4293 	EXP 	hor_line_precue: autoDraw = True
4.4293 	EXP 	ver_line_precue: autoDraw = True
4.4293 	EXP 	rot_line_precue: autoDraw = True
4.4293 	EXP 	rot_line_precue: ori = 0.5785095914363783
4.4293 	EXP 	image: autoDraw = True
4.4354 	EXP 	rot_line_precue: ori = 1.1158993516993114
4.4434 	EXP 	rot_line_precue: ori = 1.4246670224627818
4.4524 	EXP 	rot_line_precue: ori = 1.7256011707520402
4.4606 	EXP 	rot_line_precue: ori = 2.339477283117734
4.4697 	EXP 	rot_line_precue: ori = 2.903535234122555
4.4777 	EXP 	rot_line_precue: ori = 3.5404581232305325
4.4858 	EXP 	rot_line_precue: ori = 3.961263963056652
4.4938 	EXP 	rot_line_precue: ori = 4.261775141386972
4.5027 	EXP 	rot_line_precue: ori = 4.584081211854026
4.5108 	EXP 	rot_line_precue: ori = 4.898074582531192
4.5198 	EXP 	rot_line_precue: ori = 5.229590950072862
4.5277 	EXP 	rot_line_precue: ori = 5.613008870507515
4.5357 	EXP 	rot_line_precue: ori = 5.917156865458087
4.5438 	EXP 	rot_line_precue: ori = 6.280904357349916
4.5527 	EXP 	rot_line_precue: ori = 6.919700073212722
4.5607 	EXP 	rot_line_precue: ori = 7.273921547187993
4.5688 	EXP 	rot_line_precue: ori = 7.571896805315019
4.5769 	EXP 	rot_line_precue: ori = 8.024807611196296
4.5857 	EXP 	rot_line_precue: ori = 8.344792900452338
4.5939 	EXP 	rot_line_precue: ori = 8.854484629263004
4.6018 	EXP 	rot_line_precue: ori = 9.174041198896049
4.6109 	EXP 	rot_line_precue: ori = 9.953504278328342
4.6190 	EXP 	rot_line_precue: ori = 10.253003363552423
4.6279 	EXP 	rot_line_precue: ori = 10.640015487984748
4.6359 	EXP 	rot_line_precue: ori = 11.080166800169057
4.6440 	EXP 	rot_line_precue: ori = 11.531531865356587
4.6520 	EXP 	rot_line_precue: ori = 11.868814065122427
4.6609 	EXP 	rot_line_precue: ori = 12.21024696850731
4.6691 	EXP 	rot_line_precue: ori = 12.549909199738309
4.6772 	EXP 	rot_line_precue: ori = 12.907181114850049
4.6859 	EXP 	rot_line_precue: ori = 13.222527041237248
4.6940 	EXP 	rot_line_precue: ori = 13.574867536008975
4.7021 	EXP 	rot_line_precue: ori = 13.882862716277122
4.7109 	EXP 	rot_line_precue: ori = 14.214938310379205
4.7190 	EXP 	rot_line_precue: ori = 14.601102994811894
4.7271 	EXP 	rot_line_precue: ori = 15.01569942993615
4.7350 	EXP 	rot_line_precue: ori = 15.441281068142262
4.7439 	EXP 	rot_line_precue: ori = 15.875207079070336
4.7523 	EXP 	rot_line_precue: ori = 16.41685778195752
4.7600 	EXP 	rot_line_precue: ori = 16.796134415010513
4.7690 	EXP 	rot_line_precue: ori = 17.11866365966101
4.7772 	EXP 	rot_line_precue: ori = 17.42858156538932
4.7853 	EXP 	rot_line_precue: ori = 17.743787520881813
4.7941 	EXP 	rot_line_precue: ori = 18.381156250640515
4.8024 	EXP 	rot_line_precue: ori = 18.97095926460845
4.8101 	EXP 	rot_line_precue: ori = 19.404134098242043
4.8192 	EXP 	rot_line_precue: ori = 19.734086022331173
4.8275 	EXP 	rot_line_precue: ori = 20.110317673289725
4.8363 	EXP 	rot_line_precue: ori = 20.53185452747965
4.8443 	EXP 	rot_line_precue: ori = 20.871149079149397
4.8523 	EXP 	rot_line_precue: ori = 21.232137988366702
4.8604 	EXP 	rot_line_precue: ori = 21.690315941613356
4.8692 	EXP 	rot_line_precue: ori = 22.042610457152836
4.8773 	EXP 	rot_line_precue: ori = 22.418452079485093
4.8854 	EXP 	rot_line_precue: ori = 22.71495077787039
4.8943 	EXP 	rot_line_precue: ori = 23.023257789420974
4.9024 	EXP 	rot_line_precue: ori = 23.55690476772577
4.9104 	EXP 	rot_line_precue: ori = 24.202363485341284
4.9184 	EXP 	rot_line_precue: ori = 24.511221371200136
4.9273 	EXP 	rot_line_precue: ori = 24.81489206898039
4.9355 	EXP 	rot_line_precue: ori = 25.140446091380294
4.9434 	EXP 	rot_line_precue: ori = 25.55942087889683
4.9524 	EXP 	rot_line_precue: ori = 25.887327437955005
4.9606 	EXP 	rot_line_precue: ori = 26.346467078218375
4.9695 	EXP 	rot_line_precue: ori = 26.79024227584716
4.9776 	EXP 	rot_line_precue: ori = 27.388036920048176
4.9856 	EXP 	rot_line_precue: ori = 27.716181785375262
4.9947 	EXP 	rot_line_precue: ori = 28.066945175842854
5.0027 	EXP 	rot_line_precue: ori = 28.581941876144626
5.0107 	EXP 	rot_line_precue: ori = 28.878320938660956
5.0186 	EXP 	rot_line_precue: ori = 29.30095867093488
5.0276 	EXP 	rot_line_precue: ori = 29.713917530570836
5.0356 	EXP 	rot_line_precue: ori = 30.036885761922818
5.0438 	EXP 	rot_line_precue: ori = 30.370586378658825
5.0527 	EXP 	rot_line_precue: ori = 30.904693296389567
5.0607 	EXP 	rot_line_precue: ori = 31.515872070713172
5.0688 	EXP 	rot_line_precue: ori = 31.859657277385526
5.0769 	EXP 	rot_line_precue: ori = 32.47286568899505
5.0857 	EXP 	rot_line_precue: ori = 32.81423224600576
5.0938 	EXP 	rot_line_precue: ori = 33.163181862675145
5.1019 	EXP 	rot_line_precue: ori = 33.51474555360034
5.1108 	EXP 	rot_line_precue: ori = 34.14917870350954
5.1199 	EXP 	rot_line_precue: ori = 34.49369049510444
5.1279 	EXP 	rot_line_precue: ori = 34.815241449678105
5.1358 	EXP 	rot_line_precue: ori = 35.14012337777499
5.1439 	EXP 	rot_line_precue: ori = 35.58481083508371
5.1518 	EXP 	rot_line_precue: ori = 35.88435853862997
5.1609 	EXP 	rot_line_precue: ori = 36.19927079459386
5.1691 	EXP 	rot_line_precue: ori = 36.75292328780705
5.1779 	EXP 	rot_line_precue: ori = 37.12231858915348
5.1859 	EXP 	rot_line_precue: ori = 37.88533675555859
5.1940 	EXP 	rot_line_precue: ori = 38.22204824786082
5.2021 	EXP 	rot_line_precue: ori = 38.540822917121226
5.2109 	EXP 	rot_line_precue: ori = 38.83971770978469
5.2190 	EXP 	rot_line_precue: ori = 39.1441864536267
5.2271 	EXP 	rot_line_precue: ori = 39.766849129244285
5.2361 	EXP 	rot_line_precue: ori = 40.0625986206369
5.2440 	EXP 	rot_line_precue: ori = 40.4295222502378
5.2523 	EXP 	rot_line_precue: ori = 41.120343409733486
5.2612 	EXP 	rot_line_precue: ori = 41.4603600739901
5.2693 	EXP 	rot_line_precue: ori = 41.777818635981774
5.2776 	EXP 	rot_line_precue: ori = 42.13188252845677
5.2863 	EXP 	rot_line_precue: ori = 42.51390864617226
5.2944 	EXP 	rot_line_precue: ori = 42.84469749018544
5.3024 	EXP 	rot_line_precue: ori = 43.19609156129807
5.3111 	EXP 	rot_line_precue: ori = 43.51706243520827
5.3193 	EXP 	rot_line_precue: ori = 43.82036289885966
5.3274 	EXP 	rot_line_precue: ori = 44.37825920444636
5.3366 	EXP 	rot_line_precue: ori = 44.71856542329642
5.3443 	EXP 	rot_line_precue: ori = 45.05389891209996
5.3523 	EXP 	rot_line_precue: ori = 45.473459370863
5.3604 	EXP 	rot_line_precue: ori = 45.774918325658355
5.3693 	EXP 	rot_line_precue: ori = 46.08502660284775
5.3773 	EXP 	rot_line_precue: ori = 46.56772026939721
5.3853 	EXP 	rot_line_precue: ori = 46.9099294933635
5.3943 	EXP 	rot_line_precue: ori = 47.39552932303741
5.4024 	EXP 	rot_line_precue: ori = 47.909219281860864
5.4103 	EXP 	rot_line_precue: ori = 48.670083463271915
5.4183 	EXP 	rot_line_precue: ori = 48.99112372680093
5.4273 	EXP 	rot_line_precue: ori = 49.30290678226905
5.4354 	EXP 	rot_line_precue: ori = 50.007168571415065
5.4444 	EXP 	rot_line_precue: ori = 50.54729663896482
5.4526 	EXP 	rot_line_precue: ori = 51.19490824280386
5.4606 	EXP 	rot_line_precue: ori = 51.573912861908546
5.4696 	EXP 	rot_line_precue: ori = 51.877556098500285
5.4779 	EXP 	rot_line_precue: ori = 52.54859174331323
5.4859 	EXP 	rot_line_precue: ori = 52.94119591720788
5.4946 	EXP 	rot_line_precue: ori = 53.24639146911832
5.5025 	EXP 	rot_line_precue: ori = 53.561207310587335
5.5106 	EXP 	rot_line_precue: ori = 53.89560290319792
5.5187 	EXP 	rot_line_precue: ori = 54.25835094830823
5.5277 	EXP 	rot_line_precue: ori = 54.6183772978718
5.5356 	EXP 	rot_line_precue: ori = 55.00744059176757
5.5436 	EXP 	rot_line_precue: ori = 55.50241871032073
5.5526 	EXP 	rot_line_precue: ori = 56.02755952107658
5.5607 	EXP 	rot_line_precue: ori = 56.35618833100841
5.5686 	EXP 	rot_line_precue: ori = 56.6536129985845
5.5767 	EXP 	rot_line_precue: ori = 56.97567811332531
5.5856 	EXP 	rot_line_precue: ori = 57.311403349011094
5.5940 	EXP 	rot_line_precue: ori = 57.76097622621158
5.6027 	EXP 	rot_line_precue: ori = 58.358367199440956
5.6109 	EXP 	rot_line_precue: ori = 58.67359819792225
5.6190 	EXP 	rot_line_precue: ori = 59.09640323074977
5.6277 	EXP 	rot_line_precue: ori = 59.52282523547788
5.6357 	EXP 	rot_line_precue: ori = 59.825411182610125
5.6440 	EXP 	rot_line_precue: ori = 60.126561956742115
5.6529 	EXP 	rot_line_precue: ori = 60.72884312697611
5.6609 	EXP 	rot_line_precue: ori = 61.136160054646396
5.6689 	EXP 	rot_line_precue: ori = 61.55102621513781
5.6769 	EXP 	rot_line_precue: ori = 62.03570637691901
5.6859 	EXP 	rot_line_precue: ori = 62.33390666163133
5.6940 	EXP 	rot_line_precue: ori = 63.00725508664204
5.7019 	EXP 	rot_line_precue: ori = 63.32286344952594
5.7108 	EXP 	rot_line_precue: ori = 63.64214153836526
5.7190 	EXP 	rot_line_precue: ori = 64.12682295284232
5.7271 	EXP 	rot_line_precue: ori = 64.43284839325723
5.7349 	EXP 	rot_line_precue: ori = 64.9545486058114
5.7439 	EXP 	rot_line_precue: ori = 65.251865205525
5.7522 	EXP 	rot_line_precue: ori = 65.64992782274922
5.7610 	EXP 	rot_line_precue: ori = 66.1382821671469
5.7691 	EXP 	rot_line_precue: ori = 66.4386734473377
5.7772 	EXP 	rot_line_precue: ori = 67.16097967859973
5.7859 	EXP 	rot_line_precue: ori = 67.50451866962156
5.7940 	EXP 	rot_line_precue: ori = 67.89214301459792
5.8023 	EXP 	rot_line_precue: ori = 68.25979189465319
5.8119 	EXP 	rot_line_precue: ori = 68.5638169047002
5.8193 	EXP 	rot_line_precue: ori = 69.23747650409035
5.8273 	EXP 	rot_line_precue: ori = 69.54156578061578
5.8354 	EXP 	rot_line_precue: ori = 69.8431244891125
5.8441 	EXP 	rot_line_precue: ori = 70.17014722400046
5.8524 	EXP 	rot_line_precue: ori = 70.5337956539838
5.8602 	EXP 	rot_line_precue: ori = 70.94740370626776
5.8691 	EXP 	rot_line_precue: ori = 71.66329437733916
5.8773 	EXP 	rot_line_precue: ori = 72.3165899272414
5.8853 	EXP 	rot_line_precue: ori = 72.65781187200277
5.8935 	EXP 	rot_line_precue: ori = 73.03129425584964
5.9023 	EXP 	rot_line_precue: ori = 73.41596824424052
5.9104 	EXP 	rot_line_precue: ori = 73.86078858515567
5.9183 	EXP 	rot_line_precue: ori = 74.16935995730903
5.9275 	EXP 	rot_line_precue: ori = 74.80061156780246
5.9354 	EXP 	rot_line_precue: ori = 75.34993166355338
5.9446 	EXP 	rot_line_precue: ori = 75.81111577446931
5.9525 	EXP 	rot_line_precue: ori = 76.17096066850438
5.9605 	EXP 	rot_line_precue: ori = 76.4871486626611
5.9693 	EXP 	rot_line_precue: ori = 76.80931866016763
5.9776 	EXP 	rot_line_precue: ori = 77.1263441400952
5.9855 	EXP 	rot_line_precue: ori = 77.65662078100284
5.9945 	EXP 	rot_line_precue: ori = 77.99009611210369
6.0025 	EXP 	rot_line_precue: ori = 78.30933798632807
6.0106 	EXP 	rot_line_precue: ori = 78.8647554459017
6.0187 	EXP 	rot_line_precue: ori = 79.16378963883386
6.0276 	EXP 	rot_line_precue: ori = 79.85361827789468
6.0356 	EXP 	rot_line_precue: ori = 80.26879169052631
6.0437 	EXP 	rot_line_precue: ori = 80.60112547375365
6.0526 	EXP 	rot_line_precue: ori = 81.14018259576089
6.0606 	EXP 	rot_line_precue: ori = 81.49393367358172
6.0687 	EXP 	rot_line_precue: ori = 81.81341897008822
6.0777 	EXP 	rot_line_precue: ori = 82.14886130888358
6.0857 	EXP 	rot_line_precue: ori = 82.52748147360022
6.0937 	EXP 	rot_line_precue: ori = 82.82273172236111
6.1028 	EXP 	rot_line_precue: ori = 83.21755541849278
6.1107 	EXP 	rot_line_precue: ori = 83.52991126514294
6.1189 	EXP 	rot_line_precue: ori = 84.06581284769953
6.1280 	EXP 	rot_line_precue: ori = 84.50679765232677
6.1359 	EXP 	rot_line_precue: ori = 84.83925435313489
6.1440 	EXP 	rot_line_precue: ori = 85.14336420821635
6.1529 	EXP 	rot_line_precue: ori = 85.49735418185726
6.1608 	EXP 	rot_line_precue: ori = 86.00494466332948
6.1689 	EXP 	rot_line_precue: ori = 86.4208875114712
6.1769 	EXP 	rot_line_precue: ori = 86.90938001502401
6.1860 	EXP 	rot_line_precue: ori = 87.21235720695391
6.1940 	EXP 	rot_line_precue: ori = 87.55179477592272
6.2019 	EXP 	rot_line_precue: ori = 87.9222028331821
6.2109 	EXP 	rot_line_precue: ori = 88.24986739211994
6.2191 	EXP 	rot_line_precue: ori = 88.56392125730567
6.2273 	EXP 	rot_line_precue: ori = 88.94271998126626
6.2359 	EXP 	rot_line_precue: ori = 89.2948455220977
6.2441 	EXP 	rot_line_precue: ori = 89.69039965594563
6.2521 	EXP 	rot_line_precue: ori = 90.01922651095188
6.2610 	EXP 	rot_line_precue: ori = 90.3251689166574
6.2693 	EXP 	rot_line_precue: ori = 90.98280852946708
6.2772 	EXP 	rot_line_precue: ori = 91.36451227650747
6.2860 	EXP 	rot_line_precue: ori = 91.68833200765893
6.2941 	EXP 	rot_line_precue: ori = 92.34959116258553
6.3023 	EXP 	rot_line_precue: ori = 92.73740062618377
6.3111 	EXP 	rot_line_precue: ori = 93.05934957777525
6.3193 	EXP 	rot_line_precue: ori = 93.58382246834022
6.3273 	EXP 	rot_line_precue: ori = 93.96843992376044
6.3360 	EXP 	rot_line_precue: ori = 94.63947160972839
6.3442 	EXP 	rot_line_precue: ori = 94.93571218063512
6.3523 	EXP 	rot_line_precue: ori = 95.29530480616833
6.3601 	EXP 	rot_line_precue: ori = 95.68200105938449
6.3691 	EXP 	rot_line_precue: ori = 96.10558839092687
6.3773 	EXP 	rot_line_precue: ori = 96.48861480860873
6.3851 	EXP 	rot_line_precue: ori = 96.83303550277071
6.3941 	EXP 	rot_line_precue: ori = 97.5897283469804
6.4023 	EXP 	rot_line_precue: ori = 97.88656042678032
6.4105 	EXP 	rot_line_precue: ori = 98.25180829779605
6.4193 	EXP 	rot_line_precue: ori = 98.70741564638999
6.4284 	EXP 	hor_line_precue: autoDraw = False
6.4284 	EXP 	ver_line_precue: autoDraw = False
6.4284 	EXP 	rot_line_precue: autoDraw = False
6.4284 	EXP 	rot_line_precue: ori = 99.04704280756772
6.4354 	EXP 	rot_line_precue: ori = 99.40981321093957
6.4443 	EXP 	rot_line_precue: ori = 99.72318532001091
6.4524 	EXP 	rot_line_precue: ori = 100.19732075605235
6.4605 	EXP 	rot_line_precue: ori = 100.62278174039332
6.4695 	EXP 	rot_line_precue: ori = 100.94735355811628
6.4776 	EXP 	rot_line_precue: ori = 101.28725200963933
6.4855 	EXP 	rot_line_precue: ori = 101.7779158334403
6.4944 	EXP 	rot_line_precue: ori = 102.46884352090704
6.5025 	EXP 	rot_line_precue: ori = 102.77440073626704
6.5106 	EXP 	rot_line_precue: ori = 103.13530379463862
6.5195 	EXP 	rot_line_precue: ori = 103.5183999246965
6.5276 	EXP 	rot_line_precue: ori = 103.8322212763445
6.5356 	EXP 	rot_line_precue: ori = 104.16399472624961
6.5437 	EXP 	rot_line_precue: ori = 104.91886538951121
6.5525 	EXP 	rot_line_precue: ori = 105.57072922683287
6.5606 	EXP 	rot_line_precue: ori = 105.97663540251918
6.5689 	EXP 	rot_line_precue: ori = 106.28610944340957
6.5777 	EXP 	rot_line_precue: ori = 106.58382488630832
6.5858 	EXP 	rot_line_precue: ori = 106.89826559731198
6.5937 	EXP 	rot_line_precue: ori = 107.24752755763744
6.6026 	EXP 	rot_line_precue: ori = 107.60685253444322
6.6107 	EXP 	rot_line_precue: ori = 107.91912226766927
6.6188 	EXP 	rot_line_precue: ori = 108.35168160149087
6.6279 	EXP 	rot_line_precue: ori = 108.67134399241631
6.6358 	EXP 	rot_line_precue: ori = 108.99024181190308
6.6438 	EXP 	rot_line_precue: ori = 109.51069242290401
6.6527 	EXP 	rot_line_precue: ori = 110.18069989167314
6.6608 	EXP 	rot_line_precue: ori = 110.55648844677081
6.6689 	EXP 	rot_line_precue: ori = 111.02396176794264
6.6768 	EXP 	rot_line_precue: ori = 111.43104926247284
6.6857 	EXP 	rot_line_precue: ori = 112.10802921116473
6.6938 	EXP 	rot_line_precue: ori = 112.6775465408287
6.7018 	EXP 	rot_line_precue: ori = 113.09675326652851
6.7107 	EXP 	rot_line_precue: ori = 113.45321702643454
6.7189 	EXP 	rot_line_precue: ori = 113.83430501869631
6.7270 	EXP 	rot_line_precue: ori = 114.17052725711345
6.7349 	EXP 	rot_line_precue: ori = 114.595421805293
6.7440 	EXP 	rot_line_precue: ori = 114.95106877346329
6.7522 	EXP 	rot_line_precue: ori = 115.25114056437444
6.7610 	EXP 	rot_line_precue: ori = 115.57275998654475
6.7690 	EXP 	rot_line_precue: ori = 115.95031301283099
6.7781 	EXP 	rot_line_precue: ori = 116.42545860773467
6.7862 	EXP 	rot_line_precue: ori = 116.72175034551103
6.7943 	EXP 	rot_line_precue: ori = 117.08186227343012
6.8024 	EXP 	rot_line_precue: ori = 117.3887622880414
6.8111 	EXP 	rot_line_precue: ori = 117.69001509374023
6.8192 	EXP 	rot_line_precue: ori = 118.0299093025969
6.8272 	EXP 	rot_line_precue: ori = 118.32527455998068
6.8362 	EXP 	rot_line_precue: ori = 118.64826091190433
6.8441 	EXP 	rot_line_precue: ori = 118.97552787268364
6.8523 	EXP 	rot_line_precue: ori = 119.34999557248743
6.8600 	EXP 	rot_line_precue: ori = 119.66632871016927
6.8690 	EXP 	rot_line_precue: ori = 120.01280848401554
6.8772 	EXP 	rot_line_precue: ori = 120.31606699439682
6.8853 	EXP 	rot_line_precue: ori = 120.62000837921742
6.8941 	EXP 	rot_line_precue: ori = 120.92452773963788
6.9023 	EXP 	rot_line_precue: ori = 121.39691906296608
6.9104 	EXP 	rot_line_precue: ori = 121.77466188761524
6.9193 	EXP 	rot_line_precue: ori = 122.0752486957332
6.9275 	EXP 	rot_line_precue: ori = 122.42968577619983
6.9354 	EXP 	rot_line_precue: ori = 122.85216847005076
6.9442 	EXP 	rot_line_precue: ori = 123.15760136561468
6.9523 	EXP 	rot_line_precue: ori = 123.71934548801377
6.9605 	EXP 	rot_line_precue: ori = 124.20677946292057
6.9694 	EXP 	rot_line_precue: ori = 124.50269911207991
6.9775 	EXP 	rot_line_precue: ori = 124.8358230010184
6.9855 	EXP 	rot_line_precue: ori = 125.23090238516647
6.9934 	EXP 	rot_line_precue: ori = 125.85148524632905
7.0024 	EXP 	rot_line_precue: ori = 126.64711950453756
7.0105 	EXP 	rot_line_precue: ori = 126.97449070968297
7.0184 	EXP 	rot_line_precue: ori = 127.48739593038897
7.0274 	EXP 	rot_line_precue: ori = 128.14187991132277
7.0357 	EXP 	rot_line_precue: ori = 128.6780529964162
7.0435 	EXP 	rot_line_precue: ori = 129.00197817720132
7.0524 	EXP 	rot_line_precue: ori = 129.37967688373328
7.0606 	EXP 	rot_line_precue: ori = 129.86139952849976
7.0687 	EXP 	rot_line_precue: ori = 130.42960259342505
7.0776 	EXP 	rot_line_precue: ori = 130.72542663223402
7.0857 	EXP 	rot_line_precue: ori = 131.29128858522927
7.0938 	EXP 	rot_line_precue: ori = 131.5877623789753
7.1028 	EXP 	rot_line_precue: ori = 131.88839565711382
7.1107 	EXP 	rot_line_precue: ori = 132.39156172076798
7.1189 	EXP 	rot_line_precue: ori = 132.70758031470967
7.1279 	EXP 	rot_line_precue: ori = 133.05373526171397
7.1359 	EXP 	rot_line_precue: ori = 133.51516644220956
7.1439 	EXP 	rot_line_precue: ori = 134.30922895108083
7.1527 	EXP 	rot_line_precue: ori = 134.7497716577282
7.1607 	EXP 	rot_line_precue: ori = 135.1096067583207
7.1689 	EXP 	rot_line_precue: ori = 135.46587460564857
7.1778 	EXP 	rot_line_precue: ori = 135.89036025895228
7.1858 	EXP 	rot_line_precue: ori = 136.51527471159517
7.1939 	EXP 	rot_line_precue: ori = 136.87473021927084
7.2018 	EXP 	rot_line_precue: ori = 137.27685978014523
7.2108 	EXP 	rot_line_precue: ori = 137.68692395160275
7.2190 	EXP 	rot_line_precue: ori = 137.98692347928775
7.2270 	EXP 	rot_line_precue: ori = 138.64557600508738
7.2359 	EXP 	rot_line_precue: ori = 139.10178842433734
7.2444 	EXP 	rot_line_precue: ori = 139.46070205147245
7.2530 	EXP 	rot_line_precue: ori = 139.80395669674994
7.2610 	EXP 	rot_line_precue: ori = 140.11583709108987
7.2691 	EXP 	rot_line_precue: ori = 140.4778099741934
7.2771 	EXP 	rot_line_precue: ori = 140.8453605455207
7.2859 	EXP 	rot_line_precue: ori = 141.19657008690416
7.2941 	EXP 	rot_line_precue: ori = 141.63790034297384
7.3021 	EXP 	rot_line_precue: ori = 141.98921747305502
7.3111 	EXP 	rot_line_precue: ori = 142.29657152404775
7.3190 	EXP 	rot_line_precue: ori = 142.70217084484423
7.3272 	EXP 	rot_line_precue: ori = 143.4759001592534
7.3360 	EXP 	rot_line_precue: ori = 144.09051409229534
7.3441 	EXP 	rot_line_precue: ori = 144.46085151388476
7.3522 	EXP 	rot_line_precue: ori = 145.00192469848594
7.3602 	EXP 	rot_line_precue: ori = 145.3025417980629
7.3691 	EXP 	rot_line_precue: ori = 145.75533933908014
7.3773 	EXP 	rot_line_precue: ori = 146.0594674219101
7.3851 	EXP 	rot_line_precue: ori = 146.383509711187
7.3941 	EXP 	rot_line_precue: ori = 146.74533560330863
7.4024 	EXP 	rot_line_precue: ori = 147.10549369138
7.4112 	EXP 	rot_line_precue: ori = 147.4044290993611
7.4193 	EXP 	rot_line_precue: ori = 147.7396482425194
7.4274 	EXP 	rot_line_precue: ori = 148.06100951466232
7.4352 	EXP 	rot_line_precue: ori = 148.51737346314917
7.4442 	EXP 	rot_line_precue: ori = 148.93682785363492
7.4524 	EXP 	rot_line_precue: ori = 149.29720844644652
7.4612 	EXP 	rot_line_precue: ori = 149.59283988522367
7.4693 	EXP 	rot_line_precue: ori = 150.19456181379542
7.4775 	EXP 	rot_line_precue: ori = 150.7218904381504
7.4855 	EXP 	rot_line_precue: ori = 151.23346548782024
7.4943 	EXP 	rot_line_precue: ori = 151.56243826119456
7.5024 	EXP 	rot_line_precue: ori = 152.23452506662358
7.5104 	EXP 	rot_line_precue: ori = 152.60646921753738
7.5187 	EXP 	rot_line_precue: ori = 152.9240365640323
7.5274 	EXP 	rot_line_precue: ori = 153.38645726915513
7.5355 	EXP 	rot_line_precue: ori = 153.92759232733448
7.5436 	EXP 	rot_line_precue: ori = 154.23908746252937
7.5524 	EXP 	rot_line_precue: ori = 154.58720100330584
7.5607 	EXP 	rot_line_precue: ori = 155.27166415660224
7.5695 	EXP 	rot_line_precue: ori = 155.58315664730378
7.5776 	EXP 	rot_line_precue: ori = 155.87907146785975
7.5855 	EXP 	rot_line_precue: ori = 156.1912345506696
7.5937 	EXP 	rot_line_precue: ori = 156.51231987979983
7.6026 	EXP 	rot_line_precue: ori = 156.81156411600202
7.6108 	EXP 	rot_line_precue: ori = 157.18697748651635
7.6197 	EXP 	rot_line_precue: ori = 157.8402686158425
7.6277 	EXP 	rot_line_precue: ori = 158.5694162344888
7.6356 	EXP 	rot_line_precue: ori = 158.99631184814425
7.6438 	EXP 	rot_line_precue: ori = 159.40117739934763
7.6527 	EXP 	rot_line_precue: ori = 159.75706418479393
7.6607 	EXP 	rot_line_precue: ori = 160.4342376308733
7.6688 	EXP 	rot_line_precue: ori = 160.81821451694736
7.6767 	EXP 	rot_line_precue: ori = 161.11668205487047
7.6857 	EXP 	rot_line_precue: ori = 161.42153558126944
7.6939 	EXP 	rot_line_precue: ori = 161.85910058380253
7.7018 	EXP 	rot_line_precue: ori = 162.23860195130837
7.7108 	EXP 	rot_line_precue: ori = 162.62158878287835
7.7191 	EXP 	rot_line_precue: ori = 162.92095252382893
7.7281 	EXP 	rot_line_precue: ori = 163.5239563109304
7.7359 	EXP 	rot_line_precue: ori = 163.9144047299455
7.7440 	EXP 	rot_line_precue: ori = 164.21668589378967
7.7520 	EXP 	rot_line_precue: ori = 164.56585594244103
7.7609 	EXP 	rot_line_precue: ori = 165.00061280031366
7.7690 	EXP 	rot_line_precue: ori = 165.33264918537813
7.7769 	EXP 	rot_line_precue: ori = 165.66408744372268
7.7860 	EXP 	rot_line_precue: ori = 166.22209060043912
7.7941 	EXP 	rot_line_precue: ori = 166.51754043514174
7.8021 	EXP 	rot_line_precue: ori = 166.84564711869285
7.8109 	EXP 	rot_line_precue: ori = 167.2178454829545
7.8191 	EXP 	rot_line_precue: ori = 167.5471668169447
7.8271 	EXP 	rot_line_precue: ori = 167.85140574413498
7.8361 	EXP 	rot_line_precue: ori = 168.60108170651498
7.8441 	EXP 	rot_line_precue: ori = 168.9059388973178
7.8523 	EXP 	rot_line_precue: ori = 169.45897142566875
7.8600 	EXP 	rot_line_precue: ori = 169.90151951089888
7.8690 	EXP 	rot_line_precue: ori = 170.44501948587495
7.8771 	EXP 	rot_line_precue: ori = 171.05509033353056
7.8852 	EXP 	rot_line_precue: ori = 171.4672829166476
7.8942 	EXP 	rot_line_precue: ori = 172.03073031052546
7.9024 	EXP 	rot_line_precue: ori = 172.32672601777708
7.9110 	EXP 	rot_line_precue: ori = 172.67251660287317
7.9191 	EXP 	rot_line_precue: ori = 172.97699425073577
7.9274 	EXP 	rot_line_precue: ori = 173.3528075160611
7.9363 	EXP 	rot_line_precue: ori = 173.6535830895167
7.9444 	EXP 	rot_line_precue: ori = 174.03001062789582
7.9524 	EXP 	rot_line_precue: ori = 174.62030621243926
7.9606 	EXP 	rot_line_precue: ori = 175.25833044395006
7.9692 	EXP 	rot_line_precue: ori = 175.86965618427755
7.9774 	EXP 	rot_line_precue: ori = 176.18651073320515
7.9854 	EXP 	rot_line_precue: ori = 176.8422403046263
7.9942 	EXP 	rot_line_precue: ori = 177.36144342706984
8.0024 	EXP 	rot_line_precue: ori = 177.6874249518006
8.0104 	EXP 	rot_line_precue: ori = 177.99567646597262
8.0184 	EXP 	rot_line_precue: ori = 178.31266873204913
8.0273 	EXP 	rot_line_precue: ori = 178.68407362857187
8.0356 	EXP 	rot_line_precue: ori = 179.0114563792084
8.0444 	EXP 	rot_line_precue: ori = 179.51582262426675
8.0526 	EXP 	rot_line_precue: ori = 179.83228984808562
8.0605 	EXP 	rot_line_precue: ori = 180.38697559542447
8.0694 	EXP 	rot_line_precue: ori = 180.68457392328696
8.0775 	EXP 	rot_line_precue: ori = 180.98674233895105
8.0856 	EXP 	rot_line_precue: ori = 181.29287536183463
8.0945 	EXP 	rot_line_precue: ori = 181.7829080506774
8.1027 	EXP 	rot_line_precue: ori = 182.1487797673757
8.1107 	EXP 	rot_line_precue: ori = 182.90021355279202
8.1187 	EXP 	rot_line_precue: ori = 183.30931339862897
8.1276 	EXP 	rot_line_precue: ori = 183.6448220701347
8.1357 	EXP 	rot_line_precue: ori = 184.11887662115237
8.1438 	EXP 	rot_line_precue: ori = 184.57256843952
8.1527 	EXP 	rot_line_precue: ori = 185.3693790315871
8.1607 	EXP 	rot_line_precue: ori = 185.6842597328794
8.1688 	EXP 	rot_line_precue: ori = 186.2929736112599
8.1767 	EXP 	rot_line_precue: ori = 186.73391116283074
8.1856 	EXP 	rot_line_precue: ori = 187.03110302262377
8.1939 	EXP 	rot_line_precue: ori = 187.67498839641908
8.2027 	EXP 	rot_line_precue: ori = 187.9804054079811
8.2109 	EXP 	rot_line_precue: ori = 188.3661127407604
8.2190 	EXP 	rot_line_precue: ori = 188.79296884218647
8.2277 	EXP 	rot_line_precue: ori = 189.19163780686605
8.2358 	EXP 	rot_line_precue: ori = 189.6472336423103
8.2441 	EXP 	rot_line_precue: ori = 190.0682002194754
8.2529 	EXP 	rot_line_precue: ori = 190.40608960790627
8.2609 	EXP 	rot_line_precue: ori = 190.83007987042342
8.2690 	EXP 	rot_line_precue: ori = 191.33399891927027
8.2771 	EXP 	rot_line_precue: ori = 191.62967416597436
8.2859 	EXP 	rot_line_precue: ori = 191.9938925091702
8.2940 	EXP 	rot_line_precue: ori = 192.37307672953287
8.3021 	EXP 	rot_line_precue: ori = 192.68171068054238
8.3110 	EXP 	rot_line_precue: ori = 192.9986453133466
8.3191 	EXP 	rot_line_precue: ori = 193.34606281456527
8.3271 	EXP 	rot_line_precue: ori = 193.82460937347093
8.3350 	EXP 	rot_line_precue: ori = 194.42797109423807
8.3440 	EXP 	rot_line_precue: ori = 194.9220794999939
8.3522 	EXP 	rot_line_precue: ori = 195.27389080872803
8.3610 	EXP 	rot_line_precue: ori = 195.9508935143263
8.3693 	EXP 	rot_line_precue: ori = 196.42266353036283
8.3774 	EXP 	rot_line_precue: ori = 196.99325470258304
8.3861 	EXP 	rot_line_precue: ori = 197.32032904540216
8.3942 	EXP 	rot_line_precue: ori = 197.6410025547559
8.4023 	EXP 	rot_line_precue: ori = 197.96040184011767
8.4112 	EXP 	rot_line_precue: ori = 198.59745740269645
8.4193 	EXP 	rot_line_precue: ori = 199.08891752391062
8.4273 	EXP 	rot_line_precue: ori = 199.5671017210946
8.4353 	EXP 	rot_line_precue: ori = 199.86425553035116
8.4442 	EXP 	rot_line_precue: ori = 200.53969196905766
8.4522 	EXP 	rot_line_precue: ori = 200.85093644312022
8.4602 	EXP 	rot_line_precue: ori = 201.1539423661823
8.4691 	EXP 	rot_line_precue: ori = 201.52479282783648
8.4772 	EXP 	rot_line_precue: ori = 201.85372333156351
8.4853 	EXP 	rot_line_precue: ori = 202.30459640520917
8.4941 	EXP 	rot_line_precue: ori = 202.65583894410923
8.5023 	EXP 	rot_line_precue: ori = 202.95195056248775
8.5104 	EXP 	rot_line_precue: ori = 203.278503773948
8.5194 	EXP 	rot_line_precue: ori = 203.6007064231394
8.5275 	EXP 	rot_line_precue: ori = 203.9949970057254
8.5354 	EXP 	rot_line_precue: ori = 204.40099867966768
8.5443 	EXP 	rot_line_precue: ori = 204.70132708824215
8.5526 	EXP 	rot_line_precue: ori = 205.26437972042763
8.5606 	EXP 	rot_line_precue: ori = 205.6845866031462
8.5695 	EXP 	rot_line_precue: ori = 206.00565476854257
8.5776 	EXP 	rot_line_precue: ori = 206.31329479632677
8.5856 	EXP 	rot_line_precue: ori = 206.62788483219015
8.5944 	EXP 	rot_line_precue: ori = 207.00807547948094
8.6025 	EXP 	rot_line_precue: ori = 207.39683049233463
8.6106 	EXP 	rot_line_precue: ori = 207.7609124891967
8.6185 	EXP 	rot_line_precue: ori = 208.1613710191905
8.6275 	EXP 	rot_line_precue: ori = 208.46489630929008
8.6356 	EXP 	rot_line_precue: ori = 208.77180564773872
8.6438 	EXP 	rot_line_precue: ori = 209.12207390785855
8.6527 	EXP 	rot_line_precue: ori = 209.5642593596041
8.6607 	EXP 	rot_line_precue: ori = 209.86081024904817
8.6689 	EXP 	rot_line_precue: ori = 210.17405621086232
8.6782 	EXP 	rot_line_precue: ori = 210.6018249053045
8.6859 	EXP 	rot_line_precue: ori = 210.9488752940802
8.6939 	EXP 	rot_line_precue: ori = 211.3541687815634
8.7026 	EXP 	rot_line_precue: ori = 211.67786764011515
8.7108 	EXP 	rot_line_precue: ori = 212.01138371036515
8.7190 	EXP 	rot_line_precue: ori = 212.34158085156457
8.7279 	EXP 	rot_line_precue: ori = 212.66732652208478
8.7359 	EXP 	rot_line_precue: ori = 213.31616817506
8.7439 	EXP 	rot_line_precue: ori = 213.71734376042193
8.7520 	EXP 	rot_line_precue: ori = 214.07464408497583
8.7608 	EXP 	rot_line_precue: ori = 214.4081588668029
8.7690 	EXP 	rot_line_precue: ori = 214.73037506165772
8.7768 	EXP 	rot_line_precue: ori = 215.22321858067312
8.7858 	EXP 	rot_line_precue: ori = 215.99990213930784
8.7940 	EXP 	rot_line_precue: ori = 216.3315952257129
8.8021 	EXP 	rot_line_precue: ori = 216.64080398388307
8.8109 	EXP 	rot_line_precue: ori = 217.081348930695
8.8191 	EXP 	rot_line_precue: ori = 217.42219662713399
8.8271 	EXP 	rot_line_precue: ori = 217.73603773149864
8.8362 	EXP 	rot_line_precue: ori = 218.41208196035385
8.8442 	EXP 	rot_line_precue: ori = 218.84065581984044
8.8520 	EXP 	rot_line_precue: ori = 219.5495660546975
8.8609 	EXP 	rot_line_precue: ori = 220.11983225890947
8.8691 	EXP 	rot_line_precue: ori = 220.42692936379902
8.8771 	EXP 	rot_line_precue: ori = 220.79701561532192
8.8861 	EXP 	rot_line_precue: ori = 221.10078001176626
8.8944 	EXP 	rot_line_precue: ori = 221.4180979430121
8.9022 	EXP 	rot_line_precue: ori = 221.74492606278173
8.9110 	EXP 	rot_line_precue: ori = 222.10631837022265
8.9191 	EXP 	rot_line_precue: ori = 222.4516704154235
8.9196 	EXP 	New trial (rep=0, index=1): <Trial 1 (1 in rep 0) data={'pic_name': 'pics/feet.JPG', 'class_mi': 'feet', 'thisN': 1, 'thisTrialN': 1, 'thisRepN': 0}>
8.9269 	EXP 	rot_line_precue: ori = 222.7482159028608
8.9269 	EXP 	image: autoDraw = False
8.9269 	EXP 	hor_line_precue: autoDraw = False
8.9269 	EXP 	ver_line_precue: autoDraw = False
8.9269 	EXP 	rot_line_precue: autoDraw = False
8.9269 	EXP 	image: autoDraw = False
8.9269 	EXP 	image: image = 'pics/feet.JPG'
8.9269 	EXP 	hor_line_precue: autoDraw = True
8.9269 	EXP 	ver_line_precue: autoDraw = True
8.9269 	EXP 	rot_line_precue: autoDraw = True
8.9269 	EXP 	rot_line_precue: ori = 223.24325162477717
8.9269 	EXP 	image: autoDraw = True
8.9351 	EXP 	rot_line_precue: ori = 223.88502582898147
8.9441 	EXP 	rot_line_precue: ori = 224.29258796046335
8.9522 	EXP 	rot_line_precue: ori = 224.6200167602705
8.9603 	EXP 	rot_line_precue: ori = 225.103496265929
8.9692 	EXP 	rot_line_precue: ori = 225.73356384594402
8.9775 	EXP 	rot_line_precue: ori = 226.0394771880094
8.9863 	EXP 	rot_line_precue: ori = 226.5268853345199
8.9944 	EXP 	rot_line_precue: ori = 227.16823522500286
9.0025 	EXP 	rot_line_precue: ori = 227.75963853597136
9.0104 	EXP 	rot_line_precue: ori = 228.50721291488728
9.0193 	EXP 	rot_line_precue: ori = 228.85730768944293
9.0275 	EXP 	rot_line_precue: ori = 229.19044986238913
9.0354 	EXP 	rot_line_precue: ori = 229.60480195965476
9.0444 	EXP 	rot_line_precue: ori = 229.9854421405113
9.0525 	EXP 	rot_line_precue: ori = 230.37922648046083
9.0605 	EXP 	rot_line_precue: ori = 230.6891710743169
9.0693 	EXP 	rot_line_precue: ori = 231.04115325857757
9.0775 	EXP 	rot_line_precue: ori = 231.50067128272494
9.0855 	EXP 	rot_line_precue: ori = 231.8594273655337
9.0937 	EXP 	rot_line_precue: ori = 232.23850078332794
9.1025 	EXP 	rot_line_precue: ori = 232.53788443927448
9.1106 	EXP 	rot_line_precue: ori = 233.09599949212554
9.1188 	EXP 	rot_line_precue: ori = 233.44557750080514
9.1276 	EXP 	rot_line_precue: ori = 233.85048181261163
9.1357 	EXP 	rot_line_precue: ori = 234.16055630844852
9.1447 	EXP 	rot_line_precue: ori = 234.48994750798818
9.1527 	EXP 	rot_line_precue: ori = 234.8198209057904
9.1608 	EXP 	rot_line_precue: ori = 235.16880145639144
9.1688 	EXP 	rot_line_precue: ori = 235.47142419688694
9.1776 	EXP 	rot_line_precue: ori = 235.78209711150865
9.1858 	EXP 	rot_line_precue: ori = 236.11595184130917
9.1948 	EXP 	rot_line_precue: ori = 236.61443530674924
9.2028 	EXP 	rot_line_precue: ori = 237.0017974104474
9.2107 	EXP 	rot_line_precue: ori = 237.41597482642183
9.2188 	EXP 	rot_line_precue: ori = 237.91545218199795
9.2278 	EXP 	rot_line_precue: ori = 238.68935650770885
9.2358 	EXP 	rot_line_precue: ori = 238.990018449905
9.2439 	EXP 	rot_line_precue: ori = 239.36002378876964
9.2518 	EXP 	rot_line_precue: ori = 239.76482510473784
9.2607 	EXP 	rot_line_precue: ori = 240.08498800057447
9.2689 	EXP 	rot_line_precue: ori = 240.44671006972092
9.2768 	EXP 	rot_line_precue: ori = 240.7553402992681
9.2857 	EXP 	rot_line_precue: ori = 241.30769345458006
9.2942 	EXP 	rot_line_precue: ori = 241.62791646744046
9.3019 	EXP 	rot_line_precue: ori = 241.9707968756628
9.3108 	EXP 	rot_line_precue: ori = 242.5461815650109
9.3191 	EXP 	rot_line_precue: ori = 242.9296020320601
9.3279 	EXP 	rot_line_precue: ori = 243.3346654080826
9.3359 	EXP 	rot_line_precue: ori = 243.77410549400827
9.3440 	EXP 	rot_line_precue: ori = 244.16623483462283
9.3523 	EXP 	rot_line_precue: ori = 244.47277756017672
9.3611 	EXP 	rot_line_precue: ori = 244.78478562064933
9.3693 	EXP 	rot_line_precue: ori = 245.10409729480233
9.3775 	EXP 	rot_line_precue: ori = 245.40812516900854
9.3861 	EXP 	rot_line_precue: ori = 245.7536807346178
9.3950 	EXP 	rot_line_precue: ori = 246.0938855933161
9.4024 	EXP 	rot_line_precue: ori = 246.42963358881357
9.4113 	EXP 	rot_line_precue: ori = 246.7596084576736
9.4193 	EXP 	rot_line_precue: ori = 247.14995959613367
9.4273 	EXP 	rot_line_precue: ori = 247.46883445877572
9.4363 	EXP 	rot_line_precue: ori = 248.01356516397448
9.4442 	EXP 	rot_line_precue: ori = 248.59545658246046
9.4523 	EXP 	rot_line_precue: ori = 249.07027616640408
9.4603 	EXP 	rot_line_precue: ori = 249.41040528178542
9.4692 	EXP 	rot_line_precue: ori = 249.90356913953553
9.4775 	EXP 	rot_line_precue: ori = 250.4239925230388
9.4863 	EXP 	rot_line_precue: ori = 250.72497934710216
9.4943 	EXP 	rot_line_precue: ori = 251.0248697676815
9.5024 	EXP 	rot_line_precue: ori = 251.5807955894944
9.5103 	EXP 	rot_line_precue: ori = 252.11604878640338
9.5194 	EXP 	rot_line_precue: ori = 252.59967046790138
9.5276 	EXP 	rot_line_precue: ori = 252.8973358172863
9.5354 	EXP 	rot_line_precue: ori = 253.24223205497728
9.5442 	EXP 	rot_line_precue: ori = 253.5716104959724
9.5524 	EXP 	rot_line_precue: ori = 254.22778742735943
9.5605 	EXP 	rot_line_precue: ori = 254.5680472255588
9.5693 	EXP 	rot_line_precue: ori = 254.92548142438045
9.5775 	EXP 	rot_line_precue: ori = 255.27590770369883
9.5855 	EXP 	rot_line_precue: ori = 255.61621059560986
9.5935 	EXP 	rot_line_precue: ori = 256.0713466293564
9.6025 	EXP 	rot_line_precue: ori = 256.7203692079014
9.6105 	EXP 	rot_line_precue: ori = 257.0358115037699
9.6185 	EXP 	rot_line_precue: ori = 257.3665511074875
9.6275 	EXP 	rot_line_precue: ori = 257.7145390026466
9.6358 	EXP 	rot_line_precue: ori = 258.05648033563284
9.6444 	EXP 	rot_line_precue: ori = 258.410784505865
9.6526 	EXP 	rot_line_precue: ori = 258.73216239633
9.6606 	EXP 	rot_line_precue: ori = 259.027754867576
9.6688 	EXP 	rot_line_precue: ori = 259.45146880444327
9.6777 	EXP 	rot_line_precue: ori = 259.9366725181073
9.6858 	EXP 	rot_line_precue: ori = 260.24069431838336
9.6946 	EXP 	rot_line_precue: ori = 260.63310670337415
9.7027 	EXP 	rot_line_precue: ori = 261.2936075440839
9.7107 	EXP 	rot_line_precue: ori = 261.7271774978255
9.7187 	EXP 	rot_line_precue: ori = 262.0480728249109
9.7277 	EXP 	rot_line_precue: ori = 262.3468179792849
9.7356 	EXP 	rot_line_precue: ori = 262.66162113751045
9.7439 	EXP 	rot_line_precue: ori = 263.06222215504346
9.7519 	EXP 	rot_line_precue: ori = 263.36461507837146
9.7607 	EXP 	rot_line_precue: ori = 263.67914992955195
9.7689 	EXP 	rot_line_precue: ori = 263.978950842519
9.7770 	EXP 	rot_line_precue: ori = 264.4945442601726
9.7859 	EXP 	rot_line_precue: ori = 264.88886028690985
9.7939 	EXP 	rot_line_precue: ori = 265.28452192618954
9.8029 	EXP 	rot_line_precue: ori = 265.63540148757835
9.8109 	EXP 	rot_line_precue: ori = 265.9403965996846
9.8190 	EXP 	rot_line_precue: ori = 266.2656907711872
9.8280 	EXP 	rot_line_precue: ori = 266.8136582778019
9.8360 	EXP 	rot_line_precue: ori = 267.2037555106617
9.8442 	EXP 	rot_line_precue: ori = 267.5255536720228
9.8530 	EXP 	rot_line_precue: ori = 267.8705741616805
9.8609 	EXP 	rot_line_precue: ori = 268.23498488114797
9.8691 	EXP 	rot_line_precue: ori = 268.56878563146574
9.8772 	EXP 	rot_line_precue: ori = 268.9139954963821
9.8861 	EXP 	rot_line_precue: ori = 269.2342314816893
9.8941 	EXP 	rot_line_precue: ori = 269.61030792902886
9.9022 	EXP 	rot_line_precue: ori = 270.2170001418688
9.9100 	EXP 	rot_line_precue: ori = 271.01091383972204
9.9190 	EXP 	rot_line_precue: ori = 271.33748894721174
9.9272 	EXP 	rot_line_precue: ori = 271.6781682749254
9.9353 	EXP 	rot_line_precue: ori = 272.0254096421011
9.9442 	EXP 	rot_line_precue: ori = 272.3485838956741
9.9524 	EXP 	rot_line_precue: ori = 272.6722491199562
9.9611 	EXP 	rot_line_precue: ori = 273.0184241865105
9.9692 	EXP 	rot_line_precue: ori = 273.385014138162
9.9773 	EXP 	rot_line_precue: ori = 273.75220253566295
9.9863 	EXP 	rot_line_precue: ori = 274.103362759264
9.9944 	EXP 	rot_line_precue: ori = 274.6926593206852
10.0025 	EXP 	rot_line_precue: ori = 275.4576497690665
10.0112 	EXP 	rot_line_precue: ori = 275.765441464789
10.0193 	EXP 	rot_line_precue: ori = 276.1545339983782
10.0274 	EXP 	rot_line_precue: ori = 276.56968548465096
10.0353 	EXP 	rot_line_precue: ori = 277.00489348933945
10.0442 	EXP 	rot_line_precue: ori = 277.3928394270346
10.0524 	EXP 	rot_line_precue: ori = 277.693815553364
10.0605 	EXP 	rot_line_precue: ori = 278.01940702939766
10.0684 	EXP 	rot_line_precue: ori = 278.6053181340713
10.0774 	EXP 	rot_line_precue: ori = 279.1488869266803
10.0854 	EXP 	rot_line_precue: ori = 279.5117860282222
10.0943 	EXP 	rot_line_precue: ori = 280.0114010618608
10.1024 	EXP 	rot_line_precue: ori = 280.51761262818763
10.1106 	EXP 	rot_line_precue: ori = 280.8415413627017
10.1200 	EXP 	rot_line_precue: ori = 281.14147529822867
10.1276 	EXP 	rot_line_precue: ori = 281.6366217089942
10.1356 	EXP 	rot_line_precue: ori = 281.94860047868593
10.1444 	EXP 	rot_line_precue: ori = 282.37524822606593
10.1527 	EXP 	rot_line_precue: ori = 282.6868115495881
10.1607 	EXP 	rot_line_precue: ori = 282.99283707489155
10.1697 	EXP 	rot_line_precue: ori = 283.4106694964218
10.1777 	EXP 	rot_line_precue: ori = 283.86342108314295
10.1856 	EXP 	rot_line_precue: ori = 284.19570566677993
10.1936 	EXP 	rot_line_precue: ori = 284.49227032752066
10.2027 	EXP 	rot_line_precue: ori = 284.8115054540975
10.2107 	EXP 	rot_line_precue: ori = 285.1304938431246
10.2188 	EXP 	rot_line_precue: ori = 285.5856831913649
10.2277 	EXP 	rot_line_precue: ori = 286.13722549639436
10.2357 	EXP 	rot_line_precue: ori = 286.44552294022503
10.2437 	EXP 	rot_line_precue: ori = 286.74606275702473
10.2518 	EXP 	rot_line_precue: ori = 287.07320227952397
10.2608 	EXP 	rot_line_precue: ori = 287.70170422690427
10.2690 	EXP 	rot_line_precue: ori = 288.40549488102005
10.2779 	EXP 	rot_line_precue: ori = 288.7100732736501
10.2860 	EXP 	rot_line_precue: ori = 289.0784698417974
10.2938 	EXP 	rot_line_precue: ori = 289.37392254566527
10.3029 	EXP 	rot_line_precue: ori = 289.71187702359543
10.3109 	EXP 	rot_line_precue: ori = 290.02213449263854
10.3190 	EXP 	rot_line_precue: ori = 290.3453828597386
10.3280 	EXP 	rot_line_precue: ori = 290.65985263784876
10.3360 	EXP 	rot_line_precue: ori = 291.20290705921917
10.3440 	EXP 	rot_line_precue: ori = 291.54092625828935
10.3521 	EXP 	rot_line_precue: ori = 291.844401709679
10.3609 	EXP 	rot_line_precue: ori = 292.64160205762613
10.3690 	EXP 	rot_line_precue: ori = 292.9369742249903
10.3770 	EXP 	rot_line_precue: ori = 293.2493855598879
10.3858 	EXP 	rot_line_precue: ori = 293.5698398414833
10.3940 	EXP 	rot_line_precue: ori = 293.92788845529503
10.4021 	EXP 	rot_line_precue: ori = 294.415443762718
10.4109 	EXP 	rot_line_precue: ori = 294.71942433124747
10.4194 	EXP 	rot_line_precue: ori = 295.0315861862057
10.4272 	EXP 	rot_line_precue: ori = 295.40844161860576
10.4363 	EXP 	rot_line_precue: ori = 295.70863766269326
10.4442 	EXP 	rot_line_precue: ori = 296.13247905889995
10.4524 	EXP 	rot_line_precue: ori = 296.4478338681008
10.4612 	EXP 	rot_line_precue: ori = 296.8082603444281
10.4693 	EXP 	rot_line_precue: ori = 297.1339019963061
10.4775 	EXP 	rot_line_precue: ori = 297.8132791439531
10.4863 	EXP 	rot_line_precue: ori = 298.30581882237936
10.4944 	EXP 	rot_line_precue: ori = 298.8366490986547
10.5024 	EXP 	rot_line_precue: ori = 299.50515151420774
10.5111 	EXP 	rot_line_precue: ori = 299.86115761523763
10.5193 	EXP 	rot_line_precue: ori = 300.3613596818025
10.5274 	EXP 	rot_line_precue: ori = 300.66832266860933
10.5362 	EXP 	rot_line_precue: ori = 301.1543479500972
10.5444 	EXP 	rot_line_precue: ori = 301.6532982522667
10.5524 	EXP 	rot_line_precue: ori = 302.1415360309268
10.5604 	EXP 	rot_line_precue: ori = 302.4385319149512
10.5692 	EXP 	rot_line_precue: ori = 302.91690826690575
10.5774 	EXP 	rot_line_precue: ori = 303.33536119408336
10.5855 	EXP 	rot_line_precue: ori = 303.79290089623976
10.5943 	EXP 	rot_line_precue: ori = 304.4322040561872
10.6025 	EXP 	rot_line_precue: ori = 304.80296502222467
10.6105 	EXP 	rot_line_precue: ori = 305.10480087116815
10.6195 	EXP 	rot_line_precue: ori = 305.46942612671455
10.6276 	EXP 	rot_line_precue: ori = 306.08268705893215
10.6356 	EXP 	rot_line_precue: ori = 306.38200984705304
10.6445 	EXP 	rot_line_precue: ori = 306.8881663648154
10.6527 	EXP 	rot_line_precue: ori = 307.2083712342357
10.6607 	EXP 	rot_line_precue: ori = 307.8621838303081
10.6695 	EXP 	rot_line_precue: ori = 308.1717609484581
10.6777 	EXP 	rot_line_precue: ori = 308.4874018830249
10.6856 	EXP 	rot_line_precue: ori = 308.78544388047106
10.6938 	EXP 	rot_line_precue: ori = 309.09151971551984
10.7025 	EXP 	rot_line_precue: ori = 309.78774549363334
10.7107 	EXP 	rot_line_precue: ori = 310.1784960721159
10.7187 	EXP 	rot_line_precue: ori = 310.5134404970111
10.7276 	EXP 	rot_line_precue: ori = 311.00736603282604
10.7357 	EXP 	rot_line_precue: ori = 311.49549215967517
10.7439 	EXP 	rot_line_precue: ori = 311.929515610474
10.7527 	EXP 	rot_line_precue: ori = 312.28331313509807
10.7534 	EXP 	Device response: <KeyPress from None: t=10.750345299995388, value=escape, duration=None>
10.7541 	DATA 	Keypress: escape
10.7608 	EXP 	rot_line_precue: ori = 312.7198283445014
10.7689 	EXP 	rot_line_precue: ori = 313.0446345732614
10.7768 	EXP 	rot_line_precue: ori = 313.36385495001736
10.7859 	EXP 	rot_line_precue: ori = 313.9738021232933
10.7941 	EXP 	rot_line_precue: ori = 314.37330172067294
10.8028 	EXP 	rot_line_precue: ori = 314.71149408606027
10.8109 	EXP 	rot_line_precue: ori = 315.0498271079077
10.8192 	EXP 	rot_line_precue: ori = 315.37918582448305
10.8200 	EXP 	Device response: <KeyPress from None: t=10.750345299995388, value=escape, duration=0.06739640000159852>
10.8200 	EXP 	bci_racingteam: status = STOPPED
10.8281 	EXP 	rot_line_precue: ori = 315.70632364320596
10.8281 	EXP 	hor_line_precue: autoDraw = False
10.8281 	EXP 	ver_line_precue: autoDraw = False
10.8281 	EXP 	rot_line_precue: autoDraw = False
10.8281 	EXP 	image: autoDraw = False
10.8282 	EXP 	bci_racingteam: status = STOPPED
