4.0877 	INFO 	Loaded monitor calibration from ['2025_05_09 18:17']
4.0937 	WARNING 	User requested fullscreen with size [1024  768], but screen is actually [2560, 1600]. Using actual size
4.2780 	INFO 	Using renderer 'AMD Radeon(TM) Graphics' for graphics
4.2780 	INFO 	OpenGL version supported by driver is 4..
4.4144 	EXP 	Created window1 = Window(allowGUI=False, allowStencil=False, autoLog=True, backendConf=UNKNOWN, backgroundFit=<method-wrapper '__getattribute__' of attributeSetter object at 0x00000297E8F7CC10>, backgroundImage=<method-wrapper '__getattribute__' of attributeSetter object at 0x00000297E8F7CBB0>, bitsMode=UNKNOWN, blendMode='avg', bpc=(8, 8, 8), color=array([0, 0, 0]), colorSpace='rgb', depthBits=8, fullscr=True, gamma=None, gammaErrorPolicy='raise', infoMsg=UNKNOWN, lms=UNKNOWN, monitor=<psychopy.monitors.calibTools.Monitor object at 0x00000297E9065BD0>, multiSample=False, name='window1', numSamples=2, pos=[np.float64(0.0), np.float64(0.0)], screen=0, size=array([2560, 1600]), stencilBits=0, stereo=False, title='PsychoPy', units='height', useFBO=True, useRetina=False, viewOri=0.0, viewPos=None, viewScale=None, waitBlanking=True, winType='pyglet')
4.4145 	EXP 	window1: backgroundImage = ''
4.4145 	EXP 	window1: backgroundFit = 'none'
4.9652 	EXP 	window1: Attempting to measure frame rate of screen (0) ...
4.9652 	EXP 	window1: recordFrameIntervals = False
5.1748 	EXP 	window1: recordFrameIntervals = True
6.1680 	EXP 	window1: recordFrameIntervals = False
6.1680 	EXP 	Screen (0) actual frame rate measured at 117.68Hz
6.3698 	INFO 	keyboard.Keyboard is using ptb backend.
6.3699 	EXP 	bci_circle: status = STARTED
6.4250 	EXP 	Created text_pre_block = TextStim(__class__=<class 'psychopy.visual.text.TextStim'>, alignHoriz=method-wrapper(...), alignText='center', alignVert=method-wrapper(...), anchorHoriz='center', anchorVert='center', antialias=True, autoDraw=False, autoLog=True, bold=False, color=array([1., 1., 1.]), colorSpace='rgb', contrast=1.0, depth=0.0, draggable=False, flipHoriz=False, flipVert=False, font='Arial', fontFiles=[], height=np.float64(0.05), italic=False, languageStyle='LTR', name='text_pre_block', opacity=1, ori=0.0, pos=array([0., 0.]), rgb=UNKNOWN, text='Press any key to start ...', units='height', win=Window(...), wrapWidth=1)
6.4264 	EXP 	Created text_wait_screen = TextStim(__class__=<class 'psychopy.visual.text.TextStim'>, alignHoriz=method-wrapper(...), alignText='center', alignVert=method-wrapper(...), anchorHoriz='center', anchorVert='center', antialias=True, autoDraw=False, autoLog=True, bold=False, color=array([1., 1., 1.]), colorSpace='rgb', contrast=1.0, depth=0.0, draggable=False, flipHoriz=False, flipVert=False, font='Arial', fontFiles=[], height=np.float64(0.05), italic=False, languageStyle='LTR', name='text_wait_screen', opacity=1, ori=0.0, pos=array([0., 0.]), rgb=UNKNOWN, text='', units='height', win=Window(...), wrapWidth=1)
6.4309 	EXP 	Created move_circle = ShapeStim(__class__=<class 'psychopy.visual.shape.ShapeStim'>, anchor=('center', 'center'), autoDraw=False, autoLog=True, closeShape=True, color=method-wrapper(...), colorSpace='rgb', contrast=None, depth=0.0, draggable=False, fillColor=array([0.9216, 0.9216, 0.9216]), fillColorSpace='rgb', fillRGB=array([0.9216, 0.9216, 0.9216]), interpolate=True, lineColor=array([1., 1., 1.]), lineColorSpace='rgb', lineRGB=array([1, 1, 1]), lineWidth=1.0, name='move_circle', opacity=1, ori=0.0, pos=array([0., 0.]), size=array([1., 1.]), units='height', vertices=ndarray(...), win=Window(...), windingRule=None)
6.4343 	EXP 	Created mi_circle = ShapeStim(__class__=<class 'psychopy.visual.shape.ShapeStim'>, anchor=('center', 'center'), autoDraw=False, autoLog=True, closeShape=True, color=method-wrapper(...), colorSpace='rgb', contrast=None, depth=-1.0, draggable=False, fillColor=array([0, 0, 0]), fillColorSpace='rgb', fillRGB=array([0, 0, 0]), interpolate=True, lineColor=array([ 0.0902, -1.    , -1.    ]), lineColorSpace='rgb', lineRGB=array([ 0.0902, -1.    , -1.    ]), lineWidth=8.0, name='mi_circle', opacity=1, ori=0.0, pos=array([0., 0.]), size=array([0.15, 0.15]), units='height', vertices=ndarray(...), win=Window(...), windingRule=None)
6.4395 	EXP 	Created image_mi = ImageStim(__class__=<class 'psychopy.visual.image.ImageStim'>, anchor=('center', 'center'), autoLog=True, color=array([1., 1., 1.]), colorSpace='rgb', contrast=1.0, depth=-3.0, draggable=False, flipHoriz=np.False_, flipVert=np.False_, image='default.png', interpolate=True, mask=None, maskParams=None, name='image_mi', opacity=1.0, ori=0.0, pos=array([0., 0.]), size=array([0.5, 0.5]), texRes=128.0, units='height', win=Window(...))
6.4494 	EXP 	Created text_run_break = TextStim(__class__=<class 'psychopy.visual.text.TextStim'>, alignHoriz=method-wrapper(...), alignText='center', alignVert=method-wrapper(...), anchorHoriz='center', anchorVert='center', antialias=True, autoDraw=False, autoLog=True, bold=False, color=array([1., 1., 1.]), colorSpace='rgb', contrast=1.0, depth=0.0, draggable=False, flipHoriz=False, flipVert=False, font='Arial', fontFiles=[], height=np.float64(0.05), italic=False, languageStyle='LTR', name='text_run_break', opacity=1, ori=0.0, pos=array([0., 0.]), rgb=UNKNOWN, text='Trial finished!', units='height', win=Window(...), wrapWidth=1)
6.4552 	EXP 	Created text_post_run = TextStim(__class__=<class 'psychopy.visual.text.TextStim'>, alignHoriz=method-wrapper(...), alignText='center', alignVert=method-wrapper(...), anchorHoriz='center', anchorVert='center', antialias=True, autoDraw=False, autoLog=True, bold=False, color=array([1., 1., 1.]), colorSpace='rgb', contrast=1.0, depth=0.0, draggable=False, flipHoriz=False, flipVert=False, font='Arial', fontFiles=[], height=np.float64(0.05), italic=False, languageStyle='LTR', name='text_post_run', opacity=1, ori=0.0, pos=array([0., 0.]), rgb=UNKNOWN, text='Run finished. Yupii!!', units='height', win=Window(...), wrapWidth=1)
0.0197 	INFO 	Keyboard events cleared
0.0196 	EXP 	text_pre_block: autoDraw = True
0.6547 	DATA 	Keypress: space
0.6668 	EXP 	Device response: <KeyPress from None: t=0.6541458999854513, value=space, duration=None>
0.6672 	EXP 	New trial (rep=0, index=0): <Trial 0 (0 in rep 0) data={'thisN': 0, 'thisTrialN': 0, 'thisRepN': 0}>
0.6736 	EXP 	text_pre_block: autoDraw = False
0.6736 	EXP 	text_wait_screen: autoDraw = True
0.7906 	EXP 	Device response: <KeyPress from None: t=0.6541458999854513, value=space, duration=0.13292620005086064>
3.6669 	EXP 	Imported classes.csv as conditions, 4 conditions, 2 params
3.6675 	EXP 	New trial (rep=0, index=0): <Trial 0 (0 in rep 0) data={'pic_name': 'pics/none.JPG', 'class_mi': 'rest', 'thisN': 0, 'thisTrialN': 0, 'thisRepN': 0}>
3.6776 	EXP 	text_wait_screen: autoDraw = False
3.6776 	EXP 	text_wait_screen: autoDraw = False
3.6776 	EXP 	image_mi: image = 'pics/none.JPG'
3.6776 	EXP 	move_circle: autoDraw = True
3.6776 	EXP 	mi_circle: autoDraw = True
3.6776 	EXP 	image_mi: autoDraw = True
8.1620 	EXP 	New trial (rep=0, index=1): <Trial 1 (1 in rep 0) data={'pic_name': 'pics/left_hand.JPG', 'class_mi': 'left_hand', 'thisN': 1, 'thisTrialN': 1, 'thisRepN': 0}>
8.1695 	EXP 	move_circle: autoDraw = False
8.1695 	EXP 	mi_circle: autoDraw = False
8.1695 	EXP 	image_mi: autoDraw = False
8.1695 	EXP 	move_circle: autoDraw = False
8.1695 	EXP 	mi_circle: autoDraw = False
8.1695 	EXP 	image_mi: autoDraw = False
8.1695 	EXP 	image_mi: image = 'pics/left_hand.JPG'
8.1695 	EXP 	move_circle: autoDraw = True
8.1695 	EXP 	mi_circle: autoDraw = True
8.1695 	EXP 	image_mi: autoDraw = True
12.6541 	EXP 	New trial (rep=1, index=2): <Trial 2 (2 in rep 1) data={'pic_name': 'pics/left_hand.JPG', 'class_mi': 'left_hand', 'thisN': 2, 'thisTrialN': 2, 'thisRepN': 1}>
12.6626 	EXP 	move_circle: autoDraw = False
12.6626 	EXP 	mi_circle: autoDraw = False
12.6626 	EXP 	image_mi: autoDraw = False
12.6626 	EXP 	move_circle: autoDraw = False
12.6626 	EXP 	mi_circle: autoDraw = False
12.6626 	EXP 	image_mi: autoDraw = False
12.6626 	EXP 	image_mi: image = 'pics/left_hand.JPG'
12.6626 	EXP 	move_circle: autoDraw = True
12.6626 	EXP 	mi_circle: autoDraw = True
12.6626 	EXP 	image_mi: autoDraw = True
17.1509 	EXP 	New trial (rep=1, index=3): <Trial 3 (3 in rep 1) data={'pic_name': 'pics/none.JPG', 'class_mi': 'rest', 'thisN': 3, 'thisTrialN': 3, 'thisRepN': 1}>
17.1596 	EXP 	move_circle: autoDraw = False
17.1596 	EXP 	mi_circle: autoDraw = False
17.1596 	EXP 	image_mi: autoDraw = False
17.1596 	EXP 	move_circle: autoDraw = False
17.1596 	EXP 	mi_circle: autoDraw = False
17.1596 	EXP 	image_mi: autoDraw = False
17.1596 	EXP 	image_mi: image = 'pics/none.JPG'
17.1596 	EXP 	move_circle: autoDraw = True
17.1596 	EXP 	mi_circle: autoDraw = True
17.1596 	EXP 	image_mi: autoDraw = True
21.6439 	EXP 	New trial (rep=2, index=4): <Trial 4 (4 in rep 2) data={'pic_name': 'pics/left_hand.JPG', 'class_mi': 'left_hand', 'thisN': 4, 'thisTrialN': 4, 'thisRepN': 2}>
21.6532 	EXP 	move_circle: autoDraw = False
21.6532 	EXP 	mi_circle: autoDraw = False
21.6532 	EXP 	image_mi: autoDraw = False
21.6532 	EXP 	move_circle: autoDraw = False
21.6532 	EXP 	mi_circle: autoDraw = False
21.6532 	EXP 	image_mi: autoDraw = False
21.6532 	EXP 	image_mi: image = 'pics/left_hand.JPG'
21.6532 	EXP 	move_circle: autoDraw = True
21.6532 	EXP 	mi_circle: autoDraw = True
21.6532 	EXP 	image_mi: autoDraw = True
26.1370 	EXP 	New trial (rep=0, index=5): <Trial 5 (5 in rep 0) data={'pic_name': 'pics/feet.JPG', 'class_mi': 'feet', 'thisN': 5, 'thisTrialN': 5, 'thisRepN': 0}>
26.1467 	EXP 	move_circle: autoDraw = False
26.1467 	EXP 	mi_circle: autoDraw = False
26.1467 	EXP 	image_mi: autoDraw = False
26.1467 	EXP 	move_circle: autoDraw = False
26.1467 	EXP 	mi_circle: autoDraw = False
26.1467 	EXP 	image_mi: autoDraw = False
26.1467 	EXP 	image_mi: image = 'pics/feet.JPG'
26.1467 	EXP 	move_circle: autoDraw = True
26.1467 	EXP 	mi_circle: autoDraw = True
26.1467 	EXP 	image_mi: autoDraw = True
27.9485 	DATA 	Keypress: escape
27.9560 	EXP 	Device response: <KeyPress from None: t=27.947648800036404, value=escape, duration=None>
27.9897 	EXP 	Device response: <KeyPress from None: t=27.947648800036404, value=escape, duration=0.037689499964471906>
27.9897 	EXP 	bci_circle: status = STOPPED
27.9972 	EXP 	move_circle: autoDraw = False
27.9972 	EXP 	mi_circle: autoDraw = False
27.9972 	EXP 	image_mi: autoDraw = False
27.9973 	EXP 	bci_circle: status = STOPPED
28.0050 	INFO 	saved data to 'D:\\STUDIUM\\TU\\Mirage91\\Brain-Computer Interface Conference\\Code\\data\\769804_bci_circle_2026-06-19_09h48.29.502.csv'
28.0062 	INFO 	saved data to D:\STUDIUM\TU\Mirage91\Brain-Computer Interface Conference\Code\data\769804_bci_circle_2026-06-19_09h48.29.502.psydat
28.1809 	WARNING 	Stopping key buffers but this could be dangerous ifother keyboards rely on the same.
