3.3745 	WARNING 	Requested an unavailable screen number - using first available.
3.3761 	WARNING 	User requested fullscreen with size [1920 1080], but screen is actually [1707, 1067]. Using actual size
3.6605 	EXP 	Created window1 = Window(allowGUI=False, allowStencil=False, autoLog=True, backendConf=UNKNOWN, backgroundFit=<method-wrapper '__getattribute__' of attributeSetter object at 0x000002133B2662C0>, backgroundImage=<method-wrapper '__getattribute__' of attributeSetter object at 0x000002133B266260>, bitsMode=UNKNOWN, blendMode='avg', bpc=(8, 8, 8), color=array([0, 0, 0]), colorSpace='rgb', depthBits=8, fullscr=True, gamma=None, gammaErrorPolicy='raise', infoMsg=UNKNOWN, lms=UNKNOWN, monitor=<psychopy.monitors.calibTools.Monitor object at 0x000002133B4A6FB0>, multiSample=False, name='window1', numSamples=2, pos=[np.float64(0.0), np.float64(0.0)], screen=1, size=array([1707, 1067]), stencilBits=0, stereo=False, title='PsychoPy', units='height', useFBO=True, useRetina=False, viewOri=0.0, viewPos=None, viewScale=None, waitBlanking=True, winType='pyglet')
3.6606 	EXP 	window1: backgroundImage = ''
3.6606 	EXP 	window1: backgroundFit = 'none'
4.1223 	EXP 	window1: Attempting to measure frame rate of screen (1) ...
4.1223 	EXP 	window1: recordFrameIntervals = False
4.2142 	EXP 	window1: recordFrameIntervals = True
5.0479 	EXP 	window1: recordFrameIntervals = False
5.0479 	EXP 	Screen (1) actual frame rate measured at 119.60Hz
8.1893 	EXP 	bci_racingteam: status = STARTED
8.3055 	EXP 	Created text_pre_block = TextStim(__class__=<class 'psychopy.visual.text.TextStim'>, alignHoriz=method-wrapper(...), alignText='center', alignVert=method-wrapper(...), anchorHoriz='center', anchorVert='center', antialias=True, autoDraw=False, autoLog=True, bold=False, color=array([1., 1., 1.]), colorSpace='rgb', contrast=1.0, depth=0.0, draggable=False, flipHoriz=False, flipVert=False, font='Open Sans', fontFiles=[], height=np.float64(0.05), italic=False, languageStyle='LTR', name='text_pre_block', opacity=1, ori=0.0, pos=array([0., 0.]), rgb=UNKNOWN, text='Press any key to start ...', units='height', win=Window(...), wrapWidth=1)
8.3077 	EXP 	Created text_2 = TextStim(__class__=<class 'psychopy.visual.text.TextStim'>, alignHoriz=method-wrapper(...), alignText='center', alignVert=method-wrapper(...), anchorHoriz='center', anchorVert='center', antialias=True, autoDraw=False, autoLog=True, bold=False, color=array([1., 1., 1.]), colorSpace='rgb', contrast=1.0, depth=0.0, draggable=False, flipHoriz=False, flipVert=False, font='Arial', fontFiles=[], height=np.float64(0.05), italic=False, languageStyle='LTR', name='text_2', opacity=1, ori=0.0, pos=array([0., 0.]), rgb=UNKNOWN, text='', units='height', win=Window(...), wrapWidth=1)
8.3114 	EXP 	Created hor_line_precue = Line(__class__=<class 'psychopy.visual.line.Line'>, anchor=('center', 'center'), autoDraw=False, autoLog=True, closeShape=False, color=array([1., 1., 1.]), colorSpace='rgb', contrast=None, depth=0.0, draggable=False, fillColor=array([1, 1, 1]), fillColorSpace='rgb', fillRGB=array([1, 1, 1]), interpolate=True, lineColor=array([1., 1., 1.]), lineColorSpace='rgb', lineRGB=array([1, 1, 1]), lineWidth=5.0, name='hor_line_precue', opacity=1, ori=-45.0, pos=array([0., 0.]), size=array([0.35, 0.35]), units='height', vertices=array([[-0.5, -0.5],
       [ 0.5,  0.5]]), win=Window(...), windingRule=None)
8.3128 	EXP 	Created ver_line_precue = Line(__class__=<class 'psychopy.visual.line.Line'>, anchor=('center', 'center'), autoDraw=False, autoLog=True, closeShape=False, color=array([1., 1., 1.]), colorSpace='rgb', contrast=None, depth=-1.0, draggable=False, fillColor=array([1, 1, 1]), fillColorSpace='rgb', fillRGB=array([1, 1, 1]), interpolate=True, lineColor=array([1., 1., 1.]), lineColorSpace='rgb', lineRGB=array([1, 1, 1]), lineWidth=5.0, name='ver_line_precue', opacity=1, ori=45.0, pos=array([0., 0.]), size=array([0.35, 0.35]), units='height', vertices=array([[-0.5, -0.5],
       [ 0.5,  0.5]]), win=Window(...), windingRule=None)
8.3141 	EXP 	Created rot_line_precue = Line(__class__=<class 'psychopy.visual.line.Line'>, anchor=('center', 'center'), autoDraw=False, autoLog=True, closeShape=False, color=array([1., 1., 1.]), colorSpace='rgb', contrast=None, depth=-2.0, draggable=False, fillColor=array([1, 1, 1]), fillColorSpace='rgb', fillRGB=array([1, 1, 1]), interpolate=True, lineColor=array([1., 1., 1.]), lineColorSpace='rgb', lineRGB=array([1, 1, 1]), lineWidth=5.0, name='rot_line_precue', opacity=1, ori=1.0, pos=array([0., 0.]), size=array([0.35, 0.35]), units='height', vertices=array([[-0.5, -0.5],
       [ 0.5,  0.5]]), win=Window(...), windingRule=None)
8.3168 	EXP 	Created point_left = ShapeStim(__class__=<class 'psychopy.visual.shape.ShapeStim'>, anchor=('center', 'center'), autoDraw=False, autoLog=True, closeShape=True, color=method-wrapper(...), colorSpace='rgb', contrast=None, depth=-4.0, draggable=False, fillColor=array([-1.    , -1.    ,  0.0902]), fillColorSpace='rgb', fillRGB=array([-1.    , -1.    ,  0.0902]), interpolate=True, lineColor=array([-1.    , -1.    ,  0.0902]), lineColorSpace='rgb', lineRGB=array([-1.    , -1.    ,  0.0902]), lineWidth=1.0, name='point_left', opacity=1, ori=0.0, pos=array([-0.25,  0.  ]), size=array([0.01, 0.01]), units='height', vertices=ndarray(...), win=Window(...), windingRule=None)
8.3234 	EXP 	Created text = TextStim(__class__=<class 'psychopy.visual.text.TextStim'>, alignHoriz=method-wrapper(...), alignText='center', alignVert=method-wrapper(...), anchorHoriz='center', anchorVert='center', antialias=True, autoDraw=False, autoLog=True, bold=False, color=array([1., 1., 1.]), colorSpace='rgb', contrast=1.0, depth=0.0, draggable=False, flipHoriz=False, flipVert=False, font='Arial', fontFiles=[], height=np.float64(0.05), italic=False, languageStyle='LTR', name='text', opacity=1, ori=0.0, pos=array([0., 0.]), rgb=UNKNOWN, text='Run Finished', units='height', win=Window(...), wrapWidth=1)
8.3291 	EXP 	Created text_post_run = TextStim(__class__=<class 'psychopy.visual.text.TextStim'>, alignHoriz=method-wrapper(...), alignText='center', alignVert=method-wrapper(...), anchorHoriz='center', anchorVert='center', antialias=True, autoDraw=False, autoLog=True, bold=False, color=array([1., 1., 1.]), colorSpace='rgb', contrast=1.0, depth=0.0, draggable=False, flipHoriz=False, flipVert=False, font='Open Sans', fontFiles=[], height=np.float64(0.05), italic=False, languageStyle='LTR', name='text_post_run', opacity=1, ori=0.0, pos=array([0., 0.]), rgb=UNKNOWN, text='Block Finished. Yuhu!', units='height', win=Window(...), wrapWidth=1)
0.0034 	EXP 	rot_line_precue: ori = 0
0.0075 	EXP 	text_pre_block: autoDraw = True
0.2830 	EXP 	Device response: <KeyPress from None: t=0.26924610000423854, value=space, duration=None>
0.2840 	EXP 	New trial (rep=0, index=0): <Trial 0 (0 in rep 0) data={'thisN': 0, 'thisTrialN': 0, 'thisRepN': 0}>
0.2859 	DATA 	Keypress: space
0.2887 	EXP 	text_pre_block: autoDraw = False
0.2887 	EXP 	text_2: autoDraw = True
0.3441 	EXP 	Device response: <KeyPress from None: t=0.26924610000423854, value=space, duration=0.0696717999962857>
3.2855 	EXP 	Imported classes.csv as conditions, 3 conditions, 2 params
3.2859 	EXP 	New trial (rep=0, index=0): <Trial 0 (0 in rep 0) data={'pic_name': 'pics/none.JPG', 'class_mi': 'rest', 'thisN': 0, 'thisTrialN': 0, 'thisRepN': 0}>
3.2910 	EXP 	text_2: autoDraw = False
3.2910 	EXP 	text_2: autoDraw = False
3.2910 	EXP 	hor_line_precue: autoDraw = True
3.2910 	EXP 	ver_line_precue: autoDraw = True
3.2910 	EXP 	rot_line_precue: autoDraw = True
3.2910 	EXP 	rot_line_precue: ori = np.float64(0.2973556481307451)
3.2910 	EXP 	point_left: autoDraw = True
3.2954 	EXP 	rot_line_precue: ori = np.float64(0.6734251692724202)
3.3017 	EXP 	rot_line_precue: ori = np.float64(1.0114756608927609)
3.3103 	EXP 	rot_line_precue: ori = np.float64(1.4300595671752667)
3.3187 	EXP 	rot_line_precue: ori = np.float64(1.896973258385573)
3.3269 	EXP 	rot_line_precue: ori = np.float64(2.233303075653168)
3.3354 	EXP 	rot_line_precue: ori = np.float64(2.5350215266163105)
3.3436 	EXP 	rot_line_precue: ori = np.float64(2.8887365273533563)
3.3519 	EXP 	rot_line_precue: ori = np.float64(3.2401843962253714)
3.3601 	EXP 	rot_line_precue: ori = np.float64(3.8740848832464554)
3.3688 	EXP 	rot_line_precue: ori = np.float64(4.552911094110964)
3.3770 	EXP 	rot_line_precue: ori = np.float64(4.971368275526171)
3.3855 	EXP 	rot_line_precue: ori = np.float64(5.268502234458646)
3.3943 	EXP 	rot_line_precue: ori = np.float64(5.822702519326999)
3.4019 	EXP 	rot_line_precue: ori = np.float64(6.140869624924886)
3.4101 	EXP 	rot_line_precue: ori = np.float64(6.523315567122189)
3.4187 	EXP 	rot_line_precue: ori = np.float64(6.8368114785697385)
3.4270 	EXP 	rot_line_precue: ori = np.float64(7.170277563951358)
3.4351 	EXP 	rot_line_precue: ori = np.float64(7.6470726276727445)
3.4437 	EXP 	rot_line_precue: ori = np.float64(8.109234864079966)
3.4521 	EXP 	rot_line_precue: ori = np.float64(8.77663274684127)
3.4606 	EXP 	rot_line_precue: ori = np.float64(9.37141573031491)
3.4694 	EXP 	rot_line_precue: ori = np.float64(9.727735887614054)
3.4769 	EXP 	rot_line_precue: ori = np.float64(10.058629206213386)
3.4852 	EXP 	rot_line_precue: ori = np.float64(10.46092226007574)
3.4938 	EXP 	rot_line_precue: ori = np.float64(10.799883407816779)
3.5020 	EXP 	rot_line_precue: ori = np.float64(11.102002761910791)
3.5102 	EXP 	rot_line_precue: ori = np.float64(11.446254551622578)
3.5186 	EXP 	rot_line_precue: ori = np.float64(11.761494854277963)
3.5269 	EXP 	rot_line_precue: ori = np.float64(12.136934797815824)
3.5354 	EXP 	rot_line_precue: ori = np.float64(12.511311430539418)
3.5439 	EXP 	rot_line_precue: ori = np.float64(12.807600782805505)
3.5523 	EXP 	rot_line_precue: ori = np.float64(13.127685238506354)
3.5608 	EXP 	rot_line_precue: ori = np.float64(13.560507733046771)
3.5690 	EXP 	rot_line_precue: ori = np.float64(14.156127480572405)
3.5771 	EXP 	rot_line_precue: ori = np.float64(14.691254617788543)
3.5853 	EXP 	rot_line_precue: ori = np.float64(15.083897441771851)
3.5939 	EXP 	rot_line_precue: ori = np.float64(15.417344456017476)
3.6020 	EXP 	rot_line_precue: ori = np.float64(15.7821890479864)
3.6102 	EXP 	rot_line_precue: ori = np.float64(16.372057525114897)
3.6188 	EXP 	rot_line_precue: ori = np.float64(16.669478279305807)
3.6273 	EXP 	rot_line_precue: ori = np.float64(17.004268561121485)
3.6354 	EXP 	rot_line_precue: ori = np.float64(17.559817926421683)
3.6439 	EXP 	rot_line_precue: ori = np.float64(18.078953411015902)
3.6520 	EXP 	rot_line_precue: ori = np.float64(18.506799986012947)
3.6603 	EXP 	rot_line_precue: ori = np.float64(18.818204573267806)
3.6685 	EXP 	rot_line_precue: ori = np.float64(19.305099070228433)
3.6770 	EXP 	rot_line_precue: ori = np.float64(19.620741333679444)
3.6852 	EXP 	rot_line_precue: ori = np.float64(19.9967140397548)
3.6934 	EXP 	rot_line_precue: ori = np.float64(20.523377922749244)
3.7017 	EXP 	rot_line_precue: ori = np.float64(21.013667699189995)
3.7104 	EXP 	rot_line_precue: ori = np.float64(21.603743747098783)
3.7185 	EXP 	rot_line_precue: ori = np.float64(21.959477175531646)
3.7271 	EXP 	rot_line_precue: ori = np.float64(22.494557356626323)
3.7355 	EXP 	rot_line_precue: ori = np.float64(22.816997157417116)
3.7441 	EXP 	rot_line_precue: ori = np.float64(23.130785616179022)
3.7521 	EXP 	rot_line_precue: ori = np.float64(23.556133564955548)
3.7603 	EXP 	rot_line_precue: ori = np.float64(24.030058565439372)
3.7685 	EXP 	rot_line_precue: ori = np.float64(24.47789112314034)
3.7768 	EXP 	rot_line_precue: ori = np.float64(24.81281886862902)
3.7854 	EXP 	rot_line_precue: ori = np.float64(25.17037477738029)
3.7945 	EXP 	rot_line_precue: ori = np.float64(25.723000497570943)
3.8022 	EXP 	rot_line_precue: ori = np.float64(26.074119990373696)
3.8106 	EXP 	rot_line_precue: ori = np.float64(26.706550079832592)
3.8186 	EXP 	rot_line_precue: ori = np.float64(27.07086844805002)
3.8269 	EXP 	rot_line_precue: ori = np.float64(27.48583456289941)
3.8353 	EXP 	rot_line_precue: ori = np.float64(27.80486649470548)
3.8436 	EXP 	rot_line_precue: ori = np.float64(28.256263753913466)
3.8518 	EXP 	rot_line_precue: ori = np.float64(28.59604307377645)
3.8604 	EXP 	rot_line_precue: ori = np.float64(29.18512600261486)
3.8685 	EXP 	rot_line_precue: ori = np.float64(29.49983775833661)
3.8768 	EXP 	rot_line_precue: ori = np.float64(29.965556391534474)
3.8855 	EXP 	rot_line_precue: ori = np.float64(30.380401392302915)
3.8938 	EXP 	rot_line_precue: ori = np.float64(30.74732280021189)
3.9020 	EXP 	rot_line_precue: ori = np.float64(31.061197091291792)
3.9106 	EXP 	rot_line_precue: ori = np.float64(31.41430746618815)
3.9187 	EXP 	rot_line_precue: ori = np.float64(31.936002008992805)
3.9270 	EXP 	rot_line_precue: ori = np.float64(32.308633760895404)
3.9355 	EXP 	rot_line_precue: ori = np.float64(32.74751990737245)
3.9437 	EXP 	rot_line_precue: ori = np.float64(33.0734370171551)
3.9520 	EXP 	rot_line_precue: ori = np.float64(33.819117725020604)
3.9605 	EXP 	rot_line_precue: ori = np.float64(34.17508001351572)
3.9688 	EXP 	rot_line_precue: ori = np.float64(34.6284704599795)
3.9773 	EXP 	rot_line_precue: ori = np.float64(34.97534321574527)
3.9858 	EXP 	rot_line_precue: ori = np.float64(35.353851182556575)
3.9938 	EXP 	rot_line_precue: ori = np.float64(35.730995431331955)
4.0020 	EXP 	rot_line_precue: ori = np.float64(36.15606645882842)
4.0102 	EXP 	rot_line_precue: ori = np.float64(36.68424852473274)
4.0188 	EXP 	rot_line_precue: ori = np.float64(37.09199636851478)
4.0270 	EXP 	rot_line_precue: ori = np.float64(37.41792089497246)
4.0352 	EXP 	rot_line_precue: ori = np.float64(37.80663745544501)
4.0435 	EXP 	rot_line_precue: ori = np.float64(38.120433710449994)
4.0521 	EXP 	rot_line_precue: ori = np.float64(38.538396368160974)
4.0607 	EXP 	rot_line_precue: ori = np.float64(38.835438430067626)
4.0689 	EXP 	rot_line_precue: ori = np.float64(39.171285102725)
4.0772 	EXP 	rot_line_precue: ori = np.float64(39.60406928639538)
4.0853 	EXP 	rot_line_precue: ori = np.float64(39.97695376260619)
4.0934 	EXP 	rot_line_precue: ori = np.float64(40.36081793242719)
4.1021 	EXP 	rot_line_precue: ori = np.float64(40.69204658816266)
4.1103 	EXP 	rot_line_precue: ori = np.float64(41.05081135201298)
4.1186 	EXP 	rot_line_precue: ori = np.float64(41.37735427263078)
4.1270 	EXP 	rot_line_precue: ori = np.float64(41.782910278971414)
4.1354 	EXP 	rot_line_precue: ori = np.float64(42.160448050865725)
4.1440 	EXP 	rot_line_precue: ori = np.float64(42.54097582089982)
4.1522 	EXP 	rot_line_precue: ori = np.float64(42.83900657854525)
4.1604 	EXP 	rot_line_precue: ori = np.float64(43.30673973022233)
4.1685 	EXP 	rot_line_precue: ori = np.float64(43.70537482786876)
4.1771 	EXP 	rot_line_precue: ori = np.float64(44.019495125896974)
4.1854 	EXP 	rot_line_precue: ori = np.float64(44.39838971867918)
4.1935 	EXP 	rot_line_precue: ori = np.float64(44.731315082082624)
4.2018 	EXP 	rot_line_precue: ori = np.float64(45.02876413205379)
4.2103 	EXP 	rot_line_precue: ori = np.float64(45.32620873864771)
4.2186 	EXP 	rot_line_precue: ori = np.float64(45.674079375691235)
4.2272 	EXP 	rot_line_precue: ori = np.float64(46.17608573683852)
4.2355 	EXP 	rot_line_precue: ori = np.float64(46.7675584658897)
4.2437 	EXP 	rot_line_precue: ori = np.float64(47.11724893158732)
4.2522 	EXP 	rot_line_precue: ori = np.float64(47.57462280753489)
4.2602 	EXP 	rot_line_precue: ori = np.float64(47.917232801034814)
4.2685 	EXP 	rot_line_precue: ori = np.float64(48.29086728195166)
4.2768 	EXP 	rot_line_precue: ori = np.float64(49.00008308872117)
4.2855 	EXP 	rot_line_precue: ori = np.float64(49.35826746644325)
4.2936 	EXP 	rot_line_precue: ori = np.float64(49.68883655331206)
4.3018 	EXP 	rot_line_precue: ori = np.float64(49.99344906880832)
4.3104 	EXP 	rot_line_precue: ori = np.float64(50.30928133491291)
4.3188 	EXP 	rot_line_precue: ori = np.float64(50.61151267983019)
4.3272 	EXP 	rot_line_precue: ori = np.float64(51.07557204321896)
4.3361 	EXP 	rot_line_precue: ori = np.float64(51.567845523681406)
4.3436 	EXP 	rot_line_precue: ori = np.float64(51.97062365967787)
4.3519 	EXP 	rot_line_precue: ori = np.float64(52.32123887730297)
4.3604 	EXP 	rot_line_precue: ori = np.float64(52.617981227296134)
4.3685 	EXP 	rot_line_precue: ori = np.float64(52.92988335313871)
4.3767 	EXP 	rot_line_precue: ori = np.float64(53.25526882383307)
4.3851 	EXP 	rot_line_precue: ori = np.float64(53.57202804069944)
4.3937 	EXP 	rot_line_precue: ori = np.float64(54.19314846005227)
4.4020 	EXP 	rot_line_precue: ori = np.float64(54.581060147325175)
4.4106 	EXP 	rot_line_precue: ori = np.float64(54.883123998223574)
4.4188 	EXP 	rot_line_precue: ori = np.float64(55.4496816156976)
4.4269 	EXP 	rot_line_precue: ori = np.float64(55.91673681890363)
4.4354 	EXP 	rot_line_precue: ori = np.float64(56.26477293642049)
4.4437 	EXP 	rot_line_precue: ori = np.float64(56.67994060601967)
4.4520 	EXP 	rot_line_precue: ori = np.float64(56.99665751986495)
4.4601 	EXP 	rot_line_precue: ori = np.float64(57.39915081280763)
4.4686 	EXP 	rot_line_precue: ori = np.float64(57.74804181069094)
4.4771 	EXP 	rot_line_precue: ori = np.float64(58.12493828039907)
4.4856 	EXP 	rot_line_precue: ori = np.float64(58.60286803814003)
4.4939 	EXP 	rot_line_precue: ori = np.float64(59.318998714682934)
4.5021 	EXP 	rot_line_precue: ori = np.float64(59.66209907775106)
4.5102 	EXP 	rot_line_precue: ori = np.float64(59.96282879692202)
4.5187 	EXP 	rot_line_precue: ori = np.float64(60.404033315780076)
4.5270 	EXP 	rot_line_precue: ori = np.float64(60.75551978410616)
4.5353 	EXP 	rot_line_precue: ori = np.float64(61.22617342501613)
4.5437 	EXP 	rot_line_precue: ori = np.float64(61.78794901322375)
4.5521 	EXP 	rot_line_precue: ori = np.float64(62.21529122657294)
4.5601 	EXP 	rot_line_precue: ori = np.float64(62.655272787349)
4.5688 	EXP 	rot_line_precue: ori = np.float64(62.976493936856286)
4.5771 	EXP 	rot_line_precue: ori = np.float64(63.3415180192375)
4.5854 	EXP 	rot_line_precue: ori = np.float64(63.69443438370275)
4.5939 	EXP 	rot_line_precue: ori = np.float64(64.01888219688688)
4.6020 	EXP 	rot_line_precue: ori = np.float64(64.34147153608924)
4.6105 	EXP 	rot_line_precue: ori = np.float64(64.69403351296398)
4.6188 	EXP 	rot_line_precue: ori = np.float64(65.06783343923405)
4.6271 	EXP 	rot_line_precue: ori = np.float64(65.40804345030399)
4.6352 	EXP 	rot_line_precue: ori = np.float64(65.89109880861268)
4.6439 	EXP 	rot_line_precue: ori = np.float64(66.33801889628717)
4.6522 	EXP 	rot_line_precue: ori = np.float64(66.77295519715344)
4.6602 	EXP 	rot_line_precue: ori = np.float64(67.16299871054635)
4.6689 	EXP 	rot_line_precue: ori = np.float64(67.52251484795696)
4.6773 	EXP 	rot_line_precue: ori = np.float64(67.92706360984849)
4.6853 	EXP 	rot_line_precue: ori = np.float64(68.22365674315836)
4.6935 	EXP 	rot_line_precue: ori = np.float64(68.62622174920241)
4.7020 	EXP 	rot_line_precue: ori = np.float64(69.02106949891528)
4.7103 	EXP 	rot_line_precue: ori = np.float64(69.33735871717629)
4.7185 	EXP 	rot_line_precue: ori = np.float64(70.11516539018157)
4.7270 	EXP 	rot_line_precue: ori = np.float64(70.58146093891268)
4.7352 	EXP 	rot_line_precue: ori = np.float64(71.02549704036485)
4.7436 	EXP 	rot_line_precue: ori = np.float64(71.34471045244156)
4.7523 	EXP 	rot_line_precue: ori = np.float64(71.69080346704128)
4.7606 	EXP 	rot_line_precue: ori = np.float64(71.99520945101433)
4.7686 	EXP 	rot_line_precue: ori = np.float64(72.2983200281867)
4.7772 	EXP 	rot_line_precue: ori = np.float64(72.62548268560427)
4.7852 	EXP 	rot_line_precue: ori = np.float64(73.06640128703147)
4.7935 	EXP 	rot_line_precue: ori = np.float64(73.73526584670485)
4.8022 	EXP 	rot_line_precue: ori = np.float64(74.03934899975187)
4.8103 	EXP 	rot_line_precue: ori = np.float64(74.55826774486611)
4.8186 	EXP 	rot_line_precue: ori = np.float64(74.93071122134896)
4.8272 	EXP 	rot_line_precue: ori = np.float64(75.26520325597116)
4.8356 	EXP 	rot_line_precue: ori = np.float64(75.58858197194523)
4.8438 	EXP 	rot_line_precue: ori = np.float64(76.04062761488413)
4.8523 	EXP 	rot_line_precue: ori = np.float64(76.57583147495316)
4.8605 	EXP 	rot_line_precue: ori = np.float64(77.36006370575728)
4.8685 	EXP 	rot_line_precue: ori = np.float64(77.6857368366554)
4.8768 	EXP 	rot_line_precue: ori = np.float64(78.0977504099025)
4.8854 	EXP 	rot_line_precue: ori = np.float64(78.55381663894107)
4.8936 	EXP 	rot_line_precue: ori = np.float64(78.9457925510161)
4.9018 	EXP 	rot_line_precue: ori = np.float64(79.34058911732326)
4.9105 	EXP 	rot_line_precue: ori = np.float64(79.85581619543595)
4.9188 	EXP 	rot_line_precue: ori = np.float64(80.35881611570265)
4.9276 	EXP 	rot_line_precue: ori = np.float64(80.72136553422243)
4.9356 	EXP 	rot_line_precue: ori = np.float64(81.01898404516778)
4.9436 	EXP 	rot_line_precue: ori = np.float64(81.54603265697524)
4.9520 	EXP 	rot_line_precue: ori = np.float64(81.9603176983381)
4.9606 	EXP 	rot_line_precue: ori = np.float64(82.38398432082846)
4.9688 	EXP 	rot_line_precue: ori = np.float64(82.68740058552497)
4.9770 	EXP 	rot_line_precue: ori = np.float64(83.04790099980974)
4.9852 	EXP 	rot_line_precue: ori = np.float64(83.4231322526689)
4.9938 	EXP 	rot_line_precue: ori = np.float64(83.76616393178357)
5.0022 	EXP 	rot_line_precue: ori = np.float64(84.14371801832077)
5.0106 	EXP 	rot_line_precue: ori = np.float64(84.45739609024345)
5.0199 	EXP 	rot_line_precue: ori = np.float64(84.75604638134173)
5.0270 	EXP 	rot_line_precue: ori = np.float64(85.12975340882814)
5.0354 	EXP 	rot_line_precue: ori = np.float64(85.429569715623)
5.0440 	EXP 	rot_line_precue: ori = np.float64(85.82997881212157)
5.0521 	EXP 	rot_line_precue: ori = np.float64(86.22934838985213)
5.0602 	EXP 	rot_line_precue: ori = np.float64(86.65865530357277)
5.0687 	EXP 	rot_line_precue: ori = np.float64(87.00234290683694)
5.0769 	EXP 	rot_line_precue: ori = np.float64(87.64408343589614)
5.0853 	EXP 	rot_line_precue: ori = np.float64(88.06072075299436)
5.0942 	EXP 	rot_line_precue: ori = np.float64(88.38897534703891)
5.1021 	EXP 	rot_line_precue: ori = np.float64(88.79127129231408)
5.1108 	EXP 	rot_line_precue: ori = np.float64(89.1855206672234)
5.1188 	EXP 	rot_line_precue: ori = np.float64(89.53303682254419)
5.1278 	EXP 	rot_line_precue: ori = np.float64(89.85330954424293)
5.1353 	EXP 	rot_line_precue: ori = np.float64(90.17812427269928)
5.1434 	EXP 	rot_line_precue: ori = np.float64(90.49687192049116)
5.1520 	EXP 	rot_line_precue: ori = np.float64(91.00329910526041)
5.1602 	EXP 	rot_line_precue: ori = np.float64(91.31507817251003)
5.1684 	EXP 	rot_line_precue: ori = np.float64(91.65307990315725)
5.1773 	EXP 	rot_line_precue: ori = np.float64(92.41962783467835)
5.1855 	EXP 	rot_line_precue: ori = np.float64(93.14338671038054)
5.1942 	EXP 	rot_line_precue: ori = np.float64(93.86769228926491)
5.2023 	EXP 	rot_line_precue: ori = np.float64(94.34456193900695)
5.2104 	EXP 	rot_line_precue: ori = np.float64(94.64172481925839)
5.2185 	EXP 	rot_line_precue: ori = np.float64(95.02244886894822)
5.2275 	EXP 	rot_line_precue: ori = np.float64(95.38072992275961)
5.2354 	EXP 	rot_line_precue: ori = np.float64(95.70512535931725)
5.2435 	EXP 	rot_line_precue: ori = np.float64(96.02046424158594)
5.2529 	EXP 	rot_line_precue: ori = np.float64(96.38529397258958)
5.2604 	EXP 	rot_line_precue: ori = np.float64(96.8275988811113)
5.2691 	EXP 	rot_line_precue: ori = np.float64(97.13894682301942)
5.2774 	EXP 	rot_line_precue: ori = np.float64(97.44686704492085)
5.2784 	EXP 	New trial (rep=0, index=1): <Trial 1 (1 in rep 0) data={'pic_name': 'pics/left_hand.JPG', 'class_mi': 'left_hand', 'thisN': 1, 'thisTrialN': 1, 'thisRepN': 0}>
5.2853 	EXP 	hor_line_precue: autoDraw = False
5.2853 	EXP 	ver_line_precue: autoDraw = False
5.2853 	EXP 	rot_line_precue: autoDraw = False
5.2853 	EXP 	rot_line_precue: ori = np.float64(98.03872196281746)
5.2853 	EXP 	point_left: autoDraw = False
5.2853 	EXP 	hor_line_precue: autoDraw = False
5.2853 	EXP 	ver_line_precue: autoDraw = False
5.2853 	EXP 	rot_line_precue: autoDraw = False
5.2853 	EXP 	point_left: autoDraw = False
5.2853 	EXP 	hor_line_precue: autoDraw = True
5.2853 	EXP 	ver_line_precue: autoDraw = True
5.2853 	EXP 	rot_line_precue: autoDraw = True
5.2853 	EXP 	rot_line_precue: ori = np.float64(98.36723906276232)
5.2853 	EXP 	point_left: autoDraw = True
5.2935 	EXP 	rot_line_precue: ori = np.float64(98.73020192256028)
5.3023 	EXP 	rot_line_precue: ori = np.float64(99.11317869917318)
5.3103 	EXP 	rot_line_precue: ori = np.float64(99.49288473850152)
5.3187 	EXP 	rot_line_precue: ori = np.float64(99.93823462895257)
5.3268 	EXP 	rot_line_precue: ori = np.float64(100.23383270264965)
5.3353 	EXP 	rot_line_precue: ori = np.float64(100.60687806491798)
5.3435 	EXP 	rot_line_precue: ori = np.float64(100.95878938903434)
5.3523 	EXP 	rot_line_precue: ori = np.float64(101.32266796962702)
5.3607 	EXP 	rot_line_precue: ori = np.float64(101.625575037966)
5.3688 	EXP 	rot_line_precue: ori = np.float64(102.04479076079663)
5.3775 	EXP 	rot_line_precue: ori = np.float64(102.45524709592647)
5.3855 	EXP 	rot_line_precue: ori = np.float64(102.77822469775231)
5.3937 	EXP 	rot_line_precue: ori = np.float64(103.16951906721019)
5.4019 	EXP 	rot_line_precue: ori = np.float64(103.46612969500991)
5.4104 	EXP 	rot_line_precue: ori = np.float64(103.76955415741298)
5.4185 	EXP 	rot_line_precue: ori = np.float64(104.33921891122652)
5.4269 	EXP 	rot_line_precue: ori = np.float64(104.7118400312076)
5.4355 	EXP 	rot_line_precue: ori = np.float64(105.09073885986646)
5.4439 	EXP 	rot_line_precue: ori = np.float64(105.48318730110066)
5.4525 	EXP 	rot_line_precue: ori = np.float64(105.9912776968588)
5.4605 	EXP 	rot_line_precue: ori = np.float64(106.30381668461152)
5.4687 	EXP 	rot_line_precue: ori = np.float64(106.65123199384699)
5.4769 	EXP 	rot_line_precue: ori = np.float64(107.29693495781149)
5.4851 	EXP 	rot_line_precue: ori = np.float64(107.61790468899646)
5.4937 	EXP 	rot_line_precue: ori = np.float64(107.92200391051533)
5.5019 	EXP 	rot_line_precue: ori = np.float64(108.50689498236335)
5.5101 	EXP 	rot_line_precue: ori = np.float64(108.82481415997557)
5.5189 	EXP 	rot_line_precue: ori = np.float64(109.12015361101061)
5.5277 	EXP 	rot_line_precue: ori = np.float64(109.55032301453835)
5.5358 	EXP 	rot_line_precue: ori = np.float64(110.1848814120393)
5.5438 	EXP 	rot_line_precue: ori = np.float64(110.75796963975647)
5.5523 	EXP 	rot_line_precue: ori = np.float64(111.24728893348642)
5.5603 	EXP 	rot_line_precue: ori = np.float64(111.70392978867416)
5.5687 	EXP 	rot_line_precue: ori = np.float64(112.13375803187532)
5.5771 	EXP 	rot_line_precue: ori = np.float64(112.47503587989051)
5.5852 	EXP 	rot_line_precue: ori = np.float64(112.79335463724853)
5.5936 	EXP 	rot_line_precue: ori = np.float64(113.09789986738355)
5.6025 	EXP 	rot_line_precue: ori = np.float64(113.40631572072623)
5.6108 	EXP 	rot_line_precue: ori = np.float64(113.71599704193154)
5.6193 	EXP 	rot_line_precue: ori = np.float64(114.14949442132387)
5.6272 	EXP 	rot_line_precue: ori = np.float64(114.45443979347007)
5.6352 	EXP 	rot_line_precue: ori = np.float64(114.82609938722834)
5.6439 	EXP 	rot_line_precue: ori = np.float64(115.3642808212298)
5.6520 	EXP 	rot_line_precue: ori = np.float64(115.76436503070256)
5.6602 	EXP 	rot_line_precue: ori = np.float64(116.07281645816104)
5.6684 	EXP 	rot_line_precue: ori = np.float64(116.71733242781964)
5.6770 	EXP 	rot_line_precue: ori = np.float64(117.03381647941563)
5.6852 	EXP 	rot_line_precue: ori = np.float64(117.37151844471244)
5.6938 	EXP 	rot_line_precue: ori = np.float64(117.69820512417354)
5.7023 	EXP 	rot_line_precue: ori = np.float64(118.1890971072288)
5.7104 	EXP 	rot_line_precue: ori = np.float64(118.53397915793975)
5.7190 	EXP 	rot_line_precue: ori = np.float64(118.89347124016996)
5.7270 	EXP 	rot_line_precue: ori = np.float64(119.29892519138832)
5.7353 	EXP 	rot_line_precue: ori = np.float64(119.62635533654289)
5.7435 	EXP 	rot_line_precue: ori = np.float64(119.94232224425548)
5.7520 	EXP 	rot_line_precue: ori = np.float64(120.25628728236036)
5.7603 	EXP 	rot_line_precue: ori = np.float64(120.56763180174818)
5.7685 	EXP 	rot_line_precue: ori = np.float64(120.88695991580452)
5.7772 	EXP 	rot_line_precue: ori = np.float64(121.21358254958672)
5.7855 	EXP 	rot_line_precue: ori = np.float64(121.60881164380014)
5.7940 	EXP 	rot_line_precue: ori = np.float64(122.11861318069414)
5.8024 	EXP 	rot_line_precue: ori = np.float64(122.90558807538783)
5.8104 	EXP 	rot_line_precue: ori = np.float64(123.29929855337464)
5.8186 	EXP 	rot_line_precue: ori = np.float64(123.64152688025358)
5.8268 	EXP 	rot_line_precue: ori = np.float64(124.20729960324523)
5.8354 	EXP 	rot_line_precue: ori = np.float64(124.57222444236908)
5.8435 	EXP 	rot_line_precue: ori = np.float64(124.91354692347355)
5.8518 	EXP 	rot_line_precue: ori = np.float64(125.70474235249961)
5.8603 	EXP 	rot_line_precue: ori = np.float64(126.01729018352732)
5.8699 	EXP 	rot_line_precue: ori = np.float64(126.34684021199415)
5.8789 	EXP 	rot_line_precue: ori = np.float64(126.66058182076746)
5.8867 	EXP 	rot_line_precue: ori = np.float64(127.02653139442491)
5.8936 	EXP 	rot_line_precue: ori = np.float64(127.40504355437177)
5.9024 	EXP 	rot_line_precue: ori = np.float64(127.88228439845402)
5.9111 	EXP 	rot_line_precue: ori = np.float64(128.2314365021061)
5.9190 	EXP 	rot_line_precue: ori = np.float64(128.56416787092513)
5.9270 	EXP 	rot_line_precue: ori = np.float64(129.04735129549195)
5.9355 	EXP 	rot_line_precue: ori = np.float64(129.4116464423742)
5.9438 	EXP 	rot_line_precue: ori = np.float64(129.74745930192967)
5.9524 	EXP 	rot_line_precue: ori = np.float64(130.0696550304231)
5.9607 	EXP 	rot_line_precue: ori = np.float64(130.42663297156165)
5.9688 	EXP 	rot_line_precue: ori = np.float64(130.83220351964155)
5.9769 	EXP 	rot_line_precue: ori = np.float64(131.13436181835664)
5.9854 	EXP 	rot_line_precue: ori = np.float64(131.47500914424361)
5.9944 	EXP 	rot_line_precue: ori = np.float64(132.09950305488996)
6.0020 	EXP 	rot_line_precue: ori = np.float64(132.86674895412594)
6.0103 	EXP 	rot_line_precue: ori = np.float64(133.173687138676)
6.0187 	EXP 	rot_line_precue: ori = np.float64(133.47287546058092)
6.0269 	EXP 	rot_line_precue: ori = np.float64(133.85845300617078)
6.0361 	EXP 	rot_line_precue: ori = np.float64(134.26970447622685)
6.0435 	EXP 	rot_line_precue: ori = np.float64(134.5794712406633)
6.0521 	EXP 	rot_line_precue: ori = np.float64(134.91436374619127)
6.0606 	EXP 	rot_line_precue: ori = np.float64(135.27925932110313)
6.0691 	EXP 	rot_line_precue: ori = np.float64(135.6378505223622)
6.0773 	EXP 	rot_line_precue: ori = np.float64(135.97842321682134)
6.0853 	EXP 	rot_line_precue: ori = np.float64(136.28285939979813)
6.0937 	EXP 	rot_line_precue: ori = np.float64(136.65579949663197)
6.1021 	EXP 	rot_line_precue: ori = np.float64(137.00728532176444)
6.1103 	EXP 	rot_line_precue: ori = np.float64(137.34566993296983)
6.1189 	EXP 	rot_line_precue: ori = np.float64(137.67510712088972)
6.1274 	EXP 	rot_line_precue: ori = np.float64(138.00219531794195)
6.1360 	EXP 	rot_line_precue: ori = np.float64(138.4932500929433)
6.1440 	EXP 	rot_line_precue: ori = np.float64(139.02762473056592)
6.1521 	EXP 	rot_line_precue: ori = np.float64(139.56890858525696)
6.1604 	EXP 	rot_line_precue: ori = np.float64(139.88008027479665)
6.1688 	EXP 	rot_line_precue: ori = np.float64(140.20363839619674)
6.1770 	EXP 	rot_line_precue: ori = np.float64(140.6920286760621)
6.1854 	EXP 	rot_line_precue: ori = np.float64(141.05448328922517)
6.1935 	EXP 	rot_line_precue: ori = np.float64(141.54819838011852)
6.2019 	EXP 	rot_line_precue: ori = np.float64(141.85711000282794)
6.2111 	EXP 	rot_line_precue: ori = np.float64(142.46020600418368)
6.2186 	EXP 	rot_line_precue: ori = np.float64(142.9591468076833)
6.2279 	EXP 	rot_line_precue: ori = np.float64(143.3096711109088)
6.2355 	EXP 	rot_line_precue: ori = np.float64(143.91289698981106)
6.2441 	EXP 	rot_line_precue: ori = np.float64(144.20954736739307)
6.2529 	EXP 	rot_line_precue: ori = np.float64(144.54360798470935)
6.2606 	EXP 	rot_line_precue: ori = np.float64(144.9365308098629)
6.2690 	EXP 	rot_line_precue: ori = np.float64(145.29169195107377)
6.2772 	EXP 	rot_line_precue: ori = np.float64(145.61646379378084)
6.2855 	EXP 	rot_line_precue: ori = np.float64(145.91792677258945)
6.2940 	EXP 	rot_line_precue: ori = np.float64(146.40853417678193)
6.3023 	EXP 	rot_line_precue: ori = np.float64(146.84684584123787)
6.3106 	EXP 	rot_line_precue: ori = np.float64(147.4560036814854)
6.3191 	EXP 	rot_line_precue: ori = np.float64(147.8239382065161)
6.3273 	EXP 	rot_line_precue: ori = np.float64(148.21956644634298)
6.3360 	EXP 	rot_line_precue: ori = np.float64(148.59476454072234)
6.3436 	EXP 	rot_line_precue: ori = np.float64(149.0026210685267)
6.3521 	EXP 	rot_line_precue: ori = np.float64(149.3100403392546)
6.3607 	EXP 	rot_line_precue: ori = np.float64(149.64711207242166)
6.3686 	EXP 	rot_line_precue: ori = np.float64(149.95266831274708)
6.3769 	EXP 	rot_line_precue: ori = np.float64(150.37933015870573)
6.3854 	EXP 	rot_line_precue: ori = np.float64(150.6806693103513)
6.3935 	EXP 	rot_line_precue: ori = np.float64(151.0496342204456)
6.4023 	EXP 	rot_line_precue: ori = np.float64(151.37644172791613)
6.4105 	EXP 	rot_line_precue: ori = np.float64(151.68398894702588)
6.4188 	EXP 	rot_line_precue: ori = np.float64(152.03260392978572)
6.4270 	EXP 	rot_line_precue: ori = np.float64(152.42649945769247)
6.4355 	EXP 	rot_line_precue: ori = np.float64(152.90339534112715)
6.4437 	EXP 	rot_line_precue: ori = np.float64(153.22628174668236)
6.4519 	EXP 	rot_line_precue: ori = np.float64(153.52661400315577)
6.4605 	EXP 	rot_line_precue: ori = np.float64(154.13927103345668)
6.4688 	EXP 	rot_line_precue: ori = np.float64(154.4394018120835)
6.4774 	EXP 	rot_line_precue: ori = np.float64(154.8247099311877)
6.4863 	EXP 	rot_line_precue: ori = np.float64(155.14688404844765)
6.4936 	EXP 	rot_line_precue: ori = np.float64(155.78952397769874)
6.5020 	EXP 	rot_line_precue: ori = np.float64(156.11799384791357)
6.5105 	EXP 	rot_line_precue: ori = np.float64(156.5270288097646)
6.5188 	EXP 	rot_line_precue: ori = np.float64(156.8630683906264)
6.5270 	EXP 	rot_line_precue: ori = np.float64(157.18063793002855)
6.5353 	EXP 	rot_line_precue: ori = np.float64(157.56401669687736)
6.5437 	EXP 	rot_line_precue: ori = np.float64(157.88063800563813)
6.5520 	EXP 	rot_line_precue: ori = np.float64(158.20718245151764)
6.5616 	EXP 	rot_line_precue: ori = np.float64(158.5122392563671)
6.5687 	EXP 	rot_line_precue: ori = np.float64(158.96074864950234)
6.5771 	EXP 	rot_line_precue: ori = np.float64(159.3505633585603)
6.5857 	EXP 	rot_line_precue: ori = np.float64(159.6815566711634)
6.5945 	EXP 	rot_line_precue: ori = np.float64(160.11946144325702)
6.6020 	EXP 	rot_line_precue: ori = np.float64(160.46119244461983)
6.6103 	EXP 	rot_line_precue: ori = np.float64(160.82348985498464)
6.6188 	EXP 	rot_line_precue: ori = np.float64(161.14289585551433)
6.6273 	EXP 	rot_line_precue: ori = np.float64(161.45202841877148)
6.6354 	EXP 	rot_line_precue: ori = np.float64(161.97620574667008)
6.6439 	EXP 	rot_line_precue: ori = np.float64(162.28320226593115)
6.6522 	EXP 	rot_line_precue: ori = np.float64(162.61487832113642)
6.6603 	EXP 	rot_line_precue: ori = np.float64(162.93275132377264)
6.6688 	EXP 	rot_line_precue: ori = np.float64(163.4586757339993)
6.6776 	EXP 	rot_line_precue: ori = np.float64(163.7924139107257)
6.6853 	EXP 	rot_line_precue: ori = np.float64(164.09987796011305)
6.6937 	EXP 	rot_line_precue: ori = np.float64(164.4555992205664)
6.7020 	EXP 	rot_line_precue: ori = np.float64(164.75933813210276)
6.7102 	EXP 	rot_line_precue: ori = np.float64(165.48393569941177)
6.7185 	EXP 	rot_line_precue: ori = np.float64(165.82874115076825)
6.7277 	EXP 	rot_line_precue: ori = np.float64(166.21079517664296)
6.7355 	EXP 	rot_line_precue: ori = np.float64(166.54325651497714)
6.7440 	EXP 	rot_line_precue: ori = np.float64(167.02491777218532)
6.7524 	EXP 	rot_line_precue: ori = np.float64(167.80794122642365)
6.7603 	EXP 	rot_line_precue: ori = np.float64(168.51589083863925)
6.7685 	EXP 	rot_line_precue: ori = np.float64(168.8409604446459)
6.7772 	EXP 	rot_line_precue: ori = np.float64(169.52335370102648)
6.7854 	EXP 	rot_line_precue: ori = np.float64(169.89419057577393)
6.7936 	EXP 	rot_line_precue: ori = np.float64(170.24182791182167)
6.8019 	EXP 	rot_line_precue: ori = np.float64(170.54148420598221)
6.8105 	EXP 	rot_line_precue: ori = np.float64(170.89868413225105)
6.8187 	EXP 	rot_line_precue: ori = np.float64(171.22654702354006)
6.8274 	EXP 	rot_line_precue: ori = np.float64(171.53729611536153)
6.8355 	EXP 	rot_line_precue: ori = np.float64(171.83394155721058)
6.8436 	EXP 	rot_line_precue: ori = np.float64(172.49425294332175)
6.8522 	EXP 	rot_line_precue: ori = np.float64(172.8913936736148)
6.8604 	EXP 	rot_line_precue: ori = np.float64(173.3158114736812)
6.8687 	EXP 	rot_line_precue: ori = np.float64(173.6334124775025)
6.8769 	EXP 	rot_line_precue: ori = np.float64(174.13847814785905)
6.8854 	EXP 	rot_line_precue: ori = np.float64(174.44035055397356)
6.8936 	EXP 	rot_line_precue: ori = np.float64(174.8187018671368)
6.9023 	EXP 	rot_line_precue: ori = np.float64(175.2189203869382)
6.9106 	EXP 	rot_line_precue: ori = np.float64(175.8198562174969)
6.9188 	EXP 	rot_line_precue: ori = np.float64(176.13318738710277)
6.9274 	EXP 	rot_line_precue: ori = np.float64(176.4491763479436)
6.9355 	EXP 	rot_line_precue: ori = np.float64(176.80788528746817)
6.9437 	EXP 	rot_line_precue: ori = np.float64(177.15317698821326)
6.9518 	EXP 	rot_line_precue: ori = np.float64(177.54560407993833)
6.9605 	EXP 	rot_line_precue: ori = np.float64(177.89598426136908)
6.9690 	EXP 	rot_line_precue: ori = np.float64(178.22308696004706)
6.9769 	EXP 	rot_line_precue: ori = np.float64(178.73332620286752)
6.9856 	EXP 	rot_line_precue: ori = np.float64(179.03529763189812)
6.9939 	EXP 	rot_line_precue: ori = np.float64(179.35983975574197)
7.0024 	EXP 	rot_line_precue: ori = np.float64(179.8283323015143)
7.0106 	EXP 	rot_line_precue: ori = np.float64(180.36302431148243)
7.0192 	EXP 	rot_line_precue: ori = np.float64(180.659355298793)
7.0269 	EXP 	rot_line_precue: ori = np.float64(181.02700283141544)
7.0355 	EXP 	rot_line_precue: ori = np.float64(181.34296990227017)
7.0438 	EXP 	rot_line_precue: ori = np.float64(181.9438743791564)
7.0519 	EXP 	rot_line_precue: ori = np.float64(182.2998449959998)
7.0603 	EXP 	rot_line_precue: ori = np.float64(182.77432323028802)
7.0699 	EXP 	rot_line_precue: ori = np.float64(183.5115254684903)
7.0769 	EXP 	rot_line_precue: ori = np.float64(183.83116703440388)
7.0857 	EXP 	rot_line_precue: ori = np.float64(184.41150557506276)
7.0940 	EXP 	rot_line_precue: ori = np.float64(184.70860165408453)
7.1022 	EXP 	rot_line_precue: ori = np.float64(185.13444985784693)
7.1106 	EXP 	rot_line_precue: ori = np.float64(185.49227823537427)
7.1188 	EXP 	rot_line_precue: ori = np.float64(185.825098916712)
7.1271 	EXP 	rot_line_precue: ori = np.float64(186.12143833047628)
7.1353 	EXP 	rot_line_precue: ori = np.float64(186.4493010009523)
7.1438 	EXP 	rot_line_precue: ori = np.float64(186.87968407921304)
7.1521 	EXP 	rot_line_precue: ori = np.float64(187.17675024990376)
7.1604 	EXP 	rot_line_precue: ori = np.float64(187.76634216839514)
7.1691 	EXP 	rot_line_precue: ori = np.float64(188.4562626905948)
7.1777 	EXP 	rot_line_precue: ori = np.float64(188.75413249956858)
7.1854 	EXP 	rot_line_precue: ori = np.float64(189.11174798161557)
7.1937 	EXP 	rot_line_precue: ori = np.float64(189.4277770498959)
7.2020 	EXP 	rot_line_precue: ori = np.float64(189.86037424122563)
7.2103 	EXP 	rot_line_precue: ori = np.float64(190.1788309411077)
7.2186 	EXP 	rot_line_precue: ori = np.float64(190.486360048806)
7.2275 	EXP 	rot_line_precue: ori = np.float64(191.12959094641363)
7.2353 	EXP 	rot_line_precue: ori = np.float64(191.48921240185737)
7.2435 	EXP 	rot_line_precue: ori = np.float64(192.17524840835594)
7.2523 	EXP 	rot_line_precue: ori = np.float64(192.4964804246397)
7.2605 	EXP 	rot_line_precue: ori = np.float64(192.8093386887635)
7.2690 	EXP 	rot_line_precue: ori = np.float64(193.17881170309388)
7.2701 	EXP 	New trial (rep=0, index=2): <Trial 2 (2 in rep 0) data={'pic_name': 'pics/feet.JPG', 'class_mi': 'feet', 'thisN': 2, 'thisTrialN': 2, 'thisRepN': 0}>
7.2780 	EXP 	hor_line_precue: autoDraw = False
7.2780 	EXP 	ver_line_precue: autoDraw = False
7.2780 	EXP 	rot_line_precue: autoDraw = False
7.2780 	EXP 	rot_line_precue: ori = np.float64(193.59403838230318)
7.2780 	EXP 	point_left: autoDraw = False
7.2780 	EXP 	hor_line_precue: autoDraw = False
7.2780 	EXP 	ver_line_precue: autoDraw = False
7.2780 	EXP 	rot_line_precue: autoDraw = False
7.2780 	EXP 	point_left: autoDraw = False
7.2780 	EXP 	hor_line_precue: autoDraw = True
7.2780 	EXP 	ver_line_precue: autoDraw = True
7.2780 	EXP 	rot_line_precue: autoDraw = True
7.2780 	EXP 	rot_line_precue: ori = np.float64(193.93859565028853)
7.2780 	EXP 	point_left: autoDraw = True
7.2850 	EXP 	rot_line_precue: ori = np.float64(194.33447105610472)
7.2935 	EXP 	rot_line_precue: ori = np.float64(194.63088314776664)
7.3021 	EXP 	rot_line_precue: ori = np.float64(194.9736109669723)
7.3104 	EXP 	rot_line_precue: ori = np.float64(195.38993409471976)
7.3186 	EXP 	rot_line_precue: ori = np.float64(195.96255316529573)
7.3272 	EXP 	rot_line_precue: ori = np.float64(196.5176671570295)
7.3356 	EXP 	rot_line_precue: ori = np.float64(196.94410693907705)
7.3437 	EXP 	rot_line_precue: ori = np.float64(197.3001088632574)
7.3530 	EXP 	rot_line_precue: ori = np.float64(197.92288949745281)
7.3608 	EXP 	rot_line_precue: ori = np.float64(198.22804819388094)
7.3686 	EXP 	rot_line_precue: ori = np.float64(198.56473092666727)
7.3772 	EXP 	rot_line_precue: ori = np.float64(198.92384849881856)
7.3856 	EXP 	rot_line_precue: ori = np.float64(199.22610198106324)
7.3936 	EXP 	rot_line_precue: ori = np.float64(199.97905460013754)
7.4019 	EXP 	rot_line_precue: ori = np.float64(200.4119378601655)
7.4104 	EXP 	rot_line_precue: ori = np.float64(201.01701345862907)
7.4187 	EXP 	rot_line_precue: ori = np.float64(201.37133843359481)
7.4274 	EXP 	rot_line_precue: ori = np.float64(201.70177055128582)
7.4357 	EXP 	rot_line_precue: ori = np.float64(202.01709935418697)
7.4444 	EXP 	rot_line_precue: ori = np.float64(202.76008606362066)
7.4518 	EXP 	rot_line_precue: ori = np.float64(203.21186121504581)
7.4605 	EXP 	rot_line_precue: ori = np.float64(203.60087435097847)
7.4687 	EXP 	rot_line_precue: ori = np.float64(204.01776623614646)
7.4775 	EXP 	rot_line_precue: ori = np.float64(204.32155341126784)
7.4855 	EXP 	rot_line_precue: ori = np.float64(204.84622028832018)
7.4939 	EXP 	rot_line_precue: ori = np.float64(205.14411889624955)
7.5025 	EXP 	rot_line_precue: ori = np.float64(205.4531778733054)
7.5109 	EXP 	rot_line_precue: ori = np.float64(205.7665028635102)
7.5196 	EXP 	rot_line_precue: ori = np.float64(206.13170542145303)
7.5277 	EXP 	rot_line_precue: ori = np.float64(206.84807404933917)
7.5358 	EXP 	rot_line_precue: ori = np.float64(207.24215875051456)
7.5440 	EXP 	rot_line_precue: ori = np.float64(207.56016431845256)
7.5525 	EXP 	rot_line_precue: ori = np.float64(207.9058733954733)
7.5606 	EXP 	rot_line_precue: ori = np.float64(208.60646666582213)
7.5689 	EXP 	rot_line_precue: ori = np.float64(208.92827155745627)
7.5771 	EXP 	rot_line_precue: ori = np.float64(209.35576073283266)
7.5856 	EXP 	rot_line_precue: ori = np.float64(209.75992662235063)
7.5939 	EXP 	rot_line_precue: ori = np.float64(210.0630185697418)
7.6021 	EXP 	rot_line_precue: ori = np.float64(210.3739602692754)
7.6107 	EXP 	rot_line_precue: ori = np.float64(210.75689236009174)
7.6190 	EXP 	rot_line_precue: ori = np.float64(211.14457068648483)
7.6271 	EXP 	rot_line_precue: ori = np.float64(211.6791862878875)
7.6353 	EXP 	rot_line_precue: ori = np.float64(212.00557113667213)
7.6438 	EXP 	rot_line_precue: ori = np.float64(212.33266927905223)
7.6521 	EXP 	rot_line_precue: ori = np.float64(212.70420644848235)
7.6603 	EXP 	rot_line_precue: ori = np.float64(213.0130967507838)
7.6687 	EXP 	rot_line_precue: ori = np.float64(213.60117659753516)
7.6774 	EXP 	rot_line_precue: ori = np.float64(213.90254999165006)
7.6860 	EXP 	rot_line_precue: ori = np.float64(214.33753111719543)
7.6939 	EXP 	rot_line_precue: ori = np.float64(214.66142475438494)
7.7023 	EXP 	rot_line_precue: ori = np.float64(215.10703170574757)
7.7104 	EXP 	rot_line_precue: ori = np.float64(215.55151530868497)
7.7188 	EXP 	rot_line_precue: ori = np.float64(215.86039702228368)
7.7271 	EXP 	rot_line_precue: ori = np.float64(216.15567652872227)
7.7354 	EXP 	rot_line_precue: ori = np.float64(216.60282820533513)
7.7439 	EXP 	rot_line_precue: ori = np.float64(217.38777809272048)
7.7522 	EXP 	rot_line_precue: ori = np.float64(217.95635369640001)
7.7603 	EXP 	rot_line_precue: ori = np.float64(218.37388930818693)
7.7690 	EXP 	rot_line_precue: ori = np.float64(218.67165888125666)
7.7773 	EXP 	rot_line_precue: ori = np.float64(219.17821527039928)
7.7856 	EXP 	rot_line_precue: ori = np.float64(219.67626282171344)
7.7940 	EXP 	rot_line_precue: ori = np.float64(220.0135824714847)
7.8028 	EXP 	rot_line_precue: ori = np.float64(220.43561781472508)
7.8104 	EXP 	rot_line_precue: ori = np.float64(220.90584398597738)
7.8187 	EXP 	rot_line_precue: ori = np.float64(221.3793066713979)
7.8272 	EXP 	rot_line_precue: ori = np.float64(221.74533091780015)
7.8353 	EXP 	rot_line_precue: ori = np.float64(222.13706931270139)
7.8436 	EXP 	rot_line_precue: ori = np.float64(222.4575931368679)
7.8522 	EXP 	rot_line_precue: ori = np.float64(222.94855095325266)
7.8605 	EXP 	rot_line_precue: ori = np.float64(223.25250671725234)
7.8691 	EXP 	rot_line_precue: ori = np.float64(223.6261679136157)
7.8774 	EXP 	rot_line_precue: ori = np.float64(223.92880942634952)
7.8856 	EXP 	rot_line_precue: ori = np.float64(224.28132059898195)
7.8937 	EXP 	rot_line_precue: ori = np.float64(224.59106025495964)
7.9023 	EXP 	rot_line_precue: ori = np.float64(224.89252041445496)
7.9104 	EXP 	rot_line_precue: ori = np.float64(225.3064962499949)
7.9186 	EXP 	rot_line_precue: ori = np.float64(225.62233901181153)
7.9269 	EXP 	rot_line_precue: ori = np.float64(226.17111936274227)
7.9360 	EXP 	rot_line_precue: ori = np.float64(226.47514854326673)
7.9438 	EXP 	rot_line_precue: ori = np.float64(226.78932602386624)
7.9521 	EXP 	rot_line_precue: ori = np.float64(227.09607667938158)
7.9606 	EXP 	rot_line_precue: ori = np.float64(227.39458273951118)
7.9688 	EXP 	rot_line_precue: ori = np.float64(227.90682150268577)
7.9768 	EXP 	rot_line_precue: ori = np.float64(228.2670158954059)
7.9854 	EXP 	rot_line_precue: ori = np.float64(228.63775371673694)
7.9940 	EXP 	rot_line_precue: ori = np.float64(228.95172651843498)
8.0019 	EXP 	rot_line_precue: ori = np.float64(229.26946405731715)
8.0104 	EXP 	rot_line_precue: ori = np.float64(229.6727984568209)
8.0186 	EXP 	rot_line_precue: ori = np.float64(229.9689271418595)
8.0272 	EXP 	rot_line_precue: ori = np.float64(230.43221668944682)
8.0357 	EXP 	rot_line_precue: ori = np.float64(230.74625728185103)
8.0440 	EXP 	rot_line_precue: ori = np.float64(231.1263698412818)
8.0521 	EXP 	rot_line_precue: ori = np.float64(231.51476229195558)
8.0608 	EXP 	rot_line_precue: ori = np.float64(231.83828283710852)
8.0688 	EXP 	rot_line_precue: ori = np.float64(232.2558283961787)
8.0698 	EXP 	Device response: <KeyPress from None: t=8.06822370000009, value=escape, duration=None>
8.0707 	DATA 	Keypress: escape
8.0771 	EXP 	rot_line_precue: ori = np.float64(232.7879313203138)
8.0852 	EXP 	rot_line_precue: ori = np.float64(233.43507636936687)
8.0937 	EXP 	rot_line_precue: ori = np.float64(233.9088112796163)
8.1020 	EXP 	rot_line_precue: ori = np.float64(234.23916499685959)
8.1106 	EXP 	rot_line_precue: ori = np.float64(234.9474650427154)
8.1189 	EXP 	rot_line_precue: ori = np.float64(235.29090061086796)
8.1272 	EXP 	rot_line_precue: ori = np.float64(235.7896772702063)
8.1357 	EXP 	rot_line_precue: ori = np.float64(236.10296605617532)
8.1366 	EXP 	Device response: <KeyPress from None: t=8.06822370000009, value=escape, duration=0.0596304000064265>
8.1367 	EXP 	bci_racingteam: status = STOPPED
8.1440 	EXP 	rot_line_precue: ori = np.float64(236.7769427701533)
8.1440 	EXP 	hor_line_precue: autoDraw = False
8.1440 	EXP 	ver_line_precue: autoDraw = False
8.1440 	EXP 	rot_line_precue: autoDraw = False
8.1440 	EXP 	point_left: autoDraw = False
8.1440 	EXP 	bci_racingteam: status = STOPPED
