3.6236 	INFO 	Loaded monitor calibration from ['2025_05_09 18:17']
3.6328 	WARNING 	User requested fullscreen with size [1024  768], but screen is actually [2560, 1600]. Using actual size
3.7695 	INFO 	Using renderer 'AMD Radeon(TM) Graphics' for graphics
3.7695 	INFO 	OpenGL version supported by driver is 4..
3.8620 	EXP 	Created window1 = Window(allowGUI=False, allowStencil=False, autoLog=True, backendConf=UNKNOWN, backgroundFit=<method-wrapper '__getattribute__' of attributeSetter object at 0x000001DCAF53FC10>, backgroundImage=<method-wrapper '__getattribute__' of attributeSetter object at 0x000001DCAF53FBB0>, bitsMode=UNKNOWN, blendMode='avg', bpc=(8, 8, 8), color=array([0, 0, 0]), colorSpace='rgb', depthBits=8, fullscr=True, gamma=None, gammaErrorPolicy='raise', infoMsg=UNKNOWN, lms=UNKNOWN, monitor=<psychopy.monitors.calibTools.Monitor object at 0x000001DCAF640C10>, multiSample=False, name='window1', numSamples=2, pos=[np.float64(0.0), np.float64(0.0)], screen=0, size=array([2560, 1600]), stencilBits=0, stereo=False, title='PsychoPy', units='height', useFBO=True, useRetina=False, viewOri=0.0, viewPos=None, viewScale=None, waitBlanking=True, winType='pyglet')
3.8620 	EXP 	window1: backgroundImage = ''
3.8620 	EXP 	window1: backgroundFit = 'none'
4.2353 	EXP 	window1: Attempting to measure frame rate of screen (0) ...
4.2353 	EXP 	window1: recordFrameIntervals = False
4.3871 	EXP 	window1: recordFrameIntervals = True
5.2205 	EXP 	window1: recordFrameIntervals = False
5.2205 	EXP 	Screen (0) actual frame rate measured at 119.51Hz
5.3887 	INFO 	keyboard.Keyboard is using ptb backend.
5.3888 	EXP 	bci_circle: status = STARTED
5.4307 	EXP 	Created text_pre_block = TextStim(__class__=<class 'psychopy.visual.text.TextStim'>, alignHoriz=method-wrapper(...), alignText='center', alignVert=method-wrapper(...), anchorHoriz='center', anchorVert='center', antialias=True, autoDraw=False, autoLog=True, bold=False, color=array([1., 1., 1.]), colorSpace='rgb', contrast=1.0, depth=0.0, draggable=False, flipHoriz=False, flipVert=False, font='Arial', fontFiles=[], height=np.float64(0.05), italic=False, languageStyle='LTR', name='text_pre_block', opacity=1, ori=0.0, pos=array([0., 0.]), rgb=UNKNOWN, text='Press any key to start ...', units='height', win=Window(...), wrapWidth=1)
5.4317 	EXP 	Created text_wait_screen = TextStim(__class__=<class 'psychopy.visual.text.TextStim'>, alignHoriz=method-wrapper(...), alignText='center', alignVert=method-wrapper(...), anchorHoriz='center', anchorVert='center', antialias=True, autoDraw=False, autoLog=True, bold=False, color=array([1., 1., 1.]), colorSpace='rgb', contrast=1.0, depth=0.0, draggable=False, flipHoriz=False, flipVert=False, font='Arial', fontFiles=[], height=np.float64(0.05), italic=False, languageStyle='LTR', name='text_wait_screen', opacity=1, ori=0.0, pos=array([0., 0.]), rgb=UNKNOWN, text='', units='height', win=Window(...), wrapWidth=1)
5.4349 	EXP 	Created move_circle = ShapeStim(__class__=<class 'psychopy.visual.shape.ShapeStim'>, anchor=('center', 'center'), autoDraw=False, autoLog=True, closeShape=True, color=method-wrapper(...), colorSpace='rgb', contrast=None, depth=0.0, draggable=False, fillColor=array([0.9216, 0.9216, 0.9216]), fillColorSpace='rgb', fillRGB=array([0.9216, 0.9216, 0.9216]), interpolate=True, lineColor=array([1., 1., 1.]), lineColorSpace='rgb', lineRGB=array([1, 1, 1]), lineWidth=1.0, name='move_circle', opacity=1, ori=0.0, pos=array([0., 0.]), size=array([1., 1.]), units='height', vertices=ndarray(...), win=Window(...), windingRule=None)
5.4375 	EXP 	Created mi_circle = ShapeStim(__class__=<class 'psychopy.visual.shape.ShapeStim'>, anchor=('center', 'center'), autoDraw=False, autoLog=True, closeShape=True, color=method-wrapper(...), colorSpace='rgb', contrast=None, depth=-1.0, draggable=False, fillColor=array([0, 0, 0]), fillColorSpace='rgb', fillRGB=array([0, 0, 0]), interpolate=True, lineColor=array([ 0.0902, -1.    , -1.    ]), lineColorSpace='rgb', lineRGB=array([ 0.0902, -1.    , -1.    ]), lineWidth=8.0, name='mi_circle', opacity=1, ori=0.0, pos=array([0., 0.]), size=array([0.15, 0.15]), units='height', vertices=ndarray(...), win=Window(...), windingRule=None)
5.4414 	EXP 	Created image_mi = ImageStim(__class__=<class 'psychopy.visual.image.ImageStim'>, anchor=('center', 'center'), autoLog=True, color=array([1., 1., 1.]), colorSpace='rgb', contrast=1.0, depth=-3.0, draggable=False, flipHoriz=np.False_, flipVert=np.False_, image='default.png', interpolate=True, mask=None, maskParams=None, name='image_mi', opacity=1.0, ori=0.0, pos=array([0., 0.]), size=array([0.5, 0.5]), texRes=128.0, units='height', win=Window(...))
5.4471 	EXP 	Created text_run_break = TextStim(__class__=<class 'psychopy.visual.text.TextStim'>, alignHoriz=method-wrapper(...), alignText='center', alignVert=method-wrapper(...), anchorHoriz='center', anchorVert='center', antialias=True, autoDraw=False, autoLog=True, bold=False, color=array([1., 1., 1.]), colorSpace='rgb', contrast=1.0, depth=0.0, draggable=False, flipHoriz=False, flipVert=False, font='Arial', fontFiles=[], height=np.float64(0.05), italic=False, languageStyle='LTR', name='text_run_break', opacity=1, ori=0.0, pos=array([0., 0.]), rgb=UNKNOWN, text='Trial finished!', units='height', win=Window(...), wrapWidth=1)
5.4512 	EXP 	Created text_post_run = TextStim(__class__=<class 'psychopy.visual.text.TextStim'>, alignHoriz=method-wrapper(...), alignText='center', alignVert=method-wrapper(...), anchorHoriz='center', anchorVert='center', antialias=True, autoDraw=False, autoLog=True, bold=False, color=array([1., 1., 1.]), colorSpace='rgb', contrast=1.0, depth=0.0, draggable=False, flipHoriz=False, flipVert=False, font='Arial', fontFiles=[], height=np.float64(0.05), italic=False, languageStyle='LTR', name='text_post_run', opacity=1, ori=0.0, pos=array([0., 0.]), rgb=UNKNOWN, text='Run finished. Yupii!!', units='height', win=Window(...), wrapWidth=1)
0.0192 	INFO 	Keyboard events cleared
0.0191 	EXP 	text_pre_block: autoDraw = True
3.5235 	EXP 	Device response: <KeyPress from None: t=3.512079599953722, value=space, duration=None>
3.5238 	EXP 	New trial (rep=0, index=0): <Trial 0 (0 in rep 0) data={'thisN': 0, 'thisTrialN': 0, 'thisRepN': 0}>
3.5247 	DATA 	Keypress: space
3.5292 	EXP 	text_pre_block: autoDraw = False
3.5292 	EXP 	text_wait_screen: autoDraw = True
3.5630 	EXP 	Device response: <KeyPress from None: t=3.512079599953722, value=space, duration=0.04714820004301146>
6.5188 	EXP 	Imported classes.csv as conditions, 4 conditions, 2 params
6.5191 	EXP 	New trial (rep=0, index=0): <Trial 0 (0 in rep 0) data={'pic_name': 'pics/right_hand.JPG', 'class_mi': ' right_hand', 'thisN': 0, 'thisTrialN': 0, 'thisRepN': 0}>
6.5336 	EXP 	text_wait_screen: autoDraw = False
6.5336 	EXP 	text_wait_screen: autoDraw = False
6.5336 	EXP 	image_mi: image = 'pics/right_hand.JPG'
6.5336 	EXP 	move_circle: autoDraw = True
6.5336 	EXP 	mi_circle: autoDraw = True
6.5336 	EXP 	image_mi: autoDraw = True
23.4158 	EXP 	Device response: <KeyPress from None: t=23.415052099968307, value=escape, duration=None>
23.4164 	DATA 	Keypress: escape
23.5072 	EXP 	Device response: <KeyPress from None: t=23.415052099968307, value=escape, duration=0.09181620000163093>
23.5072 	EXP 	bci_circle: status = STOPPED
23.5154 	EXP 	move_circle: autoDraw = False
23.5154 	EXP 	mi_circle: autoDraw = False
23.5154 	EXP 	image_mi: autoDraw = False
23.5155 	EXP 	bci_circle: status = STOPPED
23.5177 	INFO 	saved data to 'D:\\STUDIUM\\TU\\Mirage91\\Brain-Computer Interface Conference\\Code\\data\\848375_bci_circle_2026-06-20_16h44.50.041.csv'
23.5186 	INFO 	saved data to D:\STUDIUM\TU\Mirage91\Brain-Computer Interface Conference\Code\data\848375_bci_circle_2026-06-20_16h44.50.041.psydat
23.6564 	WARNING 	Stopping key buffers but this could be dangerous ifother keyboards rely on the same.
