5.9971 	INFO 	Loaded monitor calibration from ['2025_05_09 18:17']
6.0179 	WARNING 	User requested fullscreen with size [1024  768], but screen is actually [2560, 1600]. Using actual size
6.6585 	INFO 	Using renderer 'AMD Radeon(TM) Graphics' for graphics
6.6585 	INFO 	OpenGL version supported by driver is 4..
6.7887 	EXP 	Created window1 = Window(allowGUI=False, allowStencil=False, autoLog=True, backendConf=UNKNOWN, backgroundFit=<method-wrapper '__getattribute__' of attributeSetter object at 0x000002590003BDC0>, backgroundImage=<method-wrapper '__getattribute__' of attributeSetter object at 0x000002590003BD60>, bitsMode=UNKNOWN, blendMode='avg', bpc=(8, 8, 8), color=array([0, 0, 0]), colorSpace='rgb', depthBits=8, fullscr=True, gamma=None, gammaErrorPolicy='raise', infoMsg=UNKNOWN, lms=UNKNOWN, monitor=<psychopy.monitors.calibTools.Monitor object at 0x00000259001D0DC0>, multiSample=False, name='window1', numSamples=2, pos=[np.float64(0.0), np.float64(0.0)], screen=0, size=array([2560, 1600]), stencilBits=0, stereo=False, title='PsychoPy', units='height', useFBO=True, useRetina=False, viewOri=0.0, viewPos=None, viewScale=None, waitBlanking=True, winType='pyglet')
6.7887 	EXP 	window1: backgroundImage = ''
6.7887 	EXP 	window1: backgroundFit = 'none'
7.1820 	EXP 	window1: Attempting to measure frame rate of screen (0) ...
7.1820 	EXP 	window1: recordFrameIntervals = False
7.3400 	EXP 	window1: recordFrameIntervals = True
8.1736 	EXP 	window1: recordFrameIntervals = False
8.1737 	EXP 	Screen (0) actual frame rate measured at 120.02Hz
8.3475 	INFO 	keyboard.Keyboard is using ptb backend.
8.3476 	EXP 	bci_circle: status = STARTED
8.5166 	EXP 	Created text_pre_block = TextStim(__class__=<class 'psychopy.visual.text.TextStim'>, alignHoriz=method-wrapper(...), alignText='center', alignVert=method-wrapper(...), anchorHoriz='center', anchorVert='center', antialias=True, autoDraw=False, autoLog=True, bold=False, color=array([1., 1., 1.]), colorSpace='rgb', contrast=1.0, depth=0.0, draggable=False, flipHoriz=False, flipVert=False, font='Arial', fontFiles=[], height=np.float64(0.05), italic=False, languageStyle='LTR', name='text_pre_block', opacity=1, ori=0.0, pos=array([0., 0.]), rgb=UNKNOWN, text='Press any key to start ...', units='height', win=Window(...), wrapWidth=1)
8.5176 	EXP 	Created text_wait_screen = TextStim(__class__=<class 'psychopy.visual.text.TextStim'>, alignHoriz=method-wrapper(...), alignText='center', alignVert=method-wrapper(...), anchorHoriz='center', anchorVert='center', antialias=True, autoDraw=False, autoLog=True, bold=False, color=array([1., 1., 1.]), colorSpace='rgb', contrast=1.0, depth=0.0, draggable=False, flipHoriz=False, flipVert=False, font='Arial', fontFiles=[], height=np.float64(0.05), italic=False, languageStyle='LTR', name='text_wait_screen', opacity=1, ori=0.0, pos=array([0., 0.]), rgb=UNKNOWN, text='', units='height', win=Window(...), wrapWidth=1)
8.5295 	EXP 	Created move_circle = ShapeStim(__class__=<class 'psychopy.visual.shape.ShapeStim'>, anchor=('center', 'center'), autoDraw=False, autoLog=True, closeShape=True, color=method-wrapper(...), colorSpace='rgb', contrast=None, depth=0.0, draggable=False, fillColor=array([0.9216, 0.9216, 0.9216]), fillColorSpace='rgb', fillRGB=array([0.9216, 0.9216, 0.9216]), interpolate=True, lineColor=array([1., 1., 1.]), lineColorSpace='rgb', lineRGB=array([1, 1, 1]), lineWidth=1.0, name='move_circle', opacity=1, ori=0.0, pos=array([0., 0.]), size=array([1., 1.]), units='height', vertices=ndarray(...), win=Window(...), windingRule=None)
8.5323 	EXP 	Created mi_circle = ShapeStim(__class__=<class 'psychopy.visual.shape.ShapeStim'>, anchor=('center', 'center'), autoDraw=False, autoLog=True, closeShape=True, color=method-wrapper(...), colorSpace='rgb', contrast=None, depth=-1.0, draggable=False, fillColor=array([0, 0, 0]), fillColorSpace='rgb', fillRGB=array([0, 0, 0]), interpolate=True, lineColor=array([ 1., -1., -1.]), lineColorSpace='rgb', lineRGB=array([ 1., -1., -1.]), lineWidth=8.0, name='mi_circle', opacity=1, ori=0.0, pos=array([0., 0.]), size=array([0.15, 0.15]), units='height', vertices=ndarray(...), win=Window(...), windingRule=None)
8.5459 	EXP 	Created image_mi = ImageStim(__class__=<class 'psychopy.visual.image.ImageStim'>, anchor=('center', 'center'), autoLog=True, color=array([1., 1., 1.]), colorSpace='rgb', contrast=1.0, depth=-3.0, draggable=False, flipHoriz=np.False_, flipVert=np.False_, image='default.png', interpolate=True, mask=None, maskParams=None, name='image_mi', opacity=1.0, ori=0.0, pos=array([0., 0.]), size=array([0.5, 0.5]), texRes=128.0, units='height', win=Window(...))
8.5538 	EXP 	Created text_run_break = TextStim(__class__=<class 'psychopy.visual.text.TextStim'>, alignHoriz=method-wrapper(...), alignText='center', alignVert=method-wrapper(...), anchorHoriz='center', anchorVert='center', antialias=True, autoDraw=False, autoLog=True, bold=False, color=array([1., 1., 1.]), colorSpace='rgb', contrast=1.0, depth=0.0, draggable=False, flipHoriz=False, flipVert=False, font='Arial', fontFiles=[], height=np.float64(0.05), italic=False, languageStyle='LTR', name='text_run_break', opacity=1, ori=0.0, pos=array([0., 0.]), rgb=UNKNOWN, text='Trial finished!', units='height', win=Window(...), wrapWidth=1)
8.5591 	EXP 	Created text_post_run = TextStim(__class__=<class 'psychopy.visual.text.TextStim'>, alignHoriz=method-wrapper(...), alignText='center', alignVert=method-wrapper(...), anchorHoriz='center', anchorVert='center', antialias=True, autoDraw=False, autoLog=True, bold=False, color=array([1., 1., 1.]), colorSpace='rgb', contrast=1.0, depth=0.0, draggable=False, flipHoriz=False, flipVert=False, font='Arial', fontFiles=[], height=np.float64(0.05), italic=False, languageStyle='LTR', name='text_post_run', opacity=1, ori=0.0, pos=array([0., 0.]), rgb=UNKNOWN, text='Run finished. Yupii!!', units='height', win=Window(...), wrapWidth=1)
0.0191 	INFO 	Keyboard events cleared
0.0190 	EXP 	text_pre_block: autoDraw = True
1.3828 	EXP 	Device response: <KeyPress from None: t=1.3250719000352547, value=space, duration=None>
1.3842 	EXP 	New trial (rep=0, index=0): <Trial 0 (0 in rep 0) data={'thisN': 0, 'thisTrialN': 0, 'thisRepN': 0}>
1.3855 	DATA 	Keypress: space
1.3971 	EXP 	text_pre_block: autoDraw = False
1.3971 	EXP 	text_wait_screen: autoDraw = True
1.3973 	EXP 	Device response: <KeyPress from None: t=1.3250719000352547, value=space, duration=0.06407249998301268>
4.4091 	EXP 	Imported classes.csv as conditions, 4 conditions, 2 params
4.4098 	EXP 	New trial (rep=0, index=0): <Trial 0 (0 in rep 0) data={'pic_name': 'pics/left_hand.JPG', 'class_mi': 'left_hand', 'thisN': 0, 'thisTrialN': 0, 'thisRepN': 0}>
4.4305 	EXP 	text_wait_screen: autoDraw = False
4.4305 	EXP 	image_mi: image = 'pics/left_hand.JPG'
4.4305 	EXP 	move_circle: autoDraw = True
4.4305 	EXP 	mi_circle: autoDraw = True
4.4305 	EXP 	image_mi: autoDraw = True
11.0980 	EXP 	New trial (rep=1, index=1): <Trial 1 (1 in rep 1) data={'pic_name': 'pics/left_hand.JPG', 'class_mi': 'left_hand', 'thisN': 1, 'thisTrialN': 1, 'thisRepN': 1}>
11.1054 	EXP 	move_circle: autoDraw = False
11.1054 	EXP 	mi_circle: autoDraw = False
11.1054 	EXP 	image_mi: autoDraw = False
11.1054 	EXP 	image_mi: image = 'pics/left_hand.JPG'
11.1054 	EXP 	move_circle: autoDraw = True
11.1054 	EXP 	mi_circle: autoDraw = True
11.1054 	EXP 	image_mi: autoDraw = True
17.7571 	EXP 	New trial (rep=2, index=2): <Trial 2 (2 in rep 2) data={'pic_name': 'pics/left_hand.JPG', 'class_mi': 'left_hand', 'thisN': 2, 'thisTrialN': 2, 'thisRepN': 2}>
17.7648 	EXP 	move_circle: autoDraw = False
17.7648 	EXP 	mi_circle: autoDraw = False
17.7648 	EXP 	image_mi: autoDraw = False
17.7648 	EXP 	image_mi: image = 'pics/left_hand.JPG'
17.7648 	EXP 	move_circle: autoDraw = True
17.7648 	EXP 	mi_circle: autoDraw = True
17.7648 	EXP 	image_mi: autoDraw = True
24.4730 	EXP 	New trial (rep=0, index=3): <Trial 3 (3 in rep 0) data={'pic_name': 'pics/none.JPG', 'class_mi': 'rest', 'thisN': 3, 'thisTrialN': 3, 'thisRepN': 0}>
24.4942 	EXP 	move_circle: autoDraw = False
24.4942 	EXP 	mi_circle: autoDraw = False
24.4942 	EXP 	image_mi: autoDraw = False
24.4942 	EXP 	image_mi: image = 'pics/none.JPG'
24.4942 	EXP 	move_circle: autoDraw = True
24.4942 	EXP 	mi_circle: autoDraw = True
24.4942 	EXP 	image_mi: autoDraw = True
29.2995 	EXP 	Device response: <KeyPress from None: t=29.29462320008315, value=escape, duration=None>
29.3005 	DATA 	Keypress: escape
29.3824 	EXP 	Device response: <KeyPress from None: t=29.29462320008315, value=escape, duration=0.07972569996491075>
29.3824 	EXP 	bci_circle: status = STOPPED
29.3903 	EXP 	move_circle: autoDraw = False
29.3903 	EXP 	mi_circle: autoDraw = False
29.3903 	EXP 	image_mi: autoDraw = False
29.3904 	EXP 	bci_circle: status = STOPPED
29.3973 	INFO 	saved data to 'D:\\STUDIUM\\TU\\Mirage91\\Brain-Computer Interface Conference\\Code\\data\\880902_bci_circle_2026-06-23_13h13.58.138.csv'
29.3989 	INFO 	saved data to D:\STUDIUM\TU\Mirage91\Brain-Computer Interface Conference\Code\data\880902_bci_circle_2026-06-23_13h13.58.138.psydat
29.5906 	WARNING 	Stopping key buffers but this could be dangerous ifother keyboards rely on the same.
