3.4343 	INFO 	Loaded monitor calibration from ['2025_05_09 18:17']
3.4448 	WARNING 	User requested fullscreen with size [1024  768], but screen is actually [2560, 1600]. Using actual size
3.5567 	INFO 	Using renderer 'AMD Radeon(TM) Graphics' for graphics
3.5568 	INFO 	OpenGL version supported by driver is 4..
3.6462 	EXP 	Created window1 = Window(allowGUI=False, allowStencil=False, autoLog=True, backendConf=UNKNOWN, backgroundFit=<method-wrapper '__getattribute__' of attributeSetter object at 0x0000018D3E576C20>, backgroundImage=<method-wrapper '__getattribute__' of attributeSetter object at 0x0000018D3E576BC0>, bitsMode=UNKNOWN, blendMode='avg', bpc=(8, 8, 8), color=array([0, 0, 0]), colorSpace='rgb', depthBits=8, fullscr=True, gamma=None, gammaErrorPolicy='raise', infoMsg=UNKNOWN, lms=UNKNOWN, monitor=<psychopy.monitors.calibTools.Monitor object at 0x0000018D3E667BE0>, multiSample=False, name='window1', numSamples=2, pos=[np.float64(0.0), np.float64(0.0)], screen=0, size=array([2560, 1600]), stencilBits=0, stereo=False, title='PsychoPy', units='height', useFBO=True, useRetina=False, viewOri=0.0, viewPos=None, viewScale=None, waitBlanking=True, winType='pyglet')
3.6463 	EXP 	window1: backgroundImage = ''
3.6463 	EXP 	window1: backgroundFit = 'none'
4.0172 	EXP 	window1: Attempting to measure frame rate of screen (0) ...
4.0172 	EXP 	window1: recordFrameIntervals = False
4.1600 	EXP 	window1: recordFrameIntervals = True
4.9939 	EXP 	window1: recordFrameIntervals = False
4.9939 	EXP 	Screen (0) actual frame rate measured at 119.81Hz
5.1617 	INFO 	keyboard.Keyboard is using ptb backend.
5.1617 	EXP 	bci_circle: status = STARTED
5.2014 	EXP 	Created text_pre_block = TextStim(__class__=<class 'psychopy.visual.text.TextStim'>, alignHoriz=method-wrapper(...), alignText='center', alignVert=method-wrapper(...), anchorHoriz='center', anchorVert='center', antialias=True, autoDraw=False, autoLog=True, bold=False, color=array([1., 1., 1.]), colorSpace='rgb', contrast=1.0, depth=0.0, draggable=False, flipHoriz=False, flipVert=False, font='Arial', fontFiles=[], height=np.float64(0.05), italic=False, languageStyle='LTR', name='text_pre_block', opacity=1, ori=0.0, pos=array([0., 0.]), rgb=UNKNOWN, text='Press any key to start ...', units='height', win=Window(...), wrapWidth=1)
5.2024 	EXP 	Created text_wait_screen = TextStim(__class__=<class 'psychopy.visual.text.TextStim'>, alignHoriz=method-wrapper(...), alignText='center', alignVert=method-wrapper(...), anchorHoriz='center', anchorVert='center', antialias=True, autoDraw=False, autoLog=True, bold=False, color=array([1., 1., 1.]), colorSpace='rgb', contrast=1.0, depth=0.0, draggable=False, flipHoriz=False, flipVert=False, font='Arial', fontFiles=[], height=np.float64(0.05), italic=False, languageStyle='LTR', name='text_wait_screen', opacity=1, ori=0.0, pos=array([0., 0.]), rgb=UNKNOWN, text='', units='height', win=Window(...), wrapWidth=1)
5.2055 	EXP 	Created move_circle = ShapeStim(__class__=<class 'psychopy.visual.shape.ShapeStim'>, anchor=('center', 'center'), autoDraw=False, autoLog=True, closeShape=True, color=method-wrapper(...), colorSpace='rgb', contrast=None, depth=0.0, draggable=False, fillColor=array([0.9216, 0.9216, 0.9216]), fillColorSpace='rgb', fillRGB=array([0.9216, 0.9216, 0.9216]), interpolate=True, lineColor=array([1., 1., 1.]), lineColorSpace='rgb', lineRGB=array([1, 1, 1]), lineWidth=1.0, name='move_circle', opacity=1, ori=0.0, pos=array([0., 0.]), size=array([1., 1.]), units='height', vertices=ndarray(...), win=Window(...), windingRule=None)
5.2080 	EXP 	Created mi_circle = ShapeStim(__class__=<class 'psychopy.visual.shape.ShapeStim'>, anchor=('center', 'center'), autoDraw=False, autoLog=True, closeShape=True, color=method-wrapper(...), colorSpace='rgb', contrast=None, depth=-1.0, draggable=False, fillColor=array([0, 0, 0]), fillColorSpace='rgb', fillRGB=array([0, 0, 0]), interpolate=True, lineColor=array([ 0.7647, -1.    , -1.    ]), lineColorSpace='rgb', lineRGB=array([ 0.7647, -1.    , -1.    ]), lineWidth=8.0, name='mi_circle', opacity=1, ori=0.0, pos=array([0., 0.]), size=array([0.2, 0.2]), units='height', vertices=ndarray(...), win=Window(...), windingRule=None)
5.2131 	EXP 	Created text_run_break = TextStim(__class__=<class 'psychopy.visual.text.TextStim'>, alignHoriz=method-wrapper(...), alignText='center', alignVert=method-wrapper(...), anchorHoriz='center', anchorVert='center', antialias=True, autoDraw=False, autoLog=True, bold=False, color=array([1., 1., 1.]), colorSpace='rgb', contrast=1.0, depth=0.0, draggable=False, flipHoriz=False, flipVert=False, font='Arial', fontFiles=[], height=np.float64(0.05), italic=False, languageStyle='LTR', name='text_run_break', opacity=1, ori=0.0, pos=array([0., 0.]), rgb=UNKNOWN, text='Trial finished!', units='height', win=Window(...), wrapWidth=1)
5.2167 	EXP 	Created text_post_run = TextStim(__class__=<class 'psychopy.visual.text.TextStim'>, alignHoriz=method-wrapper(...), alignText='center', alignVert=method-wrapper(...), anchorHoriz='center', anchorVert='center', antialias=True, autoDraw=False, autoLog=True, bold=False, color=array([1., 1., 1.]), colorSpace='rgb', contrast=1.0, depth=0.0, draggable=False, flipHoriz=False, flipVert=False, font='Arial', fontFiles=[], height=np.float64(0.05), italic=False, languageStyle='LTR', name='text_post_run', opacity=1, ori=0.0, pos=array([0., 0.]), rgb=UNKNOWN, text='Run finished. Yupii!!', units='height', win=Window(...), wrapWidth=1)
0.0353 	INFO 	Keyboard events cleared
0.0353 	EXP 	text_pre_block: autoDraw = True
0.2812 	EXP 	Device response: <KeyPress from None: t=0.2714632999850437, value=return, duration=None>
0.2818 	DATA 	Keypress: return
0.3532 	EXP 	Device response: <KeyPress from None: t=0.2714632999850437, value=return, duration=0.07968650001566857>
0.8121 	EXP 	Device response: <KeyPress from None: t=0.8087747999816202, value=space, duration=None>
0.8124 	EXP 	New trial (rep=0, index=0): <Trial 0 (0 in rep 0) data={'thisN': 0, 'thisTrialN': 0, 'thisRepN': 0}>
0.8134 	DATA 	Keypress: space
0.8199 	EXP 	text_pre_block: autoDraw = False
0.8199 	EXP 	text_wait_screen: autoDraw = True
0.9202 	EXP 	Device response: <KeyPress from None: t=0.8087747999816202, value=space, duration=0.10668420000001788>
3.8079 	EXP 	Imported classes.csv as conditions, 4 conditions, 2 params
3.8083 	EXP 	New trial (rep=0, index=0): <Trial 0 (0 in rep 0) data={'pic_name': 'pics/right_hand.JPG', 'class_mi': ' right_hand', 'thisN': 0, 'thisTrialN': 0, 'thisRepN': 0}>
3.8137 	EXP 	text_wait_screen: autoDraw = False
3.8137 	EXP 	text_wait_screen: autoDraw = False
3.8137 	EXP 	move_circle: autoDraw = True
3.8137 	EXP 	mi_circle: autoDraw = True
12.4070 	EXP 	Device response: <KeyPress from None: t=12.406125199981034, value=escape, duration=None>
12.4077 	DATA 	Keypress: escape
12.5067 	EXP 	Device response: <KeyPress from None: t=12.406125199981034, value=escape, duration=0.09932190002291463>
12.5067 	EXP 	bci_circle: status = STOPPED
12.5144 	EXP 	move_circle: autoDraw = False
12.5144 	EXP 	mi_circle: autoDraw = False
12.5145 	EXP 	bci_circle: status = STOPPED
12.5215 	INFO 	saved data to 'D:\\STUDIUM\\TU\\Mirage91\\Brain-Computer Interface Conference\\Code\\data\\886055_bci_circle_2026-06-17_16h01.47.952.csv'
12.5224 	INFO 	saved data to D:\STUDIUM\TU\Mirage91\Brain-Computer Interface Conference\Code\data\886055_bci_circle_2026-06-17_16h01.47.952.psydat
12.7078 	WARNING 	Stopping key buffers but this could be dangerous ifother keyboards rely on the same.
