2.7678 	INFO 	Loaded monitor calibration from ['2025_05_09 18:17']
2.7784 	WARNING 	User requested fullscreen with size [1024  768], but screen is actually [2560, 1600]. Using actual size
2.8877 	INFO 	Using renderer 'AMD Radeon(TM) Graphics' for graphics
2.8877 	INFO 	OpenGL version supported by driver is 4..
2.9782 	EXP 	Created window1 = Window(allowGUI=False, allowStencil=False, autoLog=True, backendConf=UNKNOWN, backgroundFit=<method-wrapper '__getattribute__' of attributeSetter object at 0x000002A149636EC0>, backgroundImage=<method-wrapper '__getattribute__' of attributeSetter object at 0x000002A149636E60>, bitsMode=UNKNOWN, blendMode='avg', bpc=(8, 8, 8), color=array([0, 0, 0]), colorSpace='rgb', depthBits=8, fullscr=True, gamma=None, gammaErrorPolicy='raise', infoMsg=UNKNOWN, lms=UNKNOWN, monitor=<psychopy.monitors.calibTools.Monitor object at 0x000002A149723E80>, multiSample=False, name='window1', numSamples=2, pos=[np.float64(0.0), np.float64(0.0)], screen=0, size=array([2560, 1600]), stencilBits=0, stereo=False, title='PsychoPy', units='height', useFBO=True, useRetina=False, viewOri=0.0, viewPos=None, viewScale=None, waitBlanking=True, winType='pyglet')
2.9783 	EXP 	window1: backgroundImage = ''
2.9783 	EXP 	window1: backgroundFit = 'none'
3.3499 	EXP 	window1: Attempting to measure frame rate of screen (0) ...
3.3499 	EXP 	window1: recordFrameIntervals = False
3.3575 	DATA 	Keypress: space
3.4930 	EXP 	window1: recordFrameIntervals = True
4.3268 	EXP 	window1: recordFrameIntervals = False
4.3269 	EXP 	Screen (0) actual frame rate measured at 119.92Hz
4.4918 	INFO 	keyboard.Keyboard is using ptb backend.
4.4919 	EXP 	bci_circle: status = STARTED
4.5297 	EXP 	Created text_pre_block = TextStim(__class__=<class 'psychopy.visual.text.TextStim'>, alignHoriz=method-wrapper(...), alignText='center', alignVert=method-wrapper(...), anchorHoriz='center', anchorVert='center', antialias=True, autoDraw=False, autoLog=True, bold=False, color=array([1., 1., 1.]), colorSpace='rgb', contrast=1.0, depth=0.0, draggable=False, flipHoriz=False, flipVert=False, font='Arial', fontFiles=[], height=np.float64(0.05), italic=False, languageStyle='LTR', name='text_pre_block', opacity=1, ori=0.0, pos=array([0., 0.]), rgb=UNKNOWN, text='Press any key to start ...', units='height', win=Window(...), wrapWidth=1)
4.5307 	EXP 	Created text_wait_screen = TextStim(__class__=<class 'psychopy.visual.text.TextStim'>, alignHoriz=method-wrapper(...), alignText='center', alignVert=method-wrapper(...), anchorHoriz='center', anchorVert='center', antialias=True, autoDraw=False, autoLog=True, bold=False, color=array([1., 1., 1.]), colorSpace='rgb', contrast=1.0, depth=0.0, draggable=False, flipHoriz=False, flipVert=False, font='Arial', fontFiles=[], height=np.float64(0.05), italic=False, languageStyle='LTR', name='text_wait_screen', opacity=1, ori=0.0, pos=array([0., 0.]), rgb=UNKNOWN, text='', units='height', win=Window(...), wrapWidth=1)
4.5340 	EXP 	Created move_circle = ShapeStim(__class__=<class 'psychopy.visual.shape.ShapeStim'>, anchor=('center', 'center'), autoDraw=False, autoLog=True, closeShape=True, color=method-wrapper(...), colorSpace='rgb', contrast=None, depth=0.0, draggable=False, fillColor=array([0.9216, 0.9216, 0.9216]), fillColorSpace='rgb', fillRGB=array([0.9216, 0.9216, 0.9216]), interpolate=True, lineColor=array([1., 1., 1.]), lineColorSpace='rgb', lineRGB=array([1, 1, 1]), lineWidth=1.0, name='move_circle', opacity=1, ori=0.0, pos=array([0., 0.]), size=array([1., 1.]), units='height', vertices=ndarray(...), win=Window(...), windingRule=None)
4.5366 	EXP 	Created mi_circle = ShapeStim(__class__=<class 'psychopy.visual.shape.ShapeStim'>, anchor=('center', 'center'), autoDraw=False, autoLog=True, closeShape=True, color=method-wrapper(...), colorSpace='rgb', contrast=None, depth=-1.0, draggable=False, fillColor=array([0, 0, 0]), fillColorSpace='rgb', fillRGB=array([0, 0, 0]), interpolate=True, lineColor=array([ 0.0902, -1.    , -1.    ]), lineColorSpace='rgb', lineRGB=array([ 0.0902, -1.    , -1.    ]), lineWidth=8.0, name='mi_circle', opacity=1, ori=0.0, pos=array([0., 0.]), size=array([0.2, 0.2]), units='height', vertices=ndarray(...), win=Window(...), windingRule=None)
4.5422 	EXP 	Created text_run_break = TextStim(__class__=<class 'psychopy.visual.text.TextStim'>, alignHoriz=method-wrapper(...), alignText='center', alignVert=method-wrapper(...), anchorHoriz='center', anchorVert='center', antialias=True, autoDraw=False, autoLog=True, bold=False, color=array([1., 1., 1.]), colorSpace='rgb', contrast=1.0, depth=0.0, draggable=False, flipHoriz=False, flipVert=False, font='Arial', fontFiles=[], height=np.float64(0.05), italic=False, languageStyle='LTR', name='text_run_break', opacity=1, ori=0.0, pos=array([0., 0.]), rgb=UNKNOWN, text='Trial finished!', units='height', win=Window(...), wrapWidth=1)
4.5463 	EXP 	Created text_post_run = TextStim(__class__=<class 'psychopy.visual.text.TextStim'>, alignHoriz=method-wrapper(...), alignText='center', alignVert=method-wrapper(...), anchorHoriz='center', anchorVert='center', antialias=True, autoDraw=False, autoLog=True, bold=False, color=array([1., 1., 1.]), colorSpace='rgb', contrast=1.0, depth=0.0, draggable=False, flipHoriz=False, flipVert=False, font='Arial', fontFiles=[], height=np.float64(0.05), italic=False, languageStyle='LTR', name='text_post_run', opacity=1, ori=0.0, pos=array([0., 0.]), rgb=UNKNOWN, text='Run finished. Yupii!!', units='height', win=Window(...), wrapWidth=1)
0.0137 	INFO 	Keyboard events cleared
0.0136 	EXP 	text_pre_block: autoDraw = True
0.2174 	EXP 	Device response: <KeyPress from None: t=0.2127203999843914, value=space, duration=None>
0.2177 	EXP 	New trial (rep=0, index=0): <Trial 0 (0 in rep 0) data={'thisN': 0, 'thisTrialN': 0, 'thisRepN': 0}>
0.2185 	DATA 	Keypress: space
0.2305 	EXP 	text_pre_block: autoDraw = False
0.2305 	EXP 	text_wait_screen: autoDraw = True
0.2722 	EXP 	Device response: <KeyPress from None: t=0.2127203999843914, value=space, duration=0.05537460002233274>
3.2190 	EXP 	Imported classes.csv as conditions, 4 conditions, 2 params
3.2194 	EXP 	New trial (rep=0, index=0): <Trial 0 (0 in rep 0) data={'pic_name': 'pics/right_hand.JPG', 'class_mi': ' right_hand', 'thisN': 0, 'thisTrialN': 0, 'thisRepN': 0}>
3.2539 	INFO 	saved data to D:\STUDIUM\TU\Mirage91\Brain-Computer Interface Conference\Code\data\936628_bci_circle_2026-06-17_16h09.07.548.psydat
3.2547 	INFO 	saved data to 'D:\\STUDIUM\\TU\\Mirage91\\Brain-Computer Interface Conference\\Code\\data\\936628_bci_circle_2026-06-17_16h09.07.548.csv'
3.2640 	WARNING 	Stopping key buffers but this could be dangerous ifother keyboards rely on the same.
