3.5478 	WARNING 	Requested an unavailable screen number - using first available.
3.5493 	WARNING 	User requested fullscreen with size [1920 1080], but screen is actually [1707, 1067]. Using actual size
3.8655 	EXP 	Created window1 = Window(allowGUI=False, allowStencil=False, autoLog=True, backendConf=UNKNOWN, backgroundFit=<method-wrapper '__getattribute__' of attributeSetter object at 0x0000029158E10EE0>, backgroundImage=<method-wrapper '__getattribute__' of attributeSetter object at 0x0000029158E10E80>, bitsMode=UNKNOWN, blendMode='avg', bpc=(8, 8, 8), color=array([0, 0, 0]), colorSpace='rgb', depthBits=8, fullscr=True, gamma=None, gammaErrorPolicy='raise', infoMsg=UNKNOWN, lms=UNKNOWN, monitor=<psychopy.monitors.calibTools.Monitor object at 0x0000029159059BD0>, multiSample=False, name='window1', numSamples=2, pos=[np.float64(0.0), np.float64(0.0)], screen=1, size=array([1707, 1067]), stencilBits=0, stereo=False, title='PsychoPy', units='height', useFBO=True, useRetina=False, viewOri=0.0, viewPos=None, viewScale=None, waitBlanking=True, winType='pyglet')
3.8656 	EXP 	window1: backgroundImage = ''
3.8656 	EXP 	window1: backgroundFit = 'none'
4.3973 	EXP 	window1: Attempting to measure frame rate of screen (1) ...
4.3973 	EXP 	window1: recordFrameIntervals = False
4.4941 	EXP 	window1: recordFrameIntervals = True
5.3269 	EXP 	window1: recordFrameIntervals = False
5.3270 	EXP 	Screen (1) actual frame rate measured at 120.96Hz
8.4828 	EXP 	bci_racingteam: status = STARTED
8.6147 	EXP 	Created text_pre_block = TextStim(__class__=<class 'psychopy.visual.text.TextStim'>, alignHoriz=method-wrapper(...), alignText='center', alignVert=method-wrapper(...), anchorHoriz='center', anchorVert='center', antialias=True, autoDraw=False, autoLog=True, bold=False, color=array([1., 1., 1.]), colorSpace='rgb', contrast=1.0, depth=0.0, draggable=False, flipHoriz=False, flipVert=False, font='Open Sans', fontFiles=[], height=np.float64(0.05), italic=False, languageStyle='LTR', name='text_pre_block', opacity=1, ori=0.0, pos=array([0., 0.]), rgb=UNKNOWN, text='Press any key to start ...', units='height', win=Window(...), wrapWidth=1)
8.6164 	EXP 	Created text_2 = TextStim(__class__=<class 'psychopy.visual.text.TextStim'>, alignHoriz=method-wrapper(...), alignText='center', alignVert=method-wrapper(...), anchorHoriz='center', anchorVert='center', antialias=True, autoDraw=False, autoLog=True, bold=False, color=array([1., 1., 1.]), colorSpace='rgb', contrast=1.0, depth=0.0, draggable=False, flipHoriz=False, flipVert=False, font='Arial', fontFiles=[], height=np.float64(0.05), italic=False, languageStyle='LTR', name='text_2', opacity=1, ori=0.0, pos=array([0., 0.]), rgb=UNKNOWN, text='', units='height', win=Window(...), wrapWidth=1)
8.6200 	EXP 	Created hor_line_precue = Line(__class__=<class 'psychopy.visual.line.Line'>, anchor=('center', 'center'), autoDraw=False, autoLog=True, closeShape=False, color=array([1., 1., 1.]), colorSpace='rgb', contrast=None, depth=0.0, draggable=False, fillColor=array([1, 1, 1]), fillColorSpace='rgb', fillRGB=array([1, 1, 1]), interpolate=True, lineColor=array([1., 1., 1.]), lineColorSpace='rgb', lineRGB=array([1, 1, 1]), lineWidth=5.0, name='hor_line_precue', opacity=1, ori=-45.0, pos=array([0., 0.]), size=array([0.35, 0.35]), units='height', vertices=array([[-0.5, -0.5],
       [ 0.5,  0.5]]), win=Window(...), windingRule=None)
8.6219 	EXP 	Created ver_line_precue = Line(__class__=<class 'psychopy.visual.line.Line'>, anchor=('center', 'center'), autoDraw=False, autoLog=True, closeShape=False, color=array([1., 1., 1.]), colorSpace='rgb', contrast=None, depth=-1.0, draggable=False, fillColor=array([1, 1, 1]), fillColorSpace='rgb', fillRGB=array([1, 1, 1]), interpolate=True, lineColor=array([1., 1., 1.]), lineColorSpace='rgb', lineRGB=array([1, 1, 1]), lineWidth=5.0, name='ver_line_precue', opacity=1, ori=45.0, pos=array([0., 0.]), size=array([0.35, 0.35]), units='height', vertices=array([[-0.5, -0.5],
       [ 0.5,  0.5]]), win=Window(...), windingRule=None)
8.6236 	EXP 	Created rot_line_precue = Line(__class__=<class 'psychopy.visual.line.Line'>, anchor=('center', 'center'), autoDraw=False, autoLog=True, closeShape=False, color=array([1., 1., 1.]), colorSpace='rgb', contrast=None, depth=-2.0, draggable=False, fillColor=array([1, 1, 1]), fillColorSpace='rgb', fillRGB=array([1, 1, 1]), interpolate=True, lineColor=array([1., 1., 1.]), lineColorSpace='rgb', lineRGB=array([1, 1, 1]), lineWidth=5.0, name='rot_line_precue', opacity=1, ori=1.0, pos=array([0., 0.]), size=array([0.35, 0.35]), units='height', vertices=array([[-0.5, -0.5],
       [ 0.5,  0.5]]), win=Window(...), windingRule=None)
8.6275 	EXP 	Created point_left = ShapeStim(__class__=<class 'psychopy.visual.shape.ShapeStim'>, anchor=('center', 'center'), autoDraw=False, autoLog=True, closeShape=True, color=method-wrapper(...), colorSpace='rgb', contrast=None, depth=-4.0, draggable=False, fillColor=array([-1.    , -1.    ,  0.0902]), fillColorSpace='rgb', fillRGB=array([-1.    , -1.    ,  0.0902]), interpolate=True, lineColor=array([-1.    , -1.    ,  0.0902]), lineColorSpace='rgb', lineRGB=array([-1.    , -1.    ,  0.0902]), lineWidth=1.0, name='point_left', opacity=1, ori=0.0, pos=array([-0.25,  0.  ]), size=array([0.02, 0.02]), units='height', vertices=ndarray(...), win=Window(...), windingRule=None)
8.6313 	EXP 	Created point_right = ShapeStim(__class__=<class 'psychopy.visual.shape.ShapeStim'>, anchor=('center', 'center'), autoDraw=False, autoLog=True, closeShape=True, color=method-wrapper(...), colorSpace='rgb', contrast=None, depth=-5.0, draggable=False, fillColor=array([-1.    , -1.    ,  0.0902]), fillColorSpace='rgb', fillRGB=array([-1.    , -1.    ,  0.0902]), interpolate=True, lineColor=array([-1.    , -1.    ,  0.0902]), lineColorSpace='rgb', lineRGB=array([-1.    , -1.    ,  0.0902]), lineWidth=1.0, name='point_right', opacity=1, ori=0.0, pos=array([0.25, 0.  ]), size=array([0.02, 0.02]), units='height', vertices=ndarray(...), win=Window(...), windingRule=None)
8.6354 	EXP 	Created dot_precue = ShapeStim(__class__=<class 'psychopy.visual.shape.ShapeStim'>, anchor=('center', 'center'), autoDraw=False, autoLog=True, closeShape=True, color=method-wrapper(...), colorSpace='rgb', contrast=None, depth=-6.0, draggable=False, fillColor=array([1, 1, 1]), fillColorSpace='rgb', fillRGB=array([1, 1, 1]), interpolate=True, lineColor=array([1., 1., 1.]), lineColorSpace='rgb', lineRGB=array([1, 1, 1]), lineWidth=1.0, name='dot_precue', opacity=1, ori=0.0, pos=array([0., 0.]), size=array([0.02, 0.02]), units='height', vertices=ndarray(...), win=Window(...), windingRule=None)
8.6432 	EXP 	Created text = TextStim(__class__=<class 'psychopy.visual.text.TextStim'>, alignHoriz=method-wrapper(...), alignText='center', alignVert=method-wrapper(...), anchorHoriz='center', anchorVert='center', antialias=True, autoDraw=False, autoLog=True, bold=False, color=array([1., 1., 1.]), colorSpace='rgb', contrast=1.0, depth=0.0, draggable=False, flipHoriz=False, flipVert=False, font='Arial', fontFiles=[], height=np.float64(0.05), italic=False, languageStyle='LTR', name='text', opacity=1, ori=0.0, pos=array([0., 0.]), rgb=UNKNOWN, text='Run Finished', units='height', win=Window(...), wrapWidth=1)
8.6505 	EXP 	Created text_post_run = TextStim(__class__=<class 'psychopy.visual.text.TextStim'>, alignHoriz=method-wrapper(...), alignText='center', alignVert=method-wrapper(...), anchorHoriz='center', anchorVert='center', antialias=True, autoDraw=False, autoLog=True, bold=False, color=array([1., 1., 1.]), colorSpace='rgb', contrast=1.0, depth=0.0, draggable=False, flipHoriz=False, flipVert=False, font='Open Sans', fontFiles=[], height=np.float64(0.05), italic=False, languageStyle='LTR', name='text_post_run', opacity=1, ori=0.0, pos=array([0., 0.]), rgb=UNKNOWN, text='Block Finished. Yuhu!', units='height', win=Window(...), wrapWidth=1)
0.0032 	EXP 	rot_line_precue: ori = 0
0.0100 	EXP 	text_pre_block: autoDraw = True
0.4080 	EXP 	Device response: <KeyPress from None: t=0.39944370000011986, value=space, duration=None>
0.4090 	EXP 	New trial (rep=0, index=0): <Trial 0 (0 in rep 0) data={'thisN': 0, 'thisTrialN': 0, 'thisRepN': 0}>
0.4130 	EXP 	text_pre_block: autoDraw = False
0.4130 	EXP 	text_2: autoDraw = True
0.4773 	EXP 	Device response: <KeyPress from None: t=0.39944370000011986, value=space, duration=0.070264900001348>
3.4100 	EXP 	Imported classes.csv as conditions, 3 conditions, 2 params
3.4103 	EXP 	New trial (rep=0, index=0): <Trial 0 (0 in rep 0) data={'pic_name': 'pics/none.JPG', 'class_mi': 'rest', 'thisN': 0, 'thisTrialN': 0, 'thisRepN': 0}>
3.4169 	EXP 	text_2: autoDraw = False
3.4169 	EXP 	text_2: autoDraw = False
3.4169 	EXP 	hor_line_precue: autoDraw = True
3.4169 	EXP 	ver_line_precue: autoDraw = True
3.4169 	EXP 	rot_line_precue: autoDraw = True
3.4169 	EXP 	rot_line_precue: ori = 0.3075007796010515
3.4169 	EXP 	point_left: autoDraw = True
3.4169 	EXP 	point_right: autoDraw = True
3.4169 	EXP 	dot_precue: autoDraw = True
3.4267 	EXP 	rot_line_precue: ori = 0.8557312466067021
3.4349 	EXP 	rot_line_precue: ori = 1.1804557804178137
3.4436 	EXP 	rot_line_precue: ori = 1.4858033668738324
3.4518 	EXP 	rot_line_precue: ori = 1.921725756946084
3.4599 	EXP 	rot_line_precue: ori = 2.2946111683610413
3.4680 	EXP 	rot_line_precue: ori = 2.90729146640603
3.4765 	EXP 	rot_line_precue: ori = 3.202545826772088
3.4850 	EXP 	rot_line_precue: ori = 3.609325647434822
3.4931 	EXP 	rot_line_precue: ori = 3.9591836086904566
3.5018 	EXP 	rot_line_precue: ori = 4.665931384804028
3.5098 	EXP 	rot_line_precue: ori = 5.043626270580372
3.5180 	EXP 	rot_line_precue: ori = 5.349655051650755
3.5268 	EXP 	rot_line_precue: ori = 5.807574791698737
3.5348 	EXP 	rot_line_precue: ori = 6.176395129655715
3.5430 	EXP 	rot_line_precue: ori = 6.487088416488015
3.5515 	EXP 	rot_line_precue: ori = 6.811426364901689
3.5601 	EXP 	rot_line_precue: ori = 7.2087940152239405
3.5689 	EXP 	rot_line_precue: ori = 7.574140501935315
3.5768 	EXP 	rot_line_precue: ori = 8.009319092302617
3.5851 	EXP 	rot_line_precue: ori = 8.505569652625738
3.5931 	EXP 	rot_line_precue: ori = 8.890451118101447
3.6017 	EXP 	rot_line_precue: ori = 9.195405298016858
3.6101 	EXP 	rot_line_precue: ori = 9.519281609748568
3.6181 	EXP 	rot_line_precue: ori = 10.156431124827225
3.6270 	EXP 	rot_line_precue: ori = 10.678314071994887
3.6350 	EXP 	rot_line_precue: ori = 10.985812104512267
3.6431 	EXP 	rot_line_precue: ori = 11.301262155802737
3.6517 	EXP 	rot_line_precue: ori = 11.64839765944113
3.6598 	EXP 	rot_line_precue: ori = 11.960606584849588
3.6681 	EXP 	rot_line_precue: ori = 12.336761968540957
3.6764 	EXP 	rot_line_precue: ori = 13.070225357705372
3.6849 	EXP 	rot_line_precue: ori = 13.370991720891956
3.6930 	EXP 	rot_line_precue: ori = 13.951950499556405
3.7013 	EXP 	rot_line_precue: ori = 14.294935839002529
3.7100 	EXP 	rot_line_precue: ori = 14.594637705804324
3.7182 	EXP 	rot_line_precue: ori = 15.011254188802633
3.7265 	EXP 	rot_line_precue: ori = 15.59621834566021
3.7352 	EXP 	rot_line_precue: ori = 15.940029333352252
3.7434 	EXP 	rot_line_precue: ori = 16.3393782639842
3.7520 	EXP 	rot_line_precue: ori = 16.712784168326465
3.7604 	EXP 	rot_line_precue: ori = 17.093398711521992
3.7683 	EXP 	rot_line_precue: ori = 17.449660132244166
3.7771 	EXP 	rot_line_precue: ori = 17.781593680563994
3.7854 	EXP 	rot_line_precue: ori = 18.147606525190852
3.7936 	EXP 	rot_line_precue: ori = 18.468659463250788
3.8021 	EXP 	rot_line_precue: ori = 19.062241932629288
3.8101 	EXP 	rot_line_precue: ori = 19.398552857473437
3.8183 	EXP 	rot_line_precue: ori = 19.71129786666384
3.8266 	EXP 	rot_line_precue: ori = 20.044284344424565
3.8352 	EXP 	rot_line_precue: ori = 20.348634036626137
3.8433 	EXP 	rot_line_precue: ori = 20.77374360377237
3.8514 	EXP 	rot_line_precue: ori = 21.115263373887313
3.8596 	EXP 	rot_line_precue: ori = 21.482356710823233
3.8677 	EXP 	rot_line_precue: ori = 21.866252845238154
3.8763 	EXP 	rot_line_precue: ori = 22.310741256039346
3.8846 	EXP 	rot_line_precue: ori = 22.624754587837725
3.8928 	EXP 	rot_line_precue: ori = 23.043682723881112
3.9013 	EXP 	rot_line_precue: ori = 23.4730308866237
3.9095 	EXP 	rot_line_precue: ori = 23.905399897435377
3.9184 	EXP 	rot_line_precue: ori = 24.338015398658566
3.9267 	EXP 	rot_line_precue: ori = 25.080409493504593
3.9350 	EXP 	rot_line_precue: ori = 25.43142112734585
3.9436 	EXP 	rot_line_precue: ori = 26.06622999313938
3.9517 	EXP 	rot_line_precue: ori = 26.36625930248026
3.9599 	EXP 	rot_line_precue: ori = 26.696259314097578
3.9686 	EXP 	rot_line_precue: ori = 27.01203109127793
3.9770 	EXP 	rot_line_precue: ori = 27.47009511323611
3.9854 	EXP 	rot_line_precue: ori = 27.845982934369143
3.9933 	EXP 	rot_line_precue: ori = 28.180294717037672
4.0016 	EXP 	rot_line_precue: ori = 28.540394883296432
4.0097 	EXP 	rot_line_precue: ori = 28.868245871343706
4.0180 	EXP 	rot_line_precue: ori = 29.254396900771464
4.0266 	EXP 	rot_line_precue: ori = 29.624317250992032
4.0348 	EXP 	rot_line_precue: ori = 30.087807098349234
4.0430 	EXP 	rot_line_precue: ori = 30.740872952024432
4.0517 	EXP 	rot_line_precue: ori = 31.3141160408518
4.0599 	EXP 	rot_line_precue: ori = 31.641661330219897
4.0681 	EXP 	rot_line_precue: ori = 32.07829688647037
4.0766 	EXP 	rot_line_precue: ori = 32.455500094470025
4.0848 	EXP 	rot_line_precue: ori = 32.98493411315845
4.0940 	EXP 	rot_line_precue: ori = 33.29240799848701
4.1018 	EXP 	rot_line_precue: ori = 33.71859926205818
4.1102 	EXP 	rot_line_precue: ori = 34.13041480480262
4.1179 	EXP 	rot_line_precue: ori = 34.59706673801412
4.1263 	EXP 	rot_line_precue: ori = 34.99937678043177
4.1353 	EXP 	rot_line_precue: ori = 35.36515785024277
4.1431 	EXP 	rot_line_precue: ori = 35.665338855289335
4.1521 	EXP 	rot_line_precue: ori = 35.99590010656261
4.1601 	EXP 	rot_line_precue: ori = 36.33778215375192
4.1682 	EXP 	rot_line_precue: ori = 36.64712346874914
4.1764 	EXP 	rot_line_precue: ori = 36.97595502991373
4.1850 	EXP 	rot_line_precue: ori = 37.30917381667111
4.1931 	EXP 	rot_line_precue: ori = 37.666077441599185
4.2016 	EXP 	rot_line_precue: ori = 38.119993809382464
4.2098 	EXP 	rot_line_precue: ori = 38.73676960926411
4.2182 	EXP 	rot_line_precue: ori = 39.08355849384491
4.2264 	EXP 	rot_line_precue: ori = 39.42200523616832
4.2350 	EXP 	rot_line_precue: ori = 39.816711421832714
4.2432 	EXP 	rot_line_precue: ori = 40.150346726683594
4.2514 	EXP 	rot_line_precue: ori = 40.48802832257606
4.2596 	EXP 	rot_line_precue: ori = 40.92006328211683
4.2684 	EXP 	rot_line_precue: ori = 41.4718168083066
4.2766 	EXP 	rot_line_precue: ori = 41.76745345736085
4.2860 	EXP 	rot_line_precue: ori = 42.377328288166304
4.2928 	EXP 	rot_line_precue: ori = 42.69862596160805
4.3016 	EXP 	rot_line_precue: ori = 43.00430780792972
4.3098 	EXP 	rot_line_precue: ori = 43.41734067649152
4.3187 	EXP 	rot_line_precue: ori = 43.96456730483988
4.3266 	EXP 	rot_line_precue: ori = 44.41243452949249
4.3352 	EXP 	rot_line_precue: ori = 44.708312896827614
4.3433 	EXP 	rot_line_precue: ori = 45.34283625682727
4.3515 	EXP 	rot_line_precue: ori = 45.67062506236896
4.3603 	EXP 	rot_line_precue: ori = 45.968467358428406
4.3682 	EXP 	rot_line_precue: ori = 46.341829670154496
4.3766 	EXP 	rot_line_precue: ori = 46.67635978589061
4.3847 	EXP 	rot_line_precue: ori = 47.10825790092423
4.3932 	EXP 	rot_line_precue: ori = 47.428654138426495
4.4015 	EXP 	rot_line_precue: ori = 47.734861971144404
4.4097 	EXP 	rot_line_precue: ori = 48.05788656951729
4.4179 	EXP 	rot_line_precue: ori = 48.36306903131233
4.4265 	EXP 	rot_line_precue: ori = 48.819965805482326
4.4349 	EXP 	rot_line_precue: ori = 49.262812172383775
4.4435 	EXP 	rot_line_precue: ori = 50.009317132094736
4.4518 	EXP 	rot_line_precue: ori = 50.47627542131649
4.4599 	EXP 	rot_line_precue: ori = 50.816034722223634
4.4682 	EXP 	rot_line_precue: ori = 51.208334204750415
4.4766 	EXP 	rot_line_precue: ori = 51.837959822563064
4.4855 	EXP 	rot_line_precue: ori = 52.21771608476486
4.4935 	EXP 	rot_line_precue: ori = 52.592813190749254
4.5018 	EXP 	rot_line_precue: ori = 52.93298925433162
4.5099 	EXP 	rot_line_precue: ori = 53.53441774362472
4.5180 	EXP 	rot_line_precue: ori = 53.949721336497404
4.5265 	EXP 	rot_line_precue: ori = 54.269375020921856
4.5348 	EXP 	rot_line_precue: ori = 54.6451717997936
4.5430 	EXP 	rot_line_precue: ori = 54.95418432316049
4.5515 	EXP 	rot_line_precue: ori = 55.24972072102656
4.5597 	EXP 	rot_line_precue: ori = 55.62018526469947
4.5680 	EXP 	rot_line_precue: ori = 56.26205237789374
4.5763 	EXP 	rot_line_precue: ori = 56.57129480596313
4.5849 	EXP 	rot_line_precue: ori = 56.976299411345316
4.5931 	EXP 	rot_line_precue: ori = 57.55625528943709
4.6012 	EXP 	rot_line_precue: ori = 57.8759079839474
4.6100 	EXP 	rot_line_precue: ori = 58.19089440835282
4.6188 	EXP 	rot_line_precue: ori = 58.58339162381159
4.6268 	EXP 	rot_line_precue: ori = 58.908371574605404
4.6350 	EXP 	rot_line_precue: ori = 59.2340671686955
4.6432 	EXP 	rot_line_precue: ori = 59.5782655038095
4.6520 	EXP 	rot_line_precue: ori = 59.8931991940473
4.6603 	EXP 	rot_line_precue: ori = 60.24625126667207
4.6686 	EXP 	rot_line_precue: ori = 60.56460506689332
4.6769 	EXP 	rot_line_precue: ori = 60.871335125474936
4.6851 	EXP 	rot_line_precue: ori = 61.17884525356699
4.6927 	EXP 	rot_line_precue: ori = 61.50443924733325
4.7014 	EXP 	rot_line_precue: ori = 61.81719487198821
4.7098 	EXP 	rot_line_precue: ori = 62.15231018042431
4.7181 	EXP 	rot_line_precue: ori = 62.72599220506532
4.7264 	EXP 	rot_line_precue: ori = 63.04084357553228
4.7348 	EXP 	rot_line_precue: ori = 63.78566783314171
4.7430 	EXP 	rot_line_precue: ori = 64.36700211544621
4.7513 	EXP 	rot_line_precue: ori = 64.67114374070663
4.7596 	EXP 	rot_line_precue: ori = 65.05649198584737
4.7680 	EXP 	rot_line_precue: ori = 65.51791595281449
4.7763 	EXP 	rot_line_precue: ori = 65.88323548157976
4.7847 	EXP 	rot_line_precue: ori = 66.19181389404773
4.7940 	EXP 	rot_line_precue: ori = 66.60710531769232
4.8014 	EXP 	rot_line_precue: ori = 66.90767800457887
4.8103 	EXP 	rot_line_precue: ori = 67.31034631767527
4.8185 	EXP 	rot_line_precue: ori = 67.60902890964648
4.8266 	EXP 	rot_line_precue: ori = 67.9975237778025
4.8353 	EXP 	rot_line_precue: ori = 68.32852569336552
4.8434 	EXP 	rot_line_precue: ori = 68.67731045757012
4.8523 	EXP 	rot_line_precue: ori = 69.08658118211214
4.8602 	EXP 	rot_line_precue: ori = 69.6995606752321
4.8685 	EXP 	rot_line_precue: ori = 70.1902807599465
4.8765 	EXP 	rot_line_precue: ori = 70.80844258090865
4.8852 	EXP 	rot_line_precue: ori = 71.10768577785711
4.8931 	EXP 	rot_line_precue: ori = 71.50838562347363
4.9016 	EXP 	rot_line_precue: ori = 71.85148380721088
4.9098 	EXP 	rot_line_precue: ori = 72.53640730994896
4.9182 	EXP 	rot_line_precue: ori = 72.85992775732304
4.9270 	EXP 	rot_line_precue: ori = 73.17374658507944
4.9348 	EXP 	rot_line_precue: ori = 73.90820696572622
4.9431 	EXP 	rot_line_precue: ori = 74.25322436322848
4.9515 	EXP 	rot_line_precue: ori = 74.66134727456411
4.9598 	EXP 	rot_line_precue: ori = 74.98690723754544
4.9680 	EXP 	rot_line_precue: ori = 75.70497592435574
4.9767 	EXP 	rot_line_precue: ori = 76.04744421595002
4.9855 	EXP 	rot_line_precue: ori = 76.34465929872506
4.9934 	EXP 	rot_line_precue: ori = 76.77278218156178
5.0020 	EXP 	rot_line_precue: ori = 77.2017121119966
5.0104 	EXP 	rot_line_precue: ori = 77.50057675424678
5.0187 	EXP 	rot_line_precue: ori = 78.03221879403087
5.0268 	EXP 	rot_line_precue: ori = 78.5062420305714
5.0356 	EXP 	rot_line_precue: ori = 78.9696311461163
5.0436 	EXP 	rot_line_precue: ori = 79.33236116029737
5.0517 	EXP 	rot_line_precue: ori = 79.78726662350508
5.0600 	EXP 	rot_line_precue: ori = 80.16630877174423
5.0680 	EXP 	rot_line_precue: ori = 80.59226232651557
5.0766 	EXP 	rot_line_precue: ori = 81.27009367352417
5.0852 	EXP 	rot_line_precue: ori = 81.67005448964726
5.0929 	EXP 	rot_line_precue: ori = 81.99591903127681
5.1016 	EXP 	rot_line_precue: ori = 82.32611828119646
5.1098 	EXP 	rot_line_precue: ori = 82.91066938479541
5.1182 	EXP 	rot_line_precue: ori = 83.30254533396685
5.1269 	EXP 	rot_line_precue: ori = 83.70404568669575
5.1352 	EXP 	rot_line_precue: ori = 84.02471160847942
5.1435 	EXP 	rot_line_precue: ori = 84.32112034664027
5.1520 	EXP 	rot_line_precue: ori = 84.63911996531981
5.1601 	EXP 	rot_line_precue: ori = 84.9835874110958
5.1683 	EXP 	rot_line_precue: ori = 85.56718318739296
5.1769 	EXP 	rot_line_precue: ori = 85.88716395255834
5.1851 	EXP 	rot_line_precue: ori = 86.2125817854709
5.1933 	EXP 	rot_line_precue: ori = 86.52191073597743
5.2018 	EXP 	rot_line_precue: ori = 87.02664882006886
5.2104 	EXP 	rot_line_precue: ori = 87.37296131488122
5.2189 	EXP 	rot_line_precue: ori = 87.97856588814543
5.2267 	EXP 	rot_line_precue: ori = 88.41745877181101
5.2351 	EXP 	rot_line_precue: ori = 88.97989410515576
5.2432 	EXP 	rot_line_precue: ori = 89.40634732345633
5.2514 	EXP 	rot_line_precue: ori = 90.01195712555501
5.2599 	EXP 	rot_line_precue: ori = 90.33625334873422
5.2682 	EXP 	rot_line_precue: ori = 90.77693257987467
5.2764 	EXP 	rot_line_precue: ori = 91.1235903863363
5.2849 	EXP 	rot_line_precue: ori = 91.51510120027051
5.2931 	EXP 	rot_line_precue: ori = 91.82464561282595
5.3014 	EXP 	rot_line_precue: ori = 92.22715450663637
5.3103 	EXP 	rot_line_precue: ori = 92.53396828994963
5.3194 	EXP 	rot_line_precue: ori = 92.99545257126287
5.3274 	EXP 	rot_line_precue: ori = 93.29499856844772
5.3351 	EXP 	rot_line_precue: ori = 93.78742095062444
5.3434 	EXP 	rot_line_precue: ori = 94.1290332109207
5.3521 	EXP 	rot_line_precue: ori = 94.43359598675407
5.3602 	EXP 	rot_line_precue: ori = 94.75982215316469
5.3685 	EXP 	rot_line_precue: ori = 95.09371322604665
5.3766 	EXP 	rot_line_precue: ori = 95.47679704401688
5.3852 	EXP 	rot_line_precue: ori = 95.80887949784136
5.3935 	EXP 	rot_line_precue: ori = 96.15848334873509
5.4017 	EXP 	rot_line_precue: ori = 96.63491878990355
5.4026 	EXP 	New trial (rep=0, index=1): <Trial 1 (1 in rep 0) data={'pic_name': 'pics/feet.JPG', 'class_mi': 'feet', 'thisN': 1, 'thisTrialN': 1, 'thisRepN': 0}>
5.4097 	EXP 	hor_line_precue: autoDraw = False
5.4097 	EXP 	ver_line_precue: autoDraw = False
5.4097 	EXP 	rot_line_precue: autoDraw = False
5.4097 	EXP 	rot_line_precue: ori = 96.98246762924946
5.4097 	EXP 	point_left: autoDraw = False
5.4097 	EXP 	point_right: autoDraw = False
5.4097 	EXP 	dot_precue: autoDraw = False
5.4097 	EXP 	hor_line_precue: autoDraw = False
5.4097 	EXP 	ver_line_precue: autoDraw = False
5.4097 	EXP 	rot_line_precue: autoDraw = False
5.4097 	EXP 	point_left: autoDraw = False
5.4097 	EXP 	point_right: autoDraw = False
5.4097 	EXP 	dot_precue: autoDraw = False
5.4097 	EXP 	hor_line_precue: autoDraw = True
5.4097 	EXP 	ver_line_precue: autoDraw = True
5.4097 	EXP 	rot_line_precue: autoDraw = True
5.4097 	EXP 	rot_line_precue: ori = 97.29565782454524
5.4097 	EXP 	point_left: autoDraw = True
5.4097 	EXP 	point_right: autoDraw = True
5.4097 	EXP 	dot_precue: autoDraw = True
5.4183 	EXP 	rot_line_precue: ori = 97.65225984561566
5.4267 	EXP 	rot_line_precue: ori = 98.01770027515458
5.4355 	EXP 	rot_line_precue: ori = 98.6230186032299
5.4432 	EXP 	rot_line_precue: ori = 99.2502739766919
5.4515 	EXP 	rot_line_precue: ori = 99.56191161686753
5.4597 	EXP 	rot_line_precue: ori = 100.30119193463364
5.4679 	EXP 	rot_line_precue: ori = 100.75435280016798
5.4765 	EXP 	rot_line_precue: ori = 101.38215352813445
5.4848 	EXP 	rot_line_precue: ori = 101.80377425201617
5.4936 	EXP 	rot_line_precue: ori = 102.22306347614538
5.5017 	EXP 	rot_line_precue: ori = 102.52238424920574
5.5107 	EXP 	rot_line_precue: ori = 102.87417038858882
5.5189 	EXP 	rot_line_precue: ori = 103.21936606097002
5.5265 	EXP 	rot_line_precue: ori = 103.58490000807743
5.5350 	EXP 	rot_line_precue: ori = 103.94663191689715
5.5434 	EXP 	rot_line_precue: ori = 104.35631119274383
5.5518 	EXP 	rot_line_precue: ori = 104.68957237082687
5.5601 	EXP 	rot_line_precue: ori = 105.06290775075557
5.5686 	EXP 	rot_line_precue: ori = 105.43350913294046
5.5769 	EXP 	rot_line_precue: ori = 105.87317579790319
5.5850 	EXP 	rot_line_precue: ori = 106.19812628661731
5.5931 	EXP 	rot_line_precue: ori = 106.7131068230792
5.6016 	EXP 	rot_line_precue: ori = 107.07086182827948
5.6099 	EXP 	rot_line_precue: ori = 107.43860329587217
5.6182 	EXP 	rot_line_precue: ori = 107.75675034358218
5.6266 	EXP 	rot_line_precue: ori = 108.0760067222617
5.6349 	EXP 	rot_line_precue: ori = 108.42060457155807
5.6431 	EXP 	rot_line_precue: ori = 108.93324072109526
5.6517 	EXP 	rot_line_precue: ori = 109.24708221266607
5.6602 	EXP 	rot_line_precue: ori = 109.59585116489522
5.6683 	EXP 	rot_line_precue: ori = 109.91945828798416
5.6772 	EXP 	rot_line_precue: ori = 110.21604492647168
5.6851 	EXP 	rot_line_precue: ori = 110.53634160901422
5.6932 	EXP 	rot_line_precue: ori = 110.89337588132007
5.7019 	EXP 	rot_line_precue: ori = 111.25193797421292
5.7101 	EXP 	rot_line_precue: ori = 111.7005200640328
5.7181 	EXP 	rot_line_precue: ori = 112.00029896247285
5.7270 	EXP 	rot_line_precue: ori = 112.73710633090212
5.7354 	EXP 	rot_line_precue: ori = 113.06316130129629
5.7433 	EXP 	rot_line_precue: ori = 113.3597192206822
5.7520 	EXP 	rot_line_precue: ori = 113.87981712214861
5.7601 	EXP 	rot_line_precue: ori = 114.32395519222474
5.7684 	EXP 	rot_line_precue: ori = 114.65289042146269
5.7764 	EXP 	rot_line_precue: ori = 114.97913010812879
5.7851 	EXP 	rot_line_precue: ori = 115.29028068122581
5.7932 	EXP 	rot_line_precue: ori = 115.7285689318446
5.8014 	EXP 	rot_line_precue: ori = 116.05641713110388
5.8099 	EXP 	rot_line_precue: ori = 116.4081057935634
5.8181 	EXP 	rot_line_precue: ori = 116.78637593334327
5.8264 	EXP 	rot_line_precue: ori = 117.10690032395928
5.8346 	EXP 	rot_line_precue: ori = 117.81249238737003
5.8431 	EXP 	rot_line_precue: ori = 118.20277848732208
5.8516 	EXP 	rot_line_precue: ori = 118.66622324412452
5.8603 	EXP 	rot_line_precue: ori = 119.13695239107874
5.8685 	EXP 	rot_line_precue: ori = 119.43739271368634
5.8764 	EXP 	rot_line_precue: ori = 120.1897453946333
5.8852 	EXP 	rot_line_precue: ori = 120.8555756434023
5.8935 	EXP 	rot_line_precue: ori = 121.15264241938138
5.9014 	EXP 	rot_line_precue: ori = 121.45673623463627
5.9103 	EXP 	rot_line_precue: ori = 121.75237058300766
5.9185 	EXP 	rot_line_precue: ori = 122.31045783636934
5.9268 	EXP 	rot_line_precue: ori = 122.63350179477472
5.9346 	EXP 	rot_line_precue: ori = 122.93816622982455
5.9433 	EXP 	rot_line_precue: ori = 123.2565022743722
5.9515 	EXP 	rot_line_precue: ori = 123.5645648060285
5.9598 	EXP 	rot_line_precue: ori = 123.88741999635835
5.9683 	EXP 	rot_line_precue: ori = 124.22729332648721
5.9766 	EXP 	rot_line_precue: ori = 124.74609907285395
5.9848 	EXP 	rot_line_precue: ori = 125.05397618283794
5.9933 	EXP 	rot_line_precue: ori = 125.4007819829439
6.0015 	EXP 	rot_line_precue: ori = 126.10711116820622
6.0097 	EXP 	rot_line_precue: ori = 126.41926908102961
6.0180 	EXP 	rot_line_precue: ori = 126.79852433062277
6.0265 	EXP 	rot_line_precue: ori = 127.27101787909389
6.0348 	EXP 	rot_line_precue: ori = 127.67819846215586
6.0436 	EXP 	rot_line_precue: ori = 127.97904286266558
6.0518 	EXP 	rot_line_precue: ori = 128.31254766967888
6.0600 	EXP 	rot_line_precue: ori = 128.69671781102727
6.0685 	EXP 	rot_line_precue: ori = 128.99276255287631
6.0768 	EXP 	rot_line_precue: ori = 129.29553681777293
6.0854 	EXP 	rot_line_precue: ori = 129.67434308325602
6.0935 	EXP 	rot_line_precue: ori = 129.97996357709675
6.1017 	EXP 	rot_line_precue: ori = 130.40171752426446
6.1098 	EXP 	rot_line_precue: ori = 130.72984217562276
6.1181 	EXP 	rot_line_precue: ori = 131.03224964395017
6.1266 	EXP 	rot_line_precue: ori = 131.39978086433103
6.1350 	EXP 	rot_line_precue: ori = 131.7413951491074
6.1432 	EXP 	rot_line_precue: ori = 132.2794352653043
6.1516 	EXP 	rot_line_precue: ori = 132.64643483059555
6.1597 	EXP 	rot_line_precue: ori = 132.95082850617703
6.1680 	EXP 	rot_line_precue: ori = 133.539482890592
6.1768 	EXP 	rot_line_precue: ori = 133.83999612258242
6.1848 	EXP 	rot_line_precue: ori = 134.366810009476
6.1931 	EXP 	rot_line_precue: ori = 134.702012473376
6.2014 	EXP 	rot_line_precue: ori = 135.0087988991001
6.2101 	EXP 	rot_line_precue: ori = 135.39921938957738
6.2184 	EXP 	rot_line_precue: ori = 135.76265622246916
6.2277 	EXP 	rot_line_precue: ori = 136.32456076380248
6.2348 	EXP 	rot_line_precue: ori = 136.86711214211482
6.2433 	EXP 	rot_line_precue: ori = 137.20470213510964
6.2522 	EXP 	rot_line_precue: ori = 137.54469118569224
6.2603 	EXP 	rot_line_precue: ori = 138.3397651378958
6.2684 	EXP 	rot_line_precue: ori = 138.64268158022395
6.2765 	EXP 	rot_line_precue: ori = 138.94582904309223
6.2849 	EXP 	rot_line_precue: ori = 139.30343143090468
6.2932 	EXP 	rot_line_precue: ori = 139.97051343641937
6.3015 	EXP 	rot_line_precue: ori = 140.4305954825256
6.3100 	EXP 	rot_line_precue: ori = 140.7651922886917
6.3181 	EXP 	rot_line_precue: ori = 141.2779612934049
6.3264 	EXP 	rot_line_precue: ori = 141.6924030512156
6.3348 	EXP 	rot_line_precue: ori = 142.02820239735416
6.3432 	EXP 	rot_line_precue: ori = 142.36504415686144
6.3514 	EXP 	rot_line_precue: ori = 142.85822079823598
6.3601 	EXP 	rot_line_precue: ori = 143.3075372844926
6.3682 	EXP 	rot_line_precue: ori = 143.6033002749617
6.3766 	EXP 	rot_line_precue: ori = 144.00741835712054
6.3852 	EXP 	rot_line_precue: ori = 144.42624349310992
6.3934 	EXP 	rot_line_precue: ori = 144.82238846519377
6.4017 	EXP 	rot_line_precue: ori = 145.1426511086817
6.4102 	EXP 	rot_line_precue: ori = 145.65690581833724
6.4186 	EXP 	rot_line_precue: ori = 145.99429486852668
6.4272 	EXP 	rot_line_precue: ori = 146.3324871851966
6.4356 	EXP 	rot_line_precue: ori = 146.6388711724518
6.4434 	EXP 	rot_line_precue: ori = 146.94341684992835
6.4518 	EXP 	rot_line_precue: ori = 147.2732813894229
6.4596 	EXP 	rot_line_precue: ori = 147.58618746771486
6.4683 	EXP 	rot_line_precue: ori = 148.14230102148554
6.4765 	EXP 	rot_line_precue: ori = 148.53830491614073
6.4846 	EXP 	rot_line_precue: ori = 148.8486458169351
6.4931 	EXP 	rot_line_precue: ori = 149.23443488762018
6.5015 	EXP 	rot_line_precue: ori = 149.53681560961482
6.5097 	EXP 	rot_line_precue: ori = 149.85516283533374
6.5180 	EXP 	rot_line_precue: ori = 150.4243503525022
6.5264 	EXP 	rot_line_precue: ori = 150.9003932248219
6.5348 	EXP 	rot_line_precue: ori = 151.6648118944402
6.5429 	EXP 	rot_line_precue: ori = 152.01520793322618
6.5518 	EXP 	rot_line_precue: ori = 152.32202726176396
6.5601 	EXP 	rot_line_precue: ori = 152.8189050010415
6.5687 	EXP 	rot_line_precue: ori = 153.15082910598503
6.5767 	EXP 	rot_line_precue: ori = 153.46079544292186
6.5850 	EXP 	rot_line_precue: ori = 153.80279078933233
6.5931 	EXP 	rot_line_precue: ori = 154.44335122502355
6.6018 	EXP 	rot_line_precue: ori = 155.06411317186001
6.6100 	EXP 	rot_line_precue: ori = 155.4208996536238
6.6186 	EXP 	rot_line_precue: ori = 156.09273352962748
6.6267 	EXP 	rot_line_precue: ori = 156.44311181258607
6.6348 	EXP 	rot_line_precue: ori = 157.16300168913574
6.6430 	EXP 	rot_line_precue: ori = 157.51695715379452
6.6517 	EXP 	rot_line_precue: ori = 157.8222252601186
6.6599 	EXP 	rot_line_precue: ori = 158.1435894438956
6.6681 	EXP 	rot_line_precue: ori = 158.5341091908522
6.6772 	EXP 	rot_line_precue: ori = 158.89213929569053
6.6849 	EXP 	rot_line_precue: ori = 159.22464890187567
6.6931 	EXP 	rot_line_precue: ori = 159.6476941265046
6.7012 	EXP 	rot_line_precue: ori = 159.9491908272973
6.7102 	EXP 	rot_line_precue: ori = 160.25482443865093
6.7182 	EXP 	rot_line_precue: ori = 160.55111810733072
6.7269 	EXP 	rot_line_precue: ori = 160.85624138373
6.7351 	EXP 	rot_line_precue: ori = 161.1650291611185
6.7434 	EXP 	rot_line_precue: ori = 161.52077851973928
6.7517 	EXP 	rot_line_precue: ori = 161.82297067215285
6.7599 	EXP 	rot_line_precue: ori = 162.12073485649566
6.7682 	EXP 	rot_line_precue: ori = 162.43309217081173
6.7769 	EXP 	rot_line_precue: ori = 162.84447002895638
6.7852 	EXP 	rot_line_precue: ori = 163.18844500785775
6.7935 	EXP 	rot_line_precue: ori = 163.83219951878058
6.8019 	EXP 	rot_line_precue: ori = 164.23907388094995
6.8101 	EXP 	rot_line_precue: ori = 164.60360780598927
6.8181 	EXP 	rot_line_precue: ori = 165.07148646392005
6.8269 	EXP 	rot_line_precue: ori = 165.38550914933032
6.8349 	EXP 	rot_line_precue: ori = 165.7331209746267
6.8432 	EXP 	rot_line_precue: ori = 166.05270667834998
6.8514 	EXP 	rot_line_precue: ori = 166.68339833461735
6.8600 	EXP 	rot_line_precue: ori = 167.01905227967825
6.8682 	EXP 	rot_line_precue: ori = 167.60944871525555
6.8765 	EXP 	rot_line_precue: ori = 167.93319760358065
6.8847 	EXP 	rot_line_precue: ori = 168.3736930267156
6.8934 	EXP 	rot_line_precue: ori = 168.90980745507161
6.9016 	EXP 	rot_line_precue: ori = 169.22497178272562
6.9103 	EXP 	rot_line_precue: ori = 169.91370680353327
6.9184 	EXP 	rot_line_precue: ori = 170.42912321389127
6.9273 	EXP 	rot_line_precue: ori = 170.82767999053405
6.9346 	EXP 	rot_line_precue: ori = 171.2677330473889
6.9442 	EXP 	rot_line_precue: ori = 171.58291284362647
6.9522 	EXP 	rot_line_precue: ori = 172.01088925364655
6.9606 	EXP 	rot_line_precue: ori = 172.38983503893954
6.9687 	EXP 	rot_line_precue: ori = 172.9801233867368
6.9768 	EXP 	rot_line_precue: ori = 173.28337128245863
6.9852 	EXP 	rot_line_precue: ori = 173.58641126872737
6.9934 	EXP 	rot_line_precue: ori = 173.9891440167035
7.0017 	EXP 	rot_line_precue: ori = 174.31901798491717
7.0099 	EXP 	rot_line_precue: ori = 174.61582033250198
7.0183 	EXP 	rot_line_precue: ori = 174.9382562041769
7.0265 	EXP 	rot_line_precue: ori = 175.30084038134237
7.0347 	EXP 	rot_line_precue: ori = 175.6796982352551
7.0429 	EXP 	rot_line_precue: ori = 176.17345826471325
7.0514 	EXP 	rot_line_precue: ori = 176.72635046590827
7.0597 	EXP 	rot_line_precue: ori = 177.05608352212542
7.0680 	EXP 	rot_line_precue: ori = 177.37758735226538
7.0766 	EXP 	rot_line_precue: ori = 177.71273809618032
7.0850 	EXP 	rot_line_precue: ori = 178.01628533229803
7.0936 	EXP 	rot_line_precue: ori = 178.38195514467012
7.1018 	EXP 	rot_line_precue: ori = 178.9405534391958
7.1100 	EXP 	rot_line_precue: ori = 179.2999185025764
7.1186 	EXP 	rot_line_precue: ori = 179.68951015562266
7.1269 	EXP 	rot_line_precue: ori = 180.1743310056821
7.1356 	EXP 	rot_line_precue: ori = 180.63230297274018
7.1434 	EXP 	rot_line_precue: ori = 181.01758167824238
7.1516 	EXP 	rot_line_precue: ori = 181.47712328818008
7.1599 	EXP 	rot_line_precue: ori = 181.79299869467783
7.1681 	EXP 	rot_line_precue: ori = 182.09857630203422
7.1768 	EXP 	rot_line_precue: ori = 182.7768733815288
7.1850 	EXP 	rot_line_precue: ori = 183.1526253636903
7.1931 	EXP 	rot_line_precue: ori = 183.6385188794499
7.2014 	EXP 	rot_line_precue: ori = 184.04287576523004
7.2099 	EXP 	rot_line_precue: ori = 184.3516685882274
7.2181 	EXP 	rot_line_precue: ori = 184.6863592647384
7.2264 	EXP 	rot_line_precue: ori = 185.01487919853352
7.2360 	EXP 	rot_line_precue: ori = 185.54174476468955
7.2429 	EXP 	rot_line_precue: ori = 185.98738445704763
7.2518 	EXP 	rot_line_precue: ori = 186.2843011199923
7.2602 	EXP 	rot_line_precue: ori = 186.61531277613355
7.2684 	EXP 	rot_line_precue: ori = 186.91410198896116
7.2769 	EXP 	rot_line_precue: ori = 187.24123152428774
7.2852 	EXP 	rot_line_precue: ori = 187.60353330924045
7.2938 	EXP 	rot_line_precue: ori = 187.95056035730866
7.3019 	EXP 	rot_line_precue: ori = 188.28188385575902
7.3102 	EXP 	rot_line_precue: ori = 188.62953635842692
7.3184 	EXP 	rot_line_precue: ori = 189.052693594634
7.3263 	EXP 	rot_line_precue: ori = 189.35478841504295
7.3350 	EXP 	rot_line_precue: ori = 189.95504034402282
7.3432 	EXP 	rot_line_precue: ori = 190.28519205654143
7.3515 	EXP 	rot_line_precue: ori = 190.59319005402816
7.3604 	EXP 	rot_line_precue: ori = 190.97816508363425
7.3682 	EXP 	rot_line_precue: ori = 191.2821881833844
7.3765 	EXP 	rot_line_precue: ori = 191.68742809576426
7.3846 	EXP 	rot_line_precue: ori = 191.98481288516354
7.3931 	EXP 	rot_line_precue: ori = 192.28825108086332
7.3940 	EXP 	New trial (rep=0, index=2): <Trial 2 (2 in rep 0) data={'pic_name': 'pics/left_hand.JPG', 'class_mi': 'left_hand', 'thisN': 2, 'thisTrialN': 2, 'thisRepN': 0}>
7.4015 	EXP 	hor_line_precue: autoDraw = False
7.4015 	EXP 	ver_line_precue: autoDraw = False
7.4015 	EXP 	rot_line_precue: autoDraw = False
7.4015 	EXP 	rot_line_precue: ori = 192.58655618060442
7.4015 	EXP 	point_left: autoDraw = False
7.4015 	EXP 	point_right: autoDraw = False
7.4015 	EXP 	dot_precue: autoDraw = False
7.4015 	EXP 	hor_line_precue: autoDraw = False
7.4015 	EXP 	ver_line_precue: autoDraw = False
7.4015 	EXP 	rot_line_precue: autoDraw = False
7.4015 	EXP 	point_left: autoDraw = False
7.4015 	EXP 	point_right: autoDraw = False
7.4015 	EXP 	dot_precue: autoDraw = False
7.4015 	EXP 	hor_line_precue: autoDraw = True
7.4015 	EXP 	ver_line_precue: autoDraw = True
7.4015 	EXP 	rot_line_precue: autoDraw = True
7.4015 	EXP 	rot_line_precue: ori = 193.05035332519577
7.4015 	EXP 	point_left: autoDraw = True
7.4015 	EXP 	point_right: autoDraw = True
7.4015 	EXP 	dot_precue: autoDraw = True
7.4096 	EXP 	rot_line_precue: ori = 193.43324163537315
7.4180 	EXP 	rot_line_precue: ori = 193.7581277224908
7.4266 	EXP 	rot_line_precue: ori = 194.08550468559568
7.4353 	EXP 	rot_line_precue: ori = 194.53068940375633
7.4434 	EXP 	rot_line_precue: ori = 194.93180961424622
7.4522 	EXP 	rot_line_precue: ori = 195.537336937934
7.4604 	EXP 	rot_line_precue: ori = 195.86156432317688
7.4686 	EXP 	rot_line_precue: ori = 196.28671319389818
7.4773 	EXP 	rot_line_precue: ori = 196.76149652880486
7.4855 	EXP 	rot_line_precue: ori = 197.0581581134712
7.4929 	EXP 	rot_line_precue: ori = 197.37671446009443
7.5019 	EXP 	rot_line_precue: ori = 197.73160616438574
7.5099 	EXP 	rot_line_precue: ori = 198.0308234742815
7.5183 	EXP 	rot_line_precue: ori = 198.5021325965997
7.5266 	EXP 	rot_line_precue: ori = 198.84687577130103
7.5348 	EXP 	rot_line_precue: ori = 199.26945777069898
7.5434 	EXP 	rot_line_precue: ori = 199.65190263291043
7.5515 	EXP 	rot_line_precue: ori = 200.06763163950015
7.5599 	EXP 	rot_line_precue: ori = 200.36888032594845
7.5679 	EXP 	rot_line_precue: ori = 200.6732537343303
7.5762 	EXP 	rot_line_precue: ori = 200.9697855148007
7.5855 	EXP 	rot_line_precue: ori = 201.3921850039906
7.5926 	EXP 	rot_line_precue: ori = 201.70576191764943
7.6018 	EXP 	rot_line_precue: ori = 202.01943297614287
7.6106 	EXP 	rot_line_precue: ori = 202.38053229740837
7.6184 	EXP 	rot_line_precue: ori = 202.69792170096406
7.6269 	EXP 	rot_line_precue: ori = 203.01414888881615
7.6355 	EXP 	rot_line_precue: ori = 203.38100007615313
7.6438 	EXP 	rot_line_precue: ori = 203.72141681959735
7.6520 	EXP 	rot_line_precue: ori = 204.02458301709657
7.6609 	EXP 	rot_line_precue: ori = 204.38416399615875
7.6680 	EXP 	rot_line_precue: ori = 204.9165431773766
7.6766 	EXP 	rot_line_precue: ori = 205.2212512481129
7.6849 	EXP 	rot_line_precue: ori = 205.653051445276
7.6931 	EXP 	rot_line_precue: ori = 206.0068417626825
7.7016 	EXP 	rot_line_precue: ori = 206.52512089194292
7.7098 	EXP 	rot_line_precue: ori = 206.93399781382973
7.7179 	EXP 	rot_line_precue: ori = 207.3857227343612
7.7263 	EXP 	rot_line_precue: ori = 208.0289293481403
7.7346 	EXP 	rot_line_precue: ori = 208.49531312678394
7.7429 	EXP 	rot_line_precue: ori = 208.81133878277177
7.7517 	EXP 	rot_line_precue: ori = 209.24233842119384
7.7599 	EXP 	rot_line_precue: ori = 209.54709905798236
7.7683 	EXP 	rot_line_precue: ori = 209.85010509725007
7.7767 	EXP 	rot_line_precue: ori = 210.14905489268992
7.7850 	EXP 	rot_line_precue: ori = 210.53783685572424
7.7934 	EXP 	rot_line_precue: ori = 210.8407068110397
7.8020 	EXP 	rot_line_precue: ori = 211.1508429929403
7.8102 	EXP 	rot_line_precue: ori = 211.48452119758093
7.8181 	EXP 	rot_line_precue: ori = 211.82856020778286
7.8274 	EXP 	rot_line_precue: ori = 212.14833995833914
7.8351 	EXP 	rot_line_precue: ori = 212.51850270242653
7.8434 	EXP 	rot_line_precue: ori = 212.8422434840361
7.8515 	EXP 	rot_line_precue: ori = 213.20293986308695
7.8599 	EXP 	rot_line_precue: ori = 213.7923946082455
7.8683 	EXP 	rot_line_precue: ori = 214.25641673312177
7.8766 	EXP 	rot_line_precue: ori = 214.6141038084357
7.8852 	EXP 	rot_line_precue: ori = 214.937793242166
7.8932 	EXP 	rot_line_precue: ori = 215.25247274023096
7.9014 	EXP 	rot_line_precue: ori = 215.67263200136694
7.9097 	EXP 	rot_line_precue: ori = 215.99142559912264
7.9182 	EXP 	rot_line_precue: ori = 216.30541503478636
7.9265 	EXP 	rot_line_precue: ori = 216.61552061401426
7.9349 	EXP 	rot_line_precue: ori = 216.91394415348898
7.9430 	EXP 	rot_line_precue: ori = 217.31794403821715
7.9515 	EXP 	rot_line_precue: ori = 217.75991191307224
7.9603 	EXP 	rot_line_precue: ori = 218.06348602158937
7.9687 	EXP 	rot_line_precue: ori = 218.41141945434808
7.9774 	EXP 	rot_line_precue: ori = 218.73234833946375
7.9857 	EXP 	rot_line_precue: ori = 219.03537947274677
7.9936 	EXP 	rot_line_precue: ori = 219.41500360992606
8.0022 	EXP 	rot_line_precue: ori = 219.71226990597626
8.0102 	EXP 	rot_line_precue: ori = 220.039043014187
8.0185 	EXP 	rot_line_precue: ori = 220.33595895708646
8.0267 	EXP 	rot_line_precue: ori = 220.7578971815617
8.0349 	EXP 	rot_line_precue: ori = 221.39765176738794
8.0434 	EXP 	rot_line_precue: ori = 221.88190870668618
8.0515 	EXP 	rot_line_precue: ori = 222.1905405453917
8.0599 	EXP 	rot_line_precue: ori = 222.50932054676056
8.0681 	EXP 	rot_line_precue: ori = 222.83328061072456
8.0765 	EXP 	rot_line_precue: ori = 223.32620139375956
8.0848 	EXP 	rot_line_precue: ori = 223.72302163054405
8.0935 	EXP 	rot_line_precue: ori = 224.09517903740007
8.1021 	EXP 	rot_line_precue: ori = 224.41258564094335
8.1099 	EXP 	rot_line_precue: ori = 225.06917798965557
8.1180 	EXP 	rot_line_precue: ori = 225.3978365022497
8.1267 	EXP 	rot_line_precue: ori = 225.8281441647054
8.1348 	EXP 	rot_line_precue: ori = 226.25843511866006
8.1431 	EXP 	rot_line_precue: ori = 226.56829742752396
8.1518 	EXP 	rot_line_precue: ori = 227.02980704544504
8.1601 	EXP 	rot_line_precue: ori = 227.33728030728844
8.1686 	EXP 	rot_line_precue: ori = 227.68659882400453
8.1768 	EXP 	rot_line_precue: ori = 228.10079265946564
8.1851 	EXP 	rot_line_precue: ori = 228.49433799173815
8.1937 	EXP 	rot_line_precue: ori = 228.88643814665943
8.2019 	EXP 	rot_line_precue: ori = 229.2430000662867
8.2100 	EXP 	rot_line_precue: ori = 229.5396341425428
8.2182 	EXP 	rot_line_precue: ori = 230.2447487717841
8.2268 	EXP 	rot_line_precue: ori = 230.54393885257582
8.2349 	EXP 	rot_line_precue: ori = 230.84086587270232
8.2432 	EXP 	rot_line_precue: ori = 231.25354139488994
8.2513 	EXP 	rot_line_precue: ori = 231.56562837320462
8.2599 	EXP 	rot_line_precue: ori = 231.8608916247066
8.2681 	EXP 	rot_line_precue: ori = 232.18567764768926
8.2764 	EXP 	rot_line_precue: ori = 232.65023736619855
8.2849 	EXP 	rot_line_precue: ori = 232.97866325058203
8.2935 	EXP 	rot_line_precue: ori = 233.30714047749197
8.3017 	EXP 	rot_line_precue: ori = 233.61386765377122
8.3099 	EXP 	rot_line_precue: ori = 233.9410111979714
8.3183 	EXP 	rot_line_precue: ori = 234.68894576499196
8.3269 	EXP 	rot_line_precue: ori = 235.46269476657915
8.3356 	EXP 	rot_line_precue: ori = 235.76618881875092
8.3434 	EXP 	rot_line_precue: ori = 236.34199770494988
8.3522 	EXP 	rot_line_precue: ori = 236.8278003880179
8.3602 	EXP 	rot_line_precue: ori = 237.12487264639307
8.3684 	EXP 	rot_line_precue: ori = 237.5762391005941
8.3770 	EXP 	rot_line_precue: ori = 238.1157533661767
8.3852 	EXP 	rot_line_precue: ori = 238.41943534065206
8.3942 	EXP 	rot_line_precue: ori = 238.8844277639788
8.4012 	EXP 	rot_line_precue: ori = 239.2085239791914
8.4101 	EXP 	rot_line_precue: ori = 239.7522253473219
8.4183 	EXP 	rot_line_precue: ori = 240.04938339650803
8.4267 	EXP 	rot_line_precue: ori = 240.40808010357435
8.4345 	EXP 	rot_line_precue: ori = 240.7158600337211
8.4428 	EXP 	rot_line_precue: ori = 241.11305870601376
8.4513 	EXP 	rot_line_precue: ori = 241.51873172731334
8.4595 	EXP 	rot_line_precue: ori = 241.8194602142463
8.4682 	EXP 	rot_line_precue: ori = 242.13149712952406
8.4764 	EXP 	rot_line_precue: ori = 242.6467134511472
8.4846 	EXP 	rot_line_precue: ori = 242.95722040647718
8.4933 	EXP 	rot_line_precue: ori = 243.30665162579237
8.5017 	EXP 	rot_line_precue: ori = 243.61919205615575
8.5099 	EXP 	rot_line_precue: ori = 244.21427795466843
8.5184 	EXP 	rot_line_precue: ori = 244.67656758138094
8.5266 	EXP 	rot_line_precue: ori = 245.03500282790162
8.5346 	EXP 	rot_line_precue: ori = 245.39038370777618
8.5434 	EXP 	rot_line_precue: ori = 245.70017182543862
8.5514 	EXP 	rot_line_precue: ori = 246.04777733262472
8.5597 	EXP 	rot_line_precue: ori = 246.61975352463358
8.5683 	EXP 	rot_line_precue: ori = 247.13103413554268
8.5766 	EXP 	rot_line_precue: ori = 247.50670636472287
8.5853 	EXP 	rot_line_precue: ori = 247.8199985730991
8.5932 	EXP 	rot_line_precue: ori = 248.12969203517687
8.6016 	EXP 	rot_line_precue: ori = 248.52747435958207
8.6098 	EXP 	rot_line_precue: ori = 248.8706988797152
8.6179 	EXP 	rot_line_precue: ori = 249.2997532148201
8.6266 	EXP 	rot_line_precue: ori = 249.65079140435336
8.6348 	EXP 	rot_line_precue: ori = 250.25342055251906
8.6429 	EXP 	rot_line_precue: ori = 250.61986275234804
8.6512 	EXP 	rot_line_precue: ori = 250.9169410976961
8.6597 	EXP 	rot_line_precue: ori = 251.260046248144
8.6681 	EXP 	rot_line_precue: ori = 251.5566747895136
8.6767 	EXP 	rot_line_precue: ori = 252.12200162662083
8.6849 	EXP 	rot_line_precue: ori = 252.45346144317097
8.6931 	EXP 	rot_line_precue: ori = 252.8830927351899
8.7012 	EXP 	rot_line_precue: ori = 253.1962064762115
8.7099 	EXP 	rot_line_precue: ori = 253.5118556621254
8.7182 	EXP 	rot_line_precue: ori = 254.04307932558703
8.7267 	EXP 	rot_line_precue: ori = 254.3691524186889
8.7350 	EXP 	rot_line_precue: ori = 254.71075402131396
8.7430 	EXP 	rot_line_precue: ori = 255.02547886804382
8.7517 	EXP 	rot_line_precue: ori = 255.61849930515447
8.7598 	EXP 	rot_line_precue: ori = 256.128019748843
8.7680 	EXP 	rot_line_precue: ori = 256.47118791821663
8.7763 	EXP 	rot_line_precue: ori = 256.9914555630185
8.7847 	EXP 	rot_line_precue: ori = 257.3219492605758
8.7930 	EXP 	rot_line_precue: ori = 257.6215545564317
8.8013 	EXP 	rot_line_precue: ori = 257.966878763687
8.8100 	EXP 	rot_line_precue: ori = 258.26929201255973
8.8182 	EXP 	rot_line_precue: ori = 258.8580570054252
8.8268 	EXP 	rot_line_precue: ori = 259.30286564863803
8.8350 	EXP 	rot_line_precue: ori = 259.7188565505793
8.8437 	EXP 	rot_line_precue: ori = 260.14236431659765
8.8512 	EXP 	rot_line_precue: ori = 260.4731432936761
8.8600 	EXP 	rot_line_precue: ori = 260.8095628954785
8.8682 	EXP 	rot_line_precue: ori = 261.2265835204868
8.8764 	EXP 	rot_line_precue: ori = 261.59882649084346
8.8850 	EXP 	rot_line_precue: ori = 262.09787252842693
8.8934 	EXP 	rot_line_precue: ori = 262.42518132820936
8.9014 	EXP 	rot_line_precue: ori = 262.9732983693945
8.9100 	EXP 	rot_line_precue: ori = 263.3647489241539
8.9181 	EXP 	rot_line_precue: ori = 263.66097883026174
8.9265 	EXP 	rot_line_precue: ori = 264.40538001000505
8.9346 	EXP 	rot_line_precue: ori = 264.7165093577352
8.9431 	EXP 	rot_line_precue: ori = 265.4184854708779
8.9515 	EXP 	rot_line_precue: ori = 265.7397601335424
8.9596 	EXP 	rot_line_precue: ori = 266.48749723661047
8.9679 	EXP 	rot_line_precue: ori = 266.8775738708359
8.9763 	EXP 	rot_line_precue: ori = 267.60911676214016
8.9846 	EXP 	rot_line_precue: ori = 268.018780767295
8.9931 	EXP 	rot_line_precue: ori = 268.69703892616997
9.0014 	EXP 	rot_line_precue: ori = 269.0852986655909
9.0097 	EXP 	rot_line_precue: ori = 269.3807269580326
9.0181 	EXP 	rot_line_precue: ori = 269.9704980539063
9.0266 	EXP 	rot_line_precue: ori = 270.29488518428195
9.0348 	EXP 	rot_line_precue: ori = 270.61386264219186
9.0437 	EXP 	rot_line_precue: ori = 270.9368257570657
9.0516 	EXP 	rot_line_precue: ori = 271.2543025709962
9.0598 	EXP 	rot_line_precue: ori = 271.88079142912017
9.0683 	EXP 	rot_line_precue: ori = 272.28823972563293
9.0767 	EXP 	rot_line_precue: ori = 272.64387341284294
9.0853 	EXP 	rot_line_precue: ori = 273.1632846425917
9.0926 	EXP 	rot_line_precue: ori = 273.4632759336997
9.1015 	EXP 	rot_line_precue: ori = 273.95338352572264
9.1098 	EXP 	rot_line_precue: ori = 274.27549950018215
9.1184 	EXP 	rot_line_precue: ori = 274.7907374594755
9.1265 	EXP 	rot_line_precue: ori = 275.0974492472972
9.1347 	EXP 	rot_line_precue: ori = 275.5633362277826
9.1430 	EXP 	rot_line_precue: ori = 275.8618645682696
9.1515 	EXP 	rot_line_precue: ori = 276.343163559751
9.1597 	EXP 	rot_line_precue: ori = 276.6567102619305
9.1679 	EXP 	rot_line_precue: ori = 276.973106426242
9.1761 	EXP 	rot_line_precue: ori = 277.3367134826918
9.1847 	EXP 	rot_line_precue: ori = 277.912452643532
9.1929 	EXP 	rot_line_precue: ori = 278.33087401982243
9.2017 	EXP 	rot_line_precue: ori = 278.74597648625013
9.2099 	EXP 	rot_line_precue: ori = 279.17258845854934
9.2182 	EXP 	rot_line_precue: ori = 279.4932472085311
9.2269 	EXP 	rot_line_precue: ori = 279.9087192043368
9.2350 	EXP 	rot_line_precue: ori = 280.2117035294642
9.2431 	EXP 	rot_line_precue: ori = 280.58960830457517
9.2519 	EXP 	rot_line_precue: ori = 280.94194153673664
9.2598 	EXP 	rot_line_precue: ori = 281.4811640146175
9.2680 	EXP 	rot_line_precue: ori = 282.01112124730156
9.2762 	EXP 	rot_line_precue: ori = 282.5193419882551
9.2848 	EXP 	rot_line_precue: ori = 282.8800368621846
9.2930 	EXP 	rot_line_precue: ori = 283.2427434418315
9.3013 	EXP 	rot_line_precue: ori = 283.5563095089097
9.3098 	EXP 	rot_line_precue: ori = 283.9637391441247
9.3181 	EXP 	rot_line_precue: ori = 284.28937668986185
9.3263 	EXP 	rot_line_precue: ori = 284.5899476910669
9.3348 	EXP 	rot_line_precue: ori = 284.89345901046454
9.3429 	EXP 	rot_line_precue: ori = 285.26687290433966
9.3513 	EXP 	rot_line_precue: ori = 285.5737585706858
9.3599 	EXP 	rot_line_precue: ori = 286.11884183637517
9.3681 	EXP 	rot_line_precue: ori = 286.57648358378896
9.3763 	EXP 	rot_line_precue: ori = 287.17001159040177
9.3851 	EXP 	rot_line_precue: ori = 287.46658320908784
9.3861 	EXP 	New trial (rep=1, index=3): <Trial 3 (3 in rep 1) data={'pic_name': 'pics/feet.JPG', 'class_mi': 'feet', 'thisN': 3, 'thisTrialN': 3, 'thisRepN': 1}>
9.3929 	EXP 	hor_line_precue: autoDraw = False
9.3929 	EXP 	ver_line_precue: autoDraw = False
9.3929 	EXP 	rot_line_precue: autoDraw = False
9.3929 	EXP 	rot_line_precue: ori = 287.85807361015856
9.3929 	EXP 	point_left: autoDraw = False
9.3929 	EXP 	point_right: autoDraw = False
9.3929 	EXP 	dot_precue: autoDraw = False
9.3929 	EXP 	hor_line_precue: autoDraw = False
9.3929 	EXP 	ver_line_precue: autoDraw = False
9.3929 	EXP 	rot_line_precue: autoDraw = False
9.3929 	EXP 	point_left: autoDraw = False
9.3929 	EXP 	point_right: autoDraw = False
9.3929 	EXP 	dot_precue: autoDraw = False
9.3929 	EXP 	hor_line_precue: autoDraw = True
9.3929 	EXP 	ver_line_precue: autoDraw = True
9.3929 	EXP 	rot_line_precue: autoDraw = True
9.3929 	EXP 	rot_line_precue: ori = 288.24073824496423
9.3929 	EXP 	point_left: autoDraw = True
9.3929 	EXP 	point_right: autoDraw = True
9.3929 	EXP 	dot_precue: autoDraw = True
9.4018 	EXP 	rot_line_precue: ori = 288.62702281278223
9.4100 	EXP 	rot_line_precue: ori = 288.9296546286959
9.4183 	EXP 	rot_line_precue: ori = 289.46043463565024
9.4264 	EXP 	rot_line_precue: ori = 289.96860017385933
9.4350 	EXP 	rot_line_precue: ori = 290.57633768538847
9.4431 	EXP 	rot_line_precue: ori = 291.35998185437705
9.4514 	EXP 	rot_line_precue: ori = 291.711256404545
9.4597 	EXP 	rot_line_precue: ori = 292.0774307127502
9.4681 	EXP 	rot_line_precue: ori = 292.46905456883536
9.4763 	EXP 	rot_line_precue: ori = 292.9395493020837
9.4846 	EXP 	rot_line_precue: ori = 293.273669277157
9.4928 	EXP 	rot_line_precue: ori = 293.5934742735976
9.5014 	EXP 	rot_line_precue: ori = 293.9422471391821
9.5096 	EXP 	rot_line_precue: ori = 294.53540663974064
9.5181 	EXP 	rot_line_precue: ori = 294.9919383367744
9.5264 	EXP 	rot_line_precue: ori = 295.53907011779046
9.5347 	EXP 	rot_line_precue: ori = 296.06456274201474
9.5427 	EXP 	rot_line_precue: ori = 296.4681456679836
9.5515 	EXP 	rot_line_precue: ori = 296.82742040014915
9.5598 	EXP 	rot_line_precue: ori = 297.16354182432303
9.5685 	EXP 	rot_line_precue: ori = 297.7306229472004
9.5769 	EXP 	rot_line_precue: ori = 298.03134054972054
9.5847 	EXP 	rot_line_precue: ori = 298.331454573259
9.5935 	EXP 	rot_line_precue: ori = 298.6949969202527
9.6014 	EXP 	rot_line_precue: ori = 298.99819911907116
9.6105 	EXP 	rot_line_precue: ori = 299.80180975890795
9.6182 	EXP 	rot_line_precue: ori = 300.2148890249913
9.6265 	EXP 	rot_line_precue: ori = 300.511760788754
9.6348 	EXP 	rot_line_precue: ori = 300.99448841384907
9.6429 	EXP 	rot_line_precue: ori = 301.3075919424606
9.6514 	EXP 	rot_line_precue: ori = 301.6175394142541
9.6596 	EXP 	rot_line_precue: ori = 302.01191734021484
9.6678 	EXP 	rot_line_precue: ori = 302.57971433384284
9.6765 	EXP 	rot_line_precue: ori = 302.9730606838492
9.6847 	EXP 	rot_line_precue: ori = 303.2834481155175
9.6929 	EXP 	rot_line_precue: ori = 303.5855795273578
9.7021 	EXP 	rot_line_precue: ori = 303.9414364206413
9.7097 	EXP 	rot_line_precue: ori = 304.26012435456556
9.7180 	EXP 	rot_line_precue: ori = 304.6606420521416
9.7266 	EXP 	rot_line_precue: ori = 305.0028711521177
9.7348 	EXP 	rot_line_precue: ori = 305.55600617210695
9.7431 	EXP 	rot_line_precue: ori = 305.9583120654993
9.7518 	EXP 	rot_line_precue: ori = 306.4005853476685
9.7601 	EXP 	rot_line_precue: ori = 306.7516261996625
9.7685 	EXP 	rot_line_precue: ori = 307.0684566337413
9.7768 	EXP 	rot_line_precue: ori = 307.4844207619194
9.7851 	EXP 	rot_line_precue: ori = 307.7799371073296
9.7932 	EXP 	rot_line_precue: ori = 308.3028011887242
9.8017 	EXP 	rot_line_precue: ori = 308.6275722274381
9.8098 	EXP 	rot_line_precue: ori = 308.94032287144273
9.8181 	EXP 	rot_line_precue: ori = 309.23615000147066
9.8262 	EXP 	rot_line_precue: ori = 309.8285873848329
9.8348 	EXP 	rot_line_precue: ori = 310.1421585719058
9.8430 	EXP 	rot_line_precue: ori = 310.43905779698383
9.8513 	EXP 	rot_line_precue: ori = 310.8609004834287
9.8604 	EXP 	rot_line_precue: ori = 311.21145434494554
9.8680 	EXP 	rot_line_precue: ori = 311.51693225714837
9.8763 	EXP 	rot_line_precue: ori = 311.83720649586223
9.8854 	EXP 	rot_line_precue: ori = 312.13453621294735
9.8930 	EXP 	rot_line_precue: ori = 312.4347184030972
9.9015 	EXP 	rot_line_precue: ori = 312.83280642249275
9.9096 	EXP 	rot_line_precue: ori = 313.12918137010735
9.9183 	EXP 	rot_line_precue: ori = 313.8372282437238
9.9269 	EXP 	rot_line_precue: ori = 314.2174346398452
9.9353 	EXP 	rot_line_precue: ori = 314.96174930481624
9.9435 	EXP 	rot_line_precue: ori = 315.27160651047177
9.9516 	EXP 	rot_line_precue: ori = 315.56922662772695
9.9602 	EXP 	rot_line_precue: ori = 315.90002920028877
9.9683 	EXP 	rot_line_precue: ori = 316.3088459626473
9.9765 	EXP 	rot_line_precue: ori = 316.671738682765
9.9846 	EXP 	rot_line_precue: ori = 317.1018644704628
9.9940 	EXP 	rot_line_precue: ori = 317.5047444067082
10.0026 	EXP 	rot_line_precue: ori = 317.8175562104602
10.0095 	EXP 	rot_line_precue: ori = 318.11586645834535
10.0182 	EXP 	rot_line_precue: ori = 318.42590137324675
10.0265 	EXP 	rot_line_precue: ori = 318.76613950783087
10.0347 	EXP 	rot_line_precue: ori = 319.06953482565524
10.0429 	EXP 	rot_line_precue: ori = 319.51051505594523
10.0514 	EXP 	rot_line_precue: ori = 319.9149246956171
10.0596 	EXP 	rot_line_precue: ori = 320.30490818548077
10.0678 	EXP 	rot_line_precue: ori = 320.60350650136877
10.0764 	EXP 	rot_line_precue: ori = 321.26795977029644
10.0848 	EXP 	rot_line_precue: ori = 321.69200766303396
10.0933 	EXP 	rot_line_precue: ori = 322.15832640726126
10.1016 	EXP 	rot_line_precue: ori = 322.5923667081905
10.1104 	EXP 	rot_line_precue: ori = 322.98449684553117
10.1188 	EXP 	rot_line_precue: ori = 323.3174872623516
10.1267 	EXP 	rot_line_precue: ori = 323.6966114140337
10.1348 	EXP 	rot_line_precue: ori = 323.9985581706443
10.1435 	EXP 	rot_line_precue: ori = 324.31311558500954
10.1517 	EXP 	rot_line_precue: ori = 324.6320350736179
10.1599 	EXP 	rot_line_precue: ori = 325.089946143354
10.1679 	EXP 	rot_line_precue: ori = 325.4697776409285
10.1766 	EXP 	rot_line_precue: ori = 326.11529775302847
10.1847 	EXP 	rot_line_precue: ori = 326.43233375131626
10.1930 	EXP 	rot_line_precue: ori = 326.8612257164404
10.2013 	EXP 	rot_line_precue: ori = 327.1733948995057
10.2097 	EXP 	rot_line_precue: ori = 327.51961138596744
10.2179 	EXP 	rot_line_precue: ori = 328.12452857493616
10.2263 	EXP 	rot_line_precue: ori = 328.48785768263224
10.2348 	EXP 	rot_line_precue: ori = 328.8573942036692
10.2436 	EXP 	rot_line_precue: ori = 329.20551734992927
10.2520 	EXP 	rot_line_precue: ori = 329.518758612798
10.2600 	EXP 	rot_line_precue: ori = 329.8165547118561
10.2683 	EXP 	rot_line_precue: ori = 330.1839041243479
10.2768 	EXP 	rot_line_precue: ori = 330.49199350887017
10.2851 	EXP 	rot_line_precue: ori = 330.969284731071
10.2932 	EXP 	rot_line_precue: ori = 331.3210128051165
10.3019 	EXP 	rot_line_precue: ori = 331.66437211807687
10.3100 	EXP 	rot_line_precue: ori = 332.0079512364469
10.3180 	EXP 	rot_line_precue: ori = 332.63812631102223
10.3268 	EXP 	rot_line_precue: ori = 332.95275604590154
10.3350 	EXP 	rot_line_precue: ori = 333.2716468123536
10.3431 	EXP 	rot_line_precue: ori = 333.714151286355
10.3514 	EXP 	rot_line_precue: ori = 334.1791584894788
10.3598 	EXP 	rot_line_precue: ori = 334.519188020114
10.3680 	EXP 	rot_line_precue: ori = 334.83016688401153
10.3762 	EXP 	rot_line_precue: ori = 335.1293314572208
10.3848 	EXP 	rot_line_precue: ori = 335.49563873558054
10.3930 	EXP 	rot_line_precue: ori = 335.8945000423847
10.4013 	EXP 	rot_line_precue: ori = 336.32598297475977
10.4105 	EXP 	rot_line_precue: ori = 336.63298255958415
10.4180 	EXP 	rot_line_precue: ori = 336.93108655482644
10.4264 	EXP 	rot_line_precue: ori = 337.37417385932343
10.4345 	EXP 	rot_line_precue: ori = 337.7533858782746
10.4431 	EXP 	rot_line_precue: ori = 338.11334563563724
10.4515 	EXP 	rot_line_precue: ori = 338.43027604539964
10.4604 	EXP 	rot_line_precue: ori = 338.79369709706015
10.4682 	EXP 	rot_line_precue: ori = 339.1385903992051
10.4767 	EXP 	rot_line_precue: ori = 339.4499244853049
10.4851 	EXP 	rot_line_precue: ori = 339.82548066236285
10.4933 	EXP 	rot_line_precue: ori = 340.1743585920438
10.5014 	EXP 	rot_line_precue: ori = 340.70189552552176
10.5102 	EXP 	rot_line_precue: ori = 341.04827623918754
10.5180 	EXP 	rot_line_precue: ori = 341.43995289315006
10.5264 	EXP 	rot_line_precue: ori = 342.01661612021195
10.5347 	EXP 	rot_line_precue: ori = 342.44833669119834
10.5432 	EXP 	rot_line_precue: ori = 342.8241268531123
10.5515 	EXP 	rot_line_precue: ori = 343.2009420707516
10.5596 	EXP 	rot_line_precue: ori = 343.5284566481912
10.5682 	EXP 	rot_line_precue: ori = 343.916380150072
10.5764 	EXP 	rot_line_precue: ori = 344.3885441054454
10.5846 	EXP 	rot_line_precue: ori = 345.0970061617811
10.5938 	EXP 	rot_line_precue: ori = 345.62707803442544
10.6015 	EXP 	rot_line_precue: ori = 346.32184437551126
10.6097 	EXP 	rot_line_precue: ori = 346.6786646928131
10.6184 	EXP 	rot_line_precue: ori = 347.0119251493388
10.6267 	EXP 	rot_line_precue: ori = 347.3263835719478
10.6354 	EXP 	rot_line_precue: ori = 347.80800822082296
10.6434 	EXP 	rot_line_precue: ori = 348.12678201059845
10.6517 	EXP 	rot_line_precue: ori = 348.43872833136965
10.6600 	EXP 	rot_line_precue: ori = 349.1735290650507
10.6684 	EXP 	rot_line_precue: ori = 349.6761872600604
10.6768 	EXP 	rot_line_precue: ori = 350.0979004251474
10.6848 	EXP 	rot_line_precue: ori = 350.45463493437444
10.6930 	EXP 	rot_line_precue: ori = 350.88558991983854
10.7016 	EXP 	rot_line_precue: ori = 351.2167966299082
10.7097 	EXP 	rot_line_precue: ori = 351.5389483090167
10.7180 	EXP 	rot_line_precue: ori = 351.8542321186547
10.7263 	EXP 	rot_line_precue: ori = 352.18779410930927
10.7347 	EXP 	rot_line_precue: ori = 352.53445847993646
10.7429 	EXP 	rot_line_precue: ori = 352.8931144544465
10.7512 	EXP 	rot_line_precue: ori = 353.2522335307521
10.7597 	EXP 	rot_line_precue: ori = 353.54762119765815
10.7680 	EXP 	rot_line_precue: ori = 353.8503815688903
10.7762 	EXP 	rot_line_precue: ori = 354.2108889727513
10.7848 	EXP 	rot_line_precue: ori = 354.5672147866513
10.7991 	EXP 	rot_line_precue: ori = 354.87577048460753
10.8045 	EXP 	rot_line_precue: ori = 355.3686582023953
10.8106 	EXP 	rot_line_precue: ori = 355.67668756498307
10.8190 	EXP 	rot_line_precue: ori = 356.34207284406347
10.8269 	EXP 	rot_line_precue: ori = 356.814797699284
10.8351 	EXP 	rot_line_precue: ori = 357.11972501700797
10.8432 	EXP 	rot_line_precue: ori = 357.4196512157916
10.8519 	EXP 	rot_line_precue: ori = 357.87191383886005
10.8598 	EXP 	rot_line_precue: ori = 358.41930666055487
10.8681 	EXP 	rot_line_precue: ori = 358.95184255249126
10.8764 	EXP 	rot_line_precue: ori = 359.3250173229952
10.8848 	EXP 	rot_line_precue: ori = 359.64994765700584
10.8930 	EXP 	rot_line_precue: ori = 359.9809672935416
10.9012 	EXP 	rot_line_precue: ori = 0.3145558256212553
10.9094 	EXP 	rot_line_precue: ori = 0.7130622029026528
10.9180 	EXP 	rot_line_precue: ori = 1.3667876313502303
10.9262 	EXP 	rot_line_precue: ori = 1.8652634301666278
10.9345 	EXP 	rot_line_precue: ori = 2.28543385858651
10.9430 	EXP 	rot_line_precue: ori = 2.6291140727599656
10.9513 	EXP 	rot_line_precue: ori = 2.9542150276473778
10.9599 	EXP 	rot_line_precue: ori = 3.275418753605472
10.9680 	EXP 	rot_line_precue: ori = 3.590454479411094
10.9764 	EXP 	rot_line_precue: ori = 4.230060643025885
10.9847 	EXP 	rot_line_precue: ori = 4.646836155206276
10.9932 	EXP 	rot_line_precue: ori = 4.975601754369408
11.0023 	EXP 	rot_line_precue: ori = 5.406013223976182
11.0098 	EXP 	rot_line_precue: ori = 5.7759626215709545
11.0184 	EXP 	rot_line_precue: ori = 6.093952283117348
11.0267 	EXP 	rot_line_precue: ori = 6.454393429371731
11.0354 	EXP 	rot_line_precue: ori = 7.16175610942423
11.0440 	EXP 	rot_line_precue: ori = 7.485468450391017
11.0521 	EXP 	rot_line_precue: ori = 7.78530256582648
11.0604 	EXP 	rot_line_precue: ori = 8.299372824411599
11.0686 	EXP 	rot_line_precue: ori = 8.61851074869236
11.0766 	EXP 	rot_line_precue: ori = 9.151605584356581
11.0847 	EXP 	rot_line_precue: ori = 9.563602806066847
11.0932 	EXP 	rot_line_precue: ori = 10.022820822054184
11.1014 	EXP 	rot_line_precue: ori = 10.465629505963351
11.1097 	EXP 	rot_line_precue: ori = 10.826874961762178
11.1180 	EXP 	rot_line_precue: ori = 11.12753557382394
11.1265 	EXP 	rot_line_precue: ori = 11.634911344047595
11.1347 	EXP 	rot_line_precue: ori = 11.970695340682838
11.1429 	EXP 	rot_line_precue: ori = 12.294745679685843
11.1519 	EXP 	rot_line_precue: ori = 12.83002084779064
11.1598 	EXP 	rot_line_precue: ori = 13.181320828087879
11.1680 	EXP 	rot_line_precue: ori = 13.696898782559673
11.1766 	EXP 	rot_line_precue: ori = 14.083266491292811
11.1849 	EXP 	rot_line_precue: ori = 14.524883240459113
11.1936 	EXP 	rot_line_precue: ori = 14.820213493854547
11.2018 	EXP 	rot_line_precue: ori = 15.130897195644687
11.2097 	EXP 	rot_line_precue: ori = 15.497747966708264
11.2184 	EXP 	rot_line_precue: ori = 15.879033596752473
11.2266 	EXP 	rot_line_precue: ori = 16.30115204287891
11.2349 	EXP 	rot_line_precue: ori = 16.655814468225238
11.2428 	EXP 	rot_line_precue: ori = 16.973609410300845
11.2515 	EXP 	rot_line_precue: ori = 17.39100941120144
11.2599 	EXP 	rot_line_precue: ori = 17.938507211643945
11.2680 	EXP 	rot_line_precue: ori = 18.27343303785453
11.2764 	EXP 	rot_line_precue: ori = 18.60142386686699
11.2848 	EXP 	rot_line_precue: ori = 18.920603131020457
11.2930 	EXP 	rot_line_precue: ori = 19.233090914998407
11.3012 	EXP 	rot_line_precue: ori = 19.54807669854967
11.3102 	EXP 	rot_line_precue: ori = 20.328166842572767
11.3181 	EXP 	rot_line_precue: ori = 20.64761917345488
11.3263 	EXP 	rot_line_precue: ori = 20.956906917276857
11.3349 	EXP 	rot_line_precue: ori = 21.288543021098093
11.3431 	EXP 	rot_line_precue: ori = 21.596156627111228
11.3518 	EXP 	rot_line_precue: ori = 21.983974905469317
11.3602 	EXP 	rot_line_precue: ori = 22.360643267098922
11.3684 	EXP 	rot_line_precue: ori = 22.852128904433922
11.3769 	EXP 	rot_line_precue: ori = 23.22856515117024
11.3779 	EXP 	New trial (rep=2, index=4): <Trial 4 (4 in rep 2) data={'pic_name': 'pics/feet.JPG', 'class_mi': 'feet', 'thisN': 4, 'thisTrialN': 4, 'thisRepN': 2}>
11.3848 	EXP 	hor_line_precue: autoDraw = False
11.3848 	EXP 	ver_line_precue: autoDraw = False
11.3848 	EXP 	rot_line_precue: autoDraw = False
11.3848 	EXP 	rot_line_precue: ori = 23.60363233919333
11.3848 	EXP 	point_left: autoDraw = False
11.3848 	EXP 	point_right: autoDraw = False
11.3848 	EXP 	dot_precue: autoDraw = False
11.3848 	EXP 	hor_line_precue: autoDraw = False
11.3848 	EXP 	ver_line_precue: autoDraw = False
11.3848 	EXP 	rot_line_precue: autoDraw = False
11.3848 	EXP 	point_left: autoDraw = False
11.3848 	EXP 	point_right: autoDraw = False
11.3848 	EXP 	dot_precue: autoDraw = False
11.3848 	EXP 	hor_line_precue: autoDraw = True
11.3848 	EXP 	ver_line_precue: autoDraw = True
11.3848 	EXP 	rot_line_precue: autoDraw = True
11.3848 	EXP 	rot_line_precue: ori = 23.927728555138305
11.3848 	EXP 	point_left: autoDraw = True
11.3848 	EXP 	point_right: autoDraw = True
11.3848 	EXP 	dot_precue: autoDraw = True
11.3932 	EXP 	rot_line_precue: ori = 24.506128194354737
11.4018 	EXP 	rot_line_precue: ori = 24.86679253704817
11.4100 	EXP 	rot_line_precue: ori = 25.20017213741642
11.4181 	EXP 	rot_line_precue: ori = 25.601537196461845
11.4265 	EXP 	rot_line_precue: ori = 25.946262322289147
11.4349 	EXP 	rot_line_precue: ori = 26.286492279348078
11.4430 	EXP 	rot_line_precue: ori = 26.610034199371572
11.4513 	EXP 	rot_line_precue: ori = 26.980333967591235
11.4596 	EXP 	rot_line_precue: ori = 27.29263120712618
11.4681 	EXP 	rot_line_precue: ori = 27.94919672715549
11.4764 	EXP 	rot_line_precue: ori = 28.34080022636897
11.4856 	EXP 	rot_line_precue: ori = 28.707816878719683
11.4928 	EXP 	rot_line_precue: ori = 29.010413312757965
11.5014 	EXP 	rot_line_precue: ori = 29.696122158894468
11.5097 	EXP 	rot_line_precue: ori = 30.268228390674068
11.5181 	EXP 	rot_line_precue: ori = 30.5699981017059
11.5266 	EXP 	rot_line_precue: ori = 31.041753435362164
11.5352 	EXP 	rot_line_precue: ori = 31.375405312523302
11.5433 	EXP 	rot_line_precue: ori = 31.69555517065882
11.5524 	EXP 	rot_line_precue: ori = 32.168889793049445
11.5601 	EXP 	rot_line_precue: ori = 32.52087592530352
11.5684 	EXP 	rot_line_precue: ori = 32.84110104781129
11.5766 	EXP 	rot_line_precue: ori = 33.2094340984486
11.5851 	EXP 	rot_line_precue: ori = 33.68654099882233
11.5933 	EXP 	rot_line_precue: ori = 34.00892759808635
11.6015 	EXP 	rot_line_precue: ori = 34.357720051272096
11.6097 	EXP 	rot_line_precue: ori = 34.71293128830545
11.6178 	EXP 	rot_line_precue: ori = 35.015317469129336
11.6262 	EXP 	rot_line_precue: ori = 35.333401424072406
11.6347 	EXP 	rot_line_precue: ori = 35.91002813655282
11.6429 	EXP 	rot_line_precue: ori = 36.22503851519219
11.6514 	EXP 	rot_line_precue: ori = 36.95163842559622
11.6597 	EXP 	rot_line_precue: ori = 37.40455507025369
11.6679 	EXP 	rot_line_precue: ori = 37.7189409994634
11.6764 	EXP 	rot_line_precue: ori = 38.11609227758544
11.6847 	EXP 	rot_line_precue: ori = 38.74900885964814
11.6933 	EXP 	rot_line_precue: ori = 39.048355132177996
11.7017 	EXP 	rot_line_precue: ori = 39.44656069699373
11.7100 	EXP 	rot_line_precue: ori = 39.92002834886976
11.7186 	EXP 	rot_line_precue: ori = 40.61865170683352
11.7266 	EXP 	rot_line_precue: ori = 40.9596582634322
11.7352 	EXP 	rot_line_precue: ori = 41.34227349282277
11.7434 	EXP 	rot_line_precue: ori = 41.66206528366145
11.7517 	EXP 	rot_line_precue: ori = 42.04853408862178
11.7605 	EXP 	rot_line_precue: ori = 42.45486750715227
11.7679 	EXP 	rot_line_precue: ori = 42.76949389871384
11.7766 	EXP 	rot_line_precue: ori = 43.08465235346516
11.7848 	EXP 	rot_line_precue: ori = 43.42185439101919
11.7930 	EXP 	rot_line_precue: ori = 43.83040177036566
11.8012 	EXP 	rot_line_precue: ori = 44.146516360441495
11.8098 	EXP 	rot_line_precue: ori = 44.53743739977659
11.8180 	EXP 	rot_line_precue: ori = 44.839174633837196
11.8268 	EXP 	rot_line_precue: ori = 45.15675783330984
11.8348 	EXP 	rot_line_precue: ori = 45.600545296707615
11.8430 	EXP 	rot_line_precue: ori = 46.142142702770464
11.8512 	EXP 	rot_line_precue: ori = 46.673727708954026
11.8598 	EXP 	rot_line_precue: ori = 47.05871249628185
11.8682 	EXP 	rot_line_precue: ori = 47.41302897451198
11.8768 	EXP 	rot_line_precue: ori = 47.77163798284463
11.8850 	EXP 	rot_line_precue: ori = 48.067945563947816
11.8933 	EXP 	rot_line_precue: ori = 48.50646209187789
11.9018 	EXP 	rot_line_precue: ori = 48.80194885774796
11.9101 	EXP 	rot_line_precue: ori = 49.42443202252052
11.9184 	EXP 	rot_line_precue: ori = 50.071734327565245
11.9267 	EXP 	rot_line_precue: ori = 50.39689331701456
11.9353 	EXP 	rot_line_precue: ori = 50.76728814346082
11.9431 	EXP 	rot_line_precue: ori = 51.155261711961494
11.9514 	EXP 	rot_line_precue: ori = 51.56633995078709
11.9599 	EXP 	rot_line_precue: ori = 52.25422886100362
11.9681 	EXP 	rot_line_precue: ori = 52.59389228199217
11.9763 	EXP 	rot_line_precue: ori = 53.28384150567574
11.9846 	EXP 	rot_line_precue: ori = 53.66095403618866
11.9931 	EXP 	rot_line_precue: ori = 54.2905009735087
12.0014 	EXP 	rot_line_precue: ori = 54.61709942886244
12.0096 	EXP 	rot_line_precue: ori = 54.912520911217676
12.0181 	EXP 	rot_line_precue: ori = 55.213531204311394
12.0265 	EXP 	rot_line_precue: ori = 55.52884782463682
12.0348 	EXP 	rot_line_precue: ori = 55.983650156255464
12.0433 	EXP 	rot_line_precue: ori = 56.3993724146232
12.0516 	EXP 	rot_line_precue: ori = 56.95397708093396
12.0602 	EXP 	rot_line_precue: ori = 57.30064631758136
12.0685 	EXP 	rot_line_precue: ori = 57.79545467297569
12.0764 	EXP 	rot_line_precue: ori = 58.31646153343546
12.0852 	EXP 	rot_line_precue: ori = 58.65931618813658
12.0933 	EXP 	rot_line_precue: ori = 58.95879007046247
12.1016 	EXP 	rot_line_precue: ori = 59.392266361232586
12.1098 	EXP 	rot_line_precue: ori = 59.70282680011159
12.1182 	EXP 	rot_line_precue: ori = 60.05445906216616
12.1264 	EXP 	rot_line_precue: ori = 60.36979957985406
12.1348 	EXP 	rot_line_precue: ori = 60.91531525237658
12.1433 	EXP 	rot_line_precue: ori = 61.59162781953422
12.1514 	EXP 	rot_line_precue: ori = 62.36095060482539
12.1597 	EXP 	rot_line_precue: ori = 63.10918145767629
12.1679 	EXP 	rot_line_precue: ori = 63.8930439490186
12.1765 	EXP 	rot_line_precue: ori = 64.24735298457767
12.1847 	EXP 	rot_line_precue: ori = 64.58710291081283
12.1929 	EXP 	rot_line_precue: ori = 64.91422036002999
12.2015 	EXP 	rot_line_precue: ori = 65.48125996697486
12.2098 	EXP 	rot_line_precue: ori = 65.85546669094613
12.2185 	EXP 	rot_line_precue: ori = 66.18276080447481
12.2267 	EXP 	rot_line_precue: ori = 66.5259822729153
12.2349 	EXP 	rot_line_precue: ori = 66.94974627540643
12.2434 	EXP 	rot_line_precue: ori = 67.36359424576334
12.2518 	EXP 	rot_line_precue: ori = 67.8091555463774
12.2598 	EXP 	rot_line_precue: ori = 68.2222445443104
12.2688 	EXP 	rot_line_precue: ori = 68.91439408783535
12.2769 	EXP 	rot_line_precue: ori = 69.26476020959537
12.2851 	EXP 	rot_line_precue: ori = 69.64473318835321
12.2930 	EXP 	rot_line_precue: ori = 69.96845518079179
12.3016 	EXP 	rot_line_precue: ori = 70.30135676667678
12.3101 	EXP 	rot_line_precue: ori = 70.60688387504828
12.3180 	EXP 	rot_line_precue: ori = 70.92422203731455
12.3263 	EXP 	rot_line_precue: ori = 71.23668840606379
12.3349 	EXP 	rot_line_precue: ori = 71.63564171090023
12.3430 	EXP 	rot_line_precue: ori = 72.28217875663022
12.3513 	EXP 	rot_line_precue: ori = 72.64952956376585
12.3602 	EXP 	rot_line_precue: ori = 73.21658775278354
12.3681 	EXP 	rot_line_precue: ori = 73.6843968236528
12.3763 	EXP 	rot_line_precue: ori = 74.01977429371127
12.3849 	EXP 	rot_line_precue: ori = 74.38132183492421
12.3930 	EXP 	rot_line_precue: ori = 74.77015701704869
12.4018 	EXP 	rot_line_precue: ori = 75.53898011520374
12.4102 	EXP 	rot_line_precue: ori = 75.83711984609029
12.4183 	EXP 	rot_line_precue: ori = 76.42004742918894
12.4270 	EXP 	rot_line_precue: ori = 76.81628181563049
12.4350 	EXP 	rot_line_precue: ori = 77.23512098064482
12.4434 	EXP 	rot_line_precue: ori = 77.60383226834982
12.4518 	EXP 	rot_line_precue: ori = 77.91246476605276
12.4600 	EXP 	rot_line_precue: ori = 78.48518054725355
12.4684 	EXP 	rot_line_precue: ori = 78.79351550136886
12.4764 	EXP 	rot_line_precue: ori = 79.13877942588837
12.4850 	EXP 	rot_line_precue: ori = 79.52128903757254
12.4931 	EXP 	rot_line_precue: ori = 79.89526631165451
12.5014 	EXP 	rot_line_precue: ori = 80.20785057040614
12.5096 	EXP 	rot_line_precue: ori = 80.87059000774968
12.5181 	EXP 	rot_line_precue: ori = 81.27774929704738
12.5265 	EXP 	rot_line_precue: ori = 81.59044415603826
12.5347 	EXP 	rot_line_precue: ori = 81.91188859968258
12.5431 	EXP 	rot_line_precue: ori = 82.20751094834031
12.5515 	EXP 	rot_line_precue: ori = 82.51543187318329
12.5597 	EXP 	rot_line_precue: ori = 83.18338621540822
12.5682 	EXP 	rot_line_precue: ori = 83.51195352401666
12.5769 	EXP 	rot_line_precue: ori = 83.84753224068534
12.5852 	EXP 	rot_line_precue: ori = 84.19325275237465
12.5934 	EXP 	rot_line_precue: ori = 84.51651915073539
12.6017 	EXP 	rot_line_precue: ori = 84.83210616749967
12.6102 	EXP 	rot_line_precue: ori = 85.16026079137312
12.6183 	EXP 	rot_line_precue: ori = 85.51630479099623
12.6266 	EXP 	rot_line_precue: ori = 86.07874698090988
12.6352 	EXP 	rot_line_precue: ori = 86.40290251094697
12.6432 	EXP 	rot_line_precue: ori = 86.91939677395659
12.6515 	EXP 	rot_line_precue: ori = 87.23602710266992
12.6598 	EXP 	rot_line_precue: ori = 87.60510489715651
12.6683 	EXP 	rot_line_precue: ori = 87.9920538722806
12.6764 	EXP 	rot_line_precue: ori = 88.37634966693261
12.6847 	EXP 	rot_line_precue: ori = 88.69676046357728
12.6929 	EXP 	rot_line_precue: ori = 89.43678831808748
12.7015 	EXP 	rot_line_precue: ori = 90.08477138615395
12.7097 	EXP 	rot_line_precue: ori = 90.43358048312281
12.7179 	EXP 	rot_line_precue: ori = 90.73279963478883
12.7264 	EXP 	rot_line_precue: ori = 91.12099528983113
12.7347 	EXP 	rot_line_precue: ori = 91.49497673090175
12.7434 	EXP 	rot_line_precue: ori = 91.81961279075978
12.7518 	EXP 	rot_line_precue: ori = 92.15233514631022
12.7600 	EXP 	rot_line_precue: ori = 92.52462096267175
12.7685 	EXP 	rot_line_precue: ori = 92.96979376084744
12.7767 	EXP 	rot_line_precue: ori = 93.3139022628194
12.7850 	EXP 	rot_line_precue: ori = 93.68886586001767
12.7935 	EXP 	rot_line_precue: ori = 93.99418917686728
12.8018 	EXP 	rot_line_precue: ori = 94.34392510405068
12.8100 	EXP 	rot_line_precue: ori = 94.66762725942183
12.8184 	EXP 	rot_line_precue: ori = 95.39387525767602
12.8266 	EXP 	rot_line_precue: ori = 95.73690869369199
12.8350 	EXP 	rot_line_precue: ori = 96.11514412364639
12.8431 	EXP 	rot_line_precue: ori = 96.48035458374288
12.8512 	EXP 	rot_line_precue: ori = 96.9653967947835
12.8597 	EXP 	rot_line_precue: ori = 97.52295725538912
12.8680 	EXP 	rot_line_precue: ori = 97.83290636910453
12.8764 	EXP 	rot_line_precue: ori = 98.41532997784608
12.8848 	EXP 	rot_line_precue: ori = 98.98854251041632
12.8931 	EXP 	rot_line_precue: ori = 99.75495784193214
12.9014 	EXP 	rot_line_precue: ori = 100.05075127464484
12.9098 	EXP 	rot_line_precue: ori = 100.55371600382323
12.9183 	EXP 	rot_line_precue: ori = 100.94442428120038
12.9270 	EXP 	rot_line_precue: ori = 101.29203414519053
12.9351 	EXP 	rot_line_precue: ori = 101.59629631554837
12.9433 	EXP 	rot_line_precue: ori = 101.94858337609072
12.9520 	EXP 	rot_line_precue: ori = 102.27701616422056
12.9602 	EXP 	rot_line_precue: ori = 102.93907629699463
12.9683 	EXP 	rot_line_precue: ori = 103.25848804315248
12.9765 	EXP 	rot_line_precue: ori = 103.75311745969974
12.9850 	EXP 	rot_line_precue: ori = 104.13702183235758
12.9931 	EXP 	rot_line_precue: ori = 104.44504252856015
13.0014 	EXP 	rot_line_precue: ori = 105.12784507168544
13.0101 	EXP 	rot_line_precue: ori = 105.46420680751443
13.0182 	EXP 	rot_line_precue: ori = 105.86838547386556
13.0264 	EXP 	rot_line_precue: ori = 106.1929469005802
13.0347 	EXP 	rot_line_precue: ori = 106.72769430019558
13.0431 	EXP 	rot_line_precue: ori = 107.04102883795309
13.0513 	EXP 	rot_line_precue: ori = 107.80346910271642
13.0598 	EXP 	rot_line_precue: ori = 108.14709975267047
13.0681 	EXP 	rot_line_precue: ori = 108.50071436722111
13.0764 	EXP 	rot_line_precue: ori = 108.95382165959718
13.0852 	EXP 	rot_line_precue: ori = 109.49082324970678
13.0932 	EXP 	rot_line_precue: ori = 109.90064295615586
13.1016 	EXP 	rot_line_precue: ori = 110.43134155699363
13.1099 	EXP 	rot_line_precue: ori = 110.79567354055484
13.1183 	EXP 	rot_line_precue: ori = 111.24389256186024
13.1267 	EXP 	rot_line_precue: ori = 111.95067266984469
13.1351 	EXP 	rot_line_precue: ori = 112.26592166835052
13.1435 	EXP 	rot_line_precue: ori = 112.63357706118897
13.1517 	EXP 	rot_line_precue: ori = 113.0125819784514
13.1595 	EXP 	rot_line_precue: ori = 113.33131415788547
13.1682 	EXP 	rot_line_precue: ori = 113.64270385506994
13.1765 	EXP 	rot_line_precue: ori = 113.94177107606728
13.1849 	EXP 	rot_line_precue: ori = 114.23925491504397
13.1935 	EXP 	rot_line_precue: ori = 114.68938958614208
13.2015 	EXP 	rot_line_precue: ori = 115.24015798982278
13.2097 	EXP 	rot_line_precue: ori = 115.55945011371544
13.2179 	EXP 	rot_line_precue: ori = 115.86487519271692
13.2265 	EXP 	rot_line_precue: ori = 116.2202355972778
13.2347 	EXP 	rot_line_precue: ori = 116.54853263204471
13.2429 	EXP 	rot_line_precue: ori = 117.04420971965594
13.2514 	EXP 	rot_line_precue: ori = 117.36923786154466
13.2598 	EXP 	rot_line_precue: ori = 117.66817667546796
13.2684 	EXP 	rot_line_precue: ori = 117.98928984367545
13.2768 	EXP 	rot_line_precue: ori = 118.28737138413668
13.2851 	EXP 	rot_line_precue: ori = 118.7560641470899
13.2938 	EXP 	rot_line_precue: ori = 119.06859099806222
13.3016 	EXP 	rot_line_precue: ori = 119.5421255340007
13.3101 	EXP 	rot_line_precue: ori = 119.90961123766174
13.3185 	EXP 	rot_line_precue: ori = 120.30008839588145
13.3269 	EXP 	rot_line_precue: ori = 120.62448780594534
13.3349 	EXP 	rot_line_precue: ori = 121.21170404384418
13.3430 	EXP 	rot_line_precue: ori = 121.5216626231461
13.3516 	EXP 	rot_line_precue: ori = 121.81966296627509
13.3599 	EXP 	rot_line_precue: ori = 122.1323953664019
13.3681 	EXP 	rot_line_precue: ori = 122.47193736357468
13.3690 	EXP 	New trial (rep=1, index=5): <Trial 5 (5 in rep 1) data={'pic_name': 'pics/none.JPG', 'class_mi': 'rest', 'thisN': 5, 'thisTrialN': 5, 'thisRepN': 1}>
13.3765 	EXP 	hor_line_precue: autoDraw = False
13.3765 	EXP 	ver_line_precue: autoDraw = False
13.3765 	EXP 	rot_line_precue: autoDraw = False
13.3765 	EXP 	rot_line_precue: ori = 122.77491156177909
13.3765 	EXP 	point_left: autoDraw = False
13.3765 	EXP 	point_right: autoDraw = False
13.3765 	EXP 	dot_precue: autoDraw = False
13.3765 	EXP 	hor_line_precue: autoDraw = False
13.3765 	EXP 	ver_line_precue: autoDraw = False
13.3765 	EXP 	rot_line_precue: autoDraw = False
13.3765 	EXP 	point_left: autoDraw = False
13.3765 	EXP 	point_right: autoDraw = False
13.3765 	EXP 	dot_precue: autoDraw = False
13.3765 	EXP 	hor_line_precue: autoDraw = True
13.3765 	EXP 	ver_line_precue: autoDraw = True
13.3765 	EXP 	rot_line_precue: autoDraw = True
13.3765 	EXP 	rot_line_precue: ori = 123.0813248129655
13.3765 	EXP 	point_left: autoDraw = True
13.3765 	EXP 	point_right: autoDraw = True
13.3765 	EXP 	dot_precue: autoDraw = True
13.3848 	EXP 	rot_line_precue: ori = 123.65722477349455
13.3930 	EXP 	rot_line_precue: ori = 123.96120736656032
13.4014 	EXP 	rot_line_precue: ori = 124.53765358766758
13.4098 	EXP 	rot_line_precue: ori = 124.84902708839337
13.4181 	EXP 	rot_line_precue: ori = 125.16332621984316
13.4263 	EXP 	rot_line_precue: ori = 125.52386239910395
13.4348 	EXP 	rot_line_precue: ori = 125.84710026657743
13.4431 	EXP 	rot_line_precue: ori = 126.23947730616715
13.4518 	EXP 	rot_line_precue: ori = 126.56181604784162
13.4601 	EXP 	rot_line_precue: ori = 126.87188654372798
13.4683 	EXP 	rot_line_precue: ori = 127.23457420718628
13.4769 	EXP 	rot_line_precue: ori = 127.55850016147093
13.4851 	EXP 	rot_line_precue: ori = 127.92173698657622
13.4931 	EXP 	rot_line_precue: ori = 128.2234566676815
13.5021 	EXP 	rot_line_precue: ori = 128.5297129184125
13.5100 	EXP 	rot_line_precue: ori = 129.04419419184845
13.5181 	EXP 	rot_line_precue: ori = 129.77476272848253
13.5265 	EXP 	rot_line_precue: ori = 130.1372519031288
13.5350 	EXP 	rot_line_precue: ori = 130.43875904918278
13.5433 	EXP 	rot_line_precue: ori = 130.7760515889982
13.5514 	EXP 	rot_line_precue: ori = 131.29370680053665
13.5597 	EXP 	rot_line_precue: ori = 131.61734154985703
13.5681 	EXP 	rot_line_precue: ori = 131.96956442956187
13.5763 	EXP 	rot_line_precue: ori = 132.31714924485104
13.5845 	EXP 	rot_line_precue: ori = 132.7301862032997
13.5931 	EXP 	rot_line_precue: ori = 133.09310106423925
13.6014 	EXP 	rot_line_precue: ori = 133.44619069237456
13.6097 	EXP 	rot_line_precue: ori = 134.24534405860146
13.6185 	EXP 	rot_line_precue: ori = 134.56757842566424
13.6266 	EXP 	rot_line_precue: ori = 134.867752790914
13.6351 	EXP 	rot_line_precue: ori = 135.24823302173317
13.6434 	EXP 	rot_line_precue: ori = 135.65197547950208
13.6517 	EXP 	rot_line_precue: ori = 135.96626765351436
13.6603 	EXP 	rot_line_precue: ori = 136.42792117042478
13.6685 	EXP 	rot_line_precue: ori = 137.16325664590846
13.6767 	EXP 	rot_line_precue: ori = 137.48669118311446
13.6852 	EXP 	rot_line_precue: ori = 137.88328443201857
13.6933 	EXP 	rot_line_precue: ori = 138.28988301758406
13.7016 	EXP 	rot_line_precue: ori = 138.61070980268218
13.7098 	EXP 	rot_line_precue: ori = 139.03269127659647
13.7183 	EXP 	rot_line_precue: ori = 139.35384125759487
13.7265 	EXP 	rot_line_precue: ori = 140.11163483292574
13.7347 	EXP 	rot_line_precue: ori = 140.4874589812965
13.7429 	EXP 	rot_line_precue: ori = 140.924652148771
13.7514 	EXP 	rot_line_precue: ori = 141.2253048689683
13.7596 	EXP 	rot_line_precue: ori = 141.54169763323625
13.7680 	EXP 	rot_line_precue: ori = 141.9052260915787
13.7765 	EXP 	rot_line_precue: ori = 142.55655011822932
13.7775 	EXP 	Device response: <KeyPress from None: t=13.769678999997268, value=escape, duration=None>
13.7848 	EXP 	rot_line_precue: ori = 142.98316358834163
13.7935 	EXP 	rot_line_precue: ori = 143.28169618332598
13.8017 	EXP 	rot_line_precue: ori = 143.63343014035198
13.8100 	EXP 	rot_line_precue: ori = 143.9351610871603
13.8185 	EXP 	rot_line_precue: ori = 144.23812810929508
13.8267 	EXP 	rot_line_precue: ori = 144.5620284883041
13.8352 	EXP 	rot_line_precue: ori = 144.92989203960036
13.8434 	EXP 	rot_line_precue: ori = 145.71989637349094
13.8445 	EXP 	Device response: <KeyPress from None: t=13.769678999997268, value=escape, duration=0.06643730000359938>
13.8445 	EXP 	bci_racingteam: status = STOPPED
13.8518 	EXP 	rot_line_precue: ori = 146.03784627120106
13.8518 	EXP 	hor_line_precue: autoDraw = False
13.8518 	EXP 	ver_line_precue: autoDraw = False
13.8518 	EXP 	rot_line_precue: autoDraw = False
13.8518 	EXP 	point_left: autoDraw = False
13.8518 	EXP 	point_right: autoDraw = False
13.8518 	EXP 	dot_precue: autoDraw = False
13.8520 	EXP 	bci_racingteam: status = STOPPED
