4.4004 	INFO 	Loaded monitor calibration from ['2025_05_09 18:17']
4.4053 	WARNING 	User requested fullscreen with size [1024  768], but screen is actually [2560, 1600]. Using actual size
4.5142 	INFO 	Using renderer 'AMD Radeon(TM) Graphics' for graphics
4.5142 	INFO 	OpenGL version supported by driver is 4..
4.6084 	EXP 	Created window1 = Window(allowGUI=False, allowStencil=False, autoLog=True, backendConf=UNKNOWN, backgroundFit=<method-wrapper '__getattribute__' of attributeSetter object at 0x000001E7D3306C20>, backgroundImage=<method-wrapper '__getattribute__' of attributeSetter object at 0x000001E7D3306BC0>, bitsMode=UNKNOWN, blendMode='avg', bpc=(8, 8, 8), color=array([0, 0, 0]), colorSpace='rgb', depthBits=8, fullscr=True, gamma=None, gammaErrorPolicy='raise', infoMsg=UNKNOWN, lms=UNKNOWN, monitor=<psychopy.monitors.calibTools.Monitor object at 0x000001E7D33F7BE0>, multiSample=False, name='window1', numSamples=2, pos=[np.float64(0.0), np.float64(0.0)], screen=0, size=array([2560, 1600]), stencilBits=0, stereo=False, title='PsychoPy', units='height', useFBO=True, useRetina=False, viewOri=0.0, viewPos=None, viewScale=None, waitBlanking=True, winType='pyglet')
4.6085 	EXP 	window1: backgroundImage = ''
4.6085 	EXP 	window1: backgroundFit = 'none'
4.9833 	EXP 	window1: Attempting to measure frame rate of screen (0) ...
4.9833 	EXP 	window1: recordFrameIntervals = False
5.1145 	EXP 	window1: recordFrameIntervals = True
5.1830 	DATA 	Keypress: space
5.8916 	DATA 	Keypress: space
5.9484 	EXP 	window1: recordFrameIntervals = False
5.9484 	EXP 	Screen (0) actual frame rate measured at 120.11Hz
6.1153 	INFO 	keyboard.Keyboard is using ptb backend.
6.1154 	EXP 	bci_circle: status = STARTED
6.1543 	EXP 	Created text_pre_block = TextStim(__class__=<class 'psychopy.visual.text.TextStim'>, alignHoriz=method-wrapper(...), alignText='center', alignVert=method-wrapper(...), anchorHoriz='center', anchorVert='center', antialias=True, autoDraw=False, autoLog=True, bold=False, color=array([1., 1., 1.]), colorSpace='rgb', contrast=1.0, depth=0.0, draggable=False, flipHoriz=False, flipVert=False, font='Arial', fontFiles=[], height=np.float64(0.05), italic=False, languageStyle='LTR', name='text_pre_block', opacity=1, ori=0.0, pos=array([0., 0.]), rgb=UNKNOWN, text='Press any key to start ...', units='height', win=Window(...), wrapWidth=1)
6.1552 	EXP 	Created text_wait_screen = TextStim(__class__=<class 'psychopy.visual.text.TextStim'>, alignHoriz=method-wrapper(...), alignText='center', alignVert=method-wrapper(...), anchorHoriz='center', anchorVert='center', antialias=True, autoDraw=False, autoLog=True, bold=False, color=array([1., 1., 1.]), colorSpace='rgb', contrast=1.0, depth=0.0, draggable=False, flipHoriz=False, flipVert=False, font='Arial', fontFiles=[], height=np.float64(0.05), italic=False, languageStyle='LTR', name='text_wait_screen', opacity=1, ori=0.0, pos=array([0., 0.]), rgb=UNKNOWN, text='', units='height', win=Window(...), wrapWidth=1)
6.1584 	EXP 	Created move_circle = ShapeStim(__class__=<class 'psychopy.visual.shape.ShapeStim'>, anchor=('center', 'center'), autoDraw=False, autoLog=True, closeShape=True, color=method-wrapper(...), colorSpace='rgb', contrast=None, depth=0.0, draggable=False, fillColor=array([1, 1, 1]), fillColorSpace='rgb', fillRGB=array([1, 1, 1]), interpolate=True, lineColor=array([1., 1., 1.]), lineColorSpace='rgb', lineRGB=array([1, 1, 1]), lineWidth=1.0, name='move_circle', opacity=1, ori=0.0, pos=array([0., 0.]), size=array([1., 1.]), units='height', vertices=ndarray(...), win=Window(...), windingRule=None)
6.1609 	EXP 	Created mi_circle = ShapeStim(__class__=<class 'psychopy.visual.shape.ShapeStim'>, anchor=('center', 'center'), autoDraw=False, autoLog=True, closeShape=True, color=method-wrapper(...), colorSpace='rgb', contrast=None, depth=-1.0, draggable=False, fillColor=array([0., 0., 0.]), fillColorSpace='rgb', fillRGB=array([0., 0., 0.]), interpolate=True, lineColor=array([ 0.7647, -1.    , -1.    ]), lineColorSpace='rgb', lineRGB=array([ 0.7647, -1.    , -1.    ]), lineWidth=8.0, name='mi_circle', opacity=1, ori=0.0, pos=array([0., 0.]), size=array([0.2, 0.2]), units='height', vertices=ndarray(...), win=Window(...), windingRule=None)
6.1656 	EXP 	Created text_run_break = TextStim(__class__=<class 'psychopy.visual.text.TextStim'>, alignHoriz=method-wrapper(...), alignText='center', alignVert=method-wrapper(...), anchorHoriz='center', anchorVert='center', antialias=True, autoDraw=False, autoLog=True, bold=False, color=array([1., 1., 1.]), colorSpace='rgb', contrast=1.0, depth=0.0, draggable=False, flipHoriz=False, flipVert=False, font='Arial', fontFiles=[], height=np.float64(0.05), italic=False, languageStyle='LTR', name='text_run_break', opacity=1, ori=0.0, pos=array([0., 0.]), rgb=UNKNOWN, text='Trial finished!', units='height', win=Window(...), wrapWidth=1)
6.1695 	EXP 	Created text_post_run = TextStim(__class__=<class 'psychopy.visual.text.TextStim'>, alignHoriz=method-wrapper(...), alignText='center', alignVert=method-wrapper(...), anchorHoriz='center', anchorVert='center', antialias=True, autoDraw=False, autoLog=True, bold=False, color=array([1., 1., 1.]), colorSpace='rgb', contrast=1.0, depth=0.0, draggable=False, flipHoriz=False, flipVert=False, font='Arial', fontFiles=[], height=np.float64(0.05), italic=False, languageStyle='LTR', name='text_post_run', opacity=1, ori=0.0, pos=array([0., 0.]), rgb=UNKNOWN, text='Run finished. Yupii!!', units='height', win=Window(...), wrapWidth=1)
0.0004 	DATA 	Keypress: space
0.0330 	EXP 	Device response: <KeyPress from None: t=-0.041320999996969476, value=space, duration=None>
0.0330 	EXP 	Device response: <KeyPress from None: t=-0.041320999996969476, value=space, duration=0.04374029999598861>
0.0454 	INFO 	Keyboard events cleared
0.0453 	EXP 	text_pre_block: autoDraw = True
0.1618 	EXP 	Device response: <KeyPress from None: t=0.16095920000225306, value=space, duration=None>
0.1620 	EXP 	New trial (rep=0, index=0): <Trial 0 (0 in rep 0) data={'thisN': 0, 'thisTrialN': 0, 'thisRepN': 0}>
0.1628 	DATA 	Keypress: space
0.1702 	EXP 	text_pre_block: autoDraw = False
0.1702 	EXP 	text_wait_screen: autoDraw = True
0.2118 	EXP 	Device response: <KeyPress from None: t=0.16095920000225306, value=space, duration=0.04974919999949634>
3.1586 	EXP 	Imported classes.csv as conditions, 4 conditions, 2 params
3.1589 	EXP 	New trial (rep=0, index=0): <Trial 0 (0 in rep 0) data={'pic_name': 'pics/left_hand.JPG', 'class_mi': 'left_hand', 'thisN': 0, 'thisTrialN': 0, 'thisRepN': 0}>
3.1646 	EXP 	text_wait_screen: autoDraw = False
3.1646 	EXP 	text_wait_screen: autoDraw = False
3.1646 	EXP 	move_circle: autoDraw = True
3.1646 	EXP 	mi_circle: autoDraw = True
4.4993 	EXP 	Device response: <KeyPress from None: t=4.496381000004476, value=escape, duration=None>
4.5000 	DATA 	Keypress: escape
4.6322 	EXP 	Device response: <KeyPress from None: t=4.496381000004476, value=escape, duration=0.12848260000464506>
4.6322 	EXP 	bci_circle: status = STOPPED
4.6402 	EXP 	move_circle: autoDraw = False
4.6402 	EXP 	mi_circle: autoDraw = False
4.6403 	EXP 	bci_circle: status = STOPPED
4.6423 	INFO 	saved data to 'D:\\STUDIUM\\TU\\Mirage91\\Brain-Computer Interface Conference\\Code\\data\\997570_bci_circle_2026-06-17_15h55.49.487.csv'
4.6432 	INFO 	saved data to D:\STUDIUM\TU\Mirage91\Brain-Computer Interface Conference\Code\data\997570_bci_circle_2026-06-17_15h55.49.487.psydat
4.8268 	WARNING 	Stopping key buffers but this could be dangerous ifother keyboards rely on the same.
